/*---------------------------------------------------------------------------*\
| =========                 |                                                 |
| \\      /  F ield         | OpenFOAM: The Open Source CFD Toolbox           |
|  \\    /   O peration     | Version:  2512                                  |
|   \\  /    A nd           | Website:  www.openfoam.com                      |
|    \\/     M anipulation  |                                                 |
\*---------------------------------------------------------------------------*/
Build  : 5916a466-20260728 OPENFOAM=2512 version=v2512
Arch   : "LSB;label=32;scalar=64"
Exec   : /home/jsw/문서/analysis/spuma-multiphysics-spray-physics/bin/ReactiveFoam -case /home/jsw/문서/analysis/runs/precision_revisit_20260924/full-1atm-int32-linear
Date   : Sep 24 2026
Time   : 02:29:36
Host   : jsw-ubuntu
PID    : 88054
I/O    : uncollated
Case   : /home/jsw/문서/analysis/runs/precision_revisit_20260924/full-1atm-int32-linear
nProcs : 1
memory pool : not available
fileModificationChecking : Monitoring run-time modified files using timeStampMaster (fileModificationSkew 5, maxFileModificationPolls 20)
allowSystemOperations : Allowing user-supplied system call operations

// * * * * * * * * * * * * * * * * * * * * * * * * * * * * * * * * * * * * * //
Initializing CUDA devices

CUDA Driver Version / Runtime Version:  13.2 / 13.2
Number of threads per block: 128

Create dummyMemoryPool
 
Create time

Create mesh for time = 0

REACTIVE_RECOVERY mode=reference baseline=reference_candidate_search fallback=none
REACTIVE_CLOSURE_ACCELERATION exactBatchReuse=1 scalarBackend=cpu fullBackend=cuda deviceFullClosure=1 closureJacobian=finiteDifference requestedClosureJacobian=finiteDifference
REACTIVE_RUNTIME runId="88054-10243848138979" solverSha256="e81fbb426117ef566d61ad9b6286abbf398c1c8629c7e0e887abcf325a21cc71" manifest={"schema":1,"backendPath":"/home/jsw/문서/analysis/spuma-multiphysics-spray-physics/lib/libpintleReactiveBackend.so","backendSha256":"29a61f1012aa1892493583e5e0be92f533456b0f3e6acd35e7a81030fb55afc2","thermoConfiguration":"/home/jsw/문서/analysis/runs/impinging_n2o_cube80_z40_counters_1us_20260923/n160/base/thermo/cold-pr-config.yaml","physicalModelHash":"e8a14864dd2082dde742598dbbcc5f0f2454bc521d93b9a3bd0befc47d4c9c4e","numericalPolicyHash":"f80744863c523b17eebe3aa2036faa03a6e03ed1744c0cae1c368f7d5b17eff9","modelFingerprint":"86843f73688e246995634977344ab1b56b1c0d5b17fb5620310e34555e990f4f","eos":"Peng-Robinson","closureBackend":"cuda","chemistryBackend":"cpu","deviceFullClosure":true,"deviceChemistryIntegration":false,"closureCpuFallback":false,"closureJacobian":"finiteDifference","solidN2O":false,"enforceSpeciesTemperatureBounds":true,"exactBatchReuse":true,"deviceCaloricCandidates":false,"deviceCaloricScope":"no-condensable-inventory; NASA/PR-alpha single interval; host branch/residual/stability approval","hemLibrary":"/home/jsw/문서/analysis/runs/precision_revisit_20260924/variants-v2/libHem-int32-linear.so","hemLibrarySha256":"cab02b8ea19b052fec5e2a0065ede87683f5ef227fa723b07e6ffe3ddc5828fd","hemNumericalPolicy":"int32-q26-newton-step-fp64-accept-v2:experimental","deviceHemScope":"PR; nonreacting HEM; all reference candidates and boundary fallback; experimental"}
REACTIVE_TURBULENCE model=WALE-stress-v1 backend=cuda Cw=0.32500000000000001 filter=cubeRootVolume stressWork=1 sgsHeatFlux=1 sgsSpeciesMixing=1 Prt=0.84999999999999998 Sct=0.69999999999999996 scalarPropertyBackend=device-pr scalarFluxBackend=cuda sgsK=none TCI=0
REACTIVE_PHYSICS chemistry=0 combustion=0 phaseChange=equilibrium viscosity=1 heatConduction=1 speciesDiffusion=0 turbulence=WALE-stress-v1 turbulentHeatFlux=1 turbulentSpeciesMixing=1 surfaceTension=1 interfaceModel=diffuse-liquid-inventory-v1 totalEnergy=1 thermodynamicRecovery=1 frozenLiquidFields=0 transportedLiquidFields=1
REACTIVE_CAPILLARY sigma=0.0020577273399028486 geometryBackend=cuda tractionBackend=cuda closureBackend=cuda pressureModel=curved-phase-split surfaceEnergyInTotal=1 capillaryCfl=0.25 geometryScheme=Gauss-diffuse noPLIC=1
REACTIVE_PHYSICAL_MODEL hash=e8a14864dd2082dde742598dbbcc5f0f2454bc521d93b9a3bd0befc47d4c9c4e numericalPolicyHash=f80744863c523b17eebe3aa2036faa03a6e03ed1744c0cae1c368f7d5b17eff9 eos=Peng-Robinson realEOS=1 phaseEquilibrium=1 nonidealDiffusion=0 deviceClosure=1 deviceKinetics=0 mixtureLiquid=0
REACTIVE_BACKENDS transport=cuda thermodynamics=cuda chemistry=cpu chemicalLinearSolver=dense transportGasProperties=disabled
REACTIVE_MODEL cells=4096000 species=4 reactions=0 liquids=1 estimatedHostBytes=14223651840 chemistry=0
REACTIVE_SPECIES index=0 name=N2
REACTIVE_SPECIES index=1 name=O2
REACTIVE_SPECIES index=2 name=N2O
REACTIVE_SPECIES index=3 name=IC3H7OH
REACTIVE_CHECKPOINT time=0 acceptedSteps=0 complete=1 schema=3
REACTIVE_ATTEMPT_PROFILE attempt=2 accepted=0 retry=0 sourceCalls=0 fullPhaseEvaluations=0 scalarProbes=0 rootChecks=0 matrixFreeProducts=0 factorBuilds=0 workerJobElapsedSeconds=0
REACTIVE_RETRY dt=5.174920411489206e-08 reason=RK stage wave/diffusion CFL requires a smaller step
REACTIVE_ATTEMPT_PROFILE attempt=3 accepted=1 retry=1 sourceCalls=0 fullPhaseEvaluations=0 scalarProbes=0 rootChecks=0 matrixFreeProducts=0 factorBuilds=0 workerJobElapsedSeconds=0
REACTIVE_STEP time=2.587460205744603e-08 dt=2.587460205744603e-08 retries=1 massResidual=8.1676656472190433e-15 energyResidual=-9.4803182127318394e-14 momentumResidual=7.1400678334735746e-21 globalElementResidual=5.7959379449959788e-15 frozenLiquidResidual=0 speciesResidual=5.6279008978068535e-15 elementDrift=0 minP=85199.709575813482 maxP=101324.99999999994 minT=181.23505199354437 maxT=293.14999999999998 maxMach=0.026559808193346517 minAlphaGas=0.99999999999999956 maxAlphaGas=1.0000000000000002 maxVolumeResidual=4.4408920985006262e-16 maxUVResidual=3.2781590060134588e-10 maxMuResidual=0 maxMechanicalResidual=0 seconds=5.2792620819999998
REACTIVE_CAPILLARY_STEP time=2.587460205744603e-08 area=3.9999999999999949e-05 surfaceEnergy=8.2309093596113842e-08 liquidMass=0 closureResidual=0 recoveryCalls=4 outerIterations=5
REACTIVE_STEP_TIMINGS time=2.587460205744603e-08 cflSeconds=0.8490601470000001 backupSeconds=0.28194744599999999 transportSeconds=1.2425491599999998 recoverySeconds=2.8057933099999999 sourceSeconds=0 conservationSeconds=0.020372863000000001 diagnosticsSeconds=0.028441933999999999 nestedBatchPackSeconds=0.20794638400000001 nestedBatchCallSeconds=1.2481311149999998 nestedBatchScatterSeconds=0 nestedScalarPropertySeconds=0.63406229199999997 otherSeconds=0.051097221999999567
REACTIVE_GPU_HEM_STEP time=2.587460205744603e-08 batches=16 submitted=799 succeeded=799 cpuFallbacks=0 deviceFailures=0 phaseEvaluations=254658 residualEvaluations=116944 analyticJacobians=0 finiteDifferenceJacobians=15888 wallSeconds=0.46325938 kernelSeconds=0.46261255693435677 copySeconds=0.00050115200318396117
REACTIVE_CHECKPOINT time=2.587460205744603e-08 acceptedSteps=1 complete=1 schema=3
REACTIVE_ATTEMPT_PROFILE attempt=4 accepted=1 retry=0 sourceCalls=0 fullPhaseEvaluations=0 scalarProbes=0 rootChecks=0 matrixFreeProducts=0 factorBuilds=0 workerJobElapsedSeconds=0
REACTIVE_STEP time=6.0870616421544342e-08 dt=3.4996014364098319e-08 retries=0 massResidual=1.9602625224857822e-14 energyResidual=-2.1521637179450457e-13 momentumResidual=1.9541238281085571e-20 globalElementResidual=1.759595356226349e-14 frozenLiquidResidual=0 speciesResidual=1.7085667762927245e-14 elementDrift=0 minP=96748.977134748784 maxP=101324.99999999994 minT=169.46979358443323 maxT=293.14999999999998 maxMach=0.05189801590897021 minAlphaGas=0.99973143262998465 maxAlphaGas=1.0000000000000004 maxVolumeResidual=8.9384588619623173e-10 maxUVResidual=4.5026800859102037e-10 maxMuResidual=8.4276265965854691e-09 maxMechanicalResidual=0 seconds=4.145323973
REACTIVE_CAPILLARY_STEP time=6.0870616421544342e-08 area=4.0002257538352278e-05 surfaceEnergy=8.2313738994502304e-08 liquidMass=7.0523976657126202e-09 closureResidual=1.3515457362219679e-11 recoveryCalls=6 outerIterations=9
REACTIVE_STEP_TIMINGS time=6.0870616421544342e-08 cflSeconds=0.56541263799999997 backupSeconds=0.28368667199999997 transportSeconds=0.79035005899999999 recoverySeconds=2.4573149060000001 sourceSeconds=0 conservationSeconds=0.020290121000000001 diagnosticsSeconds=0.028224048000000002 nestedBatchPackSeconds=0.20602799199999999 nestedBatchCallSeconds=1.107641222 nestedBatchScatterSeconds=0 nestedScalarPropertySeconds=0.42128697500000001 otherSeconds=4.5529000000037179e-05
REACTIVE_GPU_HEM_STEP time=6.0870616421544342e-08 batches=16 submitted=3159 succeeded=3159 cpuFallbacks=0 deviceFailures=0 phaseEvaluations=304941 residualEvaluations=131495 analyticJacobians=0 finiteDifferenceJacobians=16784 wallSeconds=0.32605498799999988 kernelSeconds=0.32528546863794333 copySeconds=0.00060124799981713312
REACTIVE_ATTEMPT_PROFILE attempt=5 accepted=1 retry=0 sourceCalls=0 fullPhaseEvaluations=0 scalarProbes=0 rootChecks=0 matrixFreeProducts=0 factorBuilds=0 workerJobElapsedSeconds=0
REACTIVE_STEP time=9.7746432812461919e-08 dt=3.6875816390917577e-08 retries=0 massResidual=3.5237355498170483e-14 energyResidual=-3.4426447918564628e-13 momentumResidual=4.5345693959954978e-20 globalElementResidual=3.0122732978725111e-14 frozenLiquidResidual=0 speciesResidual=2.924918983177939e-14 elementDrift=0 minP=101121.82953142709 maxP=117306.17270408539 minT=174.97321078594652 maxT=293.14999999999998 maxMach=0.066216998196598709 minAlphaGas=0.99938410112530363 maxAlphaGas=1.0000000000000004 maxVolumeResidual=1.4242895751692686e-10 maxUVResidual=3.3115503615504324e-11 maxMuResidual=5.0062354262081499e-10 maxMechanicalResidual=0 seconds=4.1690444749999997
REACTIVE_CAPILLARY_STEP time=9.7746432812461919e-08 area=4.0005248601233607e-05 surfaceEnergy=8.2319893786368587e-08 liquidMass=1.6063953798363224e-08 closureResidual=1.5957372142411108e-12 recoveryCalls=8 outerIterations=13
REACTIVE_STEP_TIMINGS time=9.7746432812461919e-08 cflSeconds=0.56727787899999993 backupSeconds=0.28463201999999999 transportSeconds=0.79240965699999999 recoverySeconds=2.4777672050000001 sourceSeconds=0 conservationSeconds=0.019009977000000001 diagnosticsSeconds=0.027905704 nestedBatchPackSeconds=0.20511887799999998 nestedBatchCallSeconds=1.125079653 nestedBatchScatterSeconds=0 nestedScalarPropertySeconds=0.42051227099999999 otherSeconds=4.2032999999927489e-05
REACTIVE_GPU_HEM_STEP time=9.7746432812461919e-08 batches=16 submitted=7212 succeeded=7212 cpuFallbacks=0 deviceFailures=0 phaseEvaluations=383206 residualEvaluations=171196 analyticJacobians=0 finiteDifferenceJacobians=19368 wallSeconds=0.34313341600000002 kernelSeconds=0.34218035849928863 copySeconds=0.00073395199701190017
REACTIVE_ATTEMPT_PROFILE attempt=6 accepted=1 retry=0 sourceCalls=0 fullPhaseEvaluations=0 scalarProbes=0 rootChecks=0 matrixFreeProducts=0 factorBuilds=0 workerJobElapsedSeconds=0
REACTIVE_STEP time=1.370723422503989e-07 dt=3.9325909437936976e-08 retries=0 massResidual=4.070799682235898e-14 energyResidual=-4.9094503820261017e-13 momentumResidual=4.7600452223157164e-20 globalElementResidual=3.4017771402244392e-14 frozenLiquidResidual=0 speciesResidual=3.3031303416410406e-14 elementDrift=0 minP=101192.19418022616 maxP=137575.10532185875 minT=179.52949715445982 maxT=293.15156382068506 maxMach=0.077290532261115985 minAlphaGas=0.99900824514354258 maxAlphaGas=1.0000000000000004 maxVolumeResidual=1.9503199055748155e-10 maxUVResidual=5.3034493916099922e-10 maxMuResidual=2.2922108655620832e-10 maxMechanicalResidual=0 seconds=4.1586597599999999
REACTIVE_CAPILLARY_STEP time=1.370723422503989e-07 area=4.0008505264843433e-05 surfaceEnergy=8.2326595112115392e-08 liquidMass=2.5675126430776192e-08 closureResidual=1.6183548641815482e-12 recoveryCalls=10 outerIterations=17
REACTIVE_STEP_TIMINGS time=1.370723422503989e-07 cflSeconds=0.56418470999999992 backupSeconds=0.28336700199999998 transportSeconds=0.79201413799999998 recoverySeconds=2.4726108770000002 sourceSeconds=0 conservationSeconds=0.018248547 diagnosticsSeconds=0.028192544999999999 nestedBatchPackSeconds=0.20523365099999999 nestedBatchCallSeconds=1.1245164950000002 nestedBatchScatterSeconds=0 nestedScalarPropertySeconds=0.41917606500000004 otherSeconds=4.1940999999896117e-05
REACTIVE_GPU_HEM_STEP time=1.370723422503989e-07 batches=16 submitted=12472 succeeded=12472 cpuFallbacks=0 deviceFailures=0 phaseEvaluations=414862 residualEvaluations=193800 analyticJacobians=0 finiteDifferenceJacobians=18880 wallSeconds=0.34156217 kernelSeconds=0.34039416691660906 copySeconds=0.00088876800797879716
REACTIVE_ATTEMPT_PROFILE attempt=7 accepted=1 retry=0 sourceCalls=0 fullPhaseEvaluations=0 scalarProbes=0 rootChecks=0 matrixFreeProducts=0 factorBuilds=0 workerJobElapsedSeconds=0
REACTIVE_STEP time=1.7766927638586416e-07 dt=4.0596934135465279e-08 retries=0 massResidual=4.2794208563283112e-14 energyResidual=-6.3420225657267309e-13 momentumResidual=6.7141690504242729e-20 globalElementResidual=3.7797781018411467e-14 frozenLiquidResidual=0 speciesResidual=3.670195698182506e-14 elementDrift=0 minP=101212.8856192651 maxP=157958.97346626499 minT=183.37583920138721 maxT=293.15961031575989 maxMach=0.086395836911443841 minAlphaGas=0.99861611536252348 maxAlphaGas=1.0000000000000004 maxVolumeResidual=7.7803319342706345e-11 maxUVResidual=9.9584849777594787e-10 maxMuResidual=2.0429880009942281e-10 maxMechanicalResidual=0 seconds=4.1490335529999998
REACTIVE_CAPILLARY_STEP time=1.7766927638586416e-07 area=4.0011912032997783e-05 surfaceEnergy=8.2333605312087302e-08 liquidMass=3.5571523868336666e-08 closureResidual=1.1109446695911629e-12 recoveryCalls=12 outerIterations=21
REACTIVE_STEP_TIMINGS time=1.7766927638586416e-07 cflSeconds=0.56582923500000004 backupSeconds=0.28245998299999997 transportSeconds=0.79000867199999991 recoverySeconds=2.4628931490000001 sourceSeconds=0 conservationSeconds=0.019440559 diagnosticsSeconds=0.028358081 nestedBatchPackSeconds=0.20539886799999998 nestedBatchCallSeconds=1.1134806420000001 nestedBatchScatterSeconds=0 nestedScalarPropertySeconds=0.41998804200000001 otherSeconds=4.3874000000058283e-05
REACTIVE_GPU_HEM_STEP time=1.7766927638586416e-07 batches=16 submitted=18764 succeeded=18764 cpuFallbacks=0 deviceFailures=0 phaseEvaluations=457198 residualEvaluations=224124 analyticJacobians=0 finiteDifferenceJacobians=18672 wallSeconds=0.33169417000000001 kernelSeconds=0.33023532468080541 copySeconds=0.0010979839935898782
REACTIVE_ATTEMPT_PROFILE attempt=8 accepted=1 retry=0 sourceCalls=0 fullPhaseEvaluations=0 scalarProbes=0 rootChecks=0 matrixFreeProducts=0 factorBuilds=0 workerJobElapsedSeconds=0
REACTIVE_STEP time=2.1891001786631523e-07 dt=4.1240741480451056e-08 retries=0 massResidual=5.7904258015587603e-14 energyResidual=-7.7990823520490545e-13 momentumResidual=9.6203019229959739e-20 globalElementResidual=4.5297746929118243e-14 frozenLiquidResidual=0 speciesResidual=4.3983937752738614e-14 elementDrift=0 minP=101127.7333893121 maxP=178288.17778349677 minT=186.68557751720039 maxT=293.17317853754844 maxMach=0.094464711490336223 minAlphaGas=0.99821417164012061 maxAlphaGas=1.0000000000000004 maxVolumeResidual=1.0265799321729219e-10 maxUVResidual=6.1252071147446705e-10 maxMuResidual=4.4858694536742405e-10 maxMechanicalResidual=0 seconds=4.1569966889999996
REACTIVE_CAPILLARY_STEP time=2.1891001786631523e-07 area=4.0015398988238643e-05 surfaceEnergy=8.2340780515219442e-08 liquidMass=4.5587616411159561e-08 closureResidual=1.5817308400556396e-12 recoveryCalls=14 outerIterations=25
REACTIVE_STEP_TIMINGS time=2.1891001786631523e-07 cflSeconds=0.565041668 backupSeconds=0.283090332 transportSeconds=0.79548879699999997 recoverySeconds=2.4669265820000001 sourceSeconds=0 conservationSeconds=0.018223474999999999 diagnosticsSeconds=0.028181614000000001 nestedBatchPackSeconds=0.20515739700000002 nestedBatchCallSeconds=1.1087286629999999 nestedBatchScatterSeconds=0 nestedScalarPropertySeconds=0.42064628500000001 otherSeconds=4.4220999999410732e-05
REACTIVE_GPU_HEM_STEP time=2.1891001786631523e-07 batches=16 submitted=25880 succeeded=25880 cpuFallbacks=0 deviceFailures=0 phaseEvaluations=509572 residualEvaluations=260024 analyticJacobians=0 finiteDifferenceJacobians=18672 wallSeconds=0.32684685399999958 kernelSeconds=0.32509235399961534 copySeconds=0.001306175962090492
REACTIVE_ATTEMPT_PROFILE attempt=9 accepted=1 retry=0 sourceCalls=0 fullPhaseEvaluations=0 scalarProbes=0 rootChecks=0 matrixFreeProducts=0 factorBuilds=0 workerJobElapsedSeconds=0
REACTIVE_STEP time=2.6061142944670283e-07 dt=4.1701411580387603e-08 retries=0 massResidual=5.37599732845539e-14 energyResidual=-9.2643182241019178e-13 momentumResidual=1.1023262620099553e-19 globalElementResidual=4.7688269131399872e-14 frozenLiquidResidual=0 speciesResidual=4.6305192016789233e-14 elementDrift=0 minP=100910.26219977673 maxP=198615.4447065352 minT=189.59207564041404 maxT=293.19216057726885 maxMach=0.10183091722602629 minAlphaGas=0.99780493695734684 maxAlphaGas=1.0000000000000004 maxVolumeResidual=7.8755935106755715e-10 maxUVResidual=9.3221248269598605e-10 maxMuResidual=2.1354686907670839e-09 maxMechanicalResidual=0 seconds=4.4371639759999999
REACTIVE_CAPILLARY_STEP time=2.6061142944670283e-07 area=4.0018932064696144e-05 surfaceEnergy=8.2348050623240013e-08 liquidMass=5.5659289966715518e-08 closureResidual=1.5931127944623924e-12 recoveryCalls=16 outerIterations=29
REACTIVE_STEP_TIMINGS time=2.6061142944670283e-07 cflSeconds=0.56314603100000005 backupSeconds=0.28452062899999997 transportSeconds=0.79019050499999999 recoverySeconds=2.7529415000000004 sourceSeconds=0 conservationSeconds=0.017921078999999999 diagnosticsSeconds=0.028399093 nestedBatchPackSeconds=0.20573455699999998 nestedBatchCallSeconds=1.393632982 nestedBatchScatterSeconds=0 nestedScalarPropertySeconds=0.41914238500000001 otherSeconds=4.5138999999742857e-05
REACTIVE_GPU_HEM_STEP time=2.6061142944670283e-07 batches=16 submitted=33242 succeeded=33242 cpuFallbacks=0 deviceFailures=0 phaseEvaluations=824670 residualEvaluations=563277 analyticJacobians=0 finiteDifferenceJacobians=30459 wallSeconds=0.61184878999999981 kernelSeconds=0.60976370498537991 copySeconds=0.0015361600201576949
REACTIVE_ATTEMPT_PROFILE attempt=10 accepted=1 retry=0 sourceCalls=0 fullPhaseEvaluations=0 scalarProbes=0 rootChecks=0 matrixFreeProducts=0 factorBuilds=0 workerJobElapsedSeconds=0
REACTIVE_STEP time=3.0289977683114375e-07 dt=4.2288347384440927e-08 retries=0 massResidual=5.7368661893191415e-14 energyResidual=-1.0753757116786958e-12 momentumResidual=6.5137460936951907e-20 globalElementResidual=4.6887798657919368e-14 frozenLiquidResidual=0 speciesResidual=4.5527879555435953e-14 elementDrift=0 minP=100550.21662365644 maxP=219705.89170891643 minT=192.13765233765233 maxT=293.21608010162095 maxMach=0.10879548708395159 minAlphaGas=0.99738786922075195 maxAlphaGas=1.0000000000000004 maxVolumeResidual=8.6597440329683195e-10 maxUVResidual=9.9128821600929415e-10 maxMuResidual=5.5665694276285649e-10 maxMechanicalResidual=0 seconds=4.7544273480000001
REACTIVE_CAPILLARY_STEP time=3.0289977683114375e-07 area=4.0022507469414734e-05 surfaceEnergy=8.2355407831280668e-08 liquidMass=6.5800359128254565e-08 closureResidual=1.5579685978817093e-12 recoveryCalls=18 outerIterations=33
REACTIVE_STEP_TIMINGS time=3.0289977683114375e-07 cflSeconds=0.56775605500000004 backupSeconds=0.283608162 transportSeconds=0.80916304800000005 recoverySeconds=3.0476560529999999 sourceSeconds=0 conservationSeconds=0.018220233999999998 diagnosticsSeconds=0.027978313000000001 nestedBatchPackSeconds=0.20568766599999996 nestedBatchCallSeconds=1.6816922000000001 nestedBatchScatterSeconds=0 nestedScalarPropertySeconds=0.434538443 otherSeconds=4.5482999999547913e-05
REACTIVE_GPU_HEM_STEP time=3.0289977683114375e-07 batches=16 submitted=39608 succeeded=39608 cpuFallbacks=0 deviceFailures=0 phaseEvaluations=1690422 residualEvaluations=1519780 analyticJacobians=0 finiteDifferenceJacobians=72361 wallSeconds=0.8981976089999999 kernelSeconds=0.89578271633386608 copySeconds=0.0017720959782600403
REACTIVE_ATTEMPT_PROFILE attempt=11 accepted=1 retry=0 sourceCalls=0 fullPhaseEvaluations=0 scalarProbes=0 rootChecks=0 matrixFreeProducts=0 factorBuilds=0 workerJobElapsedSeconds=0
REACTIVE_STEP time=3.4601184048838121e-07 dt=4.311206365723744e-08 retries=0 massResidual=6.1900398574389098e-14 energyResidual=-1.2317819731167327e-12 momentumResidual=1.6234259495055706e-19 globalElementResidual=5.095648642243244e-14 frozenLiquidResidual=0 speciesResidual=4.9478908437661989e-14 elementDrift=0 minP=100044.64126797242 maxP=241023.10620093223 minT=194.44200183964568 maxT=293.24414985204652 maxMach=0.11555824622498771 minAlphaGas=0.99696138650285582 maxAlphaGas=1.0000000000000004 maxVolumeResidual=8.8684615207057504e-13 maxUVResidual=8.5729001147897235e-10 maxMuResidual=2.2382096176443156e-13 maxMechanicalResidual=0 seconds=4.892788339
REACTIVE_CAPILLARY_STEP time=3.4601184048838121e-07 area=4.0026134188168687e-05 surfaceEnergy=8.2362870629614809e-08 liquidMass=7.6050828170600901e-08 closureResidual=1.6858576167011474e-12 recoveryCalls=20 outerIterations=37
REACTIVE_STEP_TIMINGS time=3.4601184048838121e-07 cflSeconds=0.564638686 backupSeconds=0.28624924200000001 transportSeconds=0.79367490200000002 recoverySeconds=3.1997847240000001 sourceSeconds=0 conservationSeconds=0.020019810999999998 diagnosticsSeconds=0.028377979000000001 nestedBatchPackSeconds=0.20568963100000004 nestedBatchCallSeconds=1.8464789750000001 nestedBatchScatterSeconds=0 nestedScalarPropertySeconds=0.41944176300000002 otherSeconds=4.2994999999042965e-05
REACTIVE_GPU_HEM_STEP time=3.4601184048838121e-07 batches=16 submitted=44742 succeeded=44742 cpuFallbacks=0 deviceFailures=0 phaseEvaluations=2071712 residualEvaluations=1945302 analyticJacobians=0 finiteDifferenceJacobians=91237 wallSeconds=1.0606984919999998 kernelSeconds=1.0581050414144988 copySeconds=0.0018682879954576501
REACTIVE_ATTEMPT_PROFILE attempt=12 accepted=1 retry=0 sourceCalls=0 fullPhaseEvaluations=0 scalarProbes=0 rootChecks=0 matrixFreeProducts=0 factorBuilds=0 workerJobElapsedSeconds=0
REACTIVE_STEP time=3.9021353744023576e-07 dt=4.4201696951854562e-08 retries=0 massResidual=6.5351171536097468e-14 energyResidual=-1.3772964235528463e-12 momentumResidual=2.3449485937302685e-19 globalElementResidual=5.2601939111569515e-14 frozenLiquidResidual=0 speciesResidual=5.1076151074904218e-14 elementDrift=0 minP=99392.595668252732 maxP=262679.86106550734 minT=196.57464665994641 maxT=293.27558351889684 maxMach=0.12225448949831214 minAlphaGas=0.99652366131928782 maxAlphaGas=1.0000000000000004 maxVolumeResidual=2.3632207302171082e-12 maxUVResidual=9.9979893329583207e-10 maxMuResidual=4.9027448767446913e-13 maxMechanicalResidual=0 seconds=4.8008889720000001
REACTIVE_CAPILLARY_STEP time=3.9021353744023576e-07 area=4.0029826264194027e-05 surfaceEnergy=8.2370467915393154e-08 liquidMass=8.6456464392846382e-08 closureResidual=1.9294500892830246e-12 recoveryCalls=22 outerIterations=41
REACTIVE_STEP_TIMINGS time=3.9021353744023576e-07 cflSeconds=0.56817208600000002 backupSeconds=0.28428228899999997 transportSeconds=0.79390821599999994 recoverySeconds=3.1079060900000002 sourceSeconds=0 conservationSeconds=0.018489299000000001 diagnosticsSeconds=0.028070754 nestedBatchPackSeconds=0.20548012499999999 nestedBatchCallSeconds=1.740005402 nestedBatchScatterSeconds=0 nestedScalarPropertySeconds=0.42059076100000004 otherSeconds=6.0237999999979835e-05
REACTIVE_GPU_HEM_STEP time=3.9021353744023576e-07 batches=16 submitted=48660 succeeded=48660 cpuFallbacks=0 deviceFailures=0 phaseEvaluations=1918978 residualEvaluations=1967950 analyticJacobians=0 finiteDifferenceJacobians=93319 wallSeconds=0.9537557010000004 kernelSeconds=0.95095927563309779 copySeconds=0.0020149759445339411
REACTIVE_ATTEMPT_PROFILE attempt=13 accepted=1 retry=0 sourceCalls=0 fullPhaseEvaluations=0 scalarProbes=0 rootChecks=0 matrixFreeProducts=0 factorBuilds=0 workerJobElapsedSeconds=0
REACTIVE_STEP time=4.3575588349327152e-07 dt=4.554234605303578e-08 retries=0 massResidual=7.365081292417207e-14 energyResidual=-1.5428879074905971e-12 momentumResidual=2.0042295672908279e-19 globalElementResidual=6.0255415543184425e-14 frozenLiquidResidual=0 speciesResidual=5.8509631057904806e-14 elementDrift=0 minP=98591.501345558296 maxP=284779.41827967379 minT=198.5695569568403 maxT=293.31023884036779 maxMach=0.12897423766199639 minAlphaGas=0.99607308607735134 maxAlphaGas=1.0000000000000004 maxVolumeResidual=4.5199399778539373e-12 maxUVResidual=9.740131385817686e-10 maxMuResidual=5.4001247917767614e-13 maxMechanicalResidual=0 seconds=4.5986358699999998
REACTIVE_CAPILLARY_STEP time=4.3575588349327152e-07 area=4.0033597965695244e-05 surfaceEnergy=8.2378229048690162e-08 liquidMass=9.7057270578845475e-08 closureResidual=2.0003824985348473e-12 recoveryCalls=24 outerIterations=45
REACTIVE_STEP_TIMINGS time=4.3575588349327152e-07 cflSeconds=0.56330999600000009 backupSeconds=0.28365427300000001 transportSeconds=0.79674971500000003 recoverySeconds=2.9066327310000002 sourceSeconds=0 conservationSeconds=0.019959431 diagnosticsSeconds=0.028283719999999998 nestedBatchPackSeconds=0.20620691300000002 nestedBatchCallSeconds=1.5468505880000001 nestedBatchScatterSeconds=0 nestedScalarPropertySeconds=0.420590617 otherSeconds=4.600399999997451e-05
REACTIVE_GPU_HEM_STEP time=4.3575588349327152e-07 batches=16 submitted=50716 succeeded=50716 cpuFallbacks=0 deviceFailures=0 phaseEvaluations=1708984 residualEvaluations=1964117 analyticJacobians=0 finiteDifferenceJacobians=93383 wallSeconds=0.76134922199999888 kernelSeconds=0.75841375723481264 copySeconds=0.0021274240240454663
REACTIVE_ATTEMPT_PROFILE attempt=14 accepted=1 retry=0 sourceCalls=0 fullPhaseEvaluations=0 scalarProbes=0 rootChecks=0 matrixFreeProducts=0 factorBuilds=0 workerJobElapsedSeconds=0
REACTIVE_STEP time=4.828505541211767e-07 dt=4.709467062790516e-08 retries=0 massResidual=6.7984124778711339e-14 energyResidual=-1.7094785904137602e-12 momentumResidual=2.244737115365727e-19 globalElementResidual=5.6888614058750013e-14 frozenLiquidResidual=0 speciesResidual=5.523928444087709e-14 elementDrift=0 minP=97633.808445472387 maxP=307403.09814461385 minT=200.44911910931643 maxT=293.34402128489074 maxMach=0.13577201214858392 minAlphaGas=0.99560854364875984 maxAlphaGas=1.0000000000000004 maxVolumeResidual=3.2867042421003134e-12 maxUVResidual=9.8904468163693511e-10 maxMuResidual=2.0534685063466895e-12 maxMechanicalResidual=0 seconds=4.4577727420000004
REACTIVE_CAPILLARY_STEP time=4.828505541211767e-07 area=4.0037460700268167e-05 surfaceEnergy=8.2386177503227661e-08 liquidMass=1.0788087835613987e-07 closureResidual=2.030998633162362e-12 recoveryCalls=26 outerIterations=49
REACTIVE_STEP_TIMINGS time=4.828505541211767e-07 cflSeconds=0.56544886000000005 backupSeconds=0.284151135 transportSeconds=0.79373207300000004 recoverySeconds=2.7685475190000002 sourceSeconds=0 conservationSeconds=0.017702136 diagnosticsSeconds=0.028147954999999999 nestedBatchPackSeconds=0.20581357699999994 nestedBatchCallSeconds=1.4123490219999997 nestedBatchScatterSeconds=0 nestedScalarPropertySeconds=0.41998909799999995 otherSeconds=4.3063999999908703e-05
REACTIVE_GPU_HEM_STEP time=4.828505541211767e-07 batches=16 submitted=53132 succeeded=53132 cpuFallbacks=0 deviceFailures=0 phaseEvaluations=1680206 residualEvaluations=1966556 analyticJacobians=0 finiteDifferenceJacobians=92644 wallSeconds=0.62577161200000031 kernelSeconds=0.62280009657144575 copySeconds=0.0021337600219994805
REACTIVE_ATTEMPT_PROFILE attempt=15 accepted=1 retry=0 sourceCalls=0 fullPhaseEvaluations=0 scalarProbes=0 rootChecks=0 matrixFreeProducts=0 factorBuilds=0 workerJobElapsedSeconds=0
REACTIVE_STEP time=5.3165638823896113e-07 dt=4.8805834117784451e-08 retries=0 massResidual=7.5521991052760864e-14 energyResidual=-1.8780839331357198e-12 momentumResidual=2.6856676201697092e-19 globalElementResidual=5.8201399092461807e-14 frozenLiquidResidual=0 speciesResidual=5.6514000008169541e-14 elementDrift=0 minP=96503.385803495737 maxP=330786.25759977777 minT=202.22777245405979 maxT=293.37227946711556 maxMach=0.1426720309919777 minAlphaGas=0.99512946192178597 maxAlphaGas=1.0000000000000004 maxVolumeResidual=3.1514946208233141e-10 maxUVResidual=8.980464006730566e-10 maxMuResidual=2.7087310172646539e-10 maxMechanicalResidual=0 seconds=4.471133493
REACTIVE_CAPILLARY_STEP time=5.3165638823896113e-07 area=4.0041421026431206e-05 surfaceEnergy=8.2394326774648272e-08 liquidMass=1.1893884747288733e-07 closureResidual=2.1241827741214081e-12 recoveryCalls=28 outerIterations=53
REACTIVE_STEP_TIMINGS time=5.3165638823896113e-07 cflSeconds=0.56484709600000005 backupSeconds=0.28425031899999997 transportSeconds=0.79388854399999997 recoverySeconds=2.7806429430000001 sourceSeconds=0 conservationSeconds=0.019357466 diagnosticsSeconds=0.028104112000000001 nestedBatchPackSeconds=0.20598457100000003 nestedBatchCallSeconds=1.4210169099999999 nestedBatchScatterSeconds=0 nestedScalarPropertySeconds=0.41953653099999999 otherSeconds=4.3012999999595541e-05
REACTIVE_GPU_HEM_STEP time=5.3165638823896113e-07 batches=16 submitted=54738 succeeded=54738 cpuFallbacks=0 deviceFailures=0 phaseEvaluations=1687312 residualEvaluations=1963504 analyticJacobians=0 finiteDifferenceJacobians=92173 wallSeconds=0.63605155800000013 kernelSeconds=0.63295642685890208 copySeconds=0.0022263040151447068
REACTIVE_ATTEMPT_PROFILE attempt=16 accepted=1 retry=0 sourceCalls=0 fullPhaseEvaluations=0 scalarProbes=0 rootChecks=0 matrixFreeProducts=0 factorBuilds=0 workerJobElapsedSeconds=0
REACTIVE_STEP time=5.8206476656376087e-07 dt=5.0408378324799772e-08 retries=0 massResidual=8.0202621584061763e-14 energyResidual=-2.0524513835692141e-12 momentumResidual=1.8438912019075617e-19 globalElementResidual=6.871740835214084e-14 frozenLiquidResidual=0 speciesResidual=6.6723794107815643e-14 elementDrift=0 minP=95177.445109910972 maxP=354798.81011464464 minT=198.7443475186092 maxT=293.38774258897394 maxMach=0.14964432766692815 minAlphaGas=0.99463813862996697 maxAlphaGas=1.0000000000000004 maxVolumeResidual=5.2494408819825367e-10 maxUVResidual=9.8112458560057063e-10 maxMuResidual=7.4789596737900865e-10 maxMechanicalResidual=0 seconds=4.4652812659999999
REACTIVE_CAPILLARY_STEP time=5.8206476656376087e-07 area=4.0045463026275437e-05 surfaceEnergy=8.2402644108235636e-08 liquidMass=1.3017940210680381e-07 closureResidual=2.8088156800443187e-12 recoveryCalls=30 outerIterations=57
REACTIVE_STEP_TIMINGS time=5.8206476656376087e-07 cflSeconds=0.56516975700000005 backupSeconds=0.284186732 transportSeconds=0.79579612399999999 recoverySeconds=2.7718181910000004 sourceSeconds=0 conservationSeconds=0.020121843 diagnosticsSeconds=0.02814709 nestedBatchPackSeconds=0.20617237399999999 nestedBatchCallSeconds=1.417875558 nestedBatchScatterSeconds=0 nestedScalarPropertySeconds=0.42087662299999995 otherSeconds=4.1528999999887461e-05
REACTIVE_GPU_HEM_STEP time=5.8206476656376087e-07 batches=16 submitted=56316 succeeded=56316 cpuFallbacks=0 deviceFailures=0 phaseEvaluations=1695110 residualEvaluations=1960210 analyticJacobians=0 finiteDifferenceJacobians=91722 wallSeconds=0.6314762509999996 kernelSeconds=0.62838662484288221 copySeconds=0.0022092480286955846
REACTIVE_ATTEMPT_PROFILE attempt=17 accepted=1 retry=0 sourceCalls=0 fullPhaseEvaluations=0 scalarProbes=0 rootChecks=0 matrixFreeProducts=0 factorBuilds=0 workerJobElapsedSeconds=0
REACTIVE_STEP time=6.3252532698350144e-07 dt=5.0460560419740616e-08 retries=0 massResidual=8.4894430813672704e-14 energyResidual=-2.2267718553885664e-12 momentumResidual=2.4451600720948101e-19 globalElementResidual=6.6892290353605661e-14 frozenLiquidResidual=0 speciesResidual=6.4953467257248555e-14 elementDrift=0 minP=93656.339841004228 maxP=378672.61192167632 minT=184.02201359553811 maxT=293.38089913663549 maxMach=0.15645324628613255 minAlphaGas=0.99415072741285793 maxAlphaGas=1.0000000000000004 maxVolumeResidual=8.2942985812906045e-11 maxUVResidual=9.9001902620031802e-10 maxMuResidual=1.4164669437377597e-11 maxMechanicalResidual=0 seconds=4.4855491140000003
REACTIVE_CAPILLARY_STEP time=6.3252532698350144e-07 area=4.0049456887199991e-05 surfaceEnergy=8.2410862385051859e-08 liquidMass=1.4123717538769485e-07 closureResidual=9.4408768996911974e-13 recoveryCalls=32 outerIterations=61
REACTIVE_STEP_TIMINGS time=6.3252532698350144e-07 cflSeconds=0.56503015400000001 backupSeconds=0.28276241699999999 transportSeconds=0.79481573399999994 recoverySeconds=2.7942947250000003 sourceSeconds=0 conservationSeconds=0.020411057999999999 diagnosticsSeconds=0.028192141 nestedBatchPackSeconds=0.205024595 nestedBatchCallSeconds=1.4323953330000001 nestedBatchScatterSeconds=0 nestedScalarPropertySeconds=0.41944865299999995 otherSeconds=4.2885000000478235e-05
REACTIVE_GPU_HEM_STEP time=6.3252532698350144e-07 batches=16 submitted=58300 succeeded=58300 cpuFallbacks=0 deviceFailures=0 phaseEvaluations=1729147 residualEvaluations=1996394 analyticJacobians=0 finiteDifferenceJacobians=93137 wallSeconds=0.64846710299999977 kernelSeconds=0.64529629495740082 copySeconds=0.0022631039936095512
REACTIVE_ATTEMPT_PROFILE attempt=18 accepted=1 retry=0 sourceCalls=0 fullPhaseEvaluations=0 scalarProbes=0 rootChecks=0 matrixFreeProducts=0 factorBuilds=0 workerJobElapsedSeconds=0
REACTIVE_STEP time=6.8301634036275895e-07 dt=5.049101337925748e-08 retries=0 massResidual=8.4791477408610666e-14 energyResidual=-2.404965352569999e-12 momentumResidual=2.4852446634406265e-19 globalElementResidual=7.2055662102402662e-14 frozenLiquidResidual=0 speciesResidual=6.9966503105499022e-14 elementDrift=0 minP=91856.232346968187 maxP=402403.54731089494 minT=169.38730726118055 maxT=293.34136802223742 maxMach=0.16307393078096674 minAlphaGas=0.99366821584292664 maxAlphaGas=1.0000000000000004 maxVolumeResidual=1.0259104676890729e-10 maxUVResidual=9.959710547328319e-10 maxMuResidual=7.9324991020257585e-11 maxMechanicalResidual=0 seconds=4.586392998
REACTIVE_CAPILLARY_STEP time=6.8301634036275895e-07 area=4.0053397269380631e-05 surfaceEnergy=8.2418970617194622e-08 liquidMass=1.5209666777283723e-07 closureResidual=3.2614102390970956e-13 recoveryCalls=34 outerIterations=65
REACTIVE_STEP_TIMINGS time=6.8301634036275895e-07 cflSeconds=0.56439605299999995 backupSeconds=0.284666168 transportSeconds=0.79559590099999999 recoverySeconds=2.8951560760000001 sourceSeconds=0 conservationSeconds=0.018442469 diagnosticsSeconds=0.028093577000000002 nestedBatchPackSeconds=0.20560692699999999 nestedBatchCallSeconds=1.543600627 nestedBatchScatterSeconds=0 nestedScalarPropertySeconds=0.42060284300000006 otherSeconds=4.2753999999364106e-05
REACTIVE_GPU_HEM_STEP time=6.8301634036275895e-07 batches=16 submitted=59932 succeeded=59932 cpuFallbacks=0 deviceFailures=0 phaseEvaluations=1766952 residualEvaluations=2025085 analyticJacobians=0 finiteDifferenceJacobians=94986 wallSeconds=0.75945053699999754 kernelSeconds=0.75624788293242595 copySeconds=0.0022751679960638267
REACTIVE_ATTEMPT_PROFILE attempt=19 accepted=1 retry=0 sourceCalls=0 fullPhaseEvaluations=0 scalarProbes=0 rootChecks=0 matrixFreeProducts=0 factorBuilds=0 workerJobElapsedSeconds=0
REACTIVE_STEP time=7.335217922807242e-07 dt=5.0505451917965296e-08 retries=0 massResidual=8.8124139841755822e-14 energyResidual=-2.5708649078043374e-12 momentumResidual=3.5274440384318571e-19 globalElementResidual=7.487172951910401e-14 frozenLiquidResidual=0 speciesResidual=7.2702058977973562e-14 elementDrift=0 minP=92836.590121757326 maxP=425987.68204527389 minT=167.37689351511673 maxT=293.28324529697085 maxMach=0.16947787405455603 minAlphaGas=0.99319146173660178 maxAlphaGas=1.0000000000000004 maxVolumeResidual=1.23777876837039e-10 maxUVResidual=9.5119261293769839e-10 maxMuResidual=2.0079937712580431e-11 maxMechanicalResidual=0 seconds=4.508926894
REACTIVE_CAPILLARY_STEP time=7.335217922807242e-07 area=4.0057440638877253e-05 surfaceEnergy=8.2427290769153159e-08 liquidMass=1.6285340540915725e-07 closureResidual=3.3213327921277624e-12 recoveryCalls=36 outerIterations=69
REACTIVE_STEP_TIMINGS time=7.335217922807242e-07 cflSeconds=0.56317314900000004 backupSeconds=0.28303578499999998 transportSeconds=0.79593506000000003 recoverySeconds=2.8194167860000001 sourceSeconds=0 conservationSeconds=0.019198211999999999 diagnosticsSeconds=0.02812429 nestedBatchPackSeconds=0.20544225199999999 nestedBatchCallSeconds=1.4710459360000001 nestedBatchScatterSeconds=0 nestedScalarPropertySeconds=0.41921433499999999 otherSeconds=4.3611999999904755e-05
REACTIVE_GPU_HEM_STEP time=7.335217922807242e-07 batches=16 submitted=61460 succeeded=61460 cpuFallbacks=0 deviceFailures=0 phaseEvaluations=1730226 residualEvaluations=1899682 analyticJacobians=0 finiteDifferenceJacobians=90875 wallSeconds=0.68501601399999856 kernelSeconds=0.68167724254727347 copySeconds=0.0023870399370789566
REACTIVE_ATTEMPT_PROFILE attempt=20 accepted=1 retry=0 sourceCalls=0 fullPhaseEvaluations=0 scalarProbes=0 rootChecks=0 matrixFreeProducts=0 factorBuilds=0 workerJobElapsedSeconds=0
REACTIVE_STEP time=7.8402659135196404e-07 dt=5.0504799071239799e-08 retries=0 massResidual=1.0037843725721262e-13 energyResidual=-2.7501768573763129e-12 momentumResidual=3.0464289422820585e-19 globalElementResidual=8.2056792788576754e-14 frozenLiquidResidual=0 speciesResidual=7.9678817364501309e-14 elementDrift=0 minP=91328.632663285825 maxP=449421.6567581626 minT=169.04622039216343 maxT=293.28381065099472 maxMach=0.17563522126569756 minAlphaGas=0.99272121449114803 maxAlphaGas=1.0000000000000004 maxVolumeResidual=6.6659522346412814e-10 maxUVResidual=9.9941621716655543e-10 maxMuResidual=2.2831894597175051e-08 maxMechanicalResidual=0 seconds=4.6014629300000003
REACTIVE_CAPILLARY_STEP time=7.8402659135196404e-07 area=4.0061493876633608e-05 surfaceEnergy=8.2435631227299527e-08 liquidMass=1.7343581351670273e-07 closureResidual=5.1639343842668772e-12 recoveryCalls=38 outerIterations=73
REACTIVE_STEP_TIMINGS time=7.8402659135196404e-07 cflSeconds=0.56474913100000002 backupSeconds=0.28375284499999998 transportSeconds=0.79559859699999991 recoverySeconds=2.908449042 sourceSeconds=0 conservationSeconds=0.020628090000000002 diagnosticsSeconds=0.028242449999999999 nestedBatchPackSeconds=0.20605976100000001 nestedBatchCallSeconds=1.5542141169999999 nestedBatchScatterSeconds=0 nestedScalarPropertySeconds=0.419585508 otherSeconds=4.2775000000067759e-05
REACTIVE_GPU_HEM_STEP time=7.8402659135196404e-07 batches=16 submitted=63032 succeeded=63032 cpuFallbacks=0 deviceFailures=0 phaseEvaluations=1764438 residualEvaluations=1922655 analyticJacobians=0 finiteDifferenceJacobians=92498 wallSeconds=0.76820749700000057 kernelSeconds=0.76485084444284546 copySeconds=0.0023913279734551866
REACTIVE_ATTEMPT_PROFILE attempt=21 accepted=1 retry=0 sourceCalls=0 fullPhaseEvaluations=0 scalarProbes=0 rootChecks=0 matrixFreeProducts=0 factorBuilds=0 workerJobElapsedSeconds=0
REACTIVE_STEP time=8.3451187525853817e-07 dt=5.0485283906574155e-08 retries=0 massResidual=8.9559776498575909e-14 energyResidual=-2.9310119981683648e-12 momentumResidual=2.1645679326740941e-19 globalElementResidual=7.4506397216973227e-14 frozenLiquidResidual=0 speciesResidual=7.2344798347834387e-14 elementDrift=0 minP=90481.591775598994 maxP=472702.96836147294 minT=166.05948610019496 maxT=293.31811434899373 maxMach=0.19910407071190467 minAlphaGas=0.99225812545533021 maxAlphaGas=1.0000000000000004 maxVolumeResidual=2.2258350718118436e-10 maxUVResidual=9.7662459937334937e-10 maxMuResidual=2.2542693045579654e-08 maxMechanicalResidual=0 seconds=4.7800847989999999
REACTIVE_CAPILLARY_STEP time=8.3451187525853817e-07 area=4.0065506782582476e-05 surfaceEnergy=8.2443888693582974e-08 liquidMass=1.839098123237313e-07 closureResidual=3.0324891903132922e-12 recoveryCalls=40 outerIterations=77
REACTIVE_STEP_TIMINGS time=8.3451187525853817e-07 cflSeconds=0.56327876099999996 backupSeconds=0.28362548500000001 transportSeconds=0.79532078100000003 recoverySeconds=3.089091775 sourceSeconds=0 conservationSeconds=0.020539218000000001 diagnosticsSeconds=0.028186561999999998 nestedBatchPackSeconds=0.20514788700000003 nestedBatchCallSeconds=1.7381258099999999 nestedBatchScatterSeconds=0 nestedScalarPropertySeconds=0.42030614899999996 otherSeconds=4.2216999999674515e-05
REACTIVE_GPU_HEM_STEP time=8.3451187525853817e-07 batches=16 submitted=64344 succeeded=64344 cpuFallbacks=0 deviceFailures=0 phaseEvaluations=1561908 residualEvaluations=1358369 analyticJacobians=0 finiteDifferenceJacobians=74639 wallSeconds=0.9511639229999993 kernelSeconds=0.9476657770872059 copySeconds=0.0024939200058579462
REACTIVE_ATTEMPT_PROFILE attempt=22 accepted=1 retry=0 sourceCalls=0 fullPhaseEvaluations=0 scalarProbes=0 rootChecks=0 matrixFreeProducts=0 factorBuilds=0 workerJobElapsedSeconds=0
REACTIVE_STEP time=8.8495387634549645e-07 dt=5.0442001086958248e-08 retries=0 massResidual=9.7610067538387616e-14 energyResidual=-3.0892992110418697e-12 momentumResidual=3.888205360544206e-19 globalElementResidual=7.8862720156810333e-14 frozenLiquidResidual=0 speciesResidual=7.6576766445984206e-14 elementDrift=0 minP=90926.564299242309 maxP=495849.495944981 minT=166.92862553056494 maxT=293.35840447449704 maxMach=0.21961579768596104 minAlphaGas=0.99180237534789806 maxAlphaGas=1.0000000000000004 maxVolumeResidual=9.2767260539972085e-10 maxUVResidual=9.8810045716872818e-10 maxMuResidual=7.2991088728713294e-08 maxMechanicalResidual=0 seconds=4.5558492299999997
REACTIVE_CAPILLARY_STEP time=8.8495387634549645e-07 area=4.0069662805346773e-05 surfaceEnergy=8.2452440655250326e-08 liquidMass=1.9506537796361284e-07 closureResidual=1.0318029416978014e-11 recoveryCalls=42 outerIterations=81
REACTIVE_STEP_TIMINGS time=8.8495387634549645e-07 cflSeconds=0.56664676600000008 backupSeconds=0.28399813800000001 transportSeconds=0.79504351400000006 recoverySeconds=2.863658311 sourceSeconds=0 conservationSeconds=0.018472727000000001 diagnosticsSeconds=0.027987701 nestedBatchPackSeconds=0.20566775900000001 nestedBatchCallSeconds=1.5096133100000002 nestedBatchScatterSeconds=0 nestedScalarPropertySeconds=0.41954591100000005 otherSeconds=4.2072999999972355e-05
REACTIVE_GPU_HEM_STEP time=8.8495387634549645e-07 batches=16 submitted=65964 succeeded=65964 cpuFallbacks=0 deviceFailures=0 phaseEvaluations=1397918 residualEvaluations=982817 analyticJacobians=0 finiteDifferenceJacobians=60049 wallSeconds=0.72384346500000341 kernelSeconds=0.72035722374916311 copySeconds=0.0024687680322676986
REACTIVE_ATTEMPT_PROFILE attempt=23 accepted=1 retry=0 sourceCalls=0 fullPhaseEvaluations=0 scalarProbes=0 rootChecks=0 matrixFreeProducts=0 factorBuilds=0 workerJobElapsedSeconds=0
REACTIVE_STEP time=9.3526336712696151e-07 dt=5.0309490781465094e-08 retries=0 massResidual=9.4751626926153813e-14 energyResidual=-3.264406574648106e-12 momentumResidual=2.2848217067115439e-19 globalElementResidual=7.5321295077322759e-14 frozenLiquidResidual=0 speciesResidual=7.3139574685608207e-14 elementDrift=0 minP=90463.851240884644 maxP=518842.32170220697 minT=166.20840817383473 maxT=293.40673599959297 maxMach=0.24040274593309111 minAlphaGas=0.99135461592283536 maxAlphaGas=1.0000000000000004 maxVolumeResidual=6.7686189986204681e-10 maxUVResidual=9.9933213013521351e-10 maxMuResidual=5.7402971265219094e-09 maxMechanicalResidual=0 seconds=4.8016382640000002
REACTIVE_CAPILLARY_STEP time=9.3526336712696151e-07 area=4.0073878984280104e-05 surfaceEnergy=8.246111640191136e-08 liquidMass=2.0615312978883628e-07 closureResidual=8.5134798516461885e-12 recoveryCalls=44 outerIterations=85
REACTIVE_STEP_TIMINGS time=9.3526336712696151e-07 cflSeconds=0.56501522599999998 backupSeconds=0.286376617 transportSeconds=0.79608759699999998 recoverySeconds=3.1063231440000001 sourceSeconds=0 conservationSeconds=0.019663389999999999 diagnosticsSeconds=0.028118292 nestedBatchPackSeconds=0.20562232999999999 nestedBatchCallSeconds=1.7552432440000001 nestedBatchScatterSeconds=0 nestedScalarPropertySeconds=0.42016266499999999 otherSeconds=5.3997999999937096e-05
REACTIVE_GPU_HEM_STEP time=9.3526336712696151e-07 batches=16 submitted=67414 succeeded=67414 cpuFallbacks=0 deviceFailures=0 phaseEvaluations=1407747 residualEvaluations=897645 analyticJacobians=0 finiteDifferenceJacobians=57794 wallSeconds=0.96860473800000157 kernelSeconds=0.96497173395752789 copySeconds=0.0025688639841973671
REACTIVE_ATTEMPT_PROFILE attempt=24 accepted=1 retry=0 sourceCalls=0 fullPhaseEvaluations=0 scalarProbes=0 rootChecks=0 matrixFreeProducts=0 factorBuilds=0 workerJobElapsedSeconds=0
REACTIVE_STEP time=9.8544954436203296e-07 dt=5.0186177235071479e-08 retries=0 massResidual=1.0509837867480154e-13 energyResidual=-3.4417165125097081e-12 momentumResidual=3.6476978124693064e-19 globalElementResidual=8.8577502207380723e-14 frozenLiquidResidual=0 speciesResidual=8.6007306830871873e-14 elementDrift=0 minP=93659.377131262969 maxP=541687.55166546931 minT=167.14671246661231 maxT=293.46494024559416 maxMach=0.26140563219236918 minAlphaGas=0.99091489146171652 maxAlphaGas=1.0000000000000004 maxVolumeResidual=9.964908898041358e-10 maxUVResidual=9.9387086460667916e-10 maxMuResidual=5.0674401563810534e-08 maxMechanicalResidual=0 seconds=4.2771668610000004
REACTIVE_CAPILLARY_STEP time=9.8544954436203296e-07 area=4.0078314424384984e-05 surfaceEnergy=8.247024332827968e-08 liquidMass=2.1734830820188424e-07 closureResidual=1.4074541879183222e-11 recoveryCalls=46 outerIterations=89
REACTIVE_STEP_TIMINGS time=9.8544954436203296e-07 cflSeconds=0.56490175499999995 backupSeconds=0.28530127399999999 transportSeconds=0.79633434199999997 recoverySeconds=2.5820982289999996 sourceSeconds=0 conservationSeconds=0.020276632999999999 diagnosticsSeconds=0.028210586999999999 nestedBatchPackSeconds=0.20633346200000002 nestedBatchCallSeconds=1.2321345539999999 nestedBatchScatterSeconds=0 nestedScalarPropertySeconds=0.420242589 otherSeconds=4.4041000000827335e-05
REACTIVE_GPU_HEM_STEP time=9.8544954436203296e-07 batches=16 submitted=68476 succeeded=68476 cpuFallbacks=0 deviceFailures=0 phaseEvaluations=1308945 residualEvaluations=685052 analyticJacobians=0 finiteDifferenceJacobians=48672 wallSeconds=0.44502285100000094 kernelSeconds=0.4414255343079585 copySeconds=0.0025471360292285763
REACTIVE_ATTEMPT_PROFILE attempt=25 accepted=1 retry=0 sourceCalls=0 fullPhaseEvaluations=0 scalarProbes=0 rootChecks=0 matrixFreeProducts=0 factorBuilds=0 workerJobElapsedSeconds=0
REACTIVE_STEP time=9.9999999999999995e-07 dt=1.4550455637966995e-08 retries=0 massResidual=1.028532380018079e-13 energyResidual=-3.4890312044301399e-12 momentumResidual=8.0169182691633117e-20 globalElementResidual=8.4982432097626345e-14 frozenLiquidResidual=0 speciesResidual=8.2519999904138656e-14 elementDrift=0 minP=94666.192314265063 maxP=548295.08427886677 minT=167.49135687803721 maxT=293.48400293684153 maxMach=0.26753968407394529 minAlphaGas=0.99078874328102129 maxAlphaGas=1.0000000000000004 maxVolumeResidual=9.32129706754381e-10 maxUVResidual=9.978634610778757e-10 maxMuResidual=1.5157784361008453e-08 maxMechanicalResidual=0 seconds=4.2840581599999998
REACTIVE_CAPILLARY_STEP time=9.9999999999999995e-07 area=4.0079614157882936e-05 surfaceEnergy=8.2472917825433002e-08 liquidMass=2.2057790727247759e-07 closureResidual=1.017577168360706e-11 recoveryCalls=48 outerIterations=93
REACTIVE_STEP_TIMINGS time=9.9999999999999995e-07 cflSeconds=0.56527974099999989 backupSeconds=0.28680763300000001 transportSeconds=0.79625715699999999 recoverySeconds=2.5861584909999999 sourceSeconds=0 conservationSeconds=0.020570128999999999 diagnosticsSeconds=0.028942927 nestedBatchPackSeconds=0.205952359 nestedBatchCallSeconds=1.226308873 nestedBatchScatterSeconds=0 nestedScalarPropertySeconds=0.41984581199999998 otherSeconds=4.2082000000109865e-05
REACTIVE_GPU_HEM_STEP time=9.9999999999999995e-07 batches=16 submitted=69940 succeeded=69940 cpuFallbacks=0 deviceFailures=0 phaseEvaluations=1301078 residualEvaluations=684980 analyticJacobians=0 finiteDifferenceJacobians=47616 wallSeconds=0.43940110299999979 kernelSeconds=0.43573526808619256 copySeconds=0.0025911360532045249
REACTIVE_CHECKPOINT time=9.9999999999999995e-07 acceptedSteps=23 complete=1 schema=3
REACTIVE_PROFILE_V21 scope="prototype" jobElapsedSeconds=0 integrationFallbacks=0 chemical_rhsCalls=0 chemical_uvCalls=0 chemical_fixedStateCalls=0 chemical_jacobianCalls=0 chemical_structuredCalls=0 chemical_fallbackCalls=0 sparse_setups=0 sparse_products=0 sparse_preconditioners=0 sparse_preconditionerSolves=0 sparse_sparseIntegrations=0 sparse_denseIntegrations=0 sparse_denseFallbacks=0 sparse_nonzeros=0 timing_jvSetups=0 timing_preconditionerSetups=0 timing_jacobianCacheHits=0 timing_patternBuilds=0 timing_preconditionerReuses=0 timing_symbolicAnalyses=0 timing_numericFactorizations=0 timing_workspaceCreates=0 timing_workspaceReinitializations=0 timing_factorNonzeros=0 timing_thermoSeconds=0 timing_kineticsSeconds=0 timing_csrSeconds=0 timing_symbolicSeconds=0 timing_factorSeconds=0 timing_solveSeconds=0 realFluid_eosEvaluations=4096001 realFluid_referenceEvaluations=0 realFluid_derivativeEvaluations=0 realFluid_scalarAttempts=4096003 realFluid_scalarAccepted=4096001 realFluid_scalarFallbacks=2 realFluid_scalarIterations=0 realFluid_flashResiduals=3238 realFluid_tangentBuilds=0 realFluid_tangentSolves=0 realFluid_sourceJv=0 realFluid_sourceJvFallbacks=0 trhoStateEvaluations=4096003 densityRootChecks=4096003 fullPhaseEvaluations=16489286 energyCvEvaluations=4096003 selectedMuEvaluations=4097821 partialHEvaluations=0 scalarProbes=4096003 bracketRejects=0 branchFallbacks=2 flashCandidates=10 linearizationBuilds=0 linearizationApplies=0 FzFactorizations=0 sourceRhsCalls=0 sourceDirectionProbes=0 RzBuilds=0 JvFallbacks=0 nasaCoefficientVisits=8192004 nasaAggregateBuilds=4096003 nasaAggregateEvaluations=4096003 exactMixingEvaluations=4096003 branchCertificates=4096001 matrixFreeSetups=0 matrixFreeProducts=0 matrixFreeIntegrations=0 matrixFreeIntegrationFallbacks=0 woodburySetups=0 woodburyFactors=0 woodburySolves=0 woodburyFallbacks=0 diagnosticJvCalls=0 oneSidedProbes=0 derivativeRetries=0 sourceAttempts=0 sourceAccepted=0 sourceFailed=0
REACTIVE_PROFILE_V21 scope="worker_0" jobElapsedSeconds=0 integrationFallbacks=0 chemical_rhsCalls=0 chemical_uvCalls=0 chemical_fixedStateCalls=0 chemical_jacobianCalls=0 chemical_structuredCalls=0 chemical_fallbackCalls=0 sparse_setups=0 sparse_products=0 sparse_preconditioners=0 sparse_preconditionerSolves=0 sparse_sparseIntegrations=0 sparse_denseIntegrations=0 sparse_denseFallbacks=0 sparse_nonzeros=0 timing_jvSetups=0 timing_preconditionerSetups=0 timing_jacobianCacheHits=0 timing_patternBuilds=0 timing_preconditionerReuses=0 timing_symbolicAnalyses=0 timing_numericFactorizations=0 timing_workspaceCreates=0 timing_workspaceReinitializations=0 timing_factorNonzeros=0 timing_thermoSeconds=0 timing_kineticsSeconds=0 timing_csrSeconds=0 timing_symbolicSeconds=0 timing_factorSeconds=0 timing_solveSeconds=0 realFluid_eosEvaluations=0 realFluid_referenceEvaluations=0 realFluid_derivativeEvaluations=0 realFluid_scalarAttempts=0 realFluid_scalarAccepted=0 realFluid_scalarFallbacks=0 realFluid_scalarIterations=0 realFluid_flashResiduals=0 realFluid_tangentBuilds=0 realFluid_tangentSolves=0 realFluid_sourceJv=0 realFluid_sourceJvFallbacks=0 trhoStateEvaluations=0 densityRootChecks=0 fullPhaseEvaluations=0 energyCvEvaluations=0 selectedMuEvaluations=0 partialHEvaluations=0 scalarProbes=0 bracketRejects=0 branchFallbacks=0 flashCandidates=0 linearizationBuilds=0 linearizationApplies=0 FzFactorizations=0 sourceRhsCalls=0 sourceDirectionProbes=0 RzBuilds=0 JvFallbacks=0 nasaCoefficientVisits=0 nasaAggregateBuilds=0 nasaAggregateEvaluations=0 exactMixingEvaluations=0 branchCertificates=0 matrixFreeSetups=0 matrixFreeProducts=0 matrixFreeIntegrations=0 matrixFreeIntegrationFallbacks=0 woodburySetups=0 woodburyFactors=0 woodburySolves=0 woodburyFallbacks=0 diagnosticJvCalls=0 oneSidedProbes=0 derivativeRetries=0 sourceAttempts=0 sourceAccepted=0 sourceFailed=0
REACTIVE_PROFILE_V21 scope="workers" jobElapsedSeconds=0 integrationFallbacks=0 chemical_rhsCalls=0 chemical_uvCalls=0 chemical_fixedStateCalls=0 chemical_jacobianCalls=0 chemical_structuredCalls=0 chemical_fallbackCalls=0 sparse_setups=0 sparse_products=0 sparse_preconditioners=0 sparse_preconditionerSolves=0 sparse_sparseIntegrations=0 sparse_denseIntegrations=0 sparse_denseFallbacks=0 sparse_nonzeros=0 timing_jvSetups=0 timing_preconditionerSetups=0 timing_jacobianCacheHits=0 timing_patternBuilds=0 timing_preconditionerReuses=0 timing_symbolicAnalyses=0 timing_numericFactorizations=0 timing_workspaceCreates=0 timing_workspaceReinitializations=0 timing_factorNonzeros=0 timing_thermoSeconds=0 timing_kineticsSeconds=0 timing_csrSeconds=0 timing_symbolicSeconds=0 timing_factorSeconds=0 timing_solveSeconds=0 realFluid_eosEvaluations=0 realFluid_referenceEvaluations=0 realFluid_derivativeEvaluations=0 realFluid_scalarAttempts=0 realFluid_scalarAccepted=0 realFluid_scalarFallbacks=0 realFluid_scalarIterations=0 realFluid_flashResiduals=0 realFluid_tangentBuilds=0 realFluid_tangentSolves=0 realFluid_sourceJv=0 realFluid_sourceJvFallbacks=0 trhoStateEvaluations=0 densityRootChecks=0 fullPhaseEvaluations=0 energyCvEvaluations=0 selectedMuEvaluations=0 partialHEvaluations=0 scalarProbes=0 bracketRejects=0 branchFallbacks=0 flashCandidates=0 linearizationBuilds=0 linearizationApplies=0 FzFactorizations=0 sourceRhsCalls=0 sourceDirectionProbes=0 RzBuilds=0 JvFallbacks=0 nasaCoefficientVisits=0 nasaAggregateBuilds=0 nasaAggregateEvaluations=0 exactMixingEvaluations=0 branchCertificates=0 matrixFreeSetups=0 matrixFreeProducts=0 matrixFreeIntegrations=0 matrixFreeIntegrationFallbacks=0 woodburySetups=0 woodburyFactors=0 woodburySolves=0 woodburyFallbacks=0 diagnosticJvCalls=0 oneSidedProbes=0 derivativeRetries=0 sourceAttempts=0 sourceAccepted=0 sourceFailed=0
REACTIVE_CLOSURE_PROFILE eligibleCells=380928000 uniqueCells=1028344 reusedCells=379899656 failedRepresentativeRetries=0 gpuSubmitted=0 gpuConverged=0 gpuApproved=0 gpuRejected=0 gpuUnsupported=0 gpuLaunches=0 gpuTransferBytes=0 hostBytes=25165824 liquidCacheHits=0 liquidCacheMisses=0 deviceBytes=0 classifySeconds=7.3736795600000047 prepareSeconds=0 gpuWallSeconds=0 gpuKernelSeconds=0 gpuCopySeconds=0
REACTIVE_GPU_HEM batches=372 submitted=1028344 succeeded=1028344 cpuFallbacks=0 deviceFailures=0 phaseEvaluations=29570358 residualEvaluations=27400958 flashCandidates=5138950 stableCandidates=1101569 transferBytes=440155040 analyticJacobians=0 finiteDifferenceJacobians=1425828 hostBytes=859879768 deviceBytes=524335528 wallSeconds=14.703031864 kernelSeconds=14.643190491557123 copySeconds=0.043127199994400144
REACTIVE_BATCH_V21 attempted=372 accepted=372 failed=0 batchWallSeconds=32.947515570999997 workerJobSecondsSum=0 workerJobSecondsMax=0 poolScratchBytes=1665186136 flowStagingBytes=226492416 workerOwnedBytesKnownLowerBound=58104 workerInternalBytesUnmeasured=1
REACTIVE_WORKER_TIME metric=thermoSeconds sum=0 max=0
REACTIVE_WORKER_TIME metric=kineticsSeconds sum=0 max=0
REACTIVE_WORKER_TIME metric=csrSeconds sum=0 max=0
REACTIVE_WORKER_TIME metric=symbolicSeconds sum=0 max=0
REACTIVE_WORKER_TIME metric=factorSeconds sum=0 max=0
REACTIVE_WORKER_TIME metric=solveSeconds sum=0 max=0
REACTIVE_PROFILE_V21 scope="combined" jobElapsedSeconds=0 integrationFallbacks=0 chemical_rhsCalls=0 chemical_uvCalls=0 chemical_fixedStateCalls=0 chemical_jacobianCalls=0 chemical_structuredCalls=0 chemical_fallbackCalls=0 sparse_setups=0 sparse_products=0 sparse_preconditioners=0 sparse_preconditionerSolves=0 sparse_sparseIntegrations=0 sparse_denseIntegrations=0 sparse_denseFallbacks=0 sparse_nonzeros=0 timing_jvSetups=0 timing_preconditionerSetups=0 timing_jacobianCacheHits=0 timing_patternBuilds=0 timing_preconditionerReuses=0 timing_symbolicAnalyses=0 timing_numericFactorizations=0 timing_workspaceCreates=0 timing_workspaceReinitializations=0 timing_factorNonzeros=0 timing_thermoSeconds=0 timing_kineticsSeconds=0 timing_csrSeconds=0 timing_symbolicSeconds=0 timing_factorSeconds=0 timing_solveSeconds=0 realFluid_eosEvaluations=4096001 realFluid_referenceEvaluations=0 realFluid_derivativeEvaluations=0 realFluid_scalarAttempts=4096003 realFluid_scalarAccepted=4096001 realFluid_scalarFallbacks=2 realFluid_scalarIterations=0 realFluid_flashResiduals=3238 realFluid_tangentBuilds=0 realFluid_tangentSolves=0 realFluid_sourceJv=0 realFluid_sourceJvFallbacks=0 trhoStateEvaluations=4096003 densityRootChecks=4096003 fullPhaseEvaluations=16489286 energyCvEvaluations=4096003 selectedMuEvaluations=4097821 partialHEvaluations=0 scalarProbes=4096003 bracketRejects=0 branchFallbacks=2 flashCandidates=10 linearizationBuilds=0 linearizationApplies=0 FzFactorizations=0 sourceRhsCalls=0 sourceDirectionProbes=0 RzBuilds=0 JvFallbacks=0 nasaCoefficientVisits=8192004 nasaAggregateBuilds=4096003 nasaAggregateEvaluations=4096003 exactMixingEvaluations=4096003 branchCertificates=4096001 matrixFreeSetups=0 matrixFreeProducts=0 matrixFreeIntegrations=0 matrixFreeIntegrationFallbacks=0 woodburySetups=0 woodburyFactors=0 woodburySolves=0 woodburyFallbacks=0 diagnosticJvCalls=0 oneSidedProbes=0 derivativeRetries=0 sourceAttempts=0 sourceAccepted=0 sourceFailed=0
REACTIVE_CHEMISTRY scope=combined rhsCalls=0 uvCalls=0 fixedStateCalls=0 structuredCalls=0 fallbackCalls=0 integrationFallbacks=0
REACTIVE_SPARSE scope=combined nnzMeaning=last_snapshot_sum setups=0 products=0 nonzeros=0 sparseIntegrations=0 denseIntegrations=0 denseFallbacks=0
REACTIVE_CHEMICAL_PROFILE scope=combined factorNnzMeaning=last_snapshot_sum jvSetups=0 preconditionerSetups=0 jacobianCacheHits=0 preconditionerReuses=0 patternBuilds=0 symbolicAnalyses=0 numericFactorizations=0 factorNonzeros=0 workspaceCreates=0 workspaceReinitializations=0 thermoSeconds=0 kineticsSeconds=0 csrSeconds=0 symbolicSeconds=0 factorSeconds=0 solveSeconds=0
REACTIVE_REAL_FLUID scope=combined eosEvaluations=4096001 scalarAttempts=4096003 scalarAccepted=4096001 scalarFallbacks=2 scalarIterations=0
REACTIVE_BATCH workers=1 capacity=1048576 scratchBytes=1665186136 batches=372 cells=380928000 failures=0 scope=bounded_scratch_excludes_Cantera_CVODE_worker_allocations
REACTIVE_TRANSPORT_V21 layoutTiles=26524 layoutLaunches=26524 memcpyCalls=28755 payloadBytes=155401796636 nasaValidationEvaluations=0 nasaFaceEvaluations=0 detailedGasCounters=0 temperatureBasisBuilds=0 temperatureBasisBytes=0 pinnedBytes=1048536 deviceStagingBytes=1048536 slotCells=14563 slots=1 blockThreads=256 eventWaits=26524 failedCalls=0 stageBarrier=full closureDownloadsPerRK=2 overlapValidated=0
REACTIVE_MEMORY liveBytes=5881223312 peakBytes=5881223312 bridgeBytes=1048536 conservedWorkspaceBytes=604592640 gasWorkspaceBytes=0 rhsWorkspaceBytes=0 d2dBytes=7384320 synchronizations=818
REACTIVE_CAPILLARY_PROFILE enabled=1 geometryBuilds=21REACTIVE_GPU_PRECISION linearAttempts=1608317 linearAccepted=1459035 linearFallbacks=149282
6 geometryKernels=432 faceFluxBuilds=581145600 workspaceBytes=328500484 closureIterations=93
REACTIVE_WALE gradientBuilds=97 viscosityBuilds=97 cellsEvaluated=397312000 workspaceBytes=32768004
REACTIVE_WALE_SCALARS fieldUploads=0 fieldUploadBytes=0 workspaceBytes=167942400 hostEnthalpyCells=0 hostPropertySeconds=0 propertyStageSeconds=10.287835267999998 fluxBackend=cuda
REACTIVE_WALE_PR backend=device-pr builds=97 cells=397312000 kernels=194 failures=0 inputUploadBytes=76091446624 scratchBytes=1015855456 wallSeconds=6.2079192200000008
REACTIVE_TRANSPORT allocatedBytes=5881223312 uploadedBytes=127279462152 downloadedBytes=28114950164 kernelLaunches=27814 stages=47 stepQueries=47
REACTIVE_TRANSFER conservedUploads=47 conservedUploadBytes=13860864000 conservedDownloadBytes=13860864000 stateUploadBytes=22249472000 primitiveUploadBytes=6553600000 gasUploadBytes=0 boundaryPartitions=256
REACTIVE_DEVICE_PROPERTIES builds=0 cells=0 partitionUploadBytes=0 thermoTableBytes=0 gasStatusChecks=0 cflFaceLaunches=47 transportFaceLaunches=47 faceWorkspaceBytes=1780531200
End
