/*---------------------------------------------------------------------------*\
| =========                 |                                                 |
| \\      /  F ield         | OpenFOAM: The Open Source CFD Toolbox           |
|  \\    /   O peration     | Version:  2512                                  |
|   \\  /    A nd           | Website:  www.openfoam.com                      |
|    \\/     M anipulation  |                                                 |
\*---------------------------------------------------------------------------*/
Build  : 5916a466-20260728 OPENFOAM=2512 version=v2512
Arch   : "LSB;label=32;scalar=64"
Exec   : /home/jsw/문서/analysis/spuma-multiphysics-spray-physics/bin/ReactiveFoam -case /home/jsw/문서/analysis/runs/hem_utilization_optimization_20260924/full-baseline-1atm
Date   : Sep 24 2026
Time   : 01:27:42
Host   : jsw-ubuntu
PID    : 52122
I/O    : uncollated
Case   : /home/jsw/문서/analysis/runs/hem_utilization_optimization_20260924/full-baseline-1atm
nProcs : 1
memory pool : not available
fileModificationChecking : Monitoring run-time modified files using timeStampMaster (fileModificationSkew 5, maxFileModificationPolls 20)
allowSystemOperations : Allowing user-supplied system call operations

// * * * * * * * * * * * * * * * * * * * * * * * * * * * * * * * * * * * * * //
Initializing CUDA devices

CUDA Driver Version / Runtime Version:  13.2 / 13.2
Number of threads per block: 128

Create dummyMemoryPool
 
Create time

Create mesh for time = 0

REACTIVE_RECOVERY mode=reference baseline=reference_candidate_search fallback=none
REACTIVE_CLOSURE_ACCELERATION exactBatchReuse=0 scalarBackend=cpu fullBackend=cuda deviceFullClosure=1 closureJacobian=finiteDifference requestedClosureJacobian=finiteDifference
REACTIVE_RUNTIME runId="52122-6529087601640" solverSha256="e81fbb426117ef566d61ad9b6286abbf398c1c8629c7e0e887abcf325a21cc71" manifest={"schema":1,"backendPath":"/home/jsw/문서/analysis/spuma-multiphysics-spray-physics/lib/libpintleReactiveBackend.so","backendSha256":"17a97196ee500e693a6b865336713f00e13ab15c2a58701ef68cf24a52b591c9","thermoConfiguration":"/home/jsw/문서/analysis/runs/impinging_n2o_cube80_z40_counters_1us_20260923/n160/base/thermo/cold-pr-config.yaml","physicalModelHash":"e8a14864dd2082dde742598dbbcc5f0f2454bc521d93b9a3bd0befc47d4c9c4e","numericalPolicyHash":"84a6d15bb9da7f2463c14bf7ebc679532d122ce30a0d49e997b139830a94d781","modelFingerprint":"86843f73688e246995634977344ab1b56b1c0d5b17fb5620310e34555e990f4f","eos":"Peng-Robinson","closureBackend":"cuda","chemistryBackend":"cpu","deviceFullClosure":true,"deviceChemistryIntegration":false,"closureCpuFallback":false,"closureJacobian":"finiteDifference","solidN2O":false,"enforceSpeciesTemperatureBounds":true,"exactBatchReuse":false,"deviceCaloricCandidates":false,"deviceCaloricScope":"no-condensable-inventory; NASA/PR-alpha single interval; host branch/residual/stability approval","hemLibrary":"/home/jsw/문서/analysis/spuma-multiphysics-spray-physics/lib/libpintleReactiveTransport.so","hemLibrarySha256":"07434f8a9624d00bce8c9694ecaa997da227b6acb0cc4c1878d294ebfcf8e15f","hemNumericalPolicy":"legacy-fp64-separate-rn","deviceHemScope":"PR; nonreacting HEM; all reference candidates and boundary fallback; experimental"}
REACTIVE_TURBULENCE model=WALE-stress-v1 backend=cuda Cw=0.32500000000000001 filter=cubeRootVolume stressWork=1 sgsHeatFlux=1 sgsSpeciesMixing=1 Prt=0.84999999999999998 Sct=0.69999999999999996 scalarPropertyBackend=device-pr scalarFluxBackend=cuda sgsK=none TCI=0
REACTIVE_PHYSICS chemistry=0 combustion=0 phaseChange=equilibrium viscosity=1 heatConduction=1 speciesDiffusion=0 turbulence=WALE-stress-v1 turbulentHeatFlux=1 turbulentSpeciesMixing=1 surfaceTension=1 interfaceModel=diffuse-liquid-inventory-v1 totalEnergy=1 thermodynamicRecovery=1 frozenLiquidFields=0 transportedLiquidFields=1
REACTIVE_CAPILLARY sigma=0.0020577273399028486 geometryBackend=cuda tractionBackend=cuda closureBackend=cuda pressureModel=curved-phase-split surfaceEnergyInTotal=1 capillaryCfl=0.25 geometryScheme=Gauss-diffuse noPLIC=1
REACTIVE_PHYSICAL_MODEL hash=e8a14864dd2082dde742598dbbcc5f0f2454bc521d93b9a3bd0befc47d4c9c4e numericalPolicyHash=84a6d15bb9da7f2463c14bf7ebc679532d122ce30a0d49e997b139830a94d781 eos=Peng-Robinson realEOS=1 phaseEquilibrium=1 nonidealDiffusion=0 deviceClosure=1 deviceKinetics=0 mixtureLiquid=0
REACTIVE_BACKENDS transport=cuda thermodynamics=cuda chemistry=cpu chemicalLinearSolver=dense transportGasProperties=disabled
REACTIVE_MODEL cells=4096000 species=4 reactions=0 liquids=1 estimatedHostBytes=11048301568 chemistry=0
REACTIVE_SPECIES index=0 name=N2
REACTIVE_SPECIES index=1 name=O2
REACTIVE_SPECIES index=2 name=N2O
REACTIVE_SPECIES index=3 name=IC3H7OH
REACTIVE_CHECKPOINT time=0 acceptedSteps=0 complete=1 schema=3
REACTIVE_ATTEMPT_PROFILE attempt=2 accepted=0 retry=0 sourceCalls=0 fullPhaseEvaluations=0 scalarProbes=0 rootChecks=0 matrixFreeProducts=0 factorBuilds=0 workerJobElapsedSeconds=0
REACTIVE_RETRY dt=5.174920411489206e-08 reason=RK stage wave/diffusion CFL requires a smaller step
REACTIVE_ATTEMPT_PROFILE attempt=3 accepted=1 retry=1 sourceCalls=0 fullPhaseEvaluations=0 scalarProbes=0 rootChecks=0 matrixFreeProducts=0 factorBuilds=0 workerJobElapsedSeconds=0
REACTIVE_STEP time=2.587460205744603e-08 dt=2.587460205744603e-08 retries=1 massResidual=8.1676656472190433e-15 energyResidual=-9.4803182127318394e-14 momentumResidual=7.1400678334735746e-21 globalElementResidual=5.7959379449959788e-15 frozenLiquidResidual=0 speciesResidual=5.6279008978068535e-15 elementDrift=0 minP=85199.709575813482 maxP=101324.99999999994 minT=181.23505199354437 maxT=293.14999999999998 maxMach=0.026559808193346517 minAlphaGas=0.99999999999999956 maxAlphaGas=1.0000000000000002 maxVolumeResidual=4.4408920985006262e-16 maxUVResidual=3.2781590060134588e-10 maxMuResidual=0 maxMechanicalResidual=0 seconds=9.3626921260000007
REACTIVE_CAPILLARY_STEP time=2.587460205744603e-08 area=3.9999999999999949e-05 surfaceEnergy=8.2309093596113842e-08 liquidMass=0 closureResidual=0 recoveryCalls=4 outerIterations=5
REACTIVE_STEP_TIMINGS time=2.587460205744603e-08 cflSeconds=0.84779294100000002 backupSeconds=0.28290791999999998 transportSeconds=1.2558763209999999 recoverySeconds=6.8786739240000001 sourceSeconds=0 conservationSeconds=0.016994245000000002 diagnosticsSeconds=0.029963287000000002 nestedBatchPackSeconds=0.16195401499999973 nestedBatchCallSeconds=5.5022760950000027 nestedBatchScatterSeconds=0 nestedScalarPropertySeconds=0.64329301999999999 otherSeconds=0.050483488000001533
REACTIVE_GPU_HEM_STEP time=2.587460205744603e-08 batches=4000 submitted=16384000 succeeded=16384000 cpuFallbacks=0 deviceFailures=0 phaseEvaluations=66055792 residualEvaluations=246312 analyticJacobians=0 finiteDifferenceJacobians=33496 wallSeconds=5.0836323730000119 kernelSeconds=4.3588153166174797 copySeconds=0.53380212049186149
REACTIVE_CHECKPOINT time=2.587460205744603e-08 acceptedSteps=1 complete=1 schema=3
REACTIVE_ATTEMPT_PROFILE attempt=4 accepted=1 retry=0 sourceCalls=0 fullPhaseEvaluations=0 scalarProbes=0 rootChecks=0 matrixFreeProducts=0 factorBuilds=0 workerJobElapsedSeconds=0
REACTIVE_STEP time=6.0870616421544342e-08 dt=3.4996014364098319e-08 retries=0 massResidual=1.9602614455074715e-14 energyResidual=-2.1520925724476668e-13 momentumResidual=1.9541238281085571e-20 globalElementResidual=1.7595946502641665e-14 frozenLiquidResidual=0 speciesResidual=1.7085667762927245e-14 elementDrift=0 minP=96748.977139084323 maxP=101324.99999999994 minT=169.46979358549123 maxT=293.14999999999998 maxMach=0.051898015908067606 minAlphaGas=0.99973143263203756 maxAlphaGas=1.0000000000000002 maxVolumeResidual=8.8385387897460532e-10 maxUVResidual=4.5202203514809906e-10 maxMuResidual=8.4267632871615206e-09 maxMechanicalResidual=0 seconds=7.361227263
REACTIVE_CAPILLARY_STEP time=6.0870616421544342e-08 area=4.0002257538352102e-05 surfaceEnergy=8.2313738994501947e-08 liquidMass=7.0523976653540846e-09 closureResidual=1.3495142937164362e-11 recoveryCalls=6 outerIterations=9
REACTIVE_STEP_TIMINGS time=6.0870616421544342e-08 cflSeconds=0.56757877300000004 backupSeconds=0.28258581999999999 transportSeconds=0.79901924800000002 recoverySeconds=5.6639466570000003 sourceSeconds=0 conservationSeconds=0.017864701 diagnosticsSeconds=0.03018202 nestedBatchPackSeconds=0.15965229999999958 nestedBatchCallSeconds=4.4509182649999977 nestedBatchScatterSeconds=0 nestedScalarPropertySeconds=0.42294256699999999 otherSeconds=5.0043999998597433e-05
REACTIVE_GPU_HEM_STEP time=6.0870616421544342e-08 batches=4000 submitted=16384000 succeeded=16384000 cpuFallbacks=0 deviceFailures=0 phaseEvaluations=65869232 residualEvaluations=149992 analyticJacobians=0 finiteDifferenceJacobians=19176 wallSeconds=4.0263800939999861 kernelSeconds=3.3036979996860039 copySeconds=0.53042448847740487
REACTIVE_ATTEMPT_PROFILE attempt=5 accepted=1 retry=0 sourceCalls=0 fullPhaseEvaluations=0 scalarProbes=0 rootChecks=0 matrixFreeProducts=0 factorBuilds=0 workerJobElapsedSeconds=0
REACTIVE_STEP time=9.7746432812682147e-08 dt=3.6875816391137812e-08 retries=0 massResidual=3.5240068557985379e-14 energyResidual=-3.4423398825819814e-13 momentumResidual=4.4343579176309567e-20 globalElementResidual=3.0124871926247313e-14 frozenLiquidResidual=0 speciesResidual=2.9251246187241511e-14 elementDrift=0 minP=101121.8295314412 maxP=117306.17270247755 minT=174.97321079133155 maxT=293.14999999999998 maxMach=0.066216998185960468 minAlphaGas=0.99938410112757325 maxAlphaGas=1.0000000000000004 maxVolumeResidual=1.0400702521451421e-10 maxUVResidual=2.9728619797602412e-11 maxMuResidual=5.0162185516455793e-10 maxMechanicalResidual=0 seconds=7.4454310289999999
REACTIVE_CAPILLARY_STEP time=9.7746432812682147e-08 area=4.0005248601233723e-05 surfaceEnergy=8.2319893786368826e-08 liquidMass=1.606395379844939e-08 closureResidual=1.5619862174520716e-12 recoveryCalls=8 outerIterations=13
REACTIVE_STEP_TIMINGS time=9.7746432812682147e-08 cflSeconds=0.56514739400000003 backupSeconds=0.280329522 transportSeconds=0.80184447599999997 recoverySeconds=5.7479132449999994 sourceSeconds=0 conservationSeconds=0.020011017999999998 diagnosticsSeconds=0.030140170000000001 nestedBatchPackSeconds=0.15966211299999999 nestedBatchCallSeconds=4.5309833999999851 nestedBatchScatterSeconds=0 nestedScalarPropertySeconds=0.42538436700000004 otherSeconds=4.5204000000145794e-05
REACTIVE_GPU_HEM_STEP time=9.7746432812682147e-08 batches=4000 submitted=16384000 succeeded=16384000 cpuFallbacks=0 deviceFailures=0 phaseEvaluations=65890680 residualEvaluations=171576 analyticJacobians=0 finiteDifferenceJacobians=19368 wallSeconds=4.1064789389999934 kernelSeconds=3.3841442756056432 copySeconds=0.53001127263903536
REACTIVE_ATTEMPT_PROFILE attempt=6 accepted=1 retry=0 sourceCalls=0 fullPhaseEvaluations=0 scalarProbes=0 rootChecks=0 matrixFreeProducts=0 factorBuilds=0 workerJobElapsedSeconds=0
REACTIVE_STEP time=1.3707234225116962e-07 dt=3.9325909438487468e-08 retries=0 massResidual=4.080705282802001e-14 energyResidual=-4.8984036319409972e-13 momentumResidual=5.261102614138423e-20 globalElementResidual=3.4117190854021698e-14 frozenLiquidResidual=0 speciesResidual=3.3127853512303496e-14 elementDrift=0 minP=101192.1941802385 maxP=137575.10532248046 minT=179.52949715761812 maxT=293.15156382068494 maxMach=0.077290532257268896 minAlphaGas=0.99900824514376574 maxAlphaGas=1.0000000000000004 maxVolumeResidual=1.92696747447485e-10 maxUVResidual=5.3034493916099922e-10 maxMuResidual=2.2881607719682506e-10 maxMechanicalResidual=0 seconds=7.4288410589999998
REACTIVE_CAPILLARY_STEP time=1.3707234225116962e-07 area=4.0008505264844125e-05 surfaceEnergy=8.2326595112116808e-08 liquidMass=2.5675126430888354e-08 closureResidual=1.6158782211589395e-12 recoveryCalls=10 outerIterations=17
REACTIVE_STEP_TIMINGS time=1.3707234225116962e-07 cflSeconds=0.56885604300000003 backupSeconds=0.28082483600000002 transportSeconds=0.79963871100000006 recoverySeconds=5.7289553 sourceSeconds=0 conservationSeconds=0.019897425999999999 diagnosticsSeconds=0.030624706000000002 nestedBatchPackSeconds=0.15976929799999962 nestedBatchCallSeconds=4.5142821510000068 nestedBatchScatterSeconds=0 nestedScalarPropertySeconds=0.42243775699999997 otherSeconds=4.4036999999660237e-05
REACTIVE_GPU_HEM_STEP time=1.3707234225116962e-07 batches=4000 submitted=16384000 succeeded=16384000 cpuFallbacks=0 deviceFailures=0 phaseEvaluations=65901024 residualEvaluations=193840 analyticJacobians=0 finiteDifferenceJacobians=18880 wallSeconds=4.0898676760000452 kernelSeconds=3.3663002644181184 copySeconds=0.53152314381302901
REACTIVE_ATTEMPT_PROFILE attempt=7 accepted=1 retry=0 sourceCalls=0 fullPhaseEvaluations=0 scalarProbes=0 rootChecks=0 matrixFreeProducts=0 factorBuilds=0 workerJobElapsedSeconds=0
REACTIVE_STEP time=1.7766927638785405e-07 dt=4.0596934136684431e-08 retries=0 massResidual=4.2775240577270987e-14 energyResidual=-6.3440372255255274e-13 momentumResidual=7.4156493989760629e-20 globalElementResidual=3.7817680305017863e-14 frozenLiquidResidual=0 speciesResidual=3.6721443726413363e-14 elementDrift=0 minP=101212.8856192876 maxP=157958.97346662302 minT=183.37583920176473 maxT=293.1596103157587 maxMach=0.086395836910804311 minAlphaGas=0.99861611536370321 maxAlphaGas=1.0000000000000002 maxVolumeResidual=7.6593509312772312e-11 maxUVResidual=9.9584849777594787e-10 maxMuResidual=2.0278889678593259e-10 maxMechanicalResidual=0 seconds=7.4183536739999996
REACTIVE_CAPILLARY_STEP time=1.7766927638785405e-07 area=4.0011912032997979e-05 surfaceEnergy=8.2333605312087712e-08 liquidMass=3.5571523868627218e-08 closureResidual=1.0914227421138234e-12 recoveryCalls=12 outerIterations=21
REACTIVE_STEP_TIMINGS time=1.7766927638785405e-07 cflSeconds=0.57192963799999996 backupSeconds=0.28089837499999998 transportSeconds=0.80402127800000001 recoverySeconds=5.7106946650000001 sourceSeconds=0 conservationSeconds=0.020415421999999999 diagnosticsSeconds=0.030349739000000001 nestedBatchPackSeconds=0.16001596100000001 nestedBatchCallSeconds=4.4756074020000041 nestedBatchScatterSeconds=0 nestedScalarPropertySeconds=0.42526106499999999 otherSeconds=4.4557000000004093e-05
REACTIVE_GPU_HEM_STEP time=1.7766927638785405e-07 batches=4000 submitted=16384000 succeeded=16384000 cpuFallbacks=0 deviceFailures=0 phaseEvaluations=65918140 residualEvaluations=224124 analyticJacobians=0 finiteDifferenceJacobians=18672 wallSeconds=4.0514691560000493 kernelSeconds=3.3282246724960185 copySeconds=0.53064880769700595
REACTIVE_ATTEMPT_PROFILE attempt=8 accepted=1 retry=0 sourceCalls=0 fullPhaseEvaluations=0 scalarProbes=0 rootChecks=0 matrixFreeProducts=0 factorBuilds=0 workerJobElapsedSeconds=0
REACTIVE_STEP time=2.1891001786893764e-07 dt=4.1240741481083597e-08 retries=0 massResidual=5.7849412642695007e-14 energyResidual=-7.7794597462957549e-13 momentumResidual=8.9188215744441839e-20 globalElementResidual=4.5233259578735352e-14 frozenLiquidResidual=0 speciesResidual=4.3921334181478755e-14 elementDrift=0 minP=101127.73338932413 maxP=178288.1777848817 minT=186.68557751738908 maxT=293.17317853754662 maxMach=0.094464711480014896 minAlphaGas=0.99821417163980164 maxAlphaGas=1.0000000000000002 maxVolumeResidual=1.0196732347367288e-10 maxUVResidual=6.1252071147446705e-10 maxMuResidual=4.4769521423404512e-10 maxMechanicalResidual=0 seconds=7.3762470430000002
REACTIVE_CAPILLARY_STEP time=2.1891001786893764e-07 area=4.0015398988238799e-05 surfaceEnergy=8.234078051521976e-08 liquidMass=4.5587616411837201e-08 closureResidual=1.5222241869783382e-12 recoveryCalls=14 outerIterations=25
REACTIVE_STEP_TIMINGS time=2.1891001786893764e-07 cflSeconds=0.56954094399999999 backupSeconds=0.280756006 transportSeconds=0.79604939299999999 recoverySeconds=5.6795700500000006 sourceSeconds=0 conservationSeconds=0.020000077000000002 diagnosticsSeconds=0.030285220000000002 nestedBatchPackSeconds=0.1597622660000004 nestedBatchCallSeconds=4.4630201230000006 nestedBatchScatterSeconds=0 nestedScalarPropertySeconds=0.42069913199999998 otherSeconds=4.5353000000251248e-05
REACTIVE_GPU_HEM_STEP time=2.1891001786893764e-07 batches=4000 submitted=16384000 succeeded=16384000 cpuFallbacks=0 deviceFailures=0 phaseEvaluations=65942056 residualEvaluations=260024 analyticJacobians=0 finiteDifferenceJacobians=18672 wallSeconds=4.0385695100000625 kernelSeconds=3.316302544473956 copySeconds=0.53019037601352093
REACTIVE_ATTEMPT_PROFILE attempt=9 accepted=1 retry=0 sourceCalls=0 fullPhaseEvaluations=0 scalarProbes=0 rootChecks=0 matrixFreeProducts=0 factorBuilds=0 workerJobElapsedSeconds=0
REACTIVE_STEP time=2.6061142944971091e-07 dt=4.1701411580773268e-08 retries=0 massResidual=5.3797895626071407e-14 energyResidual=-9.2726388594144355e-13 momentumResidual=1.2025377403744966e-19 globalElementResidual=4.7718262479823902e-14 frozenLiquidResidual=0 speciesResidual=4.6334480105394825e-14 elementDrift=0 minP=100910.26219977681 maxP=198615.44470370142 minT=189.59207564023302 maxT=293.19216057726652 maxMach=0.10183091722953293 minAlphaGas=0.99780493695887063 maxAlphaGas=1.0000000000000004 maxVolumeResidual=7.8627238053741166e-10 maxUVResidual=9.3221248269598605e-10 maxMuResidual=2.1311770126430929e-09 maxMechanicalResidual=0 seconds=8.8497071809999994
REACTIVE_CAPILLARY_STEP time=2.6061142944971091e-07 area=4.0018932064696002e-05 surfaceEnergy=8.2348050623239709e-08 liquidMass=5.5659289967825932e-08 closureResidual=1.5703757738627644e-12 recoveryCalls=16 outerIterations=29
REACTIVE_STEP_TIMINGS time=2.6061142944971091e-07 cflSeconds=0.56954009900000002 backupSeconds=0.28192472299999999 transportSeconds=0.797027708 recoverySeconds=7.1515013519999995 sourceSeconds=0 conservationSeconds=0.019368280000000002 diagnosticsSeconds=0.030300794999999998 nestedBatchPackSeconds=0.15967256599999952 nestedBatchCallSeconds=5.9446782659999897 nestedBatchScatterSeconds=0 nestedScalarPropertySeconds=0.42242057700000002 otherSeconds=4.4224000000432639e-05
REACTIVE_GPU_HEM_STEP time=2.6061142944971091e-07 batches=4000 submitted=16384000 succeeded=16384000 cpuFallbacks=0 deviceFailures=0 phaseEvaluations=66227952 residualEvaluations=563441 analyticJacobians=0 finiteDifferenceJacobians=30471 wallSeconds=5.5205147890000354 kernelSeconds=4.7979039696153514 copySeconds=0.53053572072833166
REACTIVE_ATTEMPT_PROFILE attempt=10 accepted=1 retry=0 sourceCalls=0 fullPhaseEvaluations=0 scalarProbes=0 rootChecks=0 matrixFreeProducts=0 factorBuilds=0 workerJobElapsedSeconds=0
REACTIVE_STEP time=3.0289977683412086e-07 dt=4.2288347384409964e-08 retries=0 massResidual=5.6701728518213986e-14 energyResidual=-1.0773036417283063e-12 momentumResidual=6.3133231369661074e-20 globalElementResidual=4.6191605058133582e-14 frozenLiquidResidual=0 speciesResidual=4.4851792622067379e-14 elementDrift=0 minP=100550.21662364597 maxP=219705.89170995768 minT=192.13765233731547 maxT=293.21608010161822 maxMach=0.10879548709473326 minAlphaGas=0.99738786922076239 maxAlphaGas=1.0000000000000004 maxVolumeResidual=8.64371907383088e-10 maxUVResidual=9.9128821600929415e-10 maxMuResidual=5.5040771940184641e-10 maxMechanicalResidual=0 seconds=11.675209389999999
REACTIVE_CAPILLARY_STEP time=3.0289977683412086e-07 area=4.0022507469415459e-05 surfaceEnergy=8.2355407831282164e-08 liquidMass=6.580035912946029e-08 closureResidual=1.5276499683303246e-12 recoveryCalls=18 outerIterations=33
REACTIVE_STEP_TIMINGS time=3.0289977683412086e-07 cflSeconds=0.56763140999999995 backupSeconds=0.28159996799999998 transportSeconds=0.797930158 recoverySeconds=9.9772034109999996 sourceSeconds=0 conservationSeconds=0.020511623999999999 diagnosticsSeconds=0.030288149 nestedBatchPackSeconds=0.15952289899999977 nestedBatchCallSeconds=8.7621249019999912 nestedBatchScatterSeconds=0 nestedScalarPropertySeconds=0.42297397699999995 otherSeconds=4.4669999999018273e-05
REACTIVE_GPU_HEM_STEP time=3.0289977683412086e-07 batches=4000 submitted=16384000 succeeded=16384000 cpuFallbacks=0 deviceFailures=0 phaseEvaluations=67069674 residualEvaluations=1520652 analyticJacobians=0 finiteDifferenceJacobians=72409 wallSeconds=8.3375944320001913 kernelSeconds=7.6155975829657656 copySeconds=0.53009274379908877
REACTIVE_ATTEMPT_PROFILE attempt=11 accepted=1 retry=0 sourceCalls=0 fullPhaseEvaluations=0 scalarProbes=0 rootChecks=0 matrixFreeProducts=0 factorBuilds=0 workerJobElapsedSeconds=0
REACTIVE_STEP time=3.4601184049171577e-07 dt=4.3112063657594888e-08 retries=0 massResidual=6.1677121618613087e-14 energyResidual=-1.2299624552536046e-12 momentumResidual=1.5432567668139375e-19 globalElementResidual=5.0716645195967137e-14 frozenLiquidResidual=0 speciesResidual=4.9246186886934135e-14 elementDrift=0 minP=100044.64126794859 maxP=241023.10620205183 minT=194.44200183986328 maxT=293.24414985204885 maxMach=0.11555824623514115 minAlphaGas=0.99696138650329724 maxAlphaGas=1.0000000000000004 maxVolumeResidual=8.2134299361769081e-13 maxUVResidual=8.5729001147897235e-10 maxMuResidual=1.8118839761882555e-13 maxMechanicalResidual=0 seconds=13.340561785
REACTIVE_CAPILLARY_STEP time=3.4601184049171577e-07 area=4.0026134188169032e-05 surfaceEnergy=8.2362870629615524e-08 liquidMass=7.6050828171451428e-08 closureResidual=1.6576614213226204e-12 recoveryCalls=20 outerIterations=37
REACTIVE_STEP_TIMINGS time=3.4601184049171577e-07 cflSeconds=0.56582392200000009 backupSeconds=0.28132366199999997 transportSeconds=0.79896286999999999 recoverySeconds=11.644444984 sourceSeconds=0 conservationSeconds=0.019629442 diagnosticsSeconds=0.030332323000000001 nestedBatchPackSeconds=0.15949033300000001 nestedBatchCallSeconds=10.436606620000028 nestedBatchScatterSeconds=0 nestedScalarPropertySeconds=0.42393438899999997 otherSeconds=4.4582000000060323e-05
REACTIVE_GPU_HEM_STEP time=3.4601184049171577e-07 batches=4000 submitted=16384000 succeeded=16384000 cpuFallbacks=0 deviceFailures=0 phaseEvaluations=67443842 residualEvaluations=1946091 analyticJacobians=0 finiteDifferenceJacobians=91168 wallSeconds=10.011684673000062 kernelSeconds=9.2886773189610494 copySeconds=0.53080538456887094
REACTIVE_ATTEMPT_PROFILE attempt=12 accepted=1 retry=0 sourceCalls=0 fullPhaseEvaluations=0 scalarProbes=0 rootChecks=0 matrixFreeProducts=0 factorBuilds=0 workerJobElapsedSeconds=0
REACTIVE_STEP time=3.9021353744369361e-07 dt=4.4201696951977825e-08 retries=0 massResidual=6.5481797141604294e-14 energyResidual=-1.3760551040176236e-12 momentumResidual=2.3449485937302685e-19 globalElementResidual=5.2726318720187048e-14 frozenLiquidResidual=0 speciesResidual=5.1197033476394757e-14 elementDrift=0 minP=99392.595668215028 maxP=262679.86106616573 minT=196.57464666014735 maxT=293.275583518899 maxMach=0.12225448949939972 minAlphaGas=0.99652366132161618 maxAlphaGas=1.0000000000000004 maxVolumeResidual=2.3527846337856317e-12 maxUVResidual=9.9979893329583207e-10 maxMuResidual=3.5882408155885059e-13 maxMechanicalResidual=0 seconds=12.710535168
REACTIVE_CAPILLARY_STEP time=3.9021353744369361e-07 area=4.0029826264194345e-05 surfaceEnergy=8.2370467915393816e-08 liquidMass=8.6456464393734642e-08 closureResidual=1.7825875324450902e-12 recoveryCalls=22 outerIterations=41
REACTIVE_STEP_TIMINGS time=3.9021353744369361e-07 cflSeconds=0.56774393000000001 backupSeconds=0.28265965100000001 transportSeconds=0.79735203500000007 recoverySeconds=11.012824384999998 sourceSeconds=0 conservationSeconds=0.019317556 diagnosticsSeconds=0.030593127000000001 nestedBatchPackSeconds=0.15965681300000029 nestedBatchCallSeconds=9.8030956750000318 nestedBatchScatterSeconds=0 nestedScalarPropertySeconds=0.42050474100000002 otherSeconds=4.4484000002020102e-05
REACTIVE_GPU_HEM_STEP time=3.9021353744369361e-07 batches=4000 submitted=16384000 succeeded=16384000 cpuFallbacks=0 deviceFailures=0 phaseEvaluations=67260538 residualEvaluations=1967374 analyticJacobians=0 finiteDifferenceJacobians=93297 wallSeconds=9.3784039189999149 kernelSeconds=8.6562248809343458 copySeconds=0.53012378396093318
REACTIVE_ATTEMPT_PROFILE attempt=13 accepted=1 retry=0 sourceCalls=0 fullPhaseEvaluations=0 scalarProbes=0 rootChecks=0 matrixFreeProducts=0 factorBuilds=0 workerJobElapsedSeconds=0
REACTIVE_STEP time=4.3575588349685701e-07 dt=4.5542346053163404e-08 retries=0 massResidual=7.3384984723615505e-14 energyResidual=-1.5443605063569819e-12 momentumResidual=1.8839757932533781e-19 globalElementResidual=6.0289396788215373e-14 frozenLiquidResidual=0 speciesResidual=5.8542818817662526e-14 elementDrift=0 minP=98591.501345508528 maxP=284779.41828095971 minT=198.56955695703854 maxT=293.31023884037006 maxMach=0.12897423766459096 minAlphaGas=0.99607308607731493 maxAlphaGas=1.0000000000000004 maxVolumeResidual=4.2286174561922962e-12 maxUVResidual=9.740131385817686e-10 maxMuResidual=3.5882408155885059e-13 maxMechanicalResidual=0 seconds=11.109304999000001
REACTIVE_CAPILLARY_STEP time=4.3575588349685701e-07 area=4.003359796569561e-05 surfaceEnergy=8.2378229048690916e-08 liquidMass=9.7057270579711129e-08 closureResidual=1.9020436267669361e-12 recoveryCalls=24 outerIterations=45
REACTIVE_STEP_TIMINGS time=4.3575588349685701e-07 cflSeconds=0.56639371899999991 backupSeconds=0.28250115799999997 transportSeconds=0.80043117199999991 recoverySeconds=9.4096379530000007 sourceSeconds=0 conservationSeconds=0.019782613000000001 diagnosticsSeconds=0.030513467999999998 nestedBatchPackSeconds=0.1592273559999999 nestedBatchCallSeconds=8.202372150999965 nestedBatchScatterSeconds=0 nestedScalarPropertySeconds=0.42292494400000002 otherSeconds=4.4915999999277367e-05
REACTIVE_GPU_HEM_STEP time=4.3575588349685701e-07 batches=4000 submitted=16384000 succeeded=16384000 cpuFallbacks=0 deviceFailures=0 phaseEvaluations=67044682 residualEvaluations=1965704 analyticJacobians=0 finiteDifferenceJacobians=93418 wallSeconds=7.7778034550002246 kernelSeconds=7.0552345507449061 copySeconds=0.53067735131828364
REACTIVE_ATTEMPT_PROFILE attempt=14 accepted=1 retry=0 sourceCalls=0 fullPhaseEvaluations=0 scalarProbes=0 rootChecks=0 matrixFreeProducts=0 factorBuilds=0 workerJobElapsedSeconds=0
REACTIVE_STEP time=4.8285055412489613e-07 dt=4.7094670628039137e-08 retries=0 massResidual=6.8027664824203444e-14 energyResidual=-1.7086519474918326e-12 momentumResidual=2.1445256370011859e-19 globalElementResidual=5.6923045362964697e-14 frozenLiquidResidual=0 speciesResidual=5.5272881788948632e-14 elementDrift=0 minP=97633.808445411094 maxP=307403.09814604779 minT=200.44911910949801 maxT=293.34402128489302 maxMach=0.13577201214633636 minAlphaGas=0.99560854364858509 maxAlphaGas=1.0000000000000004 maxVolumeResidual=3.2867042421003134e-12 maxUVResidual=9.8904468163693511e-10 maxMuResidual=2.0463630789890885e-12 maxMechanicalResidual=0 seconds=10.40852098
REACTIVE_CAPILLARY_STEP time=4.8285055412489613e-07 area=4.0037460700268458e-05 surfaceEnergy=8.2386177503228257e-08 liquidMass=1.0788087835708312e-07 closureResidual=2.0042422582688957e-12 recoveryCalls=26 outerIterations=49
REACTIVE_STEP_TIMINGS time=4.8285055412489613e-07 cflSeconds=0.57078788499999999 backupSeconds=0.28042752700000001 transportSeconds=0.79962508799999998 recoverySeconds=8.7075262040000005 sourceSeconds=0 conservationSeconds=0.019814567000000002 diagnosticsSeconds=0.030296492000000001 nestedBatchPackSeconds=0.1595596810000002 nestedBatchCallSeconds=7.4928639910000161 nestedBatchScatterSeconds=0 nestedScalarPropertySeconds=0.42370333199999999 otherSeconds=4.3217000000660838e-05
REACTIVE_GPU_HEM_STEP time=4.8285055412489613e-07 batches=4000 submitted=16384000 succeeded=16384000 cpuFallbacks=0 deviceFailures=0 phaseEvaluations=67001148 residualEvaluations=1958767 analyticJacobians=0 finiteDifferenceJacobians=92392 wallSeconds=7.0682146200002052 kernelSeconds=6.3459104489094145 copySeconds=0.53030768757313584
REACTIVE_ATTEMPT_PROFILE attempt=15 accepted=1 retry=0 sourceCalls=0 fullPhaseEvaluations=0 scalarProbes=0 rootChecks=0 matrixFreeProducts=0 factorBuilds=0 workerJobElapsedSeconds=0
REACTIVE_STEP time=5.3165638824282752e-07 dt=4.8805834117931339e-08 retries=0 massResidual=7.5565896597767196e-14 energyResidual=-1.8774723077169818e-12 momentumResidual=2.6656253244968009e-19 globalElementResidual=5.8236130578285811e-14 frozenLiquidResidual=0 speciesResidual=5.6547943672079143e-14 elementDrift=0 minP=96503.385803425364 maxP=330786.25760042592 minT=202.2277724538913 maxT=293.37227946711715 maxMach=0.14267203099011186 minAlphaGas=0.99512946192246099 maxAlphaGas=1.0000000000000004 maxVolumeResidual=3.1373681430579836e-10 maxUVResidual=8.980464006730566e-10 maxMuResidual=2.7055335749537335e-10 maxMechanicalResidual=0 seconds=10.435460439
REACTIVE_CAPILLARY_STEP time=5.3165638824282752e-07 area=4.0041421026431877e-05 surfaceEnergy=8.2394326774649649e-08 liquidMass=1.1893884747423774e-07 closureResidual=2.0742860554201492e-12 recoveryCalls=28 outerIterations=53
REACTIVE_STEP_TIMINGS time=5.3165638824282752e-07 cflSeconds=0.56654962999999992 backupSeconds=0.28168919399999998 transportSeconds=0.80118913999999997 recoverySeconds=8.7345863219999984 sourceSeconds=0 conservationSeconds=0.020966935999999999 diagnosticsSeconds=0.030433188 nestedBatchPackSeconds=0.16033888899999968 nestedBatchCallSeconds=7.5166033219999928 nestedBatchScatterSeconds=0 nestedScalarPropertySeconds=0.42183011100000001 otherSeconds=4.6029000000551157e-05
REACTIVE_GPU_HEM_STEP time=5.3165638824282752e-07 batches=4000 submitted=16384000 succeeded=16384000 cpuFallbacks=0 deviceFailures=0 phaseEvaluations=67004296 residualEvaluations=1962274 analyticJacobians=0 finiteDifferenceJacobians=92117 wallSeconds=7.0922370720003016 kernelSeconds=6.3657023956183281 copySeconds=0.53358224710075319
REACTIVE_ATTEMPT_PROFILE attempt=16 accepted=1 retry=0 sourceCalls=0 fullPhaseEvaluations=0 scalarProbes=0 rootChecks=0 matrixFreeProducts=0 factorBuilds=0 workerJobElapsedSeconds=0
REACTIVE_STEP time=5.8206476656762048e-07 dt=5.0408378324792989e-08 retries=0 massResidual=7.9804484242137433e-14 energyResidual=-2.0542681911276802e-12 momentumResidual=1.9040180889262866e-19 globalElementResidual=6.8297160717890236e-14 frozenLiquidResidual=0 speciesResidual=6.6316171952530677e-14 elementDrift=0 minP=95177.445109834996 maxP=354798.81011652725 minT=198.74434751776118 maxT=293.38774258897462 maxMach=0.1496443276463871 minAlphaGas=0.99463813863001127 maxAlphaGas=1.0000000000000004 maxVolumeResidual=6.4723559844992451e-11 maxUVResidual=9.8112458560057063e-10 maxMuResidual=1.148592332356202e-11 maxMechanicalResidual=0 seconds=10.427385795999999
REACTIVE_CAPILLARY_STEP time=5.8206476656762048e-07 area=4.0045463026276006e-05 surfaceEnergy=8.2402644108236801e-08 liquidMass=1.3017940210877464e-07 closureResidual=2.7794372706169135e-12 recoveryCalls=30 outerIterations=57
REACTIVE_STEP_TIMINGS time=5.8206476656762048e-07 cflSeconds=0.572986997 backupSeconds=0.28259108199999999 transportSeconds=0.80428269799999996 recoverySeconds=8.7166259999999998 sourceSeconds=0 conservationSeconds=0.020329652 diagnosticsSeconds=0.030524444000000001 nestedBatchPackSeconds=0.16013634900000023 nestedBatchCallSeconds=7.5031434380000039 nestedBatchScatterSeconds=0 nestedScalarPropertySeconds=0.43093398799999999 otherSeconds=4.4923000000932078e-05
REACTIVE_GPU_HEM_STEP time=5.8206476656762048e-07 batches=4000 submitted=16384000 succeeded=16384000 cpuFallbacks=0 deviceFailures=0 phaseEvaluations=67013680 residualEvaluations=1980321 analyticJacobians=0 finiteDifferenceJacobians=92324 wallSeconds=7.0786021219995945 kernelSeconds=6.3559298337702188 copySeconds=0.53050368727745756
REACTIVE_ATTEMPT_PROFILE attempt=17 accepted=1 retry=0 sourceCalls=0 fullPhaseEvaluations=0 scalarProbes=0 rootChecks=0 matrixFreeProducts=0 factorBuilds=0 workerJobElapsedSeconds=0
REACTIVE_STEP time=6.3252532698736179e-07 dt=5.0460560419741357e-08 retries=0 massResidual=8.4936711635930533e-14 energyResidual=-2.2278451360347413e-12 momentumResidual=2.4451600720948101e-19 globalElementResidual=6.6925645650006145e-14 frozenLiquidResidual=0 speciesResidual=6.4985635926279723e-14 elementDrift=0 minP=93656.339840917295 maxP=378672.61191842466 minT=184.02201359469362 maxT=293.38089913663549 maxMach=0.15645324628163426 minAlphaGas=0.9941507274118816 maxAlphaGas=1.0000000000000004 maxVolumeResidual=8.273448592888144e-11 maxUVResidual=9.9001902620031802e-10 maxMuResidual=1.4175327578413999e-11 maxMechanicalResidual=0 seconds=10.461689328
REACTIVE_CAPILLARY_STEP time=6.3252532698736179e-07 area=4.0049456887199591e-05 surfaceEnergy=8.2410862385051038e-08 liquidMass=1.4123717538831303e-07 closureResidual=8.1127986273354935e-13 recoveryCalls=32 outerIterations=61
REACTIVE_STEP_TIMINGS time=6.3252532698736179e-07 cflSeconds=0.56670506700000001 backupSeconds=0.28210815299999997 transportSeconds=0.80068515200000001 recoverySeconds=8.7621544199999999 sourceSeconds=0 conservationSeconds=0.019783632999999998 diagnosticsSeconds=0.030205996999999998 nestedBatchPackSeconds=0.15941423599999974 nestedBatchCallSeconds=7.5547482650000077 nestedBatchScatterSeconds=0 nestedScalarPropertySeconds=0.42154089900000002 otherSeconds=4.6906000002133047e-05
REACTIVE_GPU_HEM_STEP time=6.3252532698736179e-07 batches=4000 submitted=16384000 succeeded=16384000 cpuFallbacks=0 deviceFailures=0 phaseEvaluations=67027862 residualEvaluations=1985660 analyticJacobians=0 finiteDifferenceJacobians=92720 wallSeconds=7.1302955820001728 kernelSeconds=6.4076058472102488 copySeconds=0.53072659996897276
REACTIVE_ATTEMPT_PROFILE attempt=18 accepted=1 retry=0 sourceCalls=0 fullPhaseEvaluations=0 scalarProbes=0 rootChecks=0 matrixFreeProducts=0 factorBuilds=0 workerJobElapsedSeconds=0
REACTIVE_STEP time=6.8301634036665732e-07 dt=5.0491013379295556e-08 retries=0 massResidual=8.4786814260802896e-14 energyResidual=-2.4037005437277054e-12 momentumResidual=2.5253292547864429e-19 globalElementResidual=7.2086966498101091e-14 frozenLiquidResidual=0 speciesResidual=6.999755777508999e-14 elementDrift=0 minP=91856.232346868244 maxP=402403.54731014941 minT=169.38730726036991 maxT=293.34136802223446 maxMach=0.16307393076504378 minAlphaGas=0.99366821584273646 maxAlphaGas=1.0000000000000004 maxVolumeResidual=1.0072853662279613e-10 maxUVResidual=9.959710547328319e-10 maxMuResidual=7.8571815720351879e-11 maxMechanicalResidual=0 seconds=11.068481277
REACTIVE_CAPILLARY_STEP time=6.8301634036665732e-07 area=4.005339726938072e-05 surfaceEnergy=8.2418970617194807e-08 liquidMass=1.5209666777402127e-07 closureResidual=3.1675790462815101e-13 recoveryCalls=34 outerIterations=65
REACTIVE_STEP_TIMINGS time=6.8301634036665732e-07 cflSeconds=0.57593127599999994 backupSeconds=0.28140285999999998 transportSeconds=0.79909139200000001 recoverySeconds=9.3616813299999997 sourceSeconds=0 conservationSeconds=0.019678337000000001 diagnosticsSeconds=0.030652836999999999 nestedBatchPackSeconds=0.15976932699999977 nestedBatchCallSeconds=8.1447429330000318 nestedBatchScatterSeconds=0 nestedScalarPropertySeconds=0.42428571199999998 otherSeconds=4.3245000000614875e-05
REACTIVE_GPU_HEM_STEP time=6.8301634036665732e-07 batches=4000 submitted=16384000 succeeded=16384000 cpuFallbacks=0 deviceFailures=0 phaseEvaluations=67066836 residualEvaluations=2032421 analyticJacobians=0 finiteDifferenceJacobians=95238 wallSeconds=7.7202309449993862 kernelSeconds=6.9978229108752146 copySeconds=0.53029747940603578
REACTIVE_ATTEMPT_PROFILE attempt=19 accepted=1 retry=0 sourceCalls=0 fullPhaseEvaluations=0 scalarProbes=0 rootChecks=0 matrixFreeProducts=0 factorBuilds=0 workerJobElapsedSeconds=0
REACTIVE_STEP time=7.3352179228469572e-07 dt=5.0505451918038432e-08 retries=0 massResidual=8.8163649127642029e-14 energyResidual=-2.5720574418556427e-12 momentumResidual=3.9282899518900224e-19 globalElementResidual=7.4902965086986207e-14 frozenLiquidResidual=0 speciesResidual=7.2732498423704501e-14 elementDrift=0 minP=92836.590121833593 maxP=425987.68204313848 minT=167.37689351524696 maxT=293.28324529697079 maxMach=0.16947787405096101 minAlphaGas=0.9931914617365597 maxAlphaGas=1.0000000000000004 maxVolumeResidual=1.2302980856304657e-10 maxUVResidual=9.5119261293769839e-10 maxMuResidual=1.9518608951329952e-11 maxMechanicalResidual=0 seconds=10.829705844999999
REACTIVE_CAPILLARY_STEP time=7.3352179228469572e-07 area=4.0057440638877999e-05 surfaceEnergy=8.2427290769154681e-08 liquidMass=1.6285340541029264e-07 closureResidual=3.2696241547558458e-12 recoveryCalls=36 outerIterations=69
REACTIVE_STEP_TIMINGS time=7.3352179228469572e-07 cflSeconds=0.56487349600000003 backupSeconds=0.281866328 transportSeconds=0.80518335599999991 recoverySeconds=9.1275914660000002 sourceSeconds=0 conservationSeconds=0.020097331 diagnosticsSeconds=0.030047909000000001 nestedBatchPackSeconds=0.15969686999999955 nestedBatchCallSeconds=7.919143684000014 nestedBatchScatterSeconds=0 nestedScalarPropertySeconds=0.427000991 otherSeconds=4.5958999998575722e-05
REACTIVE_GPU_HEM_STEP time=7.3352179228469572e-07 batches=4000 submitted=16384000 succeeded=16384000 cpuFallbacks=0 deviceFailures=0 phaseEvaluations=67026552 residualEvaluations=1913142 analyticJacobians=0 finiteDifferenceJacobians=91355 wallSeconds=7.4944296110000437 kernelSeconds=6.7721101568048709 copySeconds=0.5302455437630833
REACTIVE_ATTEMPT_PROFILE attempt=20 accepted=1 retry=0 sourceCalls=0 fullPhaseEvaluations=0 scalarProbes=0 rootChecks=0 matrixFreeProducts=0 factorBuilds=0 workerJobElapsedSeconds=0
REACTIVE_STEP time=7.8402659135598236e-07 dt=5.050479907128663e-08 retries=0 massResidual=1.0068362009630107e-13 energyResidual=-2.7442449039059554e-12 momentumResidual=3.2869364903569576e-19 globalElementResidual=8.2361130976025501e-14 frozenLiquidResidual=0 speciesResidual=7.9973178422623024e-14 elementDrift=0 minP=91328.632663424796 maxP=449421.65675839095 minT=169.0462203921229 maxT=293.28381065099757 maxMach=0.17563522123543415 minAlphaGas=0.99272121449113937 maxAlphaGas=1.0000000000000004 maxVolumeResidual=6.734066637648084e-10 maxUVResidual=9.9941621716655543e-10 maxMuResidual=2.2826355916549801e-08 maxMechanicalResidual=0 seconds=11.309183109999999
REACTIVE_CAPILLARY_STEP time=7.8402659135598236e-07 area=4.0061493876634652e-05 surfaceEnergy=8.2435631227301684e-08 liquidMass=1.7343581351795917e-07 closureResidual=5.1564481851062993e-12 recoveryCalls=38 outerIterations=73
REACTIVE_STEP_TIMINGS time=7.8402659135598236e-07 cflSeconds=0.56804864399999999 backupSeconds=0.28394301199999999 transportSeconds=0.80142722 recoverySeconds=9.6056373760000007 sourceSeconds=0 conservationSeconds=0.019683729000000001 diagnosticsSeconds=0.030399178999999998 nestedBatchPackSeconds=0.15936381700000007 nestedBatchCallSeconds=8.3932484580000448 nestedBatchScatterSeconds=0 nestedScalarPropertySeconds=0.42167907300000007 otherSeconds=4.3949999998720707e-05
REACTIVE_GPU_HEM_STEP time=7.8402659135598236e-07 batches=4000 submitted=16384000 succeeded=16384000 cpuFallbacks=0 deviceFailures=0 phaseEvaluations=67059014 residualEvaluations=1948304 analyticJacobians=0 finiteDifferenceJacobians=93355 wallSeconds=7.9683367749996705 kernelSeconds=7.2458573170904543 copySeconds=0.53066394389417937
REACTIVE_ATTEMPT_PROFILE attempt=21 accepted=1 retry=0 sourceCalls=0 fullPhaseEvaluations=0 scalarProbes=0 rootChecks=0 matrixFreeProducts=0 factorBuilds=0 workerJobElapsedSeconds=0
REACTIVE_STEP time=8.3451187526258572e-07 dt=5.0485283906603338e-08 retries=0 massResidual=8.9597588365677631e-14 energyResidual=-2.9268887213424872e-12 momentumResidual=2.5654138461322599e-19 globalElementResidual=7.4536210516666751e-14 frozenLiquidResidual=0 speciesResidual=7.2373472895358558e-14 elementDrift=0 minP=90481.591775847468 maxP=472702.96836064756 minT=166.05948610028699 maxT=293.31811434899697 maxMach=0.19910407071862679 minAlphaGas=0.99225812545509962 maxAlphaGas=1.0000000000000004 maxVolumeResidual=2.2380763908813606e-10 maxUVResidual=9.7662459937334937e-10 maxMuResidual=2.2547105515968724e-08 maxMechanicalResidual=0 seconds=12.414532585
REACTIVE_CAPILLARY_STEP time=8.3451187526258572e-07 area=4.006550678258192e-05 surfaceEnergy=8.2443888693581836e-08 liquidMass=1.8390981232504404e-07 closureResidual=3.1179928430824511e-12 recoveryCalls=40 outerIterations=77
REACTIVE_STEP_TIMINGS time=8.3451187526258572e-07 cflSeconds=0.56872537000000001 backupSeconds=0.282447595 transportSeconds=0.80804856199999997 recoverySeconds=10.700766715 sourceSeconds=0 conservationSeconds=0.020581882999999999 diagnosticsSeconds=0.033917376999999999 nestedBatchPackSeconds=0.15992174799999936 nestedBatchCallSeconds=9.4878038870000037 nestedBatchScatterSeconds=0 nestedScalarPropertySeconds=0.43110435599999997 otherSeconds=4.5082999999890294e-05
REACTIVE_GPU_HEM_STEP time=8.3451187526258572e-07 batches=4000 submitted=16384000 succeeded=16384000 cpuFallbacks=0 deviceFailures=0 phaseEvaluations=66848098 residualEvaluations=1376455 analyticJacobians=0 finiteDifferenceJacobians=75210 wallSeconds=9.0625703609996577 kernelSeconds=8.3393560183943123 copySeconds=0.5308239435031652
REACTIVE_ATTEMPT_PROFILE attempt=22 accepted=1 retry=0 sourceCalls=0 fullPhaseEvaluations=0 scalarProbes=0 rootChecks=0 matrixFreeProducts=0 factorBuilds=0 workerJobElapsedSeconds=0
REACTIVE_STEP time=8.8495387634962616e-07 dt=5.0442001087040424e-08 retries=0 massResidual=9.7292592842938224e-14 energyResidual=-3.0887878668956283e-12 momentumResidual=4.2890512740023717e-19 globalElementResidual=7.8890836788136876e-14 frozenLiquidResidual=0 speciesResidual=7.6604670954016182e-14 elementDrift=0 minP=90926.564299138277 maxP=495849.49594547867 minT=166.92862553028903 maxT=293.35840447450107 maxMach=0.21961579767881234 minAlphaGas=0.99180237534787641 maxAlphaGas=1.0000000000000004 maxVolumeResidual=9.2940677376418535e-10 maxUVResidual=9.8810045716872818e-10 maxMuResidual=7.2991664268329259e-08 maxMechanicalResidual=0 seconds=10.418466909999999
REACTIVE_CAPILLARY_STEP time=8.8495387634962616e-07 area=4.0069662805345187e-05 surfaceEnergy=8.245244065524707e-08 liquidMass=1.9506537796501211e-07 closureResidual=1.0206816294933141e-11 recoveryCalls=42 outerIterations=81
REACTIVE_STEP_TIMINGS time=8.8495387634962616e-07 cflSeconds=0.57026241600000005 backupSeconds=0.28375392499999996 transportSeconds=0.80190286700000002 recoverySeconds=8.7128276739999997 sourceSeconds=0 conservationSeconds=0.019260099999999999 diagnosticsSeconds=0.030410096000000001 nestedBatchPackSeconds=0.15988246599999981 nestedBatchCallSeconds=7.5022182239999875 nestedBatchScatterSeconds=0 nestedScalarPropertySeconds=0.42247981700000004 otherSeconds=4.9831999999416787e-05
REACTIVE_GPU_HEM_STEP time=8.8495387634962616e-07 batches=4000 submitted=16384000 succeeded=16384000 cpuFallbacks=0 deviceFailures=0 phaseEvaluations=66665846 residualEvaluations=970947 analyticJacobians=0 finiteDifferenceJacobians=59648 wallSeconds=7.0772088590007201 kernelSeconds=6.3535800189379188 copySeconds=0.53125975140186732
REACTIVE_ATTEMPT_PROFILE attempt=23 accepted=1 retry=0 sourceCalls=0 fullPhaseEvaluations=0 scalarProbes=0 rootChecks=0 matrixFreeProducts=0 factorBuilds=0 workerJobElapsedSeconds=0
REACTIVE_STEP time=9.3526336713184498e-07 dt=5.0309490782218854e-08 retries=0 massResidual=9.5319982204595615e-14 energyResidual=-3.2622871164023766e-12 momentumResidual=1.8438912019075617e-19 globalElementResidual=7.5897153955615964e-14 frozenLiquidResidual=0 speciesResidual=7.3698185834505479e-14 elementDrift=0 minP=90463.851240818767 maxP=518842.32170316827 minT=166.20840817388611 maxT=293.40673599961167 maxMach=0.24040274594006933 minAlphaGas=0.99135461592280638 maxAlphaGas=1.0000000000000004 maxVolumeResidual=6.7300520711910394e-10 maxUVResidual=9.9933213013521351e-10 maxMuResidual=5.7342859349773789e-09 maxMechanicalResidual=0 seconds=11.602430674000001
REACTIVE_CAPILLARY_STEP time=9.3526336713184498e-07 area=4.007387898429056e-05 surfaceEnergy=8.246111640193288e-08 liquidMass=2.0615312979213041e-07 closureResidual=8.301019593925929e-12 recoveryCalls=44 outerIterations=85
REACTIVE_STEP_TIMINGS time=9.3526336713184498e-07 cflSeconds=0.56990502300000001 backupSeconds=0.28285801900000002 transportSeconds=0.80202208799999997 recoverySeconds=9.899228892 sourceSeconds=0 conservationSeconds=0.018048858000000001 diagnosticsSeconds=0.030323896999999999 nestedBatchPackSeconds=0.15970887199999989 nestedBatchCallSeconds=8.6701705590000273 nestedBatchScatterSeconds=0 nestedScalarPropertySeconds=0.423272176 otherSeconds=4.3897000000226588e-05
REACTIVE_GPU_HEM_STEP time=9.3526336713184498e-07 batches=4000 submitted=16384000 succeeded=16384000 cpuFallbacks=0 deviceFailures=0 phaseEvaluations=66675644 residualEvaluations=901731 analyticJacobians=0 finiteDifferenceJacobians=57890 wallSeconds=8.245781856999912 kernelSeconds=7.5221350038654293 copySeconds=0.53140032859890951
REACTIVE_ATTEMPT_PROFILE attempt=24 accepted=1 retry=0 sourceCalls=0 fullPhaseEvaluations=0 scalarProbes=0 rootChecks=0 matrixFreeProducts=0 factorBuilds=0 workerJobElapsedSeconds=0
REACTIVE_STEP time=9.8544954436751813e-07 dt=5.0186177235673091e-08 retries=0 massResidual=1.051801967170705e-13 energyResidual=-3.4409811165114031e-12 momentumResidual=3.2869364903569576e-19 globalElementResidual=8.8788987883262974e-14 frozenLiquidResidual=0 speciesResidual=8.6212549953111952e-14 elementDrift=0 minP=93659.377131641973 maxP=541687.55166892079 minT=167.14671246673169 maxT=293.46494024559075 maxMach=0.26140563220131979 minAlphaGas=0.99091489145742873 maxAlphaGas=1.0000000000000004 maxVolumeResidual=9.9159724875619304e-10 maxUVResidual=9.9387086460667916e-10 maxMuResidual=5.0674351825819031e-08 maxMechanicalResidual=0 seconds=8.638666422
REACTIVE_CAPILLARY_STEP time=9.8544954436751813e-07 area=4.0078314424399086e-05 surfaceEnergy=8.2470243328308691e-08 liquidMass=2.1734830820570089e-07 closureResidual=1.3386536670823013e-11 recoveryCalls=46 outerIterations=89
REACTIVE_STEP_TIMINGS time=9.8544954436751813e-07 cflSeconds=0.56965647400000008 backupSeconds=0.28197408899999998 transportSeconds=0.80198094900000005 recoverySeconds=6.9348086690000006 sourceSeconds=0 conservationSeconds=0.019750574 diagnosticsSeconds=0.030452885999999998 nestedBatchPackSeconds=0.15962557000000022 nestedBatchCallSeconds=5.7153385209999916 nestedBatchScatterSeconds=0 nestedScalarPropertySeconds=0.42593033199999997 otherSeconds=4.2780999999082747e-05
REACTIVE_GPU_HEM_STEP time=9.8544954436751813e-07 batches=4000 submitted=16384000 succeeded=16384000 cpuFallbacks=0 deviceFailures=0 phaseEvaluations=66571334 residualEvaluations=685702 analyticJacobians=0 finiteDifferenceJacobians=48672 wallSeconds=5.2912379710004132 kernelSeconds=4.5686485050654397 copySeconds=0.53069840767240528
REACTIVE_ATTEMPT_PROFILE attempt=25 accepted=1 retry=0 sourceCalls=0 fullPhaseEvaluations=0 scalarProbes=0 rootChecks=0 matrixFreeProducts=0 factorBuilds=0 workerJobElapsedSeconds=0
REACTIVE_STEP time=9.9999999999999995e-07 dt=1.4550455632481822e-08 retries=0 massResidual=1.0286004282195334e-13 energyResidual=-3.4882271473803961e-12 momentumResidual=1.362876105757763e-19 globalElementResidual=8.4987877413085457e-14 frozenLiquidResidual=0 speciesResidual=8.2525616346029302e-14 elementDrift=0 minP=94666.192314711196 maxP=548295.0837722487 minT=167.49135687819668 maxT=293.48400293683039 maxMach=0.26753968405767392 minAlphaGas=0.99078874420794483 maxAlphaGas=1.0000000000000004 maxVolumeResidual=9.2607677082412465e-10 maxUVResidual=9.978634610778757e-10 maxMuResidual=1.5154011379081567e-08 maxMechanicalResidual=0 seconds=8.6021669200000002
REACTIVE_CAPILLARY_STEP time=9.9999999999999995e-07 area=4.0079614157882903e-05 surfaceEnergy=8.2472917825432936e-08 liquidMass=2.2057790727093133e-07 closureResidual=9.8643038182189002e-12 recoveryCalls=48 outerIterations=93
REACTIVE_STEP_TIMINGS time=9.9999999999999995e-07 cflSeconds=0.57104026499999994 backupSeconds=0.28260918000000002 transportSeconds=0.80173362300000006 recoverySeconds=6.8991789410000006 sourceSeconds=0 conservationSeconds=0.017282473999999999 diagnosticsSeconds=0.030255250000000001 nestedBatchPackSeconds=0.16007100000000052 nestedBatchCallSeconds=5.6879906969999858 nestedBatchScatterSeconds=0 nestedScalarPropertySeconds=0.42213780400000006 otherSeconds=6.7186999998750802e-05
REACTIVE_GPU_HEM_STEP time=9.9999999999999995e-07 batches=4000 submitted=16384000 succeeded=16384000 cpuFallbacks=0 deviceFailures=0 phaseEvaluations=66557600 residualEvaluations=685630 analyticJacobians=0 finiteDifferenceJacobians=47616 wallSeconds=5.2633053919996655 kernelSeconds=4.5390800642110491 copySeconds=0.5319548232778768
REACTIVE_CHECKPOINT time=9.9999999999999995e-07 acceptedSteps=23 complete=1 schema=3
REACTIVE_PROFILE_V21 scope="prototype" jobElapsedSeconds=0 integrationFallbacks=0 chemical_rhsCalls=0 chemical_uvCalls=0 chemical_fixedStateCalls=0 chemical_jacobianCalls=0 chemical_structuredCalls=0 chemical_fallbackCalls=0 sparse_setups=0 sparse_products=0 sparse_preconditioners=0 sparse_preconditionerSolves=0 sparse_sparseIntegrations=0 sparse_denseIntegrations=0 sparse_denseFallbacks=0 sparse_nonzeros=0 timing_jvSetups=0 timing_preconditionerSetups=0 timing_jacobianCacheHits=0 timing_patternBuilds=0 timing_preconditionerReuses=0 timing_symbolicAnalyses=0 timing_numericFactorizations=0 timing_workspaceCreates=0 timing_workspaceReinitializations=0 timing_factorNonzeros=0 timing_thermoSeconds=0 timing_kineticsSeconds=0 timing_csrSeconds=0 timing_symbolicSeconds=0 timing_factorSeconds=0 timing_solveSeconds=0 realFluid_eosEvaluations=4096001 realFluid_referenceEvaluations=0 realFluid_derivativeEvaluations=0 realFluid_scalarAttempts=4096003 realFluid_scalarAccepted=4096001 realFluid_scalarFallbacks=2 realFluid_scalarIterations=0 realFluid_flashResiduals=3238 realFluid_tangentBuilds=0 realFluid_tangentSolves=0 realFluid_sourceJv=0 realFluid_sourceJvFallbacks=0 trhoStateEvaluations=4096003 densityRootChecks=4096003 fullPhaseEvaluations=16489286 energyCvEvaluations=4096003 selectedMuEvaluations=4098037 partialHEvaluations=0 scalarProbes=4096003 bracketRejects=0 branchFallbacks=2 flashCandidates=10 linearizationBuilds=0 linearizationApplies=0 FzFactorizations=0 sourceRhsCalls=0 sourceDirectionProbes=0 RzBuilds=0 JvFallbacks=0 nasaCoefficientVisits=8192004 nasaAggregateBuilds=4096003 nasaAggregateEvaluations=4096003 exactMixingEvaluations=4096003 branchCertificates=4096001 matrixFreeSetups=0 matrixFreeProducts=0 matrixFreeIntegrations=0 matrixFreeIntegrationFallbacks=0 woodburySetups=0 woodburyFactors=0 woodburySolves=0 woodburyFallbacks=0 diagnosticJvCalls=0 oneSidedProbes=0 derivativeRetries=0 sourceAttempts=0 sourceAccepted=0 sourceFailed=0
REACTIVE_PROFILE_V21 scope="worker_0" jobElapsedSeconds=0 integrationFallbacks=0 chemical_rhsCalls=0 chemical_uvCalls=0 chemical_fixedStateCalls=0 chemical_jacobianCalls=0 chemical_structuredCalls=0 chemical_fallbackCalls=0 sparse_setups=0 sparse_products=0 sparse_preconditioners=0 sparse_preconditionerSolves=0 sparse_sparseIntegrations=0 sparse_denseIntegrations=0 sparse_denseFallbacks=0 sparse_nonzeros=0 timing_jvSetups=0 timing_preconditionerSetups=0 timing_jacobianCacheHits=0 timing_patternBuilds=0 timing_preconditionerReuses=0 timing_symbolicAnalyses=0 timing_numericFactorizations=0 timing_workspaceCreates=0 timing_workspaceReinitializations=0 timing_factorNonzeros=0 timing_thermoSeconds=0 timing_kineticsSeconds=0 timing_csrSeconds=0 timing_symbolicSeconds=0 timing_factorSeconds=0 timing_solveSeconds=0 realFluid_eosEvaluations=0 realFluid_referenceEvaluations=0 realFluid_derivativeEvaluations=0 realFluid_scalarAttempts=0 realFluid_scalarAccepted=0 realFluid_scalarFallbacks=0 realFluid_scalarIterations=0 realFluid_flashResiduals=0 realFluid_tangentBuilds=0 realFluid_tangentSolves=0 realFluid_sourceJv=0 realFluid_sourceJvFallbacks=0 trhoStateEvaluations=0 densityRootChecks=0 fullPhaseEvaluations=0 energyCvEvaluations=0 selectedMuEvaluations=0 partialHEvaluations=0 scalarProbes=0 bracketRejects=0 branchFallbacks=0 flashCandidates=0 linearizationBuilds=0 linearizationApplies=0 FzFactorizations=0 sourceRhsCalls=0 sourceDirectionProbes=0 RzBuilds=0 JvFallbacks=0 nasaCoefficientVisits=0 nasaAggregateBuilds=0 nasaAggregateEvaluations=0 exactMixingEvaluations=0 branchCertificates=0 matrixFreeSetups=0 matrixFreeProducts=0 matrixFreeIntegrations=0 matrixFreeIntegrationFallbacks=0 woodburySetups=0 woodburyFactors=0 woodburySolves=0 woodburyFallbacks=0 diagnosticJvCalls=0 oneSidedProbes=0 derivativeRetries=0 sourceAttempts=0 sourceAccepted=0 sourceFailed=0
REACTIVE_PROFILE_V21 scope="workers" jobElapsedSeconds=0 integrationFallbacks=0 chemical_rhsCalls=0 chemical_uvCalls=0 chemical_fixedStateCalls=0 chemical_jacobianCalls=0 chemical_structuredCalls=0 chemical_fallbackCalls=0 sparse_setups=0 sparse_products=0 sparse_preconditioners=0 sparse_preconditionerSolves=0 sparse_sparseIntegrations=0 sparse_denseIntegrations=0 sparse_denseFallbacks=0 sparse_nonzeros=0 timing_jvSetups=0 timing_preconditionerSetups=0 timing_jacobianCacheHits=0 timing_patternBuilds=0 timing_preconditionerReuses=0 timing_symbolicAnalyses=0 timing_numericFactorizations=0 timing_workspaceCreates=0 timing_workspaceReinitializations=0 timing_factorNonzeros=0 timing_thermoSeconds=0 timing_kineticsSeconds=0 timing_csrSeconds=0 timing_symbolicSeconds=0 timing_factorSeconds=0 timing_solveSeconds=0 realFluid_eosEvaluations=0 realFluid_referenceEvaluations=0 realFluid_derivativeEvaluations=0 realFluid_scalarAttempts=0 realFluid_scalarAccepted=0 realFluid_scalarFallbacks=0 realFluid_scalarIterations=0 realFluid_flashResiduals=0 realFluid_tangentBuilds=0 realFluid_tangentSolves=0 realFluid_sourceJv=0 realFluid_sourceJvFallbacks=0 trhoStateEvaluations=0 densityRootChecks=0 fullPhaseEvaluations=0 energyCvEvaluations=0 selectedMuEvaluations=0 partialHEvaluations=0 scalarProbes=0 bracketRejects=0 branchFallbacks=0 flashCandidates=0 linearizationBuilds=0 linearizationApplies=0 FzFactorizations=0 sourceRhsCalls=0 sourceDirectionProbes=0 RzBuilds=0 JvFallbacks=0 nasaCoefficientVisits=0 nasaAggregateBuilds=0 nasaAggregateEvaluations=0 exactMixingEvaluations=0 branchCertificates=0 matrixFreeSetups=0 matrixFreeProducts=0 matrixFreeIntegrations=0 matrixFreeIntegrationFallbacks=0 woodburySetups=0 woodburyFactors=0 woodburySolves=0 woodburyFallbacks=0 diagnosticJvCalls=0 oneSidedProbes=0 derivativeRetries=0 sourceAttempts=0 sourceAccepted=0 sourceFailed=0
REACTIVE_CLOSURE_PROFILE eligibleCells=0 uniqueCells=0 reusedCells=0 failedRepresentativeRetries=0 gpuSubmitted=0 gpuConverged=0 gpuApproved=0 gpuRejected=0 gpuUnsupported=0 gpuLaunches=0 gpuTransferBytes=0 hostBytes=32768 liquidCacheHits=0 liquidCacheMisses=0 deviceBytes=0 classifySeconds=0.36472317399999676 prepareSeconds=0 gpuWallSeconds=0 gpuKernelSeconds=0 gpuCopySeconds=0
REACTIVE_GPU_HEM batches=93000 submitted=380928000 succeeded=380928000 cpuFallbacks=0 deviceFailures=0 phaseEvaluations=1549525522 residualEvaluations=27610484 flashCandidates=5156540 stableCandidates=381003384 transferBytes=163041648000 analyticJacobians=0 finiteDifferenceJacobians=1447564 hostBytes=3340632 deviceBytes=2029992 wallSeconds=153.36411142200032 kernelSeconds=136.54707509334054 copySeconds=12.348374582491894
REACTIVE_BATCH_V21 attempted=93000 accepted=93000 failed=0 batchWallSeconds=163.21206361200097 workerJobSecondsSum=0 workerJobSecondsMax=0 poolScratchBytes=6420824 flowStagingBytes=884736 workerOwnedBytesKnownLowerBound=58104 workerInternalBytesUnmeasured=1
REACTIVE_WORKER_TIME metric=thermoSeconds sum=0 max=0
REACTIVE_WORKER_TIME metric=kineticsSeconds sum=0 max=0
REACTIVE_WORKER_TIME metric=csrSeconds sum=0 max=0
REACTIVE_WORKER_TIME metric=symbolicSeconds sum=0 max=0
REACTIVE_WORKER_TIME metric=factorSeconds sum=0 max=0
REACTIVE_WORKER_TIME metric=solveSeconds sum=0 max=0
REACTIVE_PROFILE_V21 scope="combined" jobElapsedSeconds=0 integrationFallbacks=0 chemical_rhsCalls=0 chemical_uvCalls=0 chemical_fixedStateCalls=0 chemical_jacobianCalls=0 chemical_structuredCalls=0 chemical_fallbackCalls=0 sparse_setups=0 sparse_products=0 sparse_preconditioners=0 sparse_preconditionerSolves=0 sparse_sparseIntegrations=0 sparse_denseIntegrations=0 sparse_denseFallbacks=0 sparse_nonzeros=0 timing_jvSetups=0 timing_preconditionerSetups=0 timing_jacobianCacheHits=0 timing_patternBuilds=0 timing_preconditionerReuses=0 timing_symbolicAnalyses=0 timing_numericFactorizations=0 timing_workspaceCreates=0 timing_workspaceReinitializations=0 timing_factorNonzeros=0 timing_thermoSeconds=0 timing_kineticsSeconds=0 timing_csrSeconds=0 timing_symbolicSeconds=0 timing_factorSeconds=0 timing_solveSeconds=0 realFluid_eosEvaluations=4096001 realFluid_referenceEvaluations=0 realFluid_derivativeEvaluations=0 realFluid_scalarAttempts=4096003 realFluid_scalarAccepted=4096001 realFluid_scalarFallbacks=2 realFluid_scalarIterations=0 realFluid_flashResiduals=3238 realFluid_tangentBuilds=0 realFluid_tangentSolves=0 realFluid_sourceJv=0 realFluid_sourceJvFallbacks=0 trhoStateEvaluations=4096003 densityRootChecks=4096003 fullPhaseEvaluations=16489286 energyCvEvaluations=4096003 selectedMuEvaluations=4098037 partialHEvaluations=0 scalarProbes=4096003 bracketRejects=0 branchFallbacks=2 flashCandidates=10 linearizationBuilds=0 linearizationApplies=0 FzFactorizations=0 sourceRhsCalls=0 sourceDirectionProbes=0 RzBuilds=0 JvFallbacks=0 nasaCoefficientVisits=8192004 nasaAggregateBuilds=4096003 nasaAggregateEvaluations=4096003 exactMixingEvaluations=4096003 branchCertificates=4096001 matrixFreeSetups=0 matrixFreeProducts=0 matrixFreeIntegrations=0 matrixFreeIntegrationFallbacks=0 woodburySetups=0 woodburyFactors=0 woodburySolves=0 woodburyFallbacks=0 diagnosticJvCalls=0 oneSidedProbes=0 derivativeRetries=0 sourceAttempts=0 sourceAccepted=0 sourceFailed=0
REACTIVE_CHEMISTRY scope=combined rhsCalls=0 uvCalls=0 fixedStateCalls=0 structuredCalls=0 fallbackCalls=0 integrationFallbacks=0
REACTIVE_SPARSE scope=combined nnzMeaning=last_snapshot_sum setups=0 products=0 nonzeros=0 sparseIntegrations=0 denseIntegrations=0 denseFallbacks=0
REACTIVE_CHEMICAL_PROFILE scope=combined factorNnzMeaning=last_snapshot_sum jvSetups=0 preconditionerSetups=0 jacobianCacheHits=0 preconditionerReuses=0 patternBuilds=0 symbolicAnalyses=0 numericFactorizations=0 factorNonzeros=0 workspaceCreates=0 workspaceReinitializations=0 thermoSeconds=0 kineticsSeconds=0 csrSeconds=0 symbolicSeconds=0 factorSeconds=0 solveSeconds=0
REACTIVE_REAL_FLUID scope=combined eosEvaluations=4096001 scalarAttempts=4096003 scalarAccepted=4096001 scalarFallbacks=2 scalarIterations=0
REACTIVE_BATCH workers=1 capacity=4096 scratchBytes=6420824 batches=93000 cells=380928000 failures=0 scope=bounded_scratch_excludes_Cantera_CVODE_worker_allocations
REACTIVE_TRANSPORT_V21 layoutTiles=26524 layoutLaunches=26524 memcpyCalls=28755 payloadBytes=155401796636 nasaValidationEvaluations=0 nasaFaceEvaluations=0 detailedGasCounters=0 temperatureBasisBuilds=0 temperatureBasisBytes=0 pinnedBytes=1048536 deviceStagingBytes=1048536 slotCells=14563 slots=1 blockThreads=256 eventWaits=26524 failedCalls=0 stageBarrier=full closureDownloadsPerRK=2 overlapValidated=0
REACTIVE_MEMORY liveBytes=5881223312 peakBytes=5881223312 bridgeBytes=1048536 conservedWorkspaceBytes=604592640 gasWorkspaceBytes=0 rhsWorkspaceBytes=0 d2dBytes=7384320 synchronizations=818
REACTIVE_CAPILLARY_PROFILE enabled=1 geometryBuilds=216 geometryKernels=432 faceFluxBuilds=581145600 workspaceBytes=328500484 closureIterations=93
REACTIVE_WALE gradientBuilds=97 viscosityBuilds=97 cellsEvaluated=397312000 workspaceBytes=32768004
REACTIVE_WALE_SCALARS fieldUploads=0 fieldUploadBytes=0 workspaceBytes=167942400 hostEnthalpyCells=0 hostPropertySeconds=0 propertyStageSeconds=10.370942278000001 fluxBackend=cuda
REACTIVE_WALE_PR backend=device-pr builds=97 cells=397312000 kernels=194 failures=0 inputUploadBytes=76091446624 scratchBytes=1015855456 wallSeconds=6.2593797280000034
REACTIVE_TRANSPORT allocatedBytes=5881223312 uploadedBytes=127279462152 downloadedBytes=28114950164 kernelLaunches=27814 stages=47 stepQueries=47
REACTIVE_TRANSFER conservedUploads=47 conservedUploadBytes=13860864000 conservedDownloadBytes=13860864000 stateUploadBytes=22249472000 primitiveUploadBytes=6553600000 gasUploadBytes=0 boundaryPartitions=256
REACTIVE_DEVICE_PROPERTIES builds=0 cells=0 partitionUploadBytes=0 thermoTableBytes=0 gasStatusChecks=0 cflFaceLaunches=47 transportFaceLaunches=47 faceWorkspaceBytes=1780531200
End
