/*---------------------------------------------------------------------------*\
| =========                 |                                                 |
| \\      /  F ield         | OpenFOAM: The Open Source CFD Toolbox           |
|  \\    /   O peration     | Version:  2512                                  |
|   \\  /    A nd           | Website:  www.openfoam.com                      |
|    \\/     M anipulation  |                                                 |
\*---------------------------------------------------------------------------*/
Build  : 5916a466-20260728 OPENFOAM=2512 version=v2512
Arch   : "LSB;label=32;scalar=64"
Exec   : /home/jsw/문서/analysis/spuma-multiphysics-spray-physics/bin/ReactiveFoam -case /home/jsw/문서/analysis/runs/precision_revisit_20260924/full-40bar-fp32-linear
Date   : Sep 24 2026
Time   : 02:35:01
Host   : jsw-ubuntu
PID    : 90241
I/O    : uncollated
Case   : /home/jsw/문서/analysis/runs/precision_revisit_20260924/full-40bar-fp32-linear
nProcs : 1
memory pool : not available
fileModificationChecking : Monitoring run-time modified files using timeStampMaster (fileModificationSkew 5, maxFileModificationPolls 20)
allowSystemOperations : Allowing user-supplied system call operations

// * * * * * * * * * * * * * * * * * * * * * * * * * * * * * * * * * * * * * //
Initializing CUDA devices

CUDA Driver Version / Runtime Version:  13.2 / 13.2
Number of threads per block: 128

Create dummyMemoryPool
 
Create time

Create mesh for time = 0

REACTIVE_RECOVERY mode=reference baseline=reference_candidate_search fallback=none
REACTIVE_CLOSURE_ACCELERATION exactBatchReuse=1 scalarBackend=cpu fullBackend=cuda deviceFullClosure=1 closureJacobian=finiteDifference requestedClosureJacobian=finiteDifference
REACTIVE_RUNTIME runId="90241-10568794876210" solverSha256="e81fbb426117ef566d61ad9b6286abbf398c1c8629c7e0e887abcf325a21cc71" manifest={"schema":1,"backendPath":"/home/jsw/문서/analysis/spuma-multiphysics-spray-physics/lib/libpintleReactiveBackend.so","backendSha256":"29a61f1012aa1892493583e5e0be92f533456b0f3e6acd35e7a81030fb55afc2","thermoConfiguration":"/home/jsw/문서/analysis/runs/impinging_n2o_cube80_z40_counters_1us_20260923/n160/base/thermo/cold-pr-config.yaml","physicalModelHash":"e8a14864dd2082dde742598dbbcc5f0f2454bc521d93b9a3bd0befc47d4c9c4e","numericalPolicyHash":"89d10c3a2d26eafd0cf80b6c4a31d0c167aa7e9f7db596734732fc6b6b2978dc","modelFingerprint":"86843f73688e246995634977344ab1b56b1c0d5b17fb5620310e34555e990f4f","eos":"Peng-Robinson","closureBackend":"cuda","chemistryBackend":"cpu","deviceFullClosure":true,"deviceChemistryIntegration":false,"closureCpuFallback":false,"closureJacobian":"finiteDifference","solidN2O":false,"enforceSpeciesTemperatureBounds":true,"exactBatchReuse":true,"deviceCaloricCandidates":false,"deviceCaloricScope":"no-condensable-inventory; NASA/PR-alpha single interval; host branch/residual/stability approval","hemLibrary":"/home/jsw/문서/analysis/runs/precision_revisit_20260924/variants-v2/libHem-fp32-linear.so","hemLibrarySha256":"bb4ef82b6dd1b44c570d0f04e26c2ec00e06adcc8c1eb0f716f2630976ae18e8","hemNumericalPolicy":"fp32-newton-step-fp64-accept-v2:experimental","deviceHemScope":"PR; nonreacting HEM; all reference candidates and boundary fallback; experimental"}
REACTIVE_TURBULENCE model=WALE-stress-v1 backend=cuda Cw=0.32500000000000001 filter=cubeRootVolume stressWork=1 sgsHeatFlux=1 sgsSpeciesMixing=1 Prt=0.84999999999999998 Sct=0.69999999999999996 scalarPropertyBackend=device-pr scalarFluxBackend=cuda sgsK=none TCI=0
REACTIVE_PHYSICS chemistry=0 combustion=0 phaseChange=equilibrium viscosity=1 heatConduction=1 speciesDiffusion=0 turbulence=WALE-stress-v1 turbulentHeatFlux=1 turbulentSpeciesMixing=1 surfaceTension=1 interfaceModel=diffuse-liquid-inventory-v1 totalEnergy=1 thermodynamicRecovery=1 frozenLiquidFields=0 transportedLiquidFields=1
REACTIVE_CAPILLARY sigma=0.0020577273399028486 geometryBackend=cuda tractionBackend=cuda closureBackend=cuda pressureModel=curved-phase-split surfaceEnergyInTotal=1 capillaryCfl=0.25 geometryScheme=Gauss-diffuse noPLIC=1
REACTIVE_PHYSICAL_MODEL hash=e8a14864dd2082dde742598dbbcc5f0f2454bc521d93b9a3bd0befc47d4c9c4e numericalPolicyHash=89d10c3a2d26eafd0cf80b6c4a31d0c167aa7e9f7db596734732fc6b6b2978dc eos=Peng-Robinson realEOS=1 phaseEquilibrium=1 nonidealDiffusion=0 deviceClosure=1 deviceKinetics=0 mixtureLiquid=0
REACTIVE_BACKENDS transport=cuda thermodynamics=cuda chemistry=cpu chemicalLinearSolver=dense transportGasProperties=disabled
REACTIVE_MODEL cells=4096000 species=4 reactions=0 liquids=1 estimatedHostBytes=14223651840 chemistry=0
REACTIVE_SPECIES index=0 name=N2
REACTIVE_SPECIES index=1 name=O2
REACTIVE_SPECIES index=2 name=N2O
REACTIVE_SPECIES index=3 name=IC3H7OH
REACTIVE_CHECKPOINT time=0 acceptedSteps=0 complete=1 schema=3
REACTIVE_ATTEMPT_PROFILE attempt=2 accepted=1 retry=0 sourceCalls=0 fullPhaseEvaluations=0 scalarProbes=0 rootChecks=0 matrixFreeProducts=0 factorBuilds=0 workerJobElapsedSeconds=0
REACTIVE_STEP time=5.1271939499775744e-08 dt=5.1271939499775744e-08 retries=0 massResidual=-5.0754361187376839e-15 energyResidual=-1.4439384876046917e-14 momentumResidual=3.5261487827682074e-21 globalElementResidual=6.9053229935157624e-15 frozenLiquidResidual=0 speciesResidual=6.705075718214906e-15 elementDrift=0 minP=3990269.9179397281 maxP=3999999.9999999967 minT=291.34912040939452 maxT=293.14999999999998 maxMach=0.0006721250581892674 minAlphaGas=0.99999999999999967 maxAlphaGas=1.0000000000000004 maxVolumeResidual=4.4408920985006262e-16 maxUVResidual=3.2355762452958877e-11 maxMuResidual=0 maxMechanicalResidual=0 seconds=3.3377464799999998
REACTIVE_CAPILLARY_STEP time=5.1271939499775744e-08 area=3.9999999999999949e-05 surfaceEnergy=8.2309093596113842e-08 liquidMass=0 closureResidual=0 recoveryCalls=3 outerIterations=3
REACTIVE_STEP_TIMINGS time=5.1271939499775744e-08 cflSeconds=0.56426737000000005 backupSeconds=0.30975038800000004 transportSeconds=0.793781018 recoverySeconds=1.6214989960000001 sourceSeconds=0 conservationSeconds=0.020207658999999999 diagnosticsSeconds=0.028184569 nestedBatchPackSeconds=0.10415574200000002 nestedBatchCallSeconds=0.74530440400000009 nestedBatchScatterSeconds=0 nestedScalarPropertySeconds=0.42282254099999994 otherSeconds=5.6479999999786007e-05
REACTIVE_GPU_HEM_STEP time=5.1271939499775744e-08 batches=8 submitted=357 succeeded=357 cpuFallbacks=0 deviceFailures=0 phaseEvaluations=323989 residualEvaluations=525277 analyticJacobians=0 finiteDifferenceJacobians=24650 wallSeconds=0.35586665899999992 kernelSeconds=0.35553462013602255 copySeconds=0.00025923200324177748
REACTIVE_CHECKPOINT time=5.1271939499775744e-08 acceptedSteps=1 complete=1 schema=3
REACTIVE_ATTEMPT_PROFILE attempt=3 accepted=1 retry=0 sourceCalls=0 fullPhaseEvaluations=0 scalarProbes=0 rootChecks=0 matrixFreeProducts=0 factorBuilds=0 workerJobElapsedSeconds=0
REACTIVE_STEP time=1.0259787308542332e-07 dt=5.1325933585647574e-08 retries=0 massResidual=-1.0742491593276136e-14 energyResidual=-9.4210549855466848e-15 momentumResidual=7.4310890941656628e-21 globalElementResidual=1.3627858738521178e-14 frozenLiquidResidual=0 speciesResidual=1.3232663643662332e-14 elementDrift=0 minP=3979373.5490676975 maxP=3999999.9999999967 minT=289.48353156926203 maxT=293.14999999999998 maxMach=0.0012857125516817492 minAlphaGas=0.99999999999999956 maxAlphaGas=1.0000000000000004 maxVolumeResidual=4.4408920985006262e-16 maxUVResidual=2.5019485328088514e-12 maxMuResidual=0 maxMechanicalResidual=0 seconds=3.4388701670000001
REACTIVE_CAPILLARY_STEP time=1.0259787308542332e-07 area=3.9999999999999949e-05 surfaceEnergy=8.2309093596113842e-08 liquidMass=0 closureResidual=0 recoveryCalls=5 outerIterations=5
REACTIVE_STEP_TIMINGS time=1.0259787308542332e-07 cflSeconds=0.563437309 backupSeconds=0.30863787300000001 transportSeconds=0.79303891100000001 recoverySeconds=1.728266562 sourceSeconds=0 conservationSeconds=0.017342204 diagnosticsSeconds=0.028097579000000001 nestedBatchPackSeconds=0.10472390499999999 nestedBatchCallSeconds=0.85103608099999994 nestedBatchScatterSeconds=0 nestedScalarPropertySeconds=0.42271127399999997 otherSeconds=4.9729000000064277e-05
REACTIVE_GPU_HEM_STEP time=1.0259787308542332e-07 batches=8 submitted=1505 succeeded=1505 cpuFallbacks=0 deviceFailures=0 phaseEvaluations=1457121 residualEvaluations=2412971 analyticJacobians=0 finiteDifferenceJacobians=111157 wallSeconds=0.46050945899999995 kernelSeconds=0.46011514231562611 copySeconds=0.0003097599986940624
REACTIVE_ATTEMPT_PROFILE attempt=4 accepted=1 retry=0 sourceCalls=0 fullPhaseEvaluations=0 scalarProbes=0 rootChecks=0 matrixFreeProducts=0 factorBuilds=0 workerJobElapsedSeconds=0
REACTIVE_STEP time=1.5398366274014883e-07 dt=5.1385789654725502e-08 retries=0 massResidual=-4.200421185872949e-15 energyResidual=-1.2566492634395919e-14 momentumResidual=1.1517726155068206e-20 globalElementResidual=9.9859865732220552e-15 frozenLiquidResidual=0 speciesResidual=9.6964046382613012e-15 elementDrift=0 minP=3967529.0114875073 maxP=3999999.9999999967 minT=287.56733544158828 maxT=293.14999999999998 maxMach=0.001845788526585903 minAlphaGas=0.99999999999999956 maxAlphaGas=1.0000000000000004 maxVolumeResidual=4.4408920985006262e-16 maxUVResidual=6.4643862788943863e-10 maxMuResidual=0 maxMechanicalResidual=0 seconds=3.6809271460000001
REACTIVE_CAPILLARY_STEP time=1.5398366274014883e-07 area=3.9999999999999949e-05 surfaceEnergy=8.2309093596113842e-08 liquidMass=0 closureResidual=0 recoveryCalls=7 outerIterations=7
REACTIVE_STEP_TIMINGS time=1.5398366274014883e-07 cflSeconds=0.56349352600000002 backupSeconds=0.30762689900000001 transportSeconds=0.79682443699999994 recoverySeconds=1.9667507479999999 sourceSeconds=0 conservationSeconds=0.018165767999999999 diagnosticsSeconds=0.028021358999999999 nestedBatchPackSeconds=0.10415235299999999 nestedBatchCallSeconds=1.089386076 nestedBatchScatterSeconds=0 nestedScalarPropertySeconds=0.42426661199999999 otherSeconds=4.4408999999630966e-05
REACTIVE_GPU_HEM_STEP time=1.5398366274014883e-07 batches=8 submitted=3446 succeeded=3446 cpuFallbacks=0 deviceFailures=0 phaseEvaluations=3271724 residualEvaluations=5498329 analyticJacobians=0 finiteDifferenceJacobians=250495 wallSeconds=0.69873394300000002 kernelSeconds=0.69824031743407222 copySeconds=0.00038384000211954096
REACTIVE_ATTEMPT_PROFILE attempt=5 accepted=1 retry=0 sourceCalls=0 fullPhaseEvaluations=0 scalarProbes=0 rootChecks=0 matrixFreeProducts=0 factorBuilds=0 workerJobElapsedSeconds=0
REACTIVE_STEP time=2.0543538613551136e-07 dt=5.1451723395362532e-08 retries=0 massResidual=-2.1034147306904301e-14 energyResidual=-1.6495288382620645e-14 momentumResidual=1.5884607355037917e-20 globalElementResidual=2.7714400058105114e-14 frozenLiquidResidual=0 speciesResidual=2.6910708357095724e-14 elementDrift=0 minP=3954947.4012868549 maxP=3999999.9999999967 minT=285.6142225303023 maxT=293.14999999999998 maxMach=0.0023583331279902445 minAlphaGas=0.99999999999999967 maxAlphaGas=1.0000000000000004 maxVolumeResidual=4.4408920985006262e-16 maxUVResidual=9.1279497363436321e-10 maxMuResidual=0 maxMechanicalResidual=0 seconds=3.6868102110000001
REACTIVE_CAPILLARY_STEP time=2.0543538613551136e-07 area=3.9999999999999949e-05 surfaceEnergy=8.2309093596113842e-08 liquidMass=0 closureResidual=0 recoveryCalls=9 outerIterations=9
REACTIVE_STEP_TIMINGS time=2.0543538613551136e-07 cflSeconds=0.56219321100000008 backupSeconds=0.30715117600000003 transportSeconds=0.79428685399999999 recoverySeconds=1.976058138 sourceSeconds=0 conservationSeconds=0.018685969 diagnosticsSeconds=0.028389274999999999 nestedBatchPackSeconds=0.10386090299999999 nestedBatchCallSeconds=1.1013253049999998 nestedBatchScatterSeconds=0 nestedScalarPropertySeconds=0.42190228699999999 otherSeconds=4.5587999999614076e-05
REACTIVE_GPU_HEM_STEP time=2.0543538613551136e-07 batches=8 submitted=6080 succeeded=6080 cpuFallbacks=0 deviceFailures=0 phaseEvaluations=5722542 residualEvaluations=9624616 analyticJacobians=0 finiteDifferenceJacobians=438415 wallSeconds=0.71079016799999972 kernelSeconds=0.71018375965952862 copySeconds=0.00046473600156605272
REACTIVE_ATTEMPT_PROFILE attempt=6 accepted=1 retry=0 sourceCalls=0 fullPhaseEvaluations=0 scalarProbes=0 rootChecks=0 matrixFreeProducts=0 factorBuilds=0 workerJobElapsedSeconds=0
REACTIVE_STEP time=2.5695919508196773e-07 dt=5.1523808946456375e-08 retries=0 massResidual=-2.0976288770755391e-14 energyResidual=-2.6475904931313982e-14 momentumResidual=3.2619185945048781e-20 globalElementResidual=2.7284161008585328e-14 frozenLiquidResidual=0 speciesResidual=2.6492947860138359e-14 elementDrift=0 minP=3941830.6806356627 maxP=3999999.9999999967 minT=283.637316596549 maxT=293.14999999999998 maxMach=0.0028300739906587202 minAlphaGas=0.99999999999999956 maxAlphaGas=1.0000000000000004 maxVolumeResidual=4.4408920985006262e-16 maxUVResidual=4.7768515920674483e-10 maxMuResidual=0 maxMechanicalResidual=0 seconds=3.6958992749999999
REACTIVE_CAPILLARY_STEP time=2.5695919508196773e-07 area=3.9999999999999949e-05 surfaceEnergy=8.2309093596113842e-08 liquidMass=0 closureResidual=0 recoveryCalls=11 outerIterations=11
REACTIVE_STEP_TIMINGS time=2.5695919508196773e-07 cflSeconds=0.56384076100000002 backupSeconds=0.307376653 transportSeconds=0.79619571700000003 recoverySeconds=1.9814791380000001 sourceSeconds=0 conservationSeconds=0.018947347999999999 diagnosticsSeconds=0.028017825 nestedBatchPackSeconds=0.10427186199999999 nestedBatchCallSeconds=1.107455718 nestedBatchScatterSeconds=0 nestedScalarPropertySeconds=0.42270280500000001 otherSeconds=4.183299999940826e-05
REACTIVE_GPU_HEM_STEP time=2.5695919508196773e-07 batches=8 submitted=9259 succeeded=9259 cpuFallbacks=0 deviceFailures=0 phaseEvaluations=8711179 residualEvaluations=14696047 analyticJacobians=0 finiteDifferenceJacobians=667955 wallSeconds=0.71673722899999959 kernelSeconds=0.7159780623316756 copySeconds=0.0005678080059587959
REACTIVE_ATTEMPT_PROFILE attempt=7 accepted=1 retry=0 sourceCalls=0 fullPhaseEvaluations=0 scalarProbes=0 rootChecks=0 matrixFreeProducts=0 factorBuilds=0 workerJobElapsedSeconds=0
REACTIVE_STEP time=3.085612194622158e-07 dt=5.1602024380248048e-08 retries=0 massResidual=-1.6171392357656869e-14 energyResidual=-2.5092986490320833e-14 momentumResidual=3.7238594830771324e-20 globalElementResidual=2.5177096241968033e-14 frozenLiquidResidual=0 speciesResidual=2.444698571541265e-14 elementDrift=0 minP=3928369.9383886824 maxP=3999999.9999999967 minT=281.64904415684163 maxT=293.14999999999998 maxMach=0.0032681741193413029 minAlphaGas=0.99999999999999956 maxAlphaGas=1.0000000000000004 maxVolumeResidual=4.4408920985006262e-16 maxUVResidual=9.871994638167761e-10 maxMuResidual=0 maxMechanicalResidual=0 seconds=3.6928012030000001
REACTIVE_CAPILLARY_STEP time=3.085612194622158e-07 area=3.9999999999999949e-05 surfaceEnergy=8.2309093596113842e-08 liquidMass=0 closureResidual=0 recoveryCalls=13 outerIterations=13
REACTIVE_STEP_TIMINGS time=3.085612194622158e-07 cflSeconds=0.56530426900000008 backupSeconds=0.308217519 transportSeconds=0.79666397799999999 recoverySeconds=1.97744305 sourceSeconds=0 conservationSeconds=0.016705762999999998 diagnosticsSeconds=0.028424174 nestedBatchPackSeconds=0.103854005 nestedBatchCallSeconds=1.097351046 nestedBatchScatterSeconds=0 nestedScalarPropertySeconds=0.42214185500000001 otherSeconds=4.2449999999815552e-05
REACTIVE_GPU_HEM_STEP time=3.085612194622158e-07 batches=8 submitted=12849 succeeded=12849 cpuFallbacks=0 deviceFailures=0 phaseEvaluations=12069781 residualEvaluations=20367458 analyticJacobians=0 finiteDifferenceJacobians=925704 wallSeconds=0.70716907799999973 kernelSeconds=0.70626424142718358 copySeconds=0.00067740800045430717
REACTIVE_ATTEMPT_PROFILE attempt=8 accepted=1 retry=0 sourceCalls=0 fullPhaseEvaluations=0 scalarProbes=0 rootChecks=0 matrixFreeProducts=0 factorBuilds=0 workerJobElapsedSeconds=0
REACTIVE_STEP time=3.6024736279202321e-07 dt=5.1686143329807405e-08 retries=0 massResidual=-3.1081747188722406e-14 energyResidual=-1.6908000497841457e-14 momentumResidual=2.9921451155786813e-20 globalElementResidual=4.0079353732454966e-14 frozenLiquidResidual=0 speciesResidual=3.891709385482498e-14 elementDrift=0 minP=3914744.0401798226 maxP=3999999.9999999967 minT=279.66103380584519 maxT=293.14999999999998 maxMach=0.0036798371068206439 minAlphaGas=0.99999999999999967 maxAlphaGas=1.0000000000000004 maxVolumeResidual=4.4408920985006262e-16 maxUVResidual=7.9144418145808555e-10 maxMuResidual=0 maxMechanicalResidual=0 seconds=3.7378824009999998
REACTIVE_CAPILLARY_STEP time=3.6024736279202321e-07 area=3.9999999999999949e-05 surfaceEnergy=8.2309093596113842e-08 liquidMass=0 closureResidual=0 recoveryCalls=15 outerIterations=15
REACTIVE_STEP_TIMINGS time=3.6024736279202321e-07 cflSeconds=0.56472783999999998 backupSeconds=0.30774817900000001 transportSeconds=0.7974154 recoverySeconds=2.023164322 sourceSeconds=0 conservationSeconds=0.016652803000000001 diagnosticsSeconds=0.028129845000000001 nestedBatchPackSeconds=0.10422224599999999 nestedBatchCallSeconds=1.1461341890000001 nestedBatchScatterSeconds=0 nestedScalarPropertySeconds=0.42134027899999998 otherSeconds=4.4011999999572782e-05
REACTIVE_GPU_HEM_STEP time=3.6024736279202321e-07 batches=8 submitted=16302 succeeded=16302 cpuFallbacks=0 deviceFailures=0 phaseEvaluations=15408748 residualEvaluations=25909570 analyticJacobians=0 finiteDifferenceJacobians=1181162 wallSeconds=0.75501531900000129 kernelSeconds=0.75390051835775385 copySeconds=0.00083907199651002884
REACTIVE_ATTEMPT_PROFILE attempt=9 accepted=1 retry=0 sourceCalls=0 fullPhaseEvaluations=0 scalarProbes=0 rootChecks=0 matrixFreeProducts=0 factorBuilds=0 workerJobElapsedSeconds=0
REACTIVE_STEP time=4.119406301475042e-07 dt=5.1693267355480975e-08 retries=0 massResidual=-3.3168668123988688e-14 energyResidual=-3.429378415739665e-14 momentumResidual=3.5045915413015021e-20 globalElementResidual=4.2324617214530513e-14 frozenLiquidResidual=0 speciesResidual=4.1097241462481672e-14 elementDrift=0 minP=3901140.2927643307 maxP=3999999.9999999967 minT=277.6871765234842 maxT=293.14999999999998 maxMach=0.0040712879645590254 minAlphaGas=0.99999999999999956 maxAlphaGas=1.0000000000000004 maxVolumeResidual=4.4408920985006262e-16 maxUVResidual=5.1672278248218365e-10 maxMuResidual=0 maxMechanicalResidual=0 seconds=3.7370154809999998
REACTIVE_CAPILLARY_STEP time=4.119406301475042e-07 area=3.9999999999999949e-05 surfaceEnergy=8.2309093596113842e-08 liquidMass=0 closureResidual=0 recoveryCalls=17 outerIterations=17
REACTIVE_STEP_TIMINGS time=4.119406301475042e-07 cflSeconds=0.56735183199999994 backupSeconds=0.30805816600000002 transportSeconds=0.79656034599999992 recoverySeconds=2.0188405759999997 sourceSeconds=0 conservationSeconds=0.018054883000000001 diagnosticsSeconds=0.028107740999999999 nestedBatchPackSeconds=0.10395607500000001 nestedBatchCallSeconds=1.1423800829999999 nestedBatchScatterSeconds=0 nestedScalarPropertySeconds=0.42252237199999998 otherSeconds=4.1937000000588642e-05
REACTIVE_GPU_HEM_STEP time=4.119406301475042e-07 batches=8 submitted=19252 succeeded=19252 cpuFallbacks=0 deviceFailures=0 phaseEvaluations=18172344 residualEvaluations=30616359 analyticJacobians=0 finiteDifferenceJacobians=1393531 wallSeconds=0.75115331800000007 kernelSeconds=0.74995253276824947 copySeconds=0.00088313599303364767
REACTIVE_ATTEMPT_PROFILE attempt=10 accepted=1 retry=0 sourceCalls=0 fullPhaseEvaluations=0 scalarProbes=0 rootChecks=0 matrixFreeProducts=0 factorBuilds=0 workerJobElapsedSeconds=0
REACTIVE_STEP time=4.6363091238199947e-07 dt=5.16902822344953e-08 retries=0 massResidual=-3.2261444928994685e-14 energyResidual=-2.727044246455988e-14 momentumResidual=6.257759237192138e-20 globalElementResidual=4.129070477139045e-14 frozenLiquidResidual=0 speciesResidual=4.0093315889763408e-14 elementDrift=0 minP=3887713.0415848573 maxP=3999999.9999999967 minT=275.73771929538105 maxT=293.14999999999998 maxMach=0.0044486220611129048 minAlphaGas=0.99999999999999956 maxAlphaGas=1.0000000000000004 maxVolumeResidual=4.4408920985006262e-16 maxUVResidual=9.9898041921652162e-10 maxMuResidual=0 maxMechanicalResidual=0 seconds=3.7430183189999999
REACTIVE_CAPILLARY_STEP time=4.6363091238199947e-07 area=3.9999999999999949e-05 surfaceEnergy=8.2309093596113842e-08 liquidMass=0 closureResidual=0 recoveryCalls=19 outerIterations=19
REACTIVE_STEP_TIMINGS time=4.6363091238199947e-07 cflSeconds=0.56437321099999993 backupSeconds=0.30893891800000001 transportSeconds=0.80099490200000001 recoverySeconds=2.0216957340000001 sourceSeconds=0 conservationSeconds=0.018811887999999999 diagnosticsSeconds=0.028159356 nestedBatchPackSeconds=0.10417501899999999 nestedBatchCallSeconds=1.1439363180000002 nestedBatchScatterSeconds=0 nestedScalarPropertySeconds=0.42290934400000002 otherSeconds=4.4310000000127164e-05
REACTIVE_GPU_HEM_STEP time=4.6363091238199947e-07 batches=8 submitted=21610 succeeded=21610 cpuFallbacks=0 deviceFailures=0 phaseEvaluations=20155714 residualEvaluations=33977194 analyticJacobians=0 finiteDifferenceJacobians=1545699 wallSeconds=0.75296560499999998 kernelSeconds=0.75169564518332432 copySeconds=0.00092060798034071956
REACTIVE_ATTEMPT_PROFILE attempt=11 accepted=1 retry=0 sourceCalls=0 fullPhaseEvaluations=0 scalarProbes=0 rootChecks=0 matrixFreeProducts=0 factorBuilds=0 workerJobElapsedSeconds=0
REACTIVE_STEP time=5.1531403808314355e-07 dt=5.1683125701144079e-08 retries=0 massResidual=-3.359227905359613e-14 energyResidual=-1.6612414019185522e-14 momentumResidual=6.6482532683318832e-20 globalElementResidual=4.2759202927453881e-14 frozenLiquidResidual=0 speciesResidual=4.1519225301948221e-14 elementDrift=0 minP=3874598.8881654916 maxP=3999999.9999999967 minT=273.82157533031597 maxT=293.14999999999998 maxMach=0.0048171205772776365 minAlphaGas=0.99999999999999956 maxAlphaGas=1.0000000000000004 maxVolumeResidual=4.4408920985006262e-16 maxUVResidual=9.9741310807681166e-10 maxMuResidual=0 maxMechanicalResidual=0 seconds=3.7568345810000001
REACTIVE_CAPILLARY_STEP time=5.1531403808314355e-07 area=3.9999999999999949e-05 surfaceEnergy=8.2309093596113842e-08 liquidMass=0 closureResidual=0 recoveryCalls=21 outerIterations=21
REACTIVE_STEP_TIMINGS time=5.1531403808314355e-07 cflSeconds=0.56661758900000003 backupSeconds=0.30763920900000002 transportSeconds=0.79998702600000005 recoverySeconds=2.0371622599999997 sourceSeconds=0 conservationSeconds=0.017164493999999999 diagnosticsSeconds=0.028221947000000001 nestedBatchPackSeconds=0.104231451 nestedBatchCallSeconds=1.151496359 nestedBatchScatterSeconds=0 nestedScalarPropertySeconds=0.42445639499999999 otherSeconds=4.2056000000068039e-05
REACTIVE_GPU_HEM_STEP time=5.1531403808314355e-07 batches=8 submitted=23240 succeeded=23240 cpuFallbacks=0 deviceFailures=0 phaseEvaluations=21523110 residualEvaluations=36255564 analyticJacobians=0 finiteDifferenceJacobians=1650366 wallSeconds=0.759966629 kernelSeconds=0.7586086051762102 copySeconds=0.00097673599235713511
REACTIVE_ATTEMPT_PROFILE attempt=12 accepted=1 retry=0 sourceCalls=0 fullPhaseEvaluations=0 scalarProbes=0 rootChecks=0 matrixFreeProducts=0 factorBuilds=0 workerJobElapsedSeconds=0
REACTIVE_STEP time=5.669890027850069e-07 dt=5.1674964701863312e-08 retries=0 massResidual=-3.050774585917564e-14 energyResidual=-3.4158136614565071e-14 momentumResidual=7.0079512402334781e-20 globalElementResidual=4.4302059784675594e-14 frozenLiquidResidual=0 speciesResidual=4.3017338450588024e-14 elementDrift=0 minP=3861917.3957012519 maxP=3999999.9999999967 minT=271.9464272956597 maxT=293.14999999999998 maxMach=0.0051812852451368725 minAlphaGas=0.99999999999999956 maxAlphaGas=1.0000000000000004 maxVolumeResidual=4.4408920985006262e-16 maxUVResidual=9.9918582343181058e-10 maxMuResidual=0 maxMechanicalResidual=0 seconds=3.7450855249999999
REACTIVE_CAPILLARY_STEP time=5.669890027850069e-07 area=3.9999999999999949e-05 surfaceEnergy=8.2309093596113842e-08 liquidMass=0 closureResidual=0 recoveryCalls=23 outerIterations=23
REACTIVE_STEP_TIMINGS time=5.669890027850069e-07 cflSeconds=0.56351846999999999 backupSeconds=0.309272767 transportSeconds=0.79822082000000005 recoverySeconds=2.029302548 sourceSeconds=0 conservationSeconds=0.016616064 diagnosticsSeconds=0.028112437000000001 nestedBatchPackSeconds=0.104648529 nestedBatchCallSeconds=1.1518284829999998 nestedBatchScatterSeconds=0 nestedScalarPropertySeconds=0.42245966199999996 otherSeconds=4.2418999999935952e-05
REACTIVE_GPU_HEM_STEP time=5.669890027850069e-07 batches=8 submitted=24702 succeeded=24702 cpuFallbacks=0 deviceFailures=0 phaseEvaluations=22742118 residualEvaluations=38287164 analyticJacobians=0 finiteDifferenceJacobians=1743714 wallSeconds=0.75872245399999994 kernelSeconds=0.75729401057958601 copySeconds=0.0010300479754805558
REACTIVE_ATTEMPT_PROFILE attempt=13 accepted=1 retry=0 sourceCalls=0 fullPhaseEvaluations=0 scalarProbes=0 rootChecks=0 matrixFreeProducts=0 factorBuilds=0 workerJobElapsedSeconds=0
REACTIVE_STEP time=6.1865518306900021e-07 dt=5.1666180283993265e-08 retries=0 massResidual=-3.4323127248588207e-14 energyResidual=-3.3643736593571281e-14 momentumResidual=6.3242787251465426e-20 globalElementResidual=4.5758677652996632e-14 frozenLiquidResidual=0 speciesResidual=4.4431711409604004e-14 elementDrift=0 minP=3849772.175460469 maxP=3999999.9999999967 minT=270.11885245221532 maxT=293.14999999999998 maxMach=0.0055449770754679335 minAlphaGas=0.99999999999999944 maxAlphaGas=1.0000000000000004 maxVolumeResidual=5.5511151231257827e-16 maxUVResidual=9.9797149132229684e-10 maxMuResidual=0 maxMechanicalResidual=0 seconds=3.7451859139999999
REACTIVE_CAPILLARY_STEP time=6.1865518306900021e-07 area=3.9999999999999949e-05 surfaceEnergy=8.2309093596113842e-08 liquidMass=0 closureResidual=0 recoveryCalls=25 outerIterations=25
REACTIVE_STEP_TIMINGS time=6.1865518306900021e-07 cflSeconds=0.56406812400000006 backupSeconds=0.30937065200000002 transportSeconds=0.7995658160000001 recoverySeconds=2.0262315900000001 sourceSeconds=0 conservationSeconds=0.017635371 diagnosticsSeconds=0.028269161000000001 nestedBatchPackSeconds=0.10443962800000001 nestedBatchCallSeconds=1.1523653980000002 nestedBatchScatterSeconds=0 nestedScalarPropertySeconds=0.42211049099999998 otherSeconds=4.519999999951993e-05
REACTIVE_GPU_HEM_STEP time=6.1865518306900021e-07 batches=8 submitted=25482 succeeded=25482 cpuFallbacks=0 deviceFailures=0 phaseEvaluations=23575846 residualEvaluations=39679719 analyticJacobians=0 finiteDifferenceJacobians=1807603 wallSeconds=0.76072331400000071 kernelSeconds=0.75924991402030173 copySeconds=0.0010546879917383203
REACTIVE_ATTEMPT_PROFILE attempt=14 accepted=1 retry=0 sourceCalls=0 fullPhaseEvaluations=0 scalarProbes=0 rootChecks=0 matrixFreeProducts=0 factorBuilds=0 workerJobElapsedSeconds=0
REACTIVE_STEP time=6.7031229381813438e-07 dt=5.1657110749134149e-08 retries=0 massResidual=-3.5491755205612444e-14 energyResidual=-2.8769200064551919e-14 momentumResidual=7.8221990464901719e-20 globalElementResidual=4.9458832512432287e-14 frozenLiquidResidual=0 speciesResidual=4.8024573966124151e-14 elementDrift=0 minP=3838251.6549899043 maxP=3999999.9999999967 minT=268.34436776662778 maxT=293.14999999999998 maxMach=0.0059115798151306229 minAlphaGas=0.99999999999999967 maxAlphaGas=1.0000000000000004 maxVolumeResidual=4.4408920985006262e-16 maxUVResidual=9.6534335240229249e-10 maxMuResidual=0 maxMechanicalResidual=0 seconds=3.743076243
REACTIVE_CAPILLARY_STEP time=6.7031229381813438e-07 area=3.9999999999999949e-05 surfaceEnergy=8.2309093596113842e-08 liquidMass=0 closureResidual=0 recoveryCalls=27 outerIterations=27
REACTIVE_STEP_TIMINGS time=6.7031229381813438e-07 cflSeconds=0.56684303800000002 backupSeconds=0.31118407100000001 transportSeconds=0.79884442999999994 recoverySeconds=2.018110064 sourceSeconds=0 conservationSeconds=0.019958528999999999 diagnosticsSeconds=0.028092010000000001 nestedBatchPackSeconds=0.10415787899999999 nestedBatchCallSeconds=1.1402296660000002 nestedBatchScatterSeconds=0 nestedScalarPropertySeconds=0.422197928 otherSeconds=4.4100999999966556e-05
REACTIVE_GPU_HEM_STEP time=6.7031229381813438e-07 batches=8 submitted=26733 succeeded=26733 cpuFallbacks=0 deviceFailures=0 phaseEvaluations=24379455 residualEvaluations=41047627 analyticJacobians=0 finiteDifferenceJacobians=1869254 wallSeconds=0.74753332399999728 kernelSeconds=0.74601663458347467 copySeconds=0.0010850880295038209
REACTIVE_ATTEMPT_PROFILE attempt=15 accepted=1 retry=0 sourceCalls=0 fullPhaseEvaluations=0 scalarProbes=0 rootChecks=0 matrixFreeProducts=0 factorBuilds=0 workerJobElapsedSeconds=0
REACTIVE_STEP time=7.2196027494187811e-07 dt=5.1647981123743769e-08 retries=0 massResidual=-3.5089747055026412e-14 energyResidual=-4.1471250356883969e-14 momentumResidual=8.2151567623689691e-20 globalElementResidual=4.8916580844766353e-14 frozenLiquidResidual=0 speciesResidual=4.749803785289181e-14 elementDrift=0 minP=3827430.4623545487 maxP=3999999.9999999967 minT=266.62751168678489 maxT=293.14999999999998 maxMach=0.0062841638470652952 minAlphaGas=0.99999999999999956 maxAlphaGas=1.0000000000000004 maxVolumeResidual=4.4408920985006262e-16 maxUVResidual=9.9742426623577364e-10 maxMuResidual=0 maxMechanicalResidual=0 seconds=3.808421031
REACTIVE_CAPILLARY_STEP time=7.2196027494187811e-07 area=3.9999999999999949e-05 surfaceEnergy=8.2309093596113842e-08 liquidMass=0 closureResidual=0 recoveryCalls=29 outerIterations=29
REACTIVE_STEP_TIMINGS time=7.2196027494187811e-07 cflSeconds=0.57737587000000001 backupSeconds=0.30947282800000003 transportSeconds=0.80208425399999994 recoverySeconds=2.0730750909999998 sourceSeconds=0 conservationSeconds=0.017665075999999998 diagnosticsSeconds=0.028705147 nestedBatchPackSeconds=0.10494861 nestedBatchCallSeconds=1.1894193769999999 nestedBatchScatterSeconds=0 nestedScalarPropertySeconds=0.43457288700000007 otherSeconds=4.2765000000156289e-05
REACTIVE_GPU_HEM_STEP time=7.2196027494187811e-07 batches=8 submitted=27515 succeeded=27515 cpuFallbacks=0 deviceFailures=0 phaseEvaluations=25262965 residualEvaluations=42536993 analyticJacobians=0 finiteDifferenceJacobians=1936897 wallSeconds=0.79657424200000015 kernelSeconds=0.79500720801949498 copySeconds=0.0011205119751393801
REACTIVE_ATTEMPT_PROFILE attempt=16 accepted=1 retry=0 sourceCalls=0 fullPhaseEvaluations=0 scalarProbes=0 rootChecks=0 matrixFreeProducts=0 factorBuilds=0 workerJobElapsedSeconds=0
REACTIVE_STEP time=7.7359918513821132e-07 dt=5.1638910196333159e-08 retries=0 massResidual=-4.5950022271831382e-14 energyResidual=-3.9324742875706263e-14 momentumResidual=8.5323561725219179e-20 globalElementResidual=5.7595199058259652e-14 frozenLiquidResidual=0 speciesResidual=5.5924987798428268e-14 elementDrift=0 minP=3817372.0324714975 maxP=3999999.9999999967 minT=264.97199313054642 maxT=293.14999999999998 maxMach=0.0066656749072488333 minAlphaGas=0.99999999999999944 maxAlphaGas=1.0000000000000004 maxVolumeResidual=5.5511151231257827e-16 maxUVResidual=9.9641799977873368e-10 maxMuResidual=0 maxMechanicalResidual=0 seconds=3.7731136599999999
REACTIVE_CAPILLARY_STEP time=7.7359918513821132e-07 area=3.9999999999999949e-05 surfaceEnergy=8.2309093596113842e-08 liquidMass=0 closureResidual=0 recoveryCalls=31 outerIterations=31
REACTIVE_STEP_TIMINGS time=7.7359918513821132e-07 cflSeconds=0.56663005799999999 backupSeconds=0.30839830200000001 transportSeconds=0.79896642600000001 recoverySeconds=2.052639385 sourceSeconds=0 conservationSeconds=0.018367392 diagnosticsSeconds=0.028069317 nestedBatchPackSeconds=0.10411135399999999 nestedBatchCallSeconds=1.1745356669999998 nestedBatchScatterSeconds=0 nestedScalarPropertySeconds=0.42477138199999998 otherSeconds=4.2780000000207374e-05
REACTIVE_GPU_HEM_STEP time=7.7359918513821132e-07 batches=8 submitted=28298 succeeded=28298 cpuFallbacks=0 deviceFailures=0 phaseEvaluations=26039772 residualEvaluations=43893328 analyticJacobians=0 finiteDifferenceJacobians=1996863 wallSeconds=0.78258255100000085 kernelSeconds=0.78101216909289306 copySeconds=0.0011163200046867133
REACTIVE_ATTEMPT_PROFILE attempt=17 accepted=1 retry=0 sourceCalls=0 fullPhaseEvaluations=0 scalarProbes=0 rootChecks=0 matrixFreeProducts=0 factorBuilds=0 workerJobElapsedSeconds=0
REACTIVE_STEP time=8.2522913422634094e-07 dt=5.1629949088129583e-08 retries=0 massResidual=-4.2847679851795158e-14 energyResidual=-4.4495955737738776e-14 momentumResidual=8.8575625580767845e-20 globalElementResidual=5.5185669896906665e-14 frozenLiquidResidual=0 speciesResidual=5.3585335325540923e-14 elementDrift=0 minP=3808134.5408395967 maxP=3999999.9999999967 minT=263.38102595053419 maxT=293.14999999999998 maxMach=0.0070591012777552371 minAlphaGas=0.99999999999999956 maxAlphaGas=1.0000000000000004 maxVolumeResidual=4.4408920985006262e-16 maxUVResidual=9.8289797185060883e-10 maxMuResidual=0 maxMechanicalResidual=0 seconds=3.7689692909999999
REACTIVE_CAPILLARY_STEP time=8.2522913422634094e-07 area=3.9999999999999949e-05 surfaceEnergy=8.2309093596113842e-08 liquidMass=0 closureResidual=0 recoveryCalls=33 outerIterations=33
REACTIVE_STEP_TIMINGS time=8.2522913422634094e-07 cflSeconds=0.56631527699999995 backupSeconds=0.30899297199999998 transportSeconds=0.79938458899999998 recoverySeconds=2.0486536530000001 sourceSeconds=0 conservationSeconds=0.017554617000000002 diagnosticsSeconds=0.028025159000000001 nestedBatchPackSeconds=0.104163169 nestedBatchCallSeconds=1.1731562910000002 nestedBatchScatterSeconds=0 nestedScalarPropertySeconds=0.422218543 otherSeconds=4.302399999984996e-05
REACTIVE_GPU_HEM_STEP time=8.2522913422634094e-07 batches=8 submitted=29378 succeeded=29378 cpuFallbacks=0 deviceFailures=0 phaseEvaluations=26828122 residualEvaluations=45205982 analyticJacobians=0 finiteDifferenceJacobians=2057194 wallSeconds=0.78224183600000075 kernelSeconds=0.7806332187950602 copySeconds=0.0011415679994970576
REACTIVE_ATTEMPT_PROFILE attempt=18 accepted=1 retry=0 sourceCalls=0 fullPhaseEvaluations=0 scalarProbes=0 rootChecks=0 matrixFreeProducts=0 factorBuilds=0 workerJobElapsedSeconds=0
REACTIVE_STEP time=8.7685025274000312e-07 dt=5.1621118513662214e-08 retries=0 massResidual=-5.5191505420190324e-14 energyResidual=-4.537153573983618e-14 momentumResidual=9.2147968452393274e-20 globalElementResidual=6.9105668996703431e-14 frozenLiquidResidual=0 speciesResidual=6.7101668913219843e-14 elementDrift=0 minP=3799788.3703867858 maxP=3999999.9999999967 minT=261.85832678145397 maxT=293.14999999999998 maxMach=0.0074675500066098402 minAlphaGas=0.99999999999999956 maxAlphaGas=1.0000000000000004 maxVolumeResidual=4.4408920985006262e-16 maxUVResidual=9.9618713863622229e-10 maxMuResidual=0 maxMechanicalResidual=0 seconds=3.7572450709999998
REACTIVE_CAPILLARY_STEP time=8.7685025274000312e-07 area=3.9999999999999949e-05 surfaceEnergy=8.2309093596113842e-08 liquidMass=0 closureResidual=0 recoveryCalls=35 outerIterations=35
REACTIVE_STEP_TIMINGS time=8.7685025274000312e-07 cflSeconds=0.56569973200000001 backupSeconds=0.30787832399999998 transportSeconds=0.81653723899999997 recoverySeconds=2.019742725 sourceSeconds=0 conservationSeconds=0.019282451999999999 diagnosticsSeconds=0.028062232999999999 nestedBatchPackSeconds=0.104216129 nestedBatchCallSeconds=1.146213997 nestedBatchScatterSeconds=0 nestedScalarPropertySeconds=0.42428177200000006 otherSeconds=4.2365999999849357e-05
REACTIVE_GPU_HEM_STEP time=8.7685025274000312e-07 batches=8 submitted=30186 succeeded=30186 cpuFallbacks=0 deviceFailures=0 phaseEvaluations=27451194 residualEvaluations=46208974 analyticJacobians=0 finiteDifferenceJacobians=2104579 wallSeconds=0.75342048999999811 kernelSeconds=0.7517435975670832 copySeconds=0.0011895359922200442
REACTIVE_ATTEMPT_PROFILE attempt=19 accepted=1 retry=0 sourceCalls=0 fullPhaseEvaluations=0 scalarProbes=0 rootChecks=0 matrixFreeProducts=0 factorBuilds=0 workerJobElapsedSeconds=0
REACTIVE_STEP time=9.2846268852740681e-07 dt=5.1612435787403749e-08 retries=0 massResidual=-4.9707306209825429e-14 energyResidual=-5.216574398077733e-14 momentumResidual=9.5233733588055929e-20 globalElementResidual=6.5279913724615048e-14 frozenLiquidResidual=0 speciesResidual=6.3386843798611481e-14 elementDrift=0 minP=3792463.6414110032 maxP=3999999.9999999967 minT=260.41094358385408 maxT=293.14999999999998 maxMach=0.007894205938407799 minAlphaGas=0.99999999999999944 maxAlphaGas=1.0000000000000004 maxVolumeResidual=5.5511151231257827e-16 maxUVResidual=9.8294869297051824e-10 maxMuResidual=0 maxMechanicalResidual=0 seconds=3.7447960290000002
REACTIVE_CAPILLARY_STEP time=9.2846268852740681e-07 area=3.9999999999999949e-05 surfaceEnergy=8.2309093596113842e-08 liquidMass=0 closureResidual=0 recoveryCalls=37 outerIterations=37
REACTIVE_STEP_TIMINGS time=9.2846268852740681e-07 cflSeconds=0.56246051100000005 backupSeconds=0.30783512499999999 transportSeconds=0.80078891699999999 recoverySeconds=2.0281660669999999 sourceSeconds=0 conservationSeconds=0.017222247999999999 diagnosticsSeconds=0.028280521999999999 nestedBatchPackSeconds=0.10358318999999999 nestedBatchCallSeconds=1.148807661 nestedBatchScatterSeconds=0 nestedScalarPropertySeconds=0.42341637700000001 otherSeconds=4.2639000000704863e-05
REACTIVE_GPU_HEM_STEP time=9.2846268852740681e-07 batches=8 submitted=30871 succeeded=30871 cpuFallbacks=0 deviceFailures=0 phaseEvaluations=28383059 residualEvaluations=47804078 analyticJacobians=0 finiteDifferenceJacobians=2176082 wallSeconds=0.75741145999999837 kernelSeconds=0.75573123222589267 copySeconds=0.0011875199880450969
REACTIVE_ATTEMPT_PROFILE attempt=20 accepted=1 retry=0 sourceCalls=0 fullPhaseEvaluations=0 scalarProbes=0 rootChecks=0 matrixFreeProducts=0 factorBuilds=0 workerJobElapsedSeconds=0
REACTIVE_STEP time=9.8006661889612356e-07 dt=5.1603930368716791e-08 retries=0 massResidual=-5.397591251765551e-14 energyResidual=-5.3559027273775956e-14 momentumResidual=1.0136137947496689e-19 globalElementResidual=6.8335636936280649e-14 frozenLiquidResidual=0 speciesResidual=6.6353967020274749e-14 elementDrift=0 minP=3785812.0690040067 maxP=3999999.9999999967 minT=259.01960528345217 maxT=293.14999999999998 maxMach=0.008342183596212107 minAlphaGas=0.99999999999999956 maxAlphaGas=1.0000000000000004 maxVolumeResidual=4.4408920985006262e-16 maxUVResidual=9.8360004226737399e-10 maxMuResidual=0 maxMechanicalResidual=0 seconds=3.745906561
REACTIVE_CAPILLARY_STEP time=9.8006661889612356e-07 area=3.9999999999999949e-05 surfaceEnergy=8.2309093596113842e-08 liquidMass=0 closureResidual=0 recoveryCalls=39 outerIterations=39
REACTIVE_STEP_TIMINGS time=9.8006661889612356e-07 cflSeconds=0.56497191899999999 backupSeconds=0.30968084699999998 transportSeconds=0.80051923000000003 recoverySeconds=2.0242261189999997 sourceSeconds=0 conservationSeconds=0.018323191999999999 diagnosticsSeconds=0.028142898 nestedBatchPackSeconds=0.103683359 nestedBatchCallSeconds=1.1492094290000001 nestedBatchScatterSeconds=0 nestedScalarPropertySeconds=0.42271982800000002 otherSeconds=4.2356000000260546e-05
REACTIVE_GPU_HEM_STEP time=9.8006661889612356e-07 batches=8 submitted=31822 succeeded=31822 cpuFallbacks=0 deviceFailures=0 phaseEvaluations=29212108 residualEvaluations=49202917 analyticJacobians=0 finiteDifferenceJacobians=2239671 wallSeconds=0.75601527899999965 kernelSeconds=0.75430245301127563 copySeconds=0.0012049600053578614
REACTIVE_ATTEMPT_PROFILE attempt=21 accepted=1 retry=0 sourceCalls=0 fullPhaseEvaluations=0 scalarProbes=0 rootChecks=0 matrixFreeProducts=0 factorBuilds=0 workerJobElapsedSeconds=0
REACTIVE_STEP time=9.9999999999999995e-07 dt=1.9933381103876391e-08 retries=0 massResidual=-4.9399136801678419e-14 energyResidual=-5.5233549168995835e-14 momentumResidual=1.0245608314319801e-19 globalElementResidual=6.623425717941048e-14 frozenLiquidResidual=0 speciesResidual=6.4313523150112754e-14 elementDrift=0 minP=3783274.2444110783 maxP=3999999.9999999967 minT=258.48871606519134 maxT=293.14999999999998 maxMach=0.0085216472919265335 minAlphaGas=0.99999999999999956 maxAlphaGas=1.0000000000000004 maxVolumeResidual=4.4408920985006262e-16 maxUVResidual=9.9099349619650235e-10 maxMuResidual=0 maxMechanicalResidual=0 seconds=3.7485223909999998
REACTIVE_CAPILLARY_STEP time=9.9999999999999995e-07 area=3.9999999999999949e-05 surfaceEnergy=8.2309093596113842e-08 liquidMass=0 closureResidual=0 recoveryCalls=41 outerIterations=41
REACTIVE_STEP_TIMINGS time=9.9999999999999995e-07 cflSeconds=0.56466038299999999 backupSeconds=0.30873550900000002 transportSeconds=0.80010916099999996 recoverySeconds=2.0281779110000002 sourceSeconds=0 conservationSeconds=0.017630249000000001 diagnosticsSeconds=0.029167241 nestedBatchPackSeconds=0.10445226099999999 nestedBatchCallSeconds=1.1536423649999998 nestedBatchScatterSeconds=0 nestedScalarPropertySeconds=0.42238922400000001 otherSeconds=4.1936999999655361e-05
REACTIVE_GPU_HEM_STEP time=9.9999999999999995e-07 batches=8 submitted=32510 succeeded=32510 cpuFallbacks=0 deviceFailures=0 phaseEvaluations=29693286 residualEvaluations=49983789 analyticJacobians=0 finiteDifferenceJacobians=2276460 wallSeconds=0.76029756300000173 kernelSeconds=0.75848421099781937 copySeconds=0.0012431680262088747
REACTIVE_CHECKPOINT time=9.9999999999999995e-07 acceptedSteps=20 complete=1 schema=3
REACTIVE_PROFILE_V21 scope="prototype" jobElapsedSeconds=0 integrationFallbacks=0 chemical_rhsCalls=0 chemical_uvCalls=0 chemical_fixedStateCalls=0 chemical_jacobianCalls=0 chemical_structuredCalls=0 chemical_fallbackCalls=0 sparse_setups=0 sparse_products=0 sparse_preconditioners=0 sparse_preconditionerSolves=0 sparse_sparseIntegrations=0 sparse_denseIntegrations=0 sparse_denseFallbacks=0 sparse_nonzeros=0 timing_jvSetups=0 timing_preconditionerSetups=0 timing_jacobianCacheHits=0 timing_patternBuilds=0 timing_preconditionerReuses=0 timing_symbolicAnalyses=0 timing_numericFactorizations=0 timing_workspaceCreates=0 timing_workspaceReinitializations=0 timing_factorNonzeros=0 timing_thermoSeconds=0 timing_kineticsSeconds=0 timing_csrSeconds=0 timing_symbolicSeconds=0 timing_factorSeconds=0 timing_solveSeconds=0 realFluid_eosEvaluations=4096001 realFluid_referenceEvaluations=0 realFluid_derivativeEvaluations=0 realFluid_scalarAttempts=4096003 realFluid_scalarAccepted=4096001 realFluid_scalarFallbacks=2 realFluid_scalarIterations=0 realFluid_flashResiduals=3238 realFluid_tangentBuilds=0 realFluid_tangentSolves=0 realFluid_sourceJv=0 realFluid_sourceJvFallbacks=0 trhoStateEvaluations=4096003 densityRootChecks=4096003 fullPhaseEvaluations=16489286 energyCvEvaluations=4096003 selectedMuEvaluations=4097821 partialHEvaluations=0 scalarProbes=4096003 bracketRejects=0 branchFallbacks=2 flashCandidates=10 linearizationBuilds=0 linearizationApplies=0 FzFactorizations=0 sourceRhsCalls=0 sourceDirectionProbes=0 RzBuilds=0 JvFallbacks=0 nasaCoefficientVisits=8192004 nasaAggregateBuilds=4096003 nasaAggregateEvaluations=4096003 exactMixingEvaluations=4096003 branchCertificates=4096001 matrixFreeSetups=0 matrixFreeProducts=0 matrixFreeIntegrations=0 matrixFreeIntegrationFallbacks=0 woodburySetups=0 woodburyFactors=0 woodburySolves=0 woodburyFallbacks=0 diagnosticJvCalls=0 oneSidedProbes=0 derivativeRetries=0 sourceAttempts=0 sourceAccepted=0 sourceFailed=0
REACTIVE_PROFILE_V21 scope="worker_0" jobElapsedSeconds=0 integrationFallbacks=0 chemical_rhsCalls=0 chemical_uvCalls=0 chemical_fixedStateCalls=0 chemical_jacobianCalls=0 chemical_structuredCalls=0 chemical_fallbackCalls=0 sparse_setups=0 sparse_products=0 sparse_preconditioners=0 sparse_preconditionerSolves=0 sparse_sparseIntegrations=0 sparse_denseIntegrations=0 sparse_denseFallbacks=0 sparse_nonzeros=0 timing_jvSetups=0 timing_preconditionerSetups=0 timing_jacobianCacheHits=0 timing_patternBuilds=0 timing_preconditionerReuses=0 timing_symbolicAnalyses=0 timing_numericFactorizations=0 timing_workspaceCreates=0 timing_workspaceReinitializations=0 timing_factorNonzeros=0 timing_thermoSeconds=0 timing_kineticsSeconds=0 timing_csrSeconds=0 timing_symbolicSeconds=0 timing_factorSeconds=0 timing_solveSeconds=0 realFluid_eosEvaluations=0 realFluid_referenceEvaluations=0 realFluid_derivativeEvaluations=0 realFluid_scalarAttempts=0 realFluid_scalarAccepted=0 realFluid_scalarFallbacks=0 realFluid_scalarIterations=0 realFluid_flashResiduals=0 realFluid_tangentBuilds=0 realFluid_tangentSolves=0 realFluid_sourceJv=0 realFluid_sourceJvFallbacks=0 trhoStateEvaluations=0 densityRootChecks=0 fullPhaseEvaluations=0 energyCvEvaluations=0 selectedMuEvaluations=0 partialHEvaluations=0 scalarProbes=0 bracketRejects=0 branchFallbacks=0 flashCandidates=0 linearizationBuilds=0 linearizationApplies=0 FzFactorizations=0 sourceRhsCalls=0 sourceDirectionProbes=0 RzBuilds=0 JvFallbacks=0 nasaCoefficientVisits=0 nasaAggregateBuilds=0 nasaAggregateEvaluations=0 exactMixingEvaluations=0 branchCertificates=0 matrixFreeSetups=0 matrixFreeProducts=0 matrixFreeIntegrations=0 matrixFreeIntegrationFallbacks=0 woodburySetups=0 woodburyFactors=0 woodburySolves=0 woodburyFallbacks=0 diagnosticJvCalls=0 oneSidedProbes=0 derivativeRetries=0 sourceAttempts=0 sourceAccepted=0 sourceFailed=0
REACTIVE_PROFILE_V21 scope="workers" jobElapsedSeconds=0 integrationFallbacks=0 chemical_rhsCalls=0 chemical_uvCalls=0 chemical_fixedStateCalls=0 chemical_jacobianCalls=0 chemical_structuredCalls=0 chemical_fallbackCalls=0 sparse_setups=0 sparse_products=0 sparse_preconditioners=0 sparse_preconditionerSolves=0 sparse_sparseIntegrations=0 sparse_denseIntegrations=0 sparse_denseFallbacks=0 sparse_nonzeros=0 timing_jvSetups=0 timing_preconditionerSetups=0 timing_jacobianCacheHits=0 timing_patternBuilds=0 timing_preconditionerReuses=0 timing_symbolicAnalyses=0 timing_numericFactorizations=0 timing_workspaceCreates=0 timing_workspaceReinitializations=0 timing_factorNonzeros=0 timing_thermoSeconds=0 timing_kineticsSeconds=0 timing_csrSeconds=0 timing_symbolicSeconds=0 timing_factorSeconds=0 timing_solveSeconds=0 realFluid_eosEvaluations=0 realFluid_referenceEvaluations=0 realFluid_derivativeEvaluations=0 realFluid_scalarAttempts=0 realFluid_scalarAccepted=0 realFluid_scalarFallbacks=0 realFluid_scalarIterations=0 realFluid_flashResiduals=0 realFluid_tangentBuilds=0 realFluid_tangentSolves=0 realFluid_sourceJv=0 realFluid_sourceJvFallbacks=0 trhoStateEvaluations=0 densityRootChecks=0 fullPhaseEvaluations=0 energyCvEvaluations=0 selectedMuEvaluations=0 partialHEvaluations=0 scalarProbes=0 bracketRejects=0 branchFallbacks=0 flashCandidates=0 linearizationBuilds=0 linearizationApplies=0 FzFactorizations=0 sourceRhsCalls=0 sourceDirectionProbes=0 RzBuilds=0 JvFallbacks=0 nasaCoefficientVisits=0 nasaAggregateBuilds=0 nasaAggregateEvaluations=0 exactMixingEvaluations=0 branchCertificates=0 matrixFreeSetups=0 matrixFreeProducts=0 matrixFreeIntegrations=0 matrixFreeIntegrationFallbacks=0 woodburySetups=0 woodburyFactors=0 woodburySolves=0 woodburyFallbacks=0 diagnosticJvCalls=0 oneSidedProbes=0 derivativeRetries=0 sourceAttempts=0 sourceAccepted=0 sourceFailed=0
REACTIVE_CLOSURE_PROFILE eligibleCells=167936000 uniqueCells=401439 reusedCells=167534561 failedRepresentativeRetries=0 gpuSubmitted=0 gpuConverged=0 gpuApproved=0 gpuRejected=0 gpuUnsupported=0 gpuLaunches=0 gpuTransferBytes=0 hostBytes=25165824 liquidCacheHits=0 liquidCacheMisses=0 deviceBytes=0 classifySeconds=3.2388667810000005 prepareSeconds=0 gpuWallSeconds=0 gpuKernelSeconds=0 gpuCopySeconds=0
REACTIVE_GPU_HEM batches=164 submitted=401439 succeeded=401439 cpuFallbacks=0 deviceFailures=0 phaseEvaluations=370384345 residualEvaluations=623733956 flashCandidates=2005775 stableCandidates=401439 transferBytes=171826388 analyticJacobians=0 finiteDifferenceJacobians=28397451 hostBytes=859879768 deviceBytes=524335528 wallSeconds=14.326592813999998 kernelSeconds=14.301944861769677 copySeconds=0.017784255962818862
REACTIVE_BATCH_V21 attempted=164 accepted=164 failed=0 batchWallSeconds=22.352018494000003 workerJobSecondsSum=0 workerJobSecondsMax=0 poolScratchBytes=1665186136 flowStagingBytes=226492416 workerOwnedBytesKnownLowerBound=58104 workerInternalBytesUnmeasured=1
REACTIVE_WORKER_TIME metric=thermoSeconds sum=0 max=0
REACTIVE_WORKER_TIME metric=kineticsSeconds sum=0 max=0
REACTIVE_WORKER_TIME metric=csrSeconds sum=0 max=0
REACTIVE_WORKER_TIME metric=symbolicSeconds sum=0 max=0
REACTIVE_WORKER_TIME metric=factorSeconds sum=0 max=0
REACTIVE_WORKER_TIME metric=solveSeconds sum=0 max=0
REACTIVE_PROFILE_V21 scope="combined" jobElapsedSeconds=0 integrationFallbacks=0 chemical_rhsCalls=0 chemical_uvCalls=0 chemical_fixedStateCalls=0 chemical_jacobianCalls=0 chemical_structuredCalls=0 chemical_fallbackCalls=0 sparse_setups=0 sparse_products=0 sparse_preconditioners=0 sparse_preconditionerSolves=0 sparse_sparseIntegrations=0 sparse_denseIntegrations=0 sparse_denseFallbacks=0 sparse_nonzeros=0 timing_jvSetups=0 timing_preconditionerSetups=0 timing_jacobianCacheHits=0 timing_patternBuilds=0 timing_preconditionerReuses=0 timing_symbolicAnalyses=0 timing_numericFactorizations=0 timing_workspaceCreates=0 timing_workspaceReinitializations=0 timing_factorNonzeros=0 timing_thermoSeconds=0 timing_kineticsSeconds=0 timing_csrSeconds=0 timing_symbolicSeconds=0 timing_factorSeconds=0 timing_solveSeconds=0 realFluid_eosEvaluations=4096001 realFluid_referenceEvaluations=0 realFluid_derivativeEvaluations=0 realFluid_scalarAttempts=4096003 realFluid_scalarAccepted=4096001 realFluid_scalarFallbacks=2 realFluid_scalarIterations=0 realFluid_flashResiduals=3238 realFluid_tangentBuilds=0 realFluid_tangentSolves=0 realFluid_sourceJv=0 realFluid_sourceJvFallbacks=0 trhoStateEvaluations=4096003 densityRootChecks=4096003 fullPhaseEvaluations=16489286 energyCvEvaluations=4096003 selectedMuEvaluations=4097821 partialHEvaluations=0 scalarProbes=4096003 bracketRejects=0 branchFallbacks=2 flashCandidates=10 linearizationBuilds=0 linearizationApplies=0 FzFactorizations=0 sourceRhsCalls=0 sourceDirectionProbes=0 RzBuilds=0 JvFallbacks=0 nasaCoefficientVisits=8192004 nasaAggregateBuilds=4096003 nasaAggregateEvaluations=4096003 exactMixingEvaluations=4096003 branchCertificates=4096001 matrixFreeSetups=0 matrixFreeProducts=0 matrixFreeIntegrations=0 matrixFreeIntegrationFallbacks=0 woodburySetups=0 woodburyFactors=0 woodburySolves=0 woodburyFallbacks=0 diagnosticJvCalls=0 oneSidedProbes=0 derivativeRetries=0 sourceAttempts=0 sourceAccepted=0 sourceFailed=0
REACTIVE_CHEMISTRY scope=combined rhsCalls=0 uvCalls=0 fixedStateCalls=0 structuredCalls=0 fallbackCalls=0 integrationFallbacks=0
REACTIVE_SPARSE scope=combined nnzMeaning=last_snapshot_sum setups=0 products=0 nonzeros=0 sparseIntegrations=0 denseIntegrations=0 denseFallbacks=0
REACTIVE_CHEMICAL_PROFILE scope=combined factorNnzMeaning=last_snapshot_sum jvSetups=0 preconditionerSetups=0 jacobianREACTIVE_GPU_PRECISION linearAttempts=28397451 linearAccepted=13804379 linearFallbacks=14593072
CacheHits=0 preconditionerReuses=0 patternBuilds=0 symbolicAnalyses=0 numericFactorizations=0 factorNonzeros=0 workspaceCreates=0 workspaceReinitializations=0 thermoSeconds=0 kineticsSeconds=0 csrSeconds=0 symbolicSeconds=0 factorSeconds=0 solveSeconds=0
REACTIVE_REAL_FLUID scope=combined eosEvaluations=4096001 scalarAttempts=4096003 scalarAccepted=4096001 scalarFallbacks=2 scalarIterations=0
REACTIVE_BATCH workers=1 capacity=1048576 scratchBytes=1665186136 batches=164 cells=167936000 failures=0 scope=bounded_scratch_excludes_Cantera_CVODE_worker_allocations
REACTIVE_TRANSPORT_V21 layoutTiles=22576 layoutLaunches=22576 memcpyCalls=24254 payloadBytes=129195497496 nasaValidationEvaluations=0 nasaFaceEvaluations=0 detailedGasCounters=0 temperatureBasisBuilds=0 temperatureBasisBytes=0 pinnedBytes=1048536 deviceStagingBytes=1048536 slotCells=14563 slots=1 blockThreads=256 eventWaits=22576 failedCalls=0 stageBarrier=full closureDownloadsPerRK=2 overlapValidated=0
REACTIVE_MEMORY liveBytes=5881223312 peakBytes=5881223312 bridgeBytes=1048536 conservedWorkspaceBytes=604592640 gasWorkspaceBytes=0 rhsWorkspaceBytes=0 d2dBytes=7384320 synchronizations=660
REACTIVE_CAPILLARY_PROFILE enabled=1 geometryBuilds=146 geometryKernels=292 faceFluxBuilds=494592000 workspaceBytes=328500484 closureIterations=41
REACTIVE_WALE gradientBuilds=83 viscosityBuilds=83 cellsEvaluated=339968000 workspaceBytes=32768004
REACTIVE_WALE_SCALARS fieldUploads=0 fieldUploadBytes=0 workspaceBytes=167942400 hostEnthalpyCells=0 hostPropertySeconds=0 propertyStageSeconds=8.8662892989999982 fluxBackend=cuda
REACTIVE_WALE_PR backend=device-pr builds=83 cells=339968000 kernels=166 failures=0 inputUploadBytes=65081398512 scratchBytes=1015855456 wallSeconds=5.3490300550000001
REACTIVE_TRANSPORT allocatedBytes=5881223312 uploadedBytes=107725068076 downloadedBytes=21463045100 kernelLaunches=23600 stages=40 stepQueries=40
REACTIVE_TRANSFER conservedUploads=40 conservedUploadBytes=11796480000 conservedDownloadBytes=11796480000 stateUploadBytes=19038208000 primitiveUploadBytes=5636096000 gasUploadBytes=0 boundaryPartitions=256
REACTIVE_DEVICE_PROPERTIES builds=0 cells=0 partitionUploadBytes=0 thermoTableBytes=0 gasStatusChecks=0 cflFaceLaunches=40 transportFaceLaunches=40 faceWorkspaceBytes=1780531200
End
