/*---------------------------------------------------------------------------*\
| =========                 |                                                 |
| \\      /  F ield         | OpenFOAM: The Open Source CFD Toolbox           |
|  \\    /   O peration     | Version:  2512                                  |
|   \\  /    A nd           | Website:  www.openfoam.com                      |
|    \\/     M anipulation  |                                                 |
\*---------------------------------------------------------------------------*/
Build  : 5916a466-20260728 OPENFOAM=2512 version=v2512
Arch   : "LSB;label=32;scalar=64"
Exec   : /home/jsw/문서/analysis/spuma-multiphysics-pr-1/bin/pintleReactiveFoam -case /home/jsw/문서/analysis/spuma-multiphysics-pr-1/cases/pr1-acceptance-cpu
Date   : Sep 21 2026
Time   : 04:04:29
Host   : jsw-ubuntu
PID    : 249074
I/O    : uncollated
Case   : /home/jsw/문서/analysis/spuma-multiphysics-pr-1/cases/pr1-acceptance-cpu
nProcs : 1
memory pool : not available
fileModificationChecking : Monitoring run-time modified files using timeStampMaster (fileModificationSkew 5, maxFileModificationPolls 20)
allowSystemOperations : Allowing user-supplied system call operations

// * * * * * * * * * * * * * * * * * * * * * * * * * * * * * * * * * * * * * //
Initializing CUDA devices

CUDA Driver Version / Runtime Version:  13.2 / 13.2
Number of threads per block: 128

Create dummyMemoryPool
 
Create time

Create mesh for time = 0

REACTIVE_PHYSICAL_MODEL hash=d52430b67a052d06950ecd3e4e632ee05fc27d2519af2549a6901c7cbb419722 numericalPolicyHash=186b725b0dc58ebed1295825e3bd05ebe92d4aee56bd7d7746e0178f9d886c27 eos=Peng-Robinson realEOS=1 phaseEquilibrium=1 nonidealDiffusion=0 deviceClosure=0 deviceKinetics=0 mixtureLiquid=0
REACTIVE_BACKENDS transport=cpu thermodynamics=cpu chemistry=cpu chemicalLinearSolver=dense transportGasProperties=disabled
REACTIVE_MODEL cells=8 species=4 reactions=0 liquids=2 estimatedHostBytes=24320 chemistry=0
REACTIVE_SPECIES index=0 name=N2
REACTIVE_SPECIES index=1 name=O2
REACTIVE_SPECIES index=2 name=N2O
REACTIVE_SPECIES index=3 name=IC3H7OH
REACTIVE_ATTEMPT_PROFILE attempt=2 accepted=1 retry=0 sourceCalls=0 fullPhaseEvaluations=32 scalarProbes=16 rootChecks=16 matrixFreeProducts=0 factorBuilds=0 workerJobElapsedSeconds=0
REACTIVE_STEP time=1.1891754562443536e-05 dt=1.1891754562443536e-05 retries=0 massResidual=0 energyResidual=0 momentumResidual=0 globalElementResidual=0 speciesResidual=0 elementDrift=0 minP=1999999.9999999998 maxP=1999999.9999999998 minT=300 maxT=300 maxMach=2 minAlphaGas=1 maxAlphaGas=1.0000000000000002 maxVolumeResidual=2.2204460492503131e-16 maxUVResidual=3.178275314487694e-17 maxMuResidual=0 maxMechanicalResidual=0 seconds=0.000109567
REACTIVE_ATTEMPT_PROFILE attempt=3 accepted=1 retry=0 sourceCalls=0 fullPhaseEvaluations=32 scalarProbes=16 rootChecks=16 matrixFreeProducts=0 factorBuilds=0 workerJobElapsedSeconds=0
REACTIVE_STEP time=2.3783509124887071e-05 dt=1.1891754562443536e-05 retries=0 massResidual=0 energyResidual=0 momentumResidual=0 globalElementResidual=0 speciesResidual=0 elementDrift=0 minP=1999999.9999999998 maxP=1999999.9999999998 minT=300 maxT=300 maxMach=2 minAlphaGas=1 maxAlphaGas=1.0000000000000002 maxVolumeResidual=2.2204460492503131e-16 maxUVResidual=3.178275314487694e-17 maxMuResidual=0 maxMechanicalResidual=0 seconds=9.0273999999999997e-05
REACTIVE_ATTEMPT_PROFILE attempt=4 accepted=1 retry=0 sourceCalls=0 fullPhaseEvaluations=32 scalarProbes=16 rootChecks=16 matrixFreeProducts=0 factorBuilds=0 workerJobElapsedSeconds=0
REACTIVE_STEP time=3.567526368733061e-05 dt=1.1891754562443536e-05 retries=0 massResidual=0 energyResidual=0 momentumResidual=0 globalElementResidual=0 speciesResidual=0 elementDrift=0 minP=1999999.9999999998 maxP=1999999.9999999998 minT=300 maxT=300 maxMach=2 minAlphaGas=1 maxAlphaGas=1.0000000000000002 maxVolumeResidual=2.2204460492503131e-16 maxUVResidual=3.178275314487694e-17 maxMuResidual=0 maxMechanicalResidual=0 seconds=8.9419999999999994e-05
REACTIVE_ATTEMPT_PROFILE attempt=5 accepted=1 retry=0 sourceCalls=0 fullPhaseEvaluations=32 scalarProbes=16 rootChecks=16 matrixFreeProducts=0 factorBuilds=0 workerJobElapsedSeconds=0
REACTIVE_STEP time=4.7567018249774142e-05 dt=1.1891754562443532e-05 retries=0 massResidual=0 energyResidual=0 momentumResidual=0 globalElementResidual=0 speciesResidual=0 elementDrift=0 minP=1999999.9999999998 maxP=1999999.9999999998 minT=300 maxT=300 maxMach=2 minAlphaGas=1 maxAlphaGas=1.0000000000000002 maxVolumeResidual=2.2204460492503131e-16 maxUVResidual=3.178275314487694e-17 maxMuResidual=0 maxMechanicalResidual=0 seconds=9.0476000000000006e-05
REACTIVE_PROFILE_V21 scope="prototype" jobElapsedSeconds=0 integrationFallbacks=0 chemical_rhsCalls=0 chemical_uvCalls=0 chemical_fixedStateCalls=0 chemical_jacobianCalls=0 chemical_structuredCalls=0 chemical_fallbackCalls=0 sparse_setups=0 sparse_products=0 sparse_preconditioners=0 sparse_preconditionerSolves=0 sparse_sparseIntegrations=0 sparse_denseIntegrations=0 sparse_denseFallbacks=0 sparse_nonzeros=0 timing_jvSetups=0 timing_preconditionerSetups=0 timing_jacobianCacheHits=0 timing_patternBuilds=0 timing_preconditionerReuses=0 timing_symbolicAnalyses=0 timing_numericFactorizations=0 timing_workspaceCreates=0 timing_workspaceReinitializations=0 timing_factorNonzeros=0 timing_thermoSeconds=0 timing_kineticsSeconds=0 timing_csrSeconds=0 timing_symbolicSeconds=0 timing_factorSeconds=0 timing_solveSeconds=0 realFluid_eosEvaluations=72 realFluid_referenceEvaluations=0 realFluid_derivativeEvaluations=0 realFluid_scalarAttempts=72 realFluid_scalarAccepted=72 realFluid_scalarFallbacks=0 realFluid_scalarIterations=0 realFluid_flashResiduals=0 realFluid_tangentBuilds=0 realFluid_tangentSolves=0 realFluid_sourceJv=0 realFluid_sourceJvFallbacks=0 trhoStateEvaluations=72 densityRootChecks=72 fullPhaseEvaluations=144 energyCvEvaluations=72 selectedMuEvaluations=144 partialHEvaluations=0 scalarProbes=72 bracketRejects=0 branchFallbacks=0 flashCandidates=0 linearizationBuilds=0 linearizationApplies=0 FzFactorizations=0 sourceRhsCalls=0 sourceDirectionProbes=0 RzBuilds=0 JvFallbacks=0 nasaCoefficientVisits=144 nasaAggregateBuilds=72 nasaAggregateEvaluations=72 exactMixingEvaluations=72 branchCertificates=72 matrixFreeSetups=0 matrixFreeProducts=0 matrixFreeIntegrations=0 matrixFreeIntegrationFallbacks=0 woodburySetups=0 woodburyFactors=0 woodburySolves=0 woodburyFallbacks=0 diagnosticJvCalls=0 oneSidedProbes=0 derivativeRetries=0 sourceAttempts=0 sourceAccepted=0 sourceFailed=0
REACTIVE_PROFILE_V21 scope="combined" jobElapsedSeconds=0 integrationFallbacks=0 chemical_rhsCalls=0 chemical_uvCalls=0 chemical_fixedStateCalls=0 chemical_jacobianCalls=0 chemical_structuredCalls=0 chemical_fallbackCalls=0 sparse_setups=0 sparse_products=0 sparse_preconditioners=0 sparse_preconditionerSolves=0 sparse_sparseIntegrations=0 sparse_denseIntegrations=0 sparse_denseFallbacks=0 sparse_nonzeros=0 timing_jvSetups=0 timing_preconditionerSetups=0 timing_jacobianCacheHits=0 timing_patternBuilds=0 timing_preconditionerReuses=0 timing_symbolicAnalyses=0 timing_numericFactorizations=0 timing_workspaceCreates=0 timing_workspaceReinitializations=0 timing_factorNonzeros=0 timing_thermoSeconds=0 timing_kineticsSeconds=0 timing_csrSeconds=0 timing_symbolicSeconds=0 timing_factorSeconds=0 timing_solveSeconds=0 realFluid_eosEvaluations=72 realFluid_referenceEvaluations=0 realFluid_derivativeEvaluations=0 realFluid_scalarAttempts=72 realFluid_scalarAccepted=72 realFluid_scalarFallbacks=0 realFluid_scalarIterations=0 realFluid_flashResiduals=0 realFluid_tangentBuilds=0 realFluid_tangentSolves=0 realFluid_sourceJv=0 realFluid_sourceJvFallbacks=0 trhoStateEvaluations=72 densityRootChecks=72 fullPhaseEvaluations=144 energyCvEvaluations=72 selectedMuEvaluations=144 partialHEvaluations=0 scalarProbes=72 bracketRejects=0 branchFallbacks=0 flashCandidates=0 linearizationBuilds=0 linearizationApplies=0 FzFactorizations=0 sourceRhsCalls=0 sourceDirectionProbes=0 RzBuilds=0 JvFallbacks=0 nasaCoefficientVisits=144 nasaAggregateBuilds=72 nasaAggregateEvaluations=72 exactMixingEvaluations=72 branchCertificates=72 matrixFreeSetups=0 matrixFreeProducts=0 matrixFreeIntegrations=0 matrixFreeIntegrationFallbacks=0 woodburySetups=0 woodburyFactors=0 woodburySolves=0 woodburyFallbacks=0 diagnosticJvCalls=0 oneSidedProbes=0 derivativeRetries=0 sourceAttempts=0 sourceAccepted=0 sourceFailed=0
REACTIVE_CHEMISTRY scope=combined rhsCalls=0 uvCalls=0 fixedStateCalls=0 structuredCalls=0 fallbackCalls=0 integrationFallbacks=0
REACTIVE_SPARSE scope=combined nnzMeaning=last_snapshot_sum setups=0 products=0 nonzeros=0 sparseIntegrations=0 denseIntegrations=0 denseFallbacks=0
REACTIVE_CHEMICAL_PROFILE scope=combined factorNnzMeaning=last_snapshot_sum jvSetups=0 preconditionerSetups=0 jacobianCacheHits=0 preconditionerReuses=0 patternBuilds=0 symbolicAnalyses=0 numericFactorizations=0 factorNonzeros=0 workspaceCreates=0 workspaceReinitializations=0 thermoSeconds=0 kineticsSeconds=0 csrSeconds=0 symbolicSeconds=0 factorSeconds=0 solveSeconds=0
REACTIVE_REAL_FLUID scope=combined eosEvaluations=72 scalarAttempts=72 scalarAccepted=72 scalarFallbacks=0 scalarIterations=0
End
