/*---------------------------------------------------------------------------*\
| =========                 |                                                 |
| \\      /  F ield         | OpenFOAM: The Open Source CFD Toolbox           |
|  \\    /   O peration     | Version:  2512                                  |
|   \\  /    A nd           | Website:  www.openfoam.com                      |
|    \\/     M anipulation  |                                                 |
\*---------------------------------------------------------------------------*/
Build  : 5916a466-20260728 OPENFOAM=2512 version=v2512
Arch   : "LSB;label=32;scalar=64"
Exec   : /home/jsw/문서/analysis/spuma-multiphysics-spray-physics/bin/ReactiveFoam -case /home/jsw/문서/analysis/runs/impinging_n2o_cube80_z40_adaptive_1us_20260923/n40/full-physics/ambient_1atm
Date   : Sep 23 2026
Time   : 22:34:56
Host   : jsw-ubuntu
PID    : 63004
I/O    : uncollated
Case   : /home/jsw/문서/analysis/runs/impinging_n2o_cube80_z40_adaptive_1us_20260923/n40/full-physics/ambient_1atm
nProcs : 1
memory pool : not available
fileModificationChecking : Monitoring run-time modified files using timeStampMaster (fileModificationSkew 5, maxFileModificationPolls 20)
allowSystemOperations : Allowing user-supplied system call operations

// * * * * * * * * * * * * * * * * * * * * * * * * * * * * * * * * * * * * * //
Initializing CUDA devices

CUDA Driver Version / Runtime Version:  13.2 / 13.2
Number of threads per block: 128

Create dummyMemoryPool
 
Create time

Create mesh for time = 0

REACTIVE_RECOVERY mode=reference baseline=reference_candidate_search fallback=none
REACTIVE_CLOSURE_ACCELERATION exactBatchReuse=0 scalarBackend=cpu fullBackend=cuda deviceFullClosure=1 closureJacobian=finiteDifference requestedClosureJacobian=finiteDifference
REACTIVE_RUNTIME runId="63004-14802063864104" solverSha256="4f59195d821988335697c8a515a55ffc960da7442f77f91dadd8d1b803b44858" manifest={"schema":1,"backendPath":"/home/jsw/문서/analysis/spuma-multiphysics-spray-physics/lib/libpintleReactiveBackend.so","backendSha256":"7d3308ad0bf05428d25829ee9be55afd0f1149494573143bb9845ddbd760ad25","thermoConfiguration":"/home/jsw/문서/analysis/runs/impinging_n2o_cube80_z40_adaptive_1us_20260923/n40/base/thermo/cold-pr-config.yaml","physicalModelHash":"e8a14864dd2082dde742598dbbcc5f0f2454bc521d93b9a3bd0befc47d4c9c4e","numericalPolicyHash":"84a6d15bb9da7f2463c14bf7ebc679532d122ce30a0d49e997b139830a94d781","modelFingerprint":"ccdbf76085309ee6dd98814dc146e11bfc9a4b5f887ca15c05b995fd9f32cf26","eos":"Peng-Robinson","closureBackend":"cuda","chemistryBackend":"cpu","deviceFullClosure":true,"deviceChemistryIntegration":false,"closureCpuFallback":false,"closureJacobian":"finiteDifference","solidN2O":false,"enforceSpeciesTemperatureBounds":true,"exactBatchReuse":false,"deviceCaloricCandidates":false,"deviceCaloricScope":"no-condensable-inventory; NASA/PR-alpha single interval; host branch/residual/stability approval","hemLibrary":"/home/jsw/문서/analysis/spuma-multiphysics-spray-physics/lib/libpintleReactiveTransport.so","hemLibrarySha256":"07434f8a9624d00bce8c9694ecaa997da227b6acb0cc4c1878d294ebfcf8e15f","hemNumericalPolicy":"legacy-fp64-separate-rn","deviceHemScope":"PR; nonreacting HEM; all reference candidates and boundary fallback; experimental"}
REACTIVE_TURBULENCE model=WALE-stress-v1 backend=cuda Cw=0.32500000000000001 filter=cubeRootVolume stressWork=1 sgsHeatFlux=1 sgsSpeciesMixing=1 Prt=0.84999999999999998 Sct=0.69999999999999996 scalarPropertyBackend=device-pr scalarFluxBackend=cuda sgsK=none TCI=0
REACTIVE_PHYSICS chemistry=0 combustion=0 phaseChange=equilibrium viscosity=1 heatConduction=1 speciesDiffusion=0 turbulence=WALE-stress-v1 turbulentHeatFlux=1 turbulentSpeciesMixing=1 surfaceTension=1 interfaceModel=diffuse-liquid-inventory-v1 totalEnergy=1 thermodynamicRecovery=1 frozenLiquidFields=0 transportedLiquidFields=1
REACTIVE_CAPILLARY sigma=0.0020577273399028486 geometryBackend=cuda tractionBackend=cuda closureBackend=cuda pressureModel=curved-phase-split surfaceEnergyInTotal=1 capillaryCfl=0.25 geometryScheme=Gauss-diffuse noPLIC=1
REACTIVE_PHYSICAL_MODEL hash=e8a14864dd2082dde742598dbbcc5f0f2454bc521d93b9a3bd0befc47d4c9c4e numericalPolicyHash=84a6d15bb9da7f2463c14bf7ebc679532d122ce30a0d49e997b139830a94d781 eos=Peng-Robinson realEOS=1 phaseEquilibrium=1 nonidealDiffusion=0 deviceClosure=1 deviceKinetics=0 mixtureLiquid=0
REACTIVE_BACKENDS transport=cuda thermodynamics=cuda chemistry=cpu chemicalLinearSolver=dense transportGasProperties=disabled
REACTIVE_MODEL cells=64000 species=4 reactions=0 liquids=1 estimatedHostBytes=186093568 chemistry=0
REACTIVE_SPECIES index=0 name=N2
REACTIVE_SPECIES index=1 name=O2
REACTIVE_SPECIES index=2 name=N2O
REACTIVE_SPECIES index=3 name=IC3H7OH
REACTIVE_CHECKPOINT time=0 acceptedSteps=0 complete=1 schema=3
REACTIVE_ATTEMPT_PROFILE attempt=2 accepted=0 retry=0 sourceCalls=0 fullPhaseEvaluations=0 scalarProbes=0 rootChecks=0 matrixFreeProducts=0 factorBuilds=0 workerJobElapsedSeconds=0
REACTIVE_RETRY dt=2.0705342128164546e-07 reason=RK stage wave/diffusion CFL requires a smaller step
REACTIVE_ATTEMPT_PROFILE attempt=3 accepted=1 retry=1 sourceCalls=0 fullPhaseEvaluations=0 scalarProbes=0 rootChecks=0 matrixFreeProducts=0 factorBuilds=0 workerJobElapsedSeconds=0
REACTIVE_STEP time=1.0352671064082273e-07 dt=1.0352671064082273e-07 retries=1 massResidual=5.7201253479360671e-16 energyResidual=-3.6062862114377956e-15 momentumResidual=1.0751367066881318e-20 globalElementResidual=4.3680287679887684e-16 frozenLiquidResidual=0 speciesResidual=4.8445827887007449e-16 elementDrift=0 minP=86067.721635916983 maxP=101324.99999999997 minT=182.95565389504591 maxT=293.14999999999998 maxMach=0.026471494970620239 minAlphaGas=0.99999999999999978 maxAlphaGas=1.0000000000000002 maxVolumeResidual=2.2204460492503131e-16 maxUVResidual=1.639977976943788e-10 maxMuResidual=0 maxMechanicalResidual=0 seconds=0.33563462399999999
REACTIVE_CAPILLARY_STEP time=1.0352671064082273e-07 area=3.2000000000000026e-05 surfaceEnergy=6.5847274876891211e-08 liquidMass=0 closureResidual=0 recoveryCalls=4 outerIterations=5
REACTIVE_STEP_TIMINGS time=1.0352671064082273e-07 cflSeconds=0.017733492999999999 backupSeconds=0.0049490089999999999 transportSeconds=0.021451234999999999 recoverySeconds=0.29014785999999998 sourceSeconds=0 conservationSeconds=0.00023218300000000001 diagnosticsSeconds=0.00029851200000000002 nestedBatchPackSeconds=0.0022451299999999997 nestedBatchCallSeconds=0.25331904 nestedBatchScatterSeconds=0 nestedScalarPropertySeconds=0.0098034869999999996 otherSeconds=0.00082233200000000667
REACTIVE_GPU_HEM_STEP time=1.0352671064082273e-07 batches=64 submitted=256000 succeeded=256000 cpuFallbacks=0 deviceFailures=0 phaseEvaluations=1050040 residualEvaluations=12360 analyticJacobians=0 finiteDifferenceJacobians=1672 wallSeconds=0.24665406700000006 kernelSeconds=0.23563589829206455 copySeconds=0.0080779840350151035
REACTIVE_CHECKPOINT time=1.0352671064082273e-07 acceptedSteps=1 complete=1 schema=3
REACTIVE_ATTEMPT_PROFILE attempt=4 accepted=1 retry=0 sourceCalls=0 fullPhaseEvaluations=0 scalarProbes=0 rootChecks=0 matrixFreeProducts=0 factorBuilds=0 workerJobElapsedSeconds=0
REACTIVE_STEP time=2.4633443750177481e-07 dt=1.4280772686095208e-07 retries=0 massResidual=1.7901275174297036e-15 energyResidual=-5.4495192402812758e-15 momentumResidual=2.5481143483907552e-20 globalElementResidual=1.0680346582102819e-15 frozenLiquidResidual=0 speciesResidual=1.1845325166393081e-15 elementDrift=0 minP=98119.879222692049 maxP=101324.99999999997 minT=169.83545505416859 maxT=293.14999999999998 maxMach=0.05210519558688545 minAlphaGas=0.99974224027038083 maxAlphaGas=1.0000000000000002 maxVolumeResidual=2.3202340049266468e-10 maxUVResidual=8.9685090725473632e-10 maxMuResidual=1.1111538356090023e-09 maxMechanicalResidual=0 seconds=0.22193222400000001
REACTIVE_CAPILLARY_STEP time=2.4633443750177481e-07 area=3.2008248835513192e-05 surfaceEnergy=6.5864248731249009e-08 liquidMass=2.1973441602498141e-08 closureResidual=3.7453527692438149e-12 recoveryCalls=6 outerIterations=9
REACTIVE_STEP_TIMINGS time=2.4633443750177481e-07 cflSeconds=0.008951118000000001 backupSeconds=0.0015550970000000001 transportSeconds=0.012080087999999999 recoverySeconds=0.198777391 sourceSeconds=0 conservationSeconds=0.000230206 diagnosticsSeconds=0.00030324900000000001 nestedBatchPackSeconds=0.0022385099999999995 nestedBatchCallSeconds=0.18052840499999992 nestedBatchScatterSeconds=0 nestedScalarPropertySeconds=0.0064065559999999999 otherSeconds=3.5075000000011518e-05
REACTIVE_GPU_HEM_STEP time=2.4633443750177481e-07 batches=64 submitted=256000 succeeded=256000 cpuFallbacks=0 deviceFailures=0 phaseEvaluations=1042088 residualEvaluations=8792 analyticJacobians=0 finiteDifferenceJacobians=976 wallSeconds=0.17391055599999999 kernelSeconds=0.16265530094504374 copySeconds=0.0082626878991723055
REACTIVE_ATTEMPT_PROFILE attempt=5 accepted=1 retry=0 sourceCalls=0 fullPhaseEvaluations=0 scalarProbes=0 rootChecks=0 matrixFreeProducts=0 factorBuilds=0 workerJobElapsedSeconds=0
REACTIVE_STEP time=3.9592669706039955e-07 dt=1.4959225955862476e-07 retries=0 massResidual=1.6966379751385333e-15 energyResidual=-1.0280185582752095e-14 momentumResidual=4.5095165262142088e-20 globalElementResidual=1.7512711309098453e-15 frozenLiquidResidual=0 speciesResidual=1.942319950158946e-15 elementDrift=0 minP=101229.3205649858 maxP=117990.47816962353 minT=175.41652319124717 maxT=293.14999999999998 maxMach=0.066414566008188292 minAlphaGas=0.99940129112990139 maxAlphaGas=1.0000000000000002 maxVolumeResidual=9.8176800022997668e-11 maxUVResidual=4.9331127890466071e-10 maxMuResidual=4.6440717937912268e-10 maxMechanicalResidual=0 seconds=0.22497515500000001
REACTIVE_CAPILLARY_STEP time=3.9592669706039955e-07 area=3.2019161544211167e-05 surfaceEnergy=6.5886704110289233e-08 liquidMass=5.0478092627435328e-08 closureResidual=4.5643436946685156e-13 recoveryCalls=8 outerIterations=13
REACTIVE_STEP_TIMINGS time=3.9592669706039955e-07 cflSeconds=0.0087173510000000017 backupSeconds=0.0013866550000000001 transportSeconds=0.012027177999999999 recoverySeconds=0.20228231899999999 sourceSeconds=0 conservationSeconds=0.00023248799999999999 diagnosticsSeconds=0.00030158700000000002 nestedBatchPackSeconds=0.0021815719999999997 nestedBatchCallSeconds=0.18428718099999997 nestedBatchScatterSeconds=0 nestedScalarPropertySeconds=0.0064363149999999997 otherSeconds=2.7577000000023565e-05
REACTIVE_GPU_HEM_STEP time=3.9592669706039955e-07 batches=64 submitted=256000 succeeded=256000 cpuFallbacks=0 deviceFailures=0 phaseEvaluations=1044580 residualEvaluations=11828 analyticJacobians=0 finiteDifferenceJacobians=984 wallSeconds=0.17768237400000009 kernelSeconds=0.16639856031537037 copySeconds=0.0083172160461545026
REACTIVE_ATTEMPT_PROFILE attempt=6 accepted=1 retry=0 sourceCalls=0 fullPhaseEvaluations=0 scalarProbes=0 rootChecks=0 matrixFreeProducts=0 factorBuilds=0 workerJobElapsedSeconds=0
REACTIVE_STEP time=5.5379114237643716e-07 dt=1.5786444531603762e-07 retries=0 massResidual=9.1359666231643296e-16 energyResidual=-1.3769251117560831e-14 momentumResidual=5.7912914999896049e-20 globalElementResidual=1.7361656778974007e-15 frozenLiquidResidual=0 speciesResidual=1.9254413441398842e-15 elementDrift=0 minP=101267.01310197044 maxP=138326.12439204496 minT=179.92564738215449 maxT=293.15354254466808 maxMach=0.077489618865669255 minAlphaGas=0.99903300624382818 maxAlphaGas=1.0000000000000002 maxVolumeResidual=1.9185808497468315e-10 maxUVResidual=6.0472810836201902e-10 maxMuResidual=2.2220802975425613e-10 maxMechanicalResidual=0 seconds=0.22533366599999999
REACTIVE_CAPILLARY_STEP time=5.5379114237643716e-07 area=3.2030951273704478e-05 surfaceEnergy=6.5910964158997682e-08 liquidMass=8.0770001313364913e-08 closureResidual=4.2949129495928329e-13 recoveryCalls=10 outerIterations=17
REACTIVE_STEP_TIMINGS time=5.5379114237643716e-07 cflSeconds=0.0084856749999999998 backupSeconds=0.0012292380000000001 transportSeconds=0.012037388 recoverySeconds=0.20302474799999998 sourceSeconds=0 conservationSeconds=0.000227304 diagnosticsSeconds=0.00030525399999999997 nestedBatchPackSeconds=0.0021862370000000006 nestedBatchCallSeconds=0.18475576100000005 nestedBatchScatterSeconds=0 nestedScalarPropertySeconds=0.0062736090000000003 otherSeconds=2.4059000000009264e-05
REACTIVE_GPU_HEM_STEP time=5.5379114237643716e-07 batches=64 submitted=256000 succeeded=256000 cpuFallbacks=0 deviceFailures=0 phaseEvaluations=1047308 residualEvaluations=16120 analyticJacobians=0 finiteDifferenceJacobians=968 wallSeconds=0.1781808130000001 kernelSeconds=0.16701152101159067 copySeconds=0.0082077759802341548
REACTIVE_ATTEMPT_PROFILE attempt=7 accepted=1 retry=0 sourceCalls=0 fullPhaseEvaluations=0 scalarProbes=0 rootChecks=0 matrixFreeProducts=0 factorBuilds=0 workerJobElapsedSeconds=0
REACTIVE_STEP time=7.1661253686428489e-07 dt=1.6282139448784778e-07 retries=0 massResidual=2.8504751795604579e-15 energyResidual=-1.8632441115974974e-14 momentumResidual=7.4475552905863579e-20 globalElementResidual=2.2195948037330548e-15 frozenLiquidResidual=0 speciesResidual=2.4617963996668243e-15 elementDrift=0 minP=101277.93334849714 maxP=158789.47802782114 minT=183.69449214181799 maxT=293.17018229777398 maxMach=0.086707533062687955 minAlphaGas=0.99864813486106485 maxAlphaGas=1.0000000000000002 maxVolumeResidual=5.46123146705213e-11 maxUVResidual=9.9905875631067802e-10 maxMuResidual=1.5289103316717956e-10 maxMechanicalResidual=0 seconds=0.22404680699999999
REACTIVE_CAPILLARY_STEP time=7.1661253686428489e-07 area=3.2043274290352033e-05 surfaceEnergy=6.5936321567263433e-08 liquidMass=1.1200289169164458e-07 closureResidual=6.9915991399160937e-13 recoveryCalls=12 outerIterations=21
REACTIVE_STEP_TIMINGS time=7.1661253686428489e-07 cflSeconds=0.0085669690000000007 backupSeconds=0.0012185479999999999 transportSeconds=0.011789087 recoverySeconds=0.20191094800000001 sourceSeconds=0 conservationSeconds=0.00023313899999999999 diagnosticsSeconds=0.00030178399999999998 nestedBatchPackSeconds=0.0021844990000000003 nestedBatchCallSeconds=0.1836400650000001 nestedBatchScatterSeconds=0 nestedScalarPropertySeconds=0.0063314129999999993 otherSeconds=2.6331999999982766e-05
REACTIVE_GPU_HEM_STEP time=7.1661253686428489e-07 batches=64 submitted=256000 succeeded=256000 cpuFallbacks=0 deviceFailures=0 phaseEvaluations=1050992 residualEvaluations=22228 analyticJacobians=0 finiteDifferenceJacobians=944 wallSeconds=0.17702416399999976 kernelSeconds=0.16561408397555388 copySeconds=0.0084541440233588394
REACTIVE_ATTEMPT_PROFILE attempt=8 accepted=1 retry=0 sourceCalls=0 fullPhaseEvaluations=0 scalarProbes=0 rootChecks=0 matrixFreeProducts=0 factorBuilds=0 workerJobElapsedSeconds=0
REACTIVE_STEP time=8.8349150836138142e-07 dt=1.6687897149709653e-07 retries=0 massResidual=2.9175655434268577e-15 energyResidual=-2.5850885865618109e-14 momentumResidual=9.2530184912548458e-20 globalElementResidual=2.5348186945308375e-15 frozenLiquidResidual=0 speciesResidual=2.8112832657218562e-15 elementDrift=0 minP=101232.14441306493 maxP=179342.47307013342 minT=186.94666072913992 maxT=293.19834188374722 maxMach=0.094840544651650177 minAlphaGas=0.99825167611692966 maxAlphaGas=1.0000000000000004 maxVolumeResidual=8.6500473450712434e-11 maxUVResidual=5.7169640754074069e-10 maxMuResidual=1.7540813246341713e-10 maxMechanicalResidual=0 seconds=0.22373369800000001
REACTIVE_CAPILLARY_STEP time=8.8349150836138142e-07 area=3.2055970826961482e-05 surfaceEnergy=6.5962447577766771e-08 liquidMass=1.4380231671561665e-07 closureResidual=3.6109114830151778e-13 recoveryCalls=14 outerIterations=25
REACTIVE_STEP_TIMINGS time=8.8349150836138142e-07 cflSeconds=0.0085434829999999993 backupSeconds=0.001226602 transportSeconds=0.011824355000000002 recoverySeconds=0.20158384499999998 sourceSeconds=0 conservationSeconds=0.00023429000000000001 diagnosticsSeconds=0.00029746900000000002 nestedBatchPackSeconds=0.0021352949999999997 nestedBatchCallSeconds=0.18377058199999993 nestedBatchScatterSeconds=0 nestedScalarPropertySeconds=0.0063296199999999993 otherSeconds=2.3654000000032324e-05
REACTIVE_GPU_HEM_STEP time=8.8349150836138142e-07 batches=64 submitted=256000 succeeded=256000 cpuFallbacks=0 deviceFailures=0 phaseEvaluations=1056466 residualEvaluations=30648 analyticJacobians=0 finiteDifferenceJacobians=944 wallSeconds=0.17720325500000011 kernelSeconds=0.16607318201661103 copySeconds=0.0082075200825929839
REACTIVE_ATTEMPT_PROFILE attempt=9 accepted=1 retry=0 sourceCalls=0 fullPhaseEvaluations=0 scalarProbes=0 rootChecks=0 matrixFreeProducts=0 factorBuilds=0 workerJobElapsedSeconds=0
REACTIVE_STEP time=9.9999999999999995e-07 dt=1.1650849163861854e-07 retries=0 massResidual=2.2546537569398608e-15 energyResidual=-2.7048840526197183e-14 momentumResidual=1.0348412245137209e-19 globalElementResidual=2.2408109338426902e-15 frozenLiquidResidual=0 speciesResidual=2.4853270295332021e-15 elementDrift=0 minP=101159.50095826632 maxP=193484.61077266344 minT=188.95080717595806 maxT=293.2244524242596 maxMach=0.10003074217720086 minAlphaGas=0.99797513692686191 maxAlphaGas=1.0000000000000002 maxVolumeResidual=1.6835421945415874e-11 maxUVResidual=5.6807774273687629e-10 maxMuResidual=1.7132215646142868e-09 maxMechanicalResidual=0 seconds=0.22507991899999999
REACTIVE_CAPILLARY_STEP time=9.9999999999999995e-07 area=3.2064828437334598e-05 surfaceEnergy=6.5980674124797741e-08 liquidMass=1.6578538695488816e-07 closureResidual=4.6748065488100288e-13 recoveryCalls=16 outerIterations=29
REACTIVE_STEP_TIMINGS time=9.9999999999999995e-07 cflSeconds=0.0084912629999999989 backupSeconds=0.0012299910000000002 transportSeconds=0.011784503 recoverySeconds=0.202933843 sourceSeconds=0 conservationSeconds=0.00024665899999999998 diagnosticsSeconds=0.00036905400000000001 nestedBatchPackSeconds=0.0021972819999999996 nestedBatchCallSeconds=0.18486018000000012 nestedBatchScatterSeconds=0 nestedScalarPropertySeconds=0.006256020000000001 otherSeconds=2.4605999999972557e-05
REACTIVE_GPU_HEM_STEP time=9.9999999999999995e-07 batches=64 submitted=256000 succeeded=256000 cpuFallbacks=0 deviceFailures=0 phaseEvaluations=1062828 residualEvaluations=41122 analyticJacobians=0 finiteDifferenceJacobians=944 wallSeconds=0.17828415100000017 kernelSeconds=0.16713469418883431 copySeconds=0.0082033279761672198
REACTIVE_CHECKPOINT time=9.9999999999999995e-07 acceptedSteps=7 complete=1 schema=3
REACTIVE_PROFILE_V21 scope="prototype" jobElapsedSeconds=0 integrationFallbacks=0 chemical_rhsCalls=0 chemical_uvCalls=0 chemical_fixedStateCalls=0 chemical_jacobianCalls=0 chemical_structuredCalls=0 chemical_fallbackCalls=0 sparse_setups=0 sparse_products=0 sparse_preconditioners=0 sparse_preconditionerSolves=0 sparse_sparseIntegrations=0 sparse_denseIntegrations=0 sparse_denseFallbacks=0 sparse_nonzeros=0 timing_jvSetups=0 timing_preconditionerSetups=0 timing_jacobianCacheHits=0 timing_patternBuilds=0 timing_preconditionerReuses=0 timing_symbolicAnalyses=0 timing_numericFactorizations=0 timing_workspaceCreates=0 timing_workspaceReinitializations=0 timing_factorNonzeros=0 timing_thermoSeconds=0 timing_kineticsSeconds=0 timing_csrSeconds=0 timing_symbolicSeconds=0 timing_factorSeconds=0 timing_solveSeconds=0 realFluid_eosEvaluations=64001 realFluid_referenceEvaluations=0 realFluid_derivativeEvaluations=0 realFluid_scalarAttempts=64003 realFluid_scalarAccepted=64001 realFluid_scalarFallbacks=2 realFluid_scalarIterations=0 realFluid_flashResiduals=3238 realFluid_tangentBuilds=0 realFluid_tangentSolves=0 realFluid_sourceJv=0 realFluid_sourceJvFallbacks=0 trhoStateEvaluations=64003 densityRootChecks=64003 fullPhaseEvaluations=264982 energyCvEvaluations=64003 selectedMuEvaluations=66037 partialHEvaluations=0 scalarProbes=64003 bracketRejects=0 branchFallbacks=2 flashCandidates=10 linearizationBuilds=0 linearizationApplies=0 FzFactorizations=0 sourceRhsCalls=0 sourceDirectionProbes=0 RzBuilds=0 JvFallbacks=0 nasaCoefficientVisits=128004 nasaAggregateBuilds=64003 nasaAggregateEvaluations=64003 exactMixingEvaluations=64003 branchCertificates=64001 matrixFreeSetups=0 matrixFreeProducts=0 matrixFreeIntegrations=0 matrixFreeIntegrationFallbacks=0 woodburySetups=0 woodburyFactors=0 woodburySolves=0 woodburyFallbacks=0 diagnosticJvCalls=0 oneSidedProbes=0 derivativeRetries=0 sourceAttempts=0 sourceAccepted=0 sourceFailed=0
REACTIVE_PROFILE_V21 scope="worker_0" jobElapsedSeconds=0 integrationFallbacks=0 chemical_rhsCalls=0 chemical_uvCalls=0 chemical_fixedStateCalls=0 chemical_jacobianCalls=0 chemical_structuredCalls=0 chemical_fallbackCalls=0 sparse_setups=0 sparse_products=0 sparse_preconditioners=0 sparse_preconditionerSolves=0 sparse_sparseIntegrations=0 sparse_denseIntegrations=0 sparse_denseFallbacks=0 sparse_nonzeros=0 timing_jvSetups=0 timing_preconditionerSetups=0 timing_jacobianCacheHits=0 timing_patternBuilds=0 timing_preconditionerReuses=0 timing_symbolicAnalyses=0 timing_numericFactorizations=0 timing_workspaceCreates=0 timing_workspaceReinitializations=0 timing_factorNonzeros=0 timing_thermoSeconds=0 timing_kineticsSeconds=0 timing_csrSeconds=0 timing_symbolicSeconds=0 timing_factorSeconds=0 timing_solveSeconds=0 realFluid_eosEvaluations=0 realFluid_referenceEvaluations=0 realFluid_derivativeEvaluations=0 realFluid_scalarAttempts=0 realFluid_scalarAccepted=0 realFluid_scalarFallbacks=0 realFluid_scalarIterations=0 realFluid_flashResiduals=0 realFluid_tangentBuilds=0 realFluid_tangentSolves=0 realFluid_sourceJv=0 realFluid_sourceJvFallbacks=0 trhoStateEvaluations=0 densityRootChecks=0 fullPhaseEvaluations=0 energyCvEvaluations=0 selectedMuEvaluations=0 partialHEvaluations=0 scalarProbes=0 bracketRejects=0 branchFallbacks=0 flashCandidates=0 linearizationBuilds=0 linearizationApplies=0 FzFactorizations=0 sourceRhsCalls=0 sourceDirectionProbes=0 RzBuilds=0 JvFallbacks=0 nasaCoefficientVisits=0 nasaAggregateBuilds=0 nasaAggregateEvaluations=0 exactMixingEvaluations=0 branchCertificates=0 matrixFreeSetups=0 matrixFreeProducts=0 matrixFreeIntegrations=0 matrixFreeIntegrationFallbacks=0 woodburySetups=0 woodburyFactors=0 woodburySolves=0 woodburyFallbacks=0 diagnosticJvCalls=0 oneSidedProbes=0 derivativeRetries=0 sourceAttempts=0 sourceAccepted=0 sourceFailed=0
REACTIVE_PROFILE_V21 scope="workers" jobElapsedSeconds=0 integrationFallbacks=0 chemical_rhsCalls=0 chemical_uvCalls=0 chemical_fixedStateCalls=0 chemical_jacobianCalls=0 chemical_structuredCalls=0 chemical_fallbackCalls=0 sparse_setups=0 sparse_products=0 sparse_preconditioners=0 sparse_preconditionerSolves=0 sparse_sparseIntegrations=0 sparse_denseIntegrations=0 sparse_denseFallbacks=0 sparse_nonzeros=0 timing_jvSetups=0 timing_preconditionerSetups=0 timing_jacobianCacheHits=0 timing_patternBuilds=0 timing_preconditionerReuses=0 timing_symbolicAnalyses=0 timing_numericFactorizations=0 timing_workspaceCreates=0 timing_workspaceReinitializations=0 timing_factorNonzeros=0 timing_thermoSeconds=0 timing_kineticsSeconds=0 timing_csrSeconds=0 timing_symbolicSeconds=0 timing_factorSeconds=0 timing_solveSeconds=0 realFluid_eosEvaluations=0 realFluid_referenceEvaluations=0 realFluid_derivativeEvaluations=0 realFluid_scalarAttempts=0 realFluid_scalarAccepted=0 realFluid_scalarFallbacks=0 realFluid_scalarIterations=0 realFluid_flashResiduals=0 realFluid_tangentBuilds=0 realFluid_tangentSolves=0 realFluid_sourceJv=0 realFluid_sourceJvFallbacks=0 trhoStateEvaluations=0 densityRootChecks=0 fullPhaseEvaluations=0 energyCvEvaluations=0 selectedMuEvaluations=0 partialHEvaluations=0 scalarProbes=0 bracketRejects=0 branchFallbacks=0 flashCandidates=0 linearizationBuilds=0 linearizationApplies=0 FzFactorizations=0 sourceRhsCalls=0 sourceDirectionProbes=0 RzBuilds=0 JvFallbacks=0 nasaCoefficientVisits=0 nasaAggregateBuilds=0 nasaAggregateEvaluations=0 exactMixingEvaluations=0 branchCertificates=0 matrixFreeSetups=0 matrixFreeProducts=0 matrixFreeIntegrations=0 matrixFreeIntegrationFallbacks=0 woodburySetups=0 woodburyFactors=0 woodburySolves=0 woodburyFallbacks=0 diagnosticJvCalls=0 oneSidedProbes=0 derivativeRetries=0 sourceAttempts=0 sourceAccepted=0 sourceFailed=0
REACTIVE_CLOSURE_PROFILE eligibleCells=0 uniqueCells=0 reusedCells=0 failedRepresentativeRetries=0 gpuSubmitted=0 gpuConverged=0 gpuApproved=0 gpuRejected=0 gpuUnsupported=0 gpuLaunches=0 gpuTransferBytes=0 hostBytes=32768 liquidCacheHits=0 liquidCacheMisses=0 deviceBytes=0 classifySeconds=0.001721808000000002 prepareSeconds=0 gpuWallSeconds=0 gpuKernelSeconds=0 gpuCopySeconds=0
REACTIVE_GPU_HEM batches=464 submitted=1856000 succeeded=1856000 cpuFallbacks=0 deviceFailures=0 phaseEvaluations=7610302 residualEvaluations=143098 flashCandidates=90890 stableCandidates=1856952 transferBytes=794390272 analyticJacobians=0 finiteDifferenceJacobians=7432 hostBytes=3340632 deviceBytes=2029992 wallSeconds=1.3169458940000003 kernelSeconds=1.2356490649878988 copySeconds=0.059825216092169349
REACTIVE_BATCH_V21 attempted=464 accepted=464 failed=0 batchWallSeconds=1.364785336 workerJobSecondsSum=0 workerJobSecondsMax=0 poolScratchBytes=6420824 flowStagingBytes=884736 workerOwnedBytesKnownLowerBound=58104 workerInternalBytesUnmeasured=1
REACTIVE_WORKER_TIME metric=thermoSeconds sum=0 max=0
REACTIVE_WORKER_TIME metric=kineticsSeconds sum=0 max=0
REACTIVE_WORKER_TIME metric=csrSeconds sum=0 max=0
REACTIVE_WORKER_TIME metric=symbolicSeconds sum=0 max=0
REACTIVE_WORKER_TIME metric=factorSeconds sum=0 max=0
REACTIVE_WORKER_TIME metric=solveSeconds sum=0 max=0
REACTIVE_PROFILE_V21 scope="combined" jobElapsedSeconds=0 integrationFallbacks=0 chemical_rhsCalls=0 chemical_uvCalls=0 chemical_fixedStateCalls=0 chemical_jacobianCalls=0 chemical_structuredCalls=0 chemical_fallbackCalls=0 sparse_setups=0 sparse_products=0 sparse_preconditioners=0 sparse_preconditionerSolves=0 sparse_sparseIntegrations=0 sparse_denseIntegrations=0 sparse_denseFallbacks=0 sparse_nonzeros=0 timing_jvSetups=0 timing_preconditionerSetups=0 timing_jacobianCacheHits=0 timing_patternBuilds=0 timing_preconditionerReuses=0 timing_symbolicAnalyses=0 timing_numericFactorizations=0 timing_workspaceCreates=0 timing_workspaceReinitializations=0 timing_factorNonzeros=0 timing_thermoSeconds=0 timing_kineticsSeconds=0 timing_csrSeconds=0 timing_symbolicSeconds=0 timing_factorSeconds=0 timing_solveSeconds=0 realFluid_eosEvaluations=64001 realFluid_referenceEvaluations=0 realFluid_derivativeEvaluations=0 realFluid_scalarAttempts=64003 realFluid_scalarAccepted=64001 realFluid_scalarFallbacks=2 realFluid_scalarIterations=0 realFluid_flashResiduals=3238 realFluid_tangentBuilds=0 realFluid_tangentSolves=0 realFluid_sourceJv=0 realFluid_sourceJvFallbacks=0 trhoStateEvaluations=64003 densityRootChecks=64003 fullPhaseEvaluations=264982 energyCvEvaluations=64003 selectedMuEvaluations=66037 partialHEvaluations=0 scalarProbes=64003 bracketRejects=0 branchFallbacks=2 flashCandidates=10 linearizationBuilds=0 linearizationApplies=0 FzFactorizations=0 sourceRhsCalls=0 sourceDirectionProbes=0 RzBuilds=0 JvFallbacks=0 nasaCoefficientVisits=128004 nasaAggregateBuilds=64003 nasaAggregateEvaluations=64003 exactMixingEvaluations=64003 branchCertificates=64001 matrixFreeSetups=0 matrixFreeProducts=0 matrixFreeIntegrations=0 matrixFreeIntegrationFallbacks=0 woodburySetups=0 woodburyFactors=0 woodburySolves=0 woodburyFallbacks=0 diagnosticJvCalls=0 oneSidedProbes=0 derivativeRetries=0 sourceAttempts=0 sourceAccepted=0 sourceFailed=0
REACTIVE_CHEMISTRY scope=combined rhsCalls=0 uvCalls=0 fixedStateCalls=0 structuredCalls=0 fallbackCalls=0 integrationFallbacks=0
REACTIVE_SPARSE scope=combined nnzMeaning=last_snapshot_sum setups=0 products=0 nonzeros=0 sparseIntegrations=0 denseIntegrations=0 denseFallbacks=0
REACTIVE_CHEMICAL_PROFILE scope=combined factorNnzMeaning=last_snapshot_sum jvSetups=0 preconditionerSetups=0 jacobianCacheHits=0 preconditionerReuses=0 patternBuilds=0 symbolicAnalyses=0 numericFactorizations=0 factorNonzeros=0 workspaceCreates=0 workspaceReinitializations=0 thermoSeconds=0 kineticsSeconds=0 csrSeconds=0 symbolicSeconds=0 factorSeconds=0 solveSeconds=0
REACTIVE_REAL_FLUID scope=combined eosEvaluations=64001 scalarAttempts=64003 scalarAccepted=64001 scalarFallbacks=2 scalarIterations=0
REACTIVE_BATCH workers=1 capacity=4096 scratchBytes=6420824 batches=464 cells=1856000 failures=0 scope=bounded_scratch_excludes_Cantera_CVODE_worker_allocations
REACTIVE_TRANSPORT_V21 layoutTiles=152 layoutLaunches=152 memcpyCalls=911 payloadBytes=833336988 nasaValidationEvaluations=0 nasaFaceEvaluations=0 detailedGasCounters=0 temperatureBasisBuilds=0 temperatureBasisBytes=0 pinnedBytes=1048536 deviceStagingBytes=1048536 slotCells=14563 slots=1 blockThreads=256 eventWaits=152 failedCalls=0 stageBarrier=full closureDownloadsPerRK=2 overlapValidated=0
REACTIVE_MEMORY liveBytes=95185056 peakBytes=95185056 bridgeBytes=1048536 conservedWorkspaceBytes=10138752 gasWorkspaceBytes=0 rhsWorkspaceBytes=0 d2dBytes=461376 synchronizations=274
REACTIVE_CAPILLARY_PROFILE enabled=1 geometryBuilds=72 geometryKernels=144 faceFluxBuilds=2952000 workspaceBytes=5171268 closureIterations=29
REACTIVE_WALE gradientBuilds=33 viscosityBuilds=33 cellsEvaluated=2112000 workspaceBytes=512004
REACTIVE_WALE_SCALARS fieldUploads=0 fieldUploadBytes=0 workspaceBytes=2816320 hostEnthalpyCells=0 hostPropertySeconds=0 propertyStageSeconds=0.054085308999999984 fluxBackend=cuda
REACTIVE_WALE_PR backend=device-pr builds=33 cells=2112000 kernels=66 failures=0 inputUploadBytes=402736032 scratchBytes=15919456 wallSeconds=0.035936822
REACTIVE_TRANSPORT allocatedBytes=95185056 uploadedBytes=688489608 downloadedBytes=144386004 kernelLaunches=563 stages=15 stepQueries=15
REACTIVE_TRANSFER conservedUploads=15 conservedUploadBytes=69120000 conservedDownloadBytes=69120000 stateUploadBytes=118272000 primitiveUploadBytes=36864000 gasUploadBytes=0 boundaryPartitions=38
REACTIVE_DEVICE_PROPERTIES builds=0 cells=0 partitionUploadBytes=0 thermoTableBytes=0 gasStatusChecks=0 cflFaceLaunches=15 transportFaceLaunches=15 faceWorkspaceBytes=28339200
End
