/*---------------------------------------------------------------------------*\
| =========                 |                                                 |
| \\      /  F ield         | OpenFOAM: The Open Source CFD Toolbox           |
|  \\    /   O peration     | Version:  2512                                  |
|   \\  /    A nd           | Website:  www.openfoam.com                      |
|    \\/     M anipulation  |                                                 |
\*---------------------------------------------------------------------------*/
Build  : 5916a466-20260728 OPENFOAM=2512 version=v2512
Arch   : "LSB;label=32;scalar=64"
Exec   : /home/jsw/문서/analysis/spuma-multiphysics-spray-physics/bin/ReactiveFoam -case /home/jsw/문서/analysis/runs/impinging_n2o_cube80_z40_adaptive_1us_20260923/n40/full-physics/ambient_40bar_abs
Date   : Sep 23 2026
Time   : 22:35:00
Host   : jsw-ubuntu
PID    : 63661
I/O    : uncollated
Case   : /home/jsw/문서/analysis/runs/impinging_n2o_cube80_z40_adaptive_1us_20260923/n40/full-physics/ambient_40bar_abs
nProcs : 1
memory pool : not available
fileModificationChecking : Monitoring run-time modified files using timeStampMaster (fileModificationSkew 5, maxFileModificationPolls 20)
allowSystemOperations : Allowing user-supplied system call operations

// * * * * * * * * * * * * * * * * * * * * * * * * * * * * * * * * * * * * * //
Initializing CUDA devices

CUDA Driver Version / Runtime Version:  13.2 / 13.2
Number of threads per block: 128

Create dummyMemoryPool
 
Create time

Create mesh for time = 0

REACTIVE_RECOVERY mode=reference baseline=reference_candidate_search fallback=none
REACTIVE_CLOSURE_ACCELERATION exactBatchReuse=0 scalarBackend=cpu fullBackend=cuda deviceFullClosure=1 closureJacobian=finiteDifference requestedClosureJacobian=finiteDifference
REACTIVE_RUNTIME runId="63661-14805438841141" solverSha256="4f59195d821988335697c8a515a55ffc960da7442f77f91dadd8d1b803b44858" manifest={"schema":1,"backendPath":"/home/jsw/문서/analysis/spuma-multiphysics-spray-physics/lib/libpintleReactiveBackend.so","backendSha256":"7d3308ad0bf05428d25829ee9be55afd0f1149494573143bb9845ddbd760ad25","thermoConfiguration":"/home/jsw/문서/analysis/runs/impinging_n2o_cube80_z40_adaptive_1us_20260923/n40/base/thermo/cold-pr-config.yaml","physicalModelHash":"e8a14864dd2082dde742598dbbcc5f0f2454bc521d93b9a3bd0befc47d4c9c4e","numericalPolicyHash":"84a6d15bb9da7f2463c14bf7ebc679532d122ce30a0d49e997b139830a94d781","modelFingerprint":"ccdbf76085309ee6dd98814dc146e11bfc9a4b5f887ca15c05b995fd9f32cf26","eos":"Peng-Robinson","closureBackend":"cuda","chemistryBackend":"cpu","deviceFullClosure":true,"deviceChemistryIntegration":false,"closureCpuFallback":false,"closureJacobian":"finiteDifference","solidN2O":false,"enforceSpeciesTemperatureBounds":true,"exactBatchReuse":false,"deviceCaloricCandidates":false,"deviceCaloricScope":"no-condensable-inventory; NASA/PR-alpha single interval; host branch/residual/stability approval","hemLibrary":"/home/jsw/문서/analysis/spuma-multiphysics-spray-physics/lib/libpintleReactiveTransport.so","hemLibrarySha256":"07434f8a9624d00bce8c9694ecaa997da227b6acb0cc4c1878d294ebfcf8e15f","hemNumericalPolicy":"legacy-fp64-separate-rn","deviceHemScope":"PR; nonreacting HEM; all reference candidates and boundary fallback; experimental"}
REACTIVE_TURBULENCE model=WALE-stress-v1 backend=cuda Cw=0.32500000000000001 filter=cubeRootVolume stressWork=1 sgsHeatFlux=1 sgsSpeciesMixing=1 Prt=0.84999999999999998 Sct=0.69999999999999996 scalarPropertyBackend=device-pr scalarFluxBackend=cuda sgsK=none TCI=0
REACTIVE_PHYSICS chemistry=0 combustion=0 phaseChange=equilibrium viscosity=1 heatConduction=1 speciesDiffusion=0 turbulence=WALE-stress-v1 turbulentHeatFlux=1 turbulentSpeciesMixing=1 surfaceTension=1 interfaceModel=diffuse-liquid-inventory-v1 totalEnergy=1 thermodynamicRecovery=1 frozenLiquidFields=0 transportedLiquidFields=1
REACTIVE_CAPILLARY sigma=0.0020577273399028486 geometryBackend=cuda tractionBackend=cuda closureBackend=cuda pressureModel=curved-phase-split surfaceEnergyInTotal=1 capillaryCfl=0.25 geometryScheme=Gauss-diffuse noPLIC=1
REACTIVE_PHYSICAL_MODEL hash=e8a14864dd2082dde742598dbbcc5f0f2454bc521d93b9a3bd0befc47d4c9c4e numericalPolicyHash=84a6d15bb9da7f2463c14bf7ebc679532d122ce30a0d49e997b139830a94d781 eos=Peng-Robinson realEOS=1 phaseEquilibrium=1 nonidealDiffusion=0 deviceClosure=1 deviceKinetics=0 mixtureLiquid=0
REACTIVE_BACKENDS transport=cuda thermodynamics=cuda chemistry=cpu chemicalLinearSolver=dense transportGasProperties=disabled
REACTIVE_MODEL cells=64000 species=4 reactions=0 liquids=1 estimatedHostBytes=186093568 chemistry=0
REACTIVE_SPECIES index=0 name=N2
REACTIVE_SPECIES index=1 name=O2
REACTIVE_SPECIES index=2 name=N2O
REACTIVE_SPECIES index=3 name=IC3H7OH
REACTIVE_CHECKPOINT time=0 acceptedSteps=0 complete=1 schema=3
REACTIVE_ATTEMPT_PROFILE attempt=2 accepted=1 retry=0 sourceCalls=0 fullPhaseEvaluations=0 scalarProbes=0 rootChecks=0 matrixFreeProducts=0 factorBuilds=0 workerJobElapsedSeconds=0
REACTIVE_STEP time=2.0508911610163227e-07 dt=2.0508911610163227e-07 retries=0 massResidual=-1.2552949552031301e-15 energyResidual=-1.7690302450685244e-15 momentumResidual=2.5985714786605035e-20 globalElementResidual=1.1794962907937254e-15 frozenLiquidResidual=0 speciesResidual=1.1452920659748707e-15 elementDrift=0 minP=3990529.936295623 maxP=3999999.9999999977 minT=291.35960691367848 maxT=293.14999999999998 maxMach=0.00067212904378505559 minAlphaGas=0.99999999999999989 maxAlphaGas=1.0000000000000002 maxVolumeResidual=2.2204460492503131e-16 maxUVResidual=1.6178153959465972e-11 maxMuResidual=0 maxMechanicalResidual=0 seconds=0.285563821
REACTIVE_CAPILLARY_STEP time=2.0508911610163227e-07 area=3.2000000000000026e-05 surfaceEnergy=6.5847274876891211e-08 liquidMass=0 closureResidual=0 recoveryCalls=3 outerIterations=3
REACTIVE_STEP_TIMINGS time=2.0508911610163227e-07 cflSeconds=0.010996671 backupSeconds=0.0051335970000000002 transportSeconds=0.01182385 recoverySeconds=0.25704133800000001 sourceSeconds=0 conservationSeconds=0.000223575 diagnosticsSeconds=0.00030245499999999998 nestedBatchPackSeconds=0.0011439959999999998 nestedBatchCallSeconds=0.23401653000000006 nestedBatchScatterSeconds=0 nestedScalarPropertySeconds=0.0063616899999999997 otherSeconds=4.2334999999959621e-05
REACTIVE_GPU_HEM_STEP time=2.0508911610163227e-07 batches=32 submitted=128000 succeeded=128000 cpuFallbacks=0 deviceFailures=0 phaseEvaluations=552856 residualEvaluations=66112 analyticJacobians=0 finiteDifferenceJacobians=3120 wallSeconds=0.23064307600000003 kernelSeconds=0.22506307455897334 copySeconds=0.0040711680501699446
REACTIVE_CHECKPOINT time=2.0508911610163227e-07 acceptedSteps=1 complete=1 schema=3
REACTIVE_ATTEMPT_PROFILE attempt=3 accepted=1 retry=0 sourceCalls=0 fullPhaseEvaluations=0 scalarProbes=0 rootChecks=0 matrixFreeProducts=0 factorBuilds=0 workerJobElapsedSeconds=0
REACTIVE_STEP time=4.1039876715719634e-07 dt=2.0530965105556407e-07 retries=0 massResidual=-1.9605272109990608e-15 energyResidual=-4.7197266503051311e-15 momentumResidual=4.3430532318549934e-20 globalElementResidual=1.9814357690072348e-15 frozenLiquidResidual=0 speciesResidual=1.9239750701654733e-15 elementDrift=0 minP=3980485.3228051974 maxP=3999999.9999999977 minT=289.52938914012361 maxT=293.14999999999998 maxMach=0.0012856097620322067 minAlphaGas=0.99999999999999967 maxAlphaGas=1.0000000000000002 maxVolumeResidual=3.3306690738754696e-16 maxUVResidual=6.1897009352579234e-13 maxMuResidual=0 maxMechanicalResidual=0 seconds=0.54117824400000003
REACTIVE_CAPILLARY_STEP time=4.1039876715719634e-07 area=3.2000000000000026e-05 surfaceEnergy=6.5847274876891211e-08 liquidMass=0 closureResidual=0 recoveryCalls=5 outerIterations=5
REACTIVE_STEP_TIMINGS time=4.1039876715719634e-07 cflSeconds=0.0090562809999999994 backupSeconds=0.0013099699999999999 transportSeconds=0.011808547999999999 recoverySeconds=0.51842564300000005 sourceSeconds=0 conservationSeconds=0.00022390499999999999 diagnosticsSeconds=0.00031990499999999999 nestedBatchPackSeconds=0.001216275 nestedBatchCallSeconds=0.50604288900000005 nestedBatchScatterSeconds=0 nestedScalarPropertySeconds=0.0065227210000000004 otherSeconds=3.399200000001615e-05
REACTIVE_GPU_HEM_STEP time=4.1039876715719634e-07 batches=32 submitted=128000 succeeded=128000 cpuFallbacks=0 deviceFailures=0 phaseEvaluations=709736 residualEvaluations=329880 analyticJacobians=0 finiteDifferenceJacobians=15154 wallSeconds=0.5025899020000002 kernelSeconds=0.49693679589033146 copySeconds=0.0041157760098576527
REACTIVE_ATTEMPT_PROFILE attempt=4 accepted=1 retry=0 sourceCalls=0 fullPhaseEvaluations=0 scalarProbes=0 rootChecks=0 matrixFreeProducts=0 factorBuilds=0 workerJobElapsedSeconds=0
REACTIVE_STEP time=6.1596512233497878e-07 dt=2.0556635517778247e-07 retries=0 massResidual=-5.9254398966456359e-15 energyResidual=-4.6341169051992736e-15 momentumResidual=6.5185138602645586e-20 globalElementResidual=6.0312994855807335e-15 frozenLiquidResidual=0 speciesResidual=5.8563967480241362e-15 elementDrift=0 minP=3970183.4611380328 maxP=3999999.9999999977 minT=287.67960606962203 maxT=293.14999999999998 maxMach=0.001845170695333519 minAlphaGas=0.99999999999999967 maxAlphaGas=1.0000000000000004 maxVolumeResidual=4.4408920985006262e-16 maxUVResidual=7.5357749588998958e-10 maxMuResidual=0 maxMechanicalResidual=0 seconds=1.2657563759999999
REACTIVE_CAPILLARY_STEP time=6.1596512233497878e-07 area=3.2000000000000026e-05 surfaceEnergy=6.5847274876891211e-08 liquidMass=0 closureResidual=0 recoveryCalls=7 outerIterations=7
REACTIVE_STEP_TIMINGS time=6.1596512233497878e-07 cflSeconds=0.0085224659999999994 backupSeconds=0.0012466560000000001 transportSeconds=0.011629276000000001 recoverySeconds=1.243802211 sourceSeconds=0 conservationSeconds=0.00022335000000000001 diagnosticsSeconds=0.00030375600000000002 nestedBatchPackSeconds=0.0011748049999999999 nestedBatchCallSeconds=1.2317613030000001 nestedBatchScatterSeconds=0 nestedScalarPropertySeconds=0.0062894739999999998 otherSeconds=2.8660999999818263e-05
REACTIVE_GPU_HEM_STEP time=6.1596512233497878e-07 batches=32 submitted=128000 succeeded=128000 cpuFallbacks=0 deviceFailures=0 phaseEvaluations=981014 residualEvaluations=788924 analyticJacobians=0 finiteDifferenceJacobians=36042 wallSeconds=1.2283073410000003 kernelSeconds=1.2226460718214509 copySeconds=0.0041398719921708124
REACTIVE_ATTEMPT_PROFILE attempt=5 accepted=1 retry=0 sourceCalls=0 fullPhaseEvaluations=0 scalarProbes=0 rootChecks=0 matrixFreeProducts=0 factorBuilds=0 workerJobElapsedSeconds=0
REACTIVE_STEP time=8.2182709447254596e-07 dt=2.0586197213756715e-07 retries=0 massResidual=-6.5031243134965809e-15 energyResidual=-5.1401913377812066e-15 momentumResidual=8.693683367664555e-20 globalElementResidual=7.1423870048675599e-15 frozenLiquidResidual=0 speciesResidual=6.9352651931668944e-15 elementDrift=0 minP=3959953.8026288887 maxP=3999999.9999999977 minT=285.83169216516075 maxT=293.14999999999998 maxMach=0.0023562721330165682 minAlphaGas=0.99999999999999967 maxAlphaGas=1.0000000000000002 maxVolumeResidual=3.3306690738754696e-16 maxUVResidual=9.178382459438883e-11 maxMuResidual=0 maxMechanicalResidual=0 seconds=1.587858966
REACTIVE_CAPILLARY_STEP time=8.2182709447254596e-07 area=3.2000000000000026e-05 surfaceEnergy=6.5847274876891211e-08 liquidMass=0 closureResidual=0 recoveryCalls=9 outerIterations=9
REACTIVE_STEP_TIMINGS time=8.2182709447254596e-07 cflSeconds=0.0085706700000000007 backupSeconds=0.0012179180000000001 transportSeconds=0.011689713000000001 recoverySeconds=1.5658263429999999 sourceSeconds=0 conservationSeconds=0.000224014 diagnosticsSeconds=0.00030404299999999999 nestedBatchPackSeconds=0.001186512 nestedBatchCallSeconds=1.5536941730000005 nestedBatchScatterSeconds=0 nestedScalarPropertySeconds=0.0063008059999999999 otherSeconds=2.6265000000162502e-05
REACTIVE_GPU_HEM_STEP time=8.2182709447254596e-07 batches=32 submitted=128000 succeeded=128000 cpuFallbacks=0 deviceFailures=0 phaseEvaluations=1388124 residualEvaluations=1481578 analyticJacobians=0 finiteDifferenceJacobians=67420 wallSeconds=1.5502161129999992 kernelSeconds=1.544554304867982 copySeconds=0.0041392640694975901
REACTIVE_ATTEMPT_PROFILE attempt=6 accepted=1 retry=0 sourceCalls=0 fullPhaseEvaluations=0 scalarProbes=0 rootChecks=0 matrixFreeProducts=0 factorBuilds=0 workerJobElapsedSeconds=0
REACTIVE_STEP time=9.9999999999999995e-07 dt=1.78172905527454e-07 retries=0 massResidual=-8.0578437019310914e-15 energyResidual=-1.0169936610283775e-14 momentumResidual=1.0580521422622164e-19 globalElementResidual=8.0859535396638898e-15 frozenLiquidResidual=0 speciesResidual=7.8514702555308045e-15 elementDrift=0 minP=3951422.6245798119 maxP=3999999.9999999977 minT=284.25283477332249 maxT=293.14999999999998 maxMach=0.0027636063146315379 minAlphaGas=0.99999999999999967 maxAlphaGas=1.0000000000000004 maxVolumeResidual=4.4408920985006262e-16 maxUVResidual=4.4400972794582158e-10 maxMuResidual=0 maxMechanicalResidual=0 seconds=1.741292447
REACTIVE_CAPILLARY_STEP time=9.9999999999999995e-07 area=3.2000000000000026e-05 surfaceEnergy=6.5847274876891211e-08 liquidMass=0 closureResidual=0 recoveryCalls=11 outerIterations=11
REACTIVE_STEP_TIMINGS time=9.9999999999999995e-07 cflSeconds=0.0085938009999999999 backupSeconds=0.0012084769999999999 transportSeconds=0.011757947000000001 recoverySeconds=1.71917155 sourceSeconds=0 conservationSeconds=0.00022725299999999999 diagnosticsSeconds=0.00030925899999999999 nestedBatchPackSeconds=0.0012036120000000002 nestedBatchCallSeconds=1.706571203 nestedBatchScatterSeconds=0 nestedScalarPropertySeconds=0.006270556 otherSeconds=2.4159999999984346e-05
REACTIVE_GPU_HEM_STEP time=9.9999999999999995e-07 batches=32 submitted=128000 succeeded=128000 cpuFallbacks=0 deviceFailures=0 phaseEvaluations=1963698 residualEvaluations=2464107 analyticJacobians=0 finiteDifferenceJacobians=111836 wallSeconds=1.7030825719999996 kernelSeconds=1.6973322172760961 copySeconds=0.0042214080467820117
REACTIVE_CHECKPOINT time=9.9999999999999995e-07 acceptedSteps=5 complete=1 schema=3
REACTIVE_PROFILE_V21 scope="prototype" jobElapsedSeconds=0 integrationFallbacks=0 chemical_rhsCalls=0 chemical_uvCalls=0 chemical_fixedStateCalls=0 chemical_jacobianCalls=0 chemical_structuredCalls=0 chemical_fallbackCalls=0 sparse_setups=0 sparse_products=0 sparse_preconditioners=0 sparse_preconditionerSolves=0 sparse_sparseIntegrations=0 sparse_denseIntegrations=0 sparse_denseFallbacks=0 sparse_nonzeros=0 timing_jvSetups=0 timing_preconditionerSetups=0 timing_jacobianCacheHits=0 timing_patternBuilds=0 timing_preconditionerReuses=0 timing_symbolicAnalyses=0 timing_numericFactorizations=0 timing_workspaceCreates=0 timing_workspaceReinitializations=0 timing_factorNonzeros=0 timing_thermoSeconds=0 timing_kineticsSeconds=0 timing_csrSeconds=0 timing_symbolicSeconds=0 timing_factorSeconds=0 timing_solveSeconds=0 realFluid_eosEvaluations=64001 realFluid_referenceEvaluations=0 realFluid_derivativeEvaluations=0 realFluid_scalarAttempts=64003 realFluid_scalarAccepted=64001 realFluid_scalarFallbacks=2 realFluid_scalarIterations=0 realFluid_flashResiduals=3238 realFluid_tangentBuilds=0 realFluid_tangentSolves=0 realFluid_sourceJv=0 realFluid_sourceJvFallbacks=0 trhoStateEvaluations=64003 densityRootChecks=64003 fullPhaseEvaluations=264982 energyCvEvaluations=64003 selectedMuEvaluations=66037 partialHEvaluations=0 scalarProbes=64003 bracketRejects=0 branchFallbacks=2 flashCandidates=10 linearizationBuilds=0 linearizationApplies=0 FzFactorizations=0 sourceRhsCalls=0 sourceDirectionProbes=0 RzBuilds=0 JvFallbacks=0 nasaCoefficientVisits=128004 nasaAggregateBuilds=64003 nasaAggregateEvaluations=64003 exactMixingEvaluations=64003 branchCertificates=64001 matrixFreeSetups=0 matrixFreeProducts=0 matrixFreeIntegrations=0 matrixFreeIntegrationFallbacks=0 woodburySetups=0 woodburyFactors=0 woodburySolves=0 woodburyFallbacks=0 diagnosticJvCalls=0 oneSidedProbes=0 derivativeRetries=0 sourceAttempts=0 sourceAccepted=0 sourceFailed=0
REACTIVE_PROFILE_V21 scope="worker_0" jobElapsedSeconds=0 integrationFallbacks=0 chemical_rhsCalls=0 chemical_uvCalls=0 chemical_fixedStateCalls=0 chemical_jacobianCalls=0 chemical_structuredCalls=0 chemical_fallbackCalls=0 sparse_setups=0 sparse_products=0 sparse_preconditioners=0 sparse_preconditionerSolves=0 sparse_sparseIntegrations=0 sparse_denseIntegrations=0 sparse_denseFallbacks=0 sparse_nonzeros=0 timing_jvSetups=0 timing_preconditionerSetups=0 timing_jacobianCacheHits=0 timing_patternBuilds=0 timing_preconditionerReuses=0 timing_symbolicAnalyses=0 timing_numericFactorizations=0 timing_workspaceCreates=0 timing_workspaceReinitializations=0 timing_factorNonzeros=0 timing_thermoSeconds=0 timing_kineticsSeconds=0 timing_csrSeconds=0 timing_symbolicSeconds=0 timing_factorSeconds=0 timing_solveSeconds=0 realFluid_eosEvaluations=0 realFluid_referenceEvaluations=0 realFluid_derivativeEvaluations=0 realFluid_scalarAttempts=0 realFluid_scalarAccepted=0 realFluid_scalarFallbacks=0 realFluid_scalarIterations=0 realFluid_flashResiduals=0 realFluid_tangentBuilds=0 realFluid_tangentSolves=0 realFluid_sourceJv=0 realFluid_sourceJvFallbacks=0 trhoStateEvaluations=0 densityRootChecks=0 fullPhaseEvaluations=0 energyCvEvaluations=0 selectedMuEvaluations=0 partialHEvaluations=0 scalarProbes=0 bracketRejects=0 branchFallbacks=0 flashCandidates=0 linearizationBuilds=0 linearizationApplies=0 FzFactorizations=0 sourceRhsCalls=0 sourceDirectionProbes=0 RzBuilds=0 JvFallbacks=0 nasaCoefficientVisits=0 nasaAggregateBuilds=0 nasaAggregateEvaluations=0 exactMixingEvaluations=0 branchCertificates=0 matrixFreeSetups=0 matrixFreeProducts=0 matrixFreeIntegrations=0 matrixFreeIntegrationFallbacks=0 woodburySetups=0 woodburyFactors=0 woodburySolves=0 woodburyFallbacks=0 diagnosticJvCalls=0 oneSidedProbes=0 derivativeRetries=0 sourceAttempts=0 sourceAccepted=0 sourceFailed=0
REACTIVE_PROFILE_V21 scope="workers" jobElapsedSeconds=0 integrationFallbacks=0 chemical_rhsCalls=0 chemical_uvCalls=0 chemical_fixedStateCalls=0 chemical_jacobianCalls=0 chemical_structuredCalls=0 chemical_fallbackCalls=0 sparse_setups=0 sparse_products=0 sparse_preconditioners=0 sparse_preconditionerSolves=0 sparse_sparseIntegrations=0 sparse_denseIntegrations=0 sparse_denseFallbacks=0 sparse_nonzeros=0 timing_jvSetups=0 timing_preconditionerSetups=0 timing_jacobianCacheHits=0 timing_patternBuilds=0 timing_preconditionerReuses=0 timing_symbolicAnalyses=0 timing_numericFactorizations=0 timing_workspaceCreates=0 timing_workspaceReinitializations=0 timing_factorNonzeros=0 timing_thermoSeconds=0 timing_kineticsSeconds=0 timing_csrSeconds=0 timing_symbolicSeconds=0 timing_factorSeconds=0 timing_solveSeconds=0 realFluid_eosEvaluations=0 realFluid_referenceEvaluations=0 realFluid_derivativeEvaluations=0 realFluid_scalarAttempts=0 realFluid_scalarAccepted=0 realFluid_scalarFallbacks=0 realFluid_scalarIterations=0 realFluid_flashResiduals=0 realFluid_tangentBuilds=0 realFluid_tangentSolves=0 realFluid_sourceJv=0 realFluid_sourceJvFallbacks=0 trhoStateEvaluations=0 densityRootChecks=0 fullPhaseEvaluations=0 energyCvEvaluations=0 selectedMuEvaluations=0 partialHEvaluations=0 scalarProbes=0 bracketRejects=0 branchFallbacks=0 flashCandidates=0 linearizationBuilds=0 linearizationApplies=0 FzFactorizations=0 sourceRhsCalls=0 sourceDirectionProbes=0 RzBuilds=0 JvFallbacks=0 nasaCoefficientVisits=0 nasaAggregateBuilds=0 nasaAggregateEvaluations=0 exactMixingEvaluations=0 branchCertificates=0 matrixFreeSetups=0 matrixFreeProducts=0 matrixFreeIntegrations=0 matrixFreeIntegrationFallbacks=0 woodburySetups=0 woodburyFactors=0 woodburySolves=0 woodburyFallbacks=0 diagnosticJvCalls=0 oneSidedProbes=0 derivativeRetries=0 sourceAttempts=0 sourceAccepted=0 sourceFailed=0
REACTIVE_CLOSURE_PROFILE eligibleCells=0 uniqueCells=0 reusedCells=0 failedRepresentativeRetries=0 gpuSubmitted=0 gpuConverged=0 gpuApproved=0 gpuRejected=0 gpuUnsupported=0 gpuLaunches=0 gpuTransferBytes=0 hostBytes=32768 liquidCacheHits=0 liquidCacheMisses=0 deviceBytes=0 classifySeconds=0.00065976800000000036 prepareSeconds=0 gpuWallSeconds=0 gpuKernelSeconds=0 gpuCopySeconds=0
REACTIVE_GPU_HEM batches=176 submitted=704000 succeeded=704000 cpuFallbacks=0 deviceFailures=0 phaseEvaluations=5851428 residualEvaluations=5130601 flashCandidates=16180 stableCandidates=704000 transferBytes=301320448 analyticJacobians=0 finiteDifferenceJacobians=233572 hostBytes=3340632 deviceBytes=2029992 wallSeconds=5.2226594619999993 kernelSeconds=5.1915572645366179 copySeconds=0.022745408177375793
REACTIVE_BATCH_V21 attempted=176 accepted=176 failed=0 batchWallSeconds=5.2415357309999981 workerJobSecondsSum=0 workerJobSecondsMax=0 poolScratchBytes=6420824 flowStagingBytes=884736 workerOwnedBytesKnownLowerBound=58104 workerInternalBytesUnmeasured=1
REACTIVE_WORKER_TIME metric=thermoSeconds sum=0 max=0
REACTIVE_WORKER_TIME metric=kineticsSeconds sum=0 max=0
REACTIVE_WORKER_TIME metric=csrSeconds sum=0 max=0
REACTIVE_WORKER_TIME metric=symbolicSeconds sum=0 max=0
REACTIVE_WORKER_TIME metric=factorSeconds sum=0 max=0
REACTIVE_WORKER_TIME metric=solveSeconds sum=0 max=0
REACTIVE_PROFILE_V21 scope="combined" jobElapsedSeconds=0 integrationFallbacks=0 chemical_rhsCalls=0 chemical_uvCalls=0 chemical_fixedStateCalls=0 chemical_jacobianCalls=0 chemical_structuredCalls=0 chemical_fallbackCalls=0 sparse_setups=0 sparse_products=0 sparse_preconditioners=0 sparse_preconditionerSolves=0 sparse_sparseIntegrations=0 sparse_denseIntegrations=0 sparse_denseFallbacks=0 sparse_nonzeros=0 timing_jvSetups=0 timing_preconditionerSetups=0 timing_jacobianCacheHits=0 timing_patternBuilds=0 timing_preconditionerReuses=0 timing_symbolicAnalyses=0 timing_numericFactorizations=0 timing_workspaceCreates=0 timing_workspaceReinitializations=0 timing_factorNonzeros=0 timing_thermoSeconds=0 timing_kineticsSeconds=0 timing_csrSeconds=0 timing_symbolicSeconds=0 timing_factorSeconds=0 timing_solveSeconds=0 realFluid_eosEvaluations=64001 realFluid_referenceEvaluations=0 realFluid_derivativeEvaluations=0 realFluid_scalarAttempts=64003 realFluid_scalarAccepted=64001 realFluid_scalarFallbacks=2 realFluid_scalarIterations=0 realFluid_flashResiduals=3238 realFluid_tangentBuilds=0 realFluid_tangentSolves=0 realFluid_sourceJv=0 realFluid_sourceJvFallbacks=0 trhoStateEvaluations=64003 densityRootChecks=64003 fullPhaseEvaluations=264982 energyCvEvaluations=64003 selectedMuEvaluations=66037 partialHEvaluations=0 scalarProbes=64003 bracketRejects=0 branchFallbacks=2 flashCandidates=10 linearizationBuilds=0 linearizationApplies=0 FzFactorizations=0 sourceRhsCalls=0 sourceDirectionProbes=0 RzBuilds=0 JvFallbacks=0 nasaCoefficientVisits=128004 nasaAggregateBuilds=64003 nasaAggregateEvaluations=64003 exactMixingEvaluations=64003 branchCertificates=64001 matrixFreeSetups=0 matrixFreeProducts=0 matrixFreeIntegrations=0 matrixFreeIntegrationFallbacks=0 woodburySetups=0 woodburyFactors=0 woodburySolves=0 woodburyFallbacks=0 diagnosticJvCalls=0 oneSidedProbes=0 derivativeRetries=0 sourceAttempts=0 sourceAccepted=0 sourceFailed=0
REACTIVE_CHEMISTRY scope=combined rhsCalls=0 uvCalls=0 fixedStateCalls=0 structuredCalls=0 fallbackCalls=0 integrationFallbacks=0
REACTIVE_SPARSE scope=combined nnzMeaning=last_snapshot_sum setups=0 products=0 nonzeros=0 sparseIntegrations=0 denseIntegrations=0 denseFallbacks=0
REACTIVE_CHEMICAL_PROFILE scope=combined factorNnzMeaning=last_snapshot_sum jvSetups=0 preconditionerSetups=0 jacobianCacheHits=0 preconditionerReuses=0 patternBuilds=0 symbolicAnalyses=0 numericFactorizations=0 factorNonzeros=0 workspaceCreates=0 workspaceReinitializations=0 thermoSeconds=0 kineticsSeconds=0 csrSeconds=0 symbolicSeconds=0 factorSeconds=0 solveSeconds=0
REACTIVE_REAL_FLUID scope=combined eosEvaluations=64001 scalarAttempts=64003 scalarAccepted=64001 scalarFallbacks=2 scalarIterations=0
REACTIVE_BATCH workers=1 capacity=4096 scratchBytes=6420824 batches=176 cells=704000 failures=0 scope=bounded_scratch_excludes_Cantera_CVODE_worker_allocations
REACTIVE_TRANSPORT_V21 layoutTiles=102 layoutLaunches=102 memcpyCalls=580 payloadBytes=569090856 nasaValidationEvaluations=0 nasaFaceEvaluations=0 detailedGasCounters=0 temperatureBasisBuilds=0 temperatureBasisBytes=0 pinnedBytes=1048536 deviceStagingBytes=1048536 slotCells=14563 slots=1 blockThreads=256 eventWaits=102 failedCalls=0 stageBarrier=full closureDownloadsPerRK=2 overlapValidated=0
REACTIVE_MEMORY liveBytes=95185056 peakBytes=95185056 bridgeBytes=1048536 conservedWorkspaceBytes=10138752 gasWorkspaceBytes=0 rhsWorkspaceBytes=0 d2dBytes=461376 synchronizations=180
REACTIVE_CAPILLARY_PROFILE enabled=1 geometryBuilds=41 geometryKernels=82 faceFluxBuilds=1968000 workspaceBytes=5171268 closureIterations=11
REACTIVE_WALE gradientBuilds=23 viscosityBuilds=23 cellsEvaluated=1472000 workspaceBytes=512004
REACTIVE_WALE_SCALARS fieldUploads=0 fieldUploadBytes=0 workspaceBytes=2816320 hostEnthalpyCells=0 hostPropertySeconds=0 propertyStageSeconds=0.037513522000000001 fluxBackend=cuda
REACTIVE_WALE_PR backend=device-pr builds=23 cells=1472000 kernels=46 failures=0 inputUploadBytes=279855952 scratchBytes=15919456 wallSeconds=0.024086969000000003
REACTIVE_TRANSPORT allocatedBytes=95185056 uploadedBytes=479028160 downloadedBytes=89601320 kernelLaunches=366 stages=10 stepQueries=10
REACTIVE_TRANSFER conservedUploads=10 conservedUploadBytes=46080000 conservedDownloadBytes=46080000 stateUploadBytes=82432000 primitiveUploadBytes=26624000 gasUploadBytes=0 boundaryPartitions=38
REACTIVE_DEVICE_PROPERTIES builds=0 cells=0 partitionUploadBytes=0 thermoTableBytes=0 gasStatusChecks=0 cflFaceLaunches=10 transportFaceLaunches=10 faceWorkspaceBytes=28339200
End
