/*---------------------------------------------------------------------------*\
| =========                 |                                                 |
| \\      /  F ield         | OpenFOAM: The Open Source CFD Toolbox           |
|  \\    /   O peration     | Version:  2512                                  |
|   \\  /    A nd           | Website:  www.openfoam.com                      |
|    \\/     M anipulation  |                                                 |
\*---------------------------------------------------------------------------*/
Build  : 5916a466-20260728 OPENFOAM=2512 version=v2512
Arch   : "LSB;label=32;scalar=64"
Exec   : /home/jsw/문서/analysis/spuma-multiphysics-spray-physics/bin/ReactiveFoam -case /home/jsw/문서/analysis/runs/impinging_n2o_cube80_z40_adaptive_1us_20260923/n80/full-physics/ambient_40bar_abs
Date   : Sep 23 2026
Time   : 22:35:44
Host   : jsw-ubuntu
PID    : 65098
I/O    : uncollated
Case   : /home/jsw/문서/analysis/runs/impinging_n2o_cube80_z40_adaptive_1us_20260923/n80/full-physics/ambient_40bar_abs
nProcs : 1
memory pool : not available
fileModificationChecking : Monitoring run-time modified files using timeStampMaster (fileModificationSkew 5, maxFileModificationPolls 20)
allowSystemOperations : Allowing user-supplied system call operations

// * * * * * * * * * * * * * * * * * * * * * * * * * * * * * * * * * * * * * //
Initializing CUDA devices

CUDA Driver Version / Runtime Version:  13.2 / 13.2
Number of threads per block: 128

Create dummyMemoryPool
 
Create time

Create mesh for time = 0

REACTIVE_RECOVERY mode=reference baseline=reference_candidate_search fallback=none
REACTIVE_CLOSURE_ACCELERATION exactBatchReuse=0 scalarBackend=cpu fullBackend=cuda deviceFullClosure=1 closureJacobian=finiteDifference requestedClosureJacobian=finiteDifference
REACTIVE_RUNTIME runId="65098-14849180488070" solverSha256="4f59195d821988335697c8a515a55ffc960da7442f77f91dadd8d1b803b44858" manifest={"schema":1,"backendPath":"/home/jsw/문서/analysis/spuma-multiphysics-spray-physics/lib/libpintleReactiveBackend.so","backendSha256":"7d3308ad0bf05428d25829ee9be55afd0f1149494573143bb9845ddbd760ad25","thermoConfiguration":"/home/jsw/문서/analysis/runs/impinging_n2o_cube80_z40_adaptive_1us_20260923/n80/base/thermo/cold-pr-config.yaml","physicalModelHash":"e8a14864dd2082dde742598dbbcc5f0f2454bc521d93b9a3bd0befc47d4c9c4e","numericalPolicyHash":"84a6d15bb9da7f2463c14bf7ebc679532d122ce30a0d49e997b139830a94d781","modelFingerprint":"da595f26f938dd4f164b7ba8342b7496f195acf2c2869a8863d150bf3ef66580","eos":"Peng-Robinson","closureBackend":"cuda","chemistryBackend":"cpu","deviceFullClosure":true,"deviceChemistryIntegration":false,"closureCpuFallback":false,"closureJacobian":"finiteDifference","solidN2O":false,"enforceSpeciesTemperatureBounds":true,"exactBatchReuse":false,"deviceCaloricCandidates":false,"deviceCaloricScope":"no-condensable-inventory; NASA/PR-alpha single interval; host branch/residual/stability approval","hemLibrary":"/home/jsw/문서/analysis/spuma-multiphysics-spray-physics/lib/libpintleReactiveTransport.so","hemLibrarySha256":"07434f8a9624d00bce8c9694ecaa997da227b6acb0cc4c1878d294ebfcf8e15f","hemNumericalPolicy":"legacy-fp64-separate-rn","deviceHemScope":"PR; nonreacting HEM; all reference candidates and boundary fallback; experimental"}
REACTIVE_TURBULENCE model=WALE-stress-v1 backend=cuda Cw=0.32500000000000001 filter=cubeRootVolume stressWork=1 sgsHeatFlux=1 sgsSpeciesMixing=1 Prt=0.84999999999999998 Sct=0.69999999999999996 scalarPropertyBackend=device-pr scalarFluxBackend=cuda sgsK=none TCI=0
REACTIVE_PHYSICS chemistry=0 combustion=0 phaseChange=equilibrium viscosity=1 heatConduction=1 speciesDiffusion=0 turbulence=WALE-stress-v1 turbulentHeatFlux=1 turbulentSpeciesMixing=1 surfaceTension=1 interfaceModel=diffuse-liquid-inventory-v1 totalEnergy=1 thermodynamicRecovery=1 frozenLiquidFields=0 transportedLiquidFields=1
REACTIVE_CAPILLARY sigma=0.0020577273399028486 geometryBackend=cuda tractionBackend=cuda closureBackend=cuda pressureModel=curved-phase-split surfaceEnergyInTotal=1 capillaryCfl=0.25 geometryScheme=Gauss-diffuse noPLIC=1
REACTIVE_PHYSICAL_MODEL hash=e8a14864dd2082dde742598dbbcc5f0f2454bc521d93b9a3bd0befc47d4c9c4e numericalPolicyHash=84a6d15bb9da7f2463c14bf7ebc679532d122ce30a0d49e997b139830a94d781 eos=Peng-Robinson realEOS=1 phaseEquilibrium=1 nonidealDiffusion=0 deviceClosure=1 deviceKinetics=0 mixtureLiquid=0
REACTIVE_BACKENDS transport=cuda thermodynamics=cuda chemistry=cpu chemicalLinearSolver=dense transportGasProperties=disabled
REACTIVE_MODEL cells=512000 species=4 reactions=0 liquids=1 estimatedHostBytes=1395155968 chemistry=0
REACTIVE_SPECIES index=0 name=N2
REACTIVE_SPECIES index=1 name=O2
REACTIVE_SPECIES index=2 name=N2O
REACTIVE_SPECIES index=3 name=IC3H7OH
REACTIVE_CHECKPOINT time=0 acceptedSteps=0 complete=1 schema=3
REACTIVE_ATTEMPT_PROFILE attempt=2 accepted=1 retry=0 sourceCalls=0 fullPhaseEvaluations=0 scalarProbes=0 rootChecks=0 matrixFreeProducts=0 factorBuilds=0 workerJobElapsedSeconds=0
REACTIVE_STEP time=1.0254433169939547e-07 dt=1.0254433169939547e-07 retries=0 massResidual=3.2374935400507382e-15 energyResidual=-1.6428501097457659e-15 momentumResidual=3.7232435621308458e-21 globalElementResidual=2.9676313769881435e-15 frozenLiquidResidual=0 speciesResidual=2.8815733884205504e-15 elementDrift=0 minP=3990269.8697337997 maxP=3999999.9999999977 minT=291.34911211787727 maxT=293.14999999999998 maxMach=0.00067212771618941009 minAlphaGas=0.99999999999999967 maxAlphaGas=1.0000000000000002 maxVolumeResidual=3.3306690738754696e-16 maxUVResidual=1.6178032744374838e-11 maxMuResidual=0 maxMechanicalResidual=0 seconds=1.508807958
REACTIVE_CAPILLARY_STEP time=1.0254433169939547e-07 area=3.2000000000000026e-05 surfaceEnergy=6.5847274876891211e-08 liquidMass=0 closureResidual=0 recoveryCalls=3 outerIterations=3
REACTIVE_STEP_TIMINGS time=1.0254433169939547e-07 cflSeconds=0.094988721999999998 backupSeconds=0.041173213000000007 transportSeconds=0.102331717 recoverySeconds=1.264300854 sourceSeconds=0 conservationSeconds=0.0024520459999999998 diagnosticsSeconds=0.003507203 nestedBatchPackSeconds=0.010333972 nestedBatchCallSeconds=1.0924572960000003 nestedBatchScatterSeconds=0 nestedScalarPropertySeconds=0.058725176000000004 otherSeconds=5.4202999999919399e-05
REACTIVE_GPU_HEM_STEP time=1.0254433169939547e-07 batches=250 submitted=1024000 succeeded=1024000 cpuFallbacks=0 deviceFailures=0 phaseEvaluations=4232560 residualEvaluations=221304 analyticJacobians=0 finiteDifferenceJacobians=10432 wallSeconds=1.0662473049999999 kernelSeconds=1.020420501351357 copySeconds=0.033788608253002159
REACTIVE_CHECKPOINT time=1.0254433169939547e-07 acceptedSteps=1 complete=1 schema=3
REACTIVE_ATTEMPT_PROFILE attempt=3 accepted=1 retry=0 sourceCalls=0 fullPhaseEvaluations=0 scalarProbes=0 rootChecks=0 matrixFreeProducts=0 factorBuilds=0 workerJobElapsedSeconds=0
REACTIVE_STEP time=2.0519650973840558e-07 dt=1.0265217803901012e-07 retries=0 massResidual=1.1329738745648622e-14 energyResidual=4.4538246583896219e-15 momentumResidual=7.0707752015321934e-21 globalElementResidual=1.1445014429662864e-14 frozenLiquidResidual=0 speciesResidual=1.1113121278679528e-14 elementDrift=0 minP=3979396.3428670131 maxP=3999999.9999999977 minT=289.48439728312763 maxT=293.14999999999998 maxMach=0.0012856740482575257 minAlphaGas=0.99999999999999967 maxAlphaGas=1.0000000000000004 maxVolumeResidual=4.4408920985006262e-16 maxUVResidual=6.5776293809447225e-13 maxMuResidual=0 maxMechanicalResidual=0 seconds=2.017380749
REACTIVE_CAPILLARY_STEP time=2.0519650973840558e-07 area=3.2000000000000026e-05 surfaceEnergy=6.5847274876891211e-08 liquidMass=0 closureResidual=0 recoveryCalls=5 outerIterations=5
REACTIVE_STEP_TIMINGS time=2.0519650973840558e-07 cflSeconds=0.071669357000000003 backupSeconds=0.037993125000000003 transportSeconds=0.097789399999999999 recoverySeconds=1.803961454 sourceSeconds=0 conservationSeconds=0.002428936 diagnosticsSeconds=0.0034964950000000001 nestedBatchPackSeconds=0.010035106000000002 nestedBatchCallSeconds=1.7056497220000006 nestedBatchScatterSeconds=0 nestedScalarPropertySeconds=0.052898683000000002 otherSeconds=4.1982000000032396e-05
REACTIVE_GPU_HEM_STEP time=2.0519650973840558e-07 batches=250 submitted=1024000 succeeded=1024000 cpuFallbacks=0 deviceFailures=0 phaseEvaluations=4633160 residualEvaluations=893376 analyticJacobians=0 finiteDifferenceJacobians=41152 wallSeconds=1.6796498809999998 kernelSeconds=1.6350536625087253 copySeconds=0.032833728305995472
REACTIVE_ATTEMPT_PROFILE attempt=4 accepted=1 retry=0 sourceCalls=0 fullPhaseEvaluations=0 scalarProbes=0 rootChecks=0 matrixFreeProducts=0 factorBuilds=0 workerJobElapsedSeconds=0
REACTIVE_STEP time=3.0796833396228164e-07 dt=1.0277182422387605e-07 retries=0 massResidual=2.3983386437464814e-14 energyResidual=5.6010873748352418e-15 momentumResidual=8.6721702820185787e-21 globalElementResidual=2.2978806037035408e-14 frozenLiquidResidual=0 speciesResidual=2.231244357977206e-14 elementDrift=0 minP=3967651.453791976 maxP=3999999.9999999977 minT=287.57277352019656 maxT=293.14999999999998 maxMach=0.0018454391069186904 minAlphaGas=0.99999999999999967 maxAlphaGas=1.0000000000000002 maxVolumeResidual=3.3306690738754696e-16 maxUVResidual=5.650536031980754e-10 maxMuResidual=0 maxMechanicalResidual=0 seconds=4.2069695390000001
REACTIVE_CAPILLARY_STEP time=3.0796833396228164e-07 area=3.2000000000000026e-05 surfaceEnergy=6.5847274876891211e-08 liquidMass=0 closureResidual=0 recoveryCalls=7 outerIterations=7
REACTIVE_STEP_TIMINGS time=3.0796833396228164e-07 cflSeconds=0.071919656999999998 backupSeconds=0.037908043999999995 transportSeconds=0.097171398999999992 recoverySeconds=3.9941734690000001 sourceSeconds=0 conservationSeconds=0.0022620470000000001 diagnosticsSeconds=0.0034973579999999999 nestedBatchPackSeconds=0.010107398999999991 nestedBatchCallSeconds=3.8957640799999984 nestedBatchScatterSeconds=0 nestedScalarPropertySeconds=0.052851547999999998 otherSeconds=3.7565000000456487e-05
REACTIVE_GPU_HEM_STEP time=3.0796833396228164e-07 batches=250 submitted=1024000 succeeded=1024000 cpuFallbacks=0 deviceFailures=0 phaseEvaluations=5316606 residualEvaluations=2055226 analyticJacobians=0 finiteDifferenceJacobians=93820 wallSeconds=3.8695597419999994 kernelSeconds=3.8250099362134899 copySeconds=0.032786848336458146
REACTIVE_ATTEMPT_PROFILE attempt=5 accepted=1 retry=0 sourceCalls=0 fullPhaseEvaluations=0 scalarProbes=0 rootChecks=0 matrixFreeProducts=0 factorBuilds=0 workerJobElapsedSeconds=0
REACTIVE_STEP time=4.1087197693009982e-07 dt=1.029036429678182e-07 retries=0 massResidual=2.6244896968227844e-14 energyResidual=1.7211721560637175e-15 momentumResidual=1.1283676105580991e-20 globalElementResidual=2.5934580684172754e-14 frozenLiquidResidual=0 speciesResidual=2.5182502153616077e-14 elementDrift=0 minP=3955340.284197941 maxP=3999999.9999999977 minT=285.63329831241759 maxT=293.14999999999998 maxMach=0.0023570856414326805 minAlphaGas=0.99999999999999967 maxAlphaGas=1.0000000000000004 maxVolumeResidual=4.4408920985006262e-16 maxUVResidual=9.251560644576798e-10 maxMuResidual=0 maxMechanicalResidual=0 seconds=5.1658724720000002
REACTIVE_CAPILLARY_STEP time=4.1087197693009982e-07 area=3.2000000000000026e-05 surfaceEnergy=6.5847274876891211e-08 liquidMass=0 closureResidual=0 recoveryCalls=9 outerIterations=9
REACTIVE_STEP_TIMINGS time=4.1087197693009982e-07 cflSeconds=0.070254234999999998 backupSeconds=0.038023131000000002 transportSeconds=0.097234186 recoverySeconds=4.9544052750000001 sourceSeconds=0 conservationSeconds=0.002383278 diagnosticsSeconds=0.0035349460000000002 nestedBatchPackSeconds=0.010135815999999999 nestedBatchCallSeconds=4.8559992230000004 nestedBatchScatterSeconds=0 nestedScalarPropertySeconds=0.052389216000000002 otherSeconds=3.7421000000231307e-05
REACTIVE_GPU_HEM_STEP time=4.1087197693009982e-07 batches=250 submitted=1024000 succeeded=1024000 cpuFallbacks=0 deviceFailures=0 phaseEvaluations=6207274 residualEvaluations=3574790 analyticJacobians=0 finiteDifferenceJacobians=162507 wallSeconds=4.8297499089999985 kernelSeconds=4.7851030259132417 copySeconds=0.032789344228803891
REACTIVE_ATTEMPT_PROFILE attempt=6 accepted=1 retry=0 sourceCalls=0 fullPhaseEvaluations=0 scalarProbes=0 rootChecks=0 matrixFreeProducts=0 factorBuilds=0 workerJobElapsedSeconds=0
REACTIVE_STEP time=5.1391996697110958e-07 dt=1.0304799004100972e-07 retries=0 massResidual=3.0504836505580673e-14 energyResidual=8.2840953258450111e-15 momentumResidual=1.3944455623927601e-20 globalElementResidual=2.8350257781222733e-14 frozenLiquidResidual=0 speciesResidual=2.7528129052223251e-14 elementDrift=0 minP=3942807.3702671779 maxP=3999999.9999999977 minT=283.68756220278664 maxT=293.14999999999998 maxMach=0.0028270140143865285 minAlphaGas=0.99999999999999967 maxAlphaGas=1.0000000000000004 maxVolumeResidual=4.4408920985006262e-16 maxUVResidual=5.7184334534043784e-10 maxMuResidual=0 maxMechanicalResidual=0 seconds=5.855836944
REACTIVE_CAPILLARY_STEP time=5.1391996697110958e-07 area=3.2000000000000026e-05 surfaceEnergy=6.5847274876891211e-08 liquidMass=0 closureResidual=0 recoveryCalls=11 outerIterations=11
REACTIVE_STEP_TIMINGS time=5.1391996697110958e-07 cflSeconds=0.071830490999999996 backupSeconds=0.038488687000000001 transportSeconds=0.097822292000000005 recoverySeconds=5.641723152 sourceSeconds=0 conservationSeconds=0.002468713 diagnosticsSeconds=0.0034647889999999998 nestedBatchPackSeconds=0.010179053999999995 nestedBatchCallSeconds=5.5422720769999936 nestedBatchScatterSeconds=0 nestedScalarPropertySeconds=0.052613058000000004 otherSeconds=3.8819999999863564e-05
REACTIVE_GPU_HEM_STEP time=5.1391996697110958e-07 batches=250 submitted=1024000 succeeded=1024000 cpuFallbacks=0 deviceFailures=0 phaseEvaluations=7339540 residualEvaluations=5494862 analyticJacobians=0 finiteDifferenceJacobians=249757 wallSeconds=5.5159628000000076 kernelSeconds=5.4713445681631594 copySeconds=0.032750592090189296
REACTIVE_ATTEMPT_PROFILE attempt=7 accepted=1 retry=0 sourceCalls=0 fullPhaseEvaluations=0 scalarProbes=0 rootChecks=0 matrixFreeProducts=0 factorBuilds=0 workerJobElapsedSeconds=0
REACTIVE_STEP time=6.1712505709662479e-07 dt=1.0320509012551518e-07 retries=0 massResidual=3.0662363696050293e-14 energyResidual=1.3461274298143987e-15 momentumResidual=1.8502272391465776e-20 globalElementResidual=2.9092245622202647e-14 frozenLiquidResidual=0 speciesResidual=2.8248600662337855e-14 elementDrift=0 minP=3930434.4351811362 maxP=3999999.9999999977 minT=281.75953675733297 maxT=293.14999999999998 maxMach=0.0032621514613565667 minAlphaGas=0.99999999999999967 maxAlphaGas=1.0000000000000002 maxVolumeResidual=3.3306690738754696e-16 maxUVResidual=9.3734787840619723e-10 maxMuResidual=0 maxMechanicalResidual=0 seconds=6.7388637019999997
REACTIVE_CAPILLARY_STEP time=6.1712505709662479e-07 area=3.2000000000000026e-05 surfaceEnergy=6.5847274876891211e-08 liquidMass=0 closureResidual=0 recoveryCalls=13 outerIterations=13
REACTIVE_STEP_TIMINGS time=6.1712505709662479e-07 cflSeconds=0.071338025999999999 backupSeconds=0.038504326999999998 transportSeconds=0.097086935999999999 recoverySeconds=6.5260030029999996 sourceSeconds=0 conservationSeconds=0.0024278580000000002 diagnosticsSeconds=0.0034656999999999999 nestedBatchPackSeconds=0.010118279999999999 nestedBatchCallSeconds=6.426379689 nestedBatchScatterSeconds=0 nestedScalarPropertySeconds=0.052841798999999995 otherSeconds=3.785199999963712e-05
REACTIVE_GPU_HEM_STEP time=6.1712505709662479e-07 batches=250 submitted=1024000 succeeded=1024000 cpuFallbacks=0 deviceFailures=0 phaseEvaluations=8748176 residualEvaluations=7889788 analyticJacobians=0 finiteDifferenceJacobians=358434 wallSeconds=6.4000680710000033 kernelSeconds=6.3553633769452667 copySeconds=0.032875200085341755
REACTIVE_ATTEMPT_PROFILE attempt=8 accepted=1 retry=0 sourceCalls=0 fullPhaseEvaluations=0 scalarProbes=0 rootChecks=0 matrixFreeProducts=0 factorBuilds=0 workerJobElapsedSeconds=0
REACTIVE_STEP time=7.2049975664216277e-07 dt=1.0337469954553798e-07 retries=0 massResidual=3.6558529623082598e-14 energyResidual=5.932830052703348e-15 momentumResidual=2.5338997542773037e-20 globalElementResidual=3.5473402327890028e-14 frozenLiquidResidual=0 speciesResidual=3.4444705025352931e-14 elementDrift=0 minP=3918617.4412665777 maxP=3999999.9999999977 minT=279.87413751250949 maxT=293.14999999999998 maxMach=0.0036696539107806494 minAlphaGas=0.99999999999999967 maxAlphaGas=1.0000000000000004 maxVolumeResidual=4.4408920985006262e-16 maxUVResidual=8.081378632979189e-10 maxMuResidual=0 maxMechanicalResidual=0 seconds=7.4890340279999998
REACTIVE_CAPILLARY_STEP time=7.2049975664216277e-07 area=3.2000000000000026e-05 surfaceEnergy=6.5847274876891211e-08 liquidMass=0 closureResidual=0 recoveryCalls=15 outerIterations=15
REACTIVE_STEP_TIMINGS time=7.2049975664216277e-07 cflSeconds=0.070660249000000008 backupSeconds=0.038866429000000001 transportSeconds=0.097808758999999995 recoverySeconds=7.2756102039999995 sourceSeconds=0 conservationSeconds=0.0024950229999999999 diagnosticsSeconds=0.0035561260000000002 nestedBatchPackSeconds=0.010080570000000002 nestedBatchCallSeconds=7.1751862980000025 nestedBatchScatterSeconds=0 nestedScalarPropertySeconds=0.052488612000000004 otherSeconds=3.7238000000139413e-05
REACTIVE_GPU_HEM_STEP time=7.2049975664216277e-07 batches=250 submitted=1024000 succeeded=1024000 cpuFallbacks=0 deviceFailures=0 phaseEvaluations=10405437 residualEvaluations=10667205 analyticJacobians=0 finiteDifferenceJacobians=485843 wallSeconds=7.1488518409999813 kernelSeconds=7.1041450847983469 copySeconds=0.032858751982450363
REACTIVE_ATTEMPT_PROFILE attempt=9 accepted=1 retry=0 sourceCalls=0 fullPhaseEvaluations=0 scalarProbes=0 rootChecks=0 matrixFreeProducts=0 factorBuilds=0 workerJobElapsedSeconds=0
REACTIVE_STEP time=8.2388670374257717e-07 dt=1.0338694710041442e-07 retries=0 massResidual=4.3202426947866366e-14 energyResidual=7.0356840129925746e-15 momentumResidual=2.9662764260086275e-20 globalElementResidual=4.0569246932193998e-14 frozenLiquidResidual=0 speciesResidual=3.9392776885664951e-14 elementDrift=0 minP=3907724.5136940065 maxP=3999999.9999999977 minT=278.05646757268983 maxT=293.14999999999998 maxMach=0.0040559295461979131 minAlphaGas=0.99999999999999956 maxAlphaGas=1.0000000000000004 maxVolumeResidual=4.4408920985006262e-16 maxUVResidual=7.744338858005084e-10 maxMuResidual=0 maxMechanicalResidual=0 seconds=8.1072909739999997
REACTIVE_CAPILLARY_STEP time=8.2388670374257717e-07 area=3.2000000000000026e-05 surfaceEnergy=6.5847274876891211e-08 liquidMass=0 closureResidual=0 recoveryCalls=17 outerIterations=17
REACTIVE_STEP_TIMINGS time=8.2388670374257717e-07 cflSeconds=0.072756981999999998 backupSeconds=0.038611792999999998 transportSeconds=0.097903888999999994 recoverySeconds=7.8923297510000001 sourceSeconds=0 conservationSeconds=0.002126925 diagnosticsSeconds=0.0035232240000000001 nestedBatchPackSeconds=0.010360640999999995 nestedBatchCallSeconds=7.7931939619999948 nestedBatchScatterSeconds=0 nestedScalarPropertySeconds=0.053947499999999995 otherSeconds=3.8409999999315658e-05
REACTIVE_GPU_HEM_STEP time=8.2388670374257717e-07 batches=250 submitted=1024000 succeeded=1024000 cpuFallbacks=0 deviceFailures=0 phaseEvaluations=11756553 residualEvaluations=12961049 analyticJacobians=0 finiteDifferenceJacobians=589998 wallSeconds=7.7664414689999681 kernelSeconds=7.7210004249811526 copySeconds=0.033376320317387936
REACTIVE_ATTEMPT_PROFILE attempt=10 accepted=1 retry=0 sourceCalls=0 fullPhaseEvaluations=0 scalarProbes=0 rootChecks=0 matrixFreeProducts=0 factorBuilds=0 workerJobElapsedSeconds=0
REACTIVE_STEP time=9.2726950511046455e-07 dt=1.0338280136788741e-07 retries=0 massResidual=4.4294124305603821e-14 energyResidual=4.4567627709095201e-15 momentumResidual=3.6992226359235504e-20 globalElementResidual=4.1853223708441553e-14 frozenLiquidResidual=0 speciesResidual=4.0639518924432435e-14 elementDrift=0 minP=3897961.54051818 maxP=3999999.9999999977 minT=276.3200184833176 maxT=293.14999999999998 maxMach=0.0044274692680781715 minAlphaGas=0.99999999999999956 maxAlphaGas=1.0000000000000004 maxVolumeResidual=4.4408920985006262e-16 maxUVResidual=9.372013293600219e-10 maxMuResidual=0 maxMechanicalResidual=0 seconds=9.0735782670000003
REACTIVE_CAPILLARY_STEP time=9.2726950511046455e-07 area=3.2000000000000026e-05 surfaceEnergy=6.5847274876891211e-08 liquidMass=0 closureResidual=0 recoveryCalls=19 outerIterations=19
REACTIVE_STEP_TIMINGS time=9.2726950511046455e-07 cflSeconds=0.070887214000000004 backupSeconds=0.038621765999999995 transportSeconds=0.097479779000000003 recoverySeconds=8.8605706550000001 sourceSeconds=0 conservationSeconds=0.0024863480000000002 diagnosticsSeconds=0.0034921739999999998 nestedBatchPackSeconds=0.010141823000000005 nestedBatchCallSeconds=8.7608205669999997 nestedBatchScatterSeconds=0 nestedScalarPropertySeconds=0.052484303999999996 otherSeconds=4.0330999998713923e-05
REACTIVE_GPU_HEM_STEP time=9.2726950511046455e-07 batches=250 submitted=1024000 succeeded=1024000 cpuFallbacks=0 deviceFailures=0 phaseEvaluations=12913230 residualEvaluations=14938355 analyticJacobians=0 finiteDifferenceJacobians=679239 wallSeconds=8.7342177120000528 kernelSeconds=8.6893651248813057 copySeconds=0.032930816128849794
REACTIVE_ATTEMPT_PROFILE attempt=11 accepted=1 retry=0 sourceCalls=0 fullPhaseEvaluations=0 scalarProbes=0 rootChecks=0 matrixFreeProducts=0 factorBuilds=0 workerJobElapsedSeconds=0
REACTIVE_STEP time=9.9999999999999995e-07 dt=7.2730494889535402e-08 retries=0 massResidual=4.2008284522108097e-14 energyResidual=2.6366610517953152e-15 momentumResidual=4.1020350907843565e-20 globalElementResidual=4.0318655433035805e-14 frozenLiquidResidual=0 speciesResidual=3.914945501995683e-14 elementDrift=0 minP=3891782.8545158952 maxP=3999999.9999999977 minT=275.1482048184028 maxT=293.14999999999998 maxMach=0.0046832513656914505 minAlphaGas=0.99999999999999956 maxAlphaGas=1.0000000000000004 maxVolumeResidual=4.4408920985006262e-16 maxUVResidual=9.6963630610002071e-10 maxMuResidual=0 maxMechanicalResidual=0 seconds=9.4093245400000001
REACTIVE_CAPILLARY_STEP time=9.9999999999999995e-07 area=3.2000000000000026e-05 surfaceEnergy=6.5847274876891211e-08 liquidMass=0 closureResidual=0 recoveryCalls=21 outerIterations=21
REACTIVE_STEP_TIMINGS time=9.9999999999999995e-07 cflSeconds=0.070183888999999999 backupSeconds=0.038977962000000005 transportSeconds=0.096970129000000002 recoverySeconds=9.1971749970000012 sourceSeconds=0 conservationSeconds=0.002534222 diagnosticsSeconds=0.003441618 nestedBatchPackSeconds=0.0101917 nestedBatchCallSeconds=9.0988039309999955 nestedBatchScatterSeconds=0 nestedScalarPropertySeconds=0.052611527000000005 otherSeconds=4.1722999996783843e-05
REACTIVE_GPU_HEM_STEP time=9.9999999999999995e-07 batches=250 submitted=1024000 succeeded=1024000 cpuFallbacks=0 deviceFailures=0 phaseEvaluations=13749724 residualEvaluations=16338098 analyticJacobians=0 finiteDifferenceJacobians=743576 wallSeconds=9.0720856339999827 kernelSeconds=9.0268694036305845 copySeconds=0.033203744135796742
REACTIVE_CHECKPOINT time=9.9999999999999995e-07 acceptedSteps=10 complete=1 schema=3
REACTIVE_PROFILE_V21 scope="prototype" jobElapsedSeconds=0 integrationFallbacks=0 chemical_rhsCalls=0 chemical_uvCalls=0 chemical_fixedStateCalls=0 chemical_jacobianCalls=0 chemical_structuredCalls=0 chemical_fallbackCalls=0 sparse_setups=0 sparse_products=0 sparse_preconditioners=0 sparse_preconditionerSolves=0 sparse_sparseIntegrations=0 sparse_denseIntegrations=0 sparse_denseFallbacks=0 sparse_nonzeros=0 timing_jvSetups=0 timing_preconditionerSetups=0 timing_jacobianCacheHits=0 timing_patternBuilds=0 timing_preconditionerReuses=0 timing_symbolicAnalyses=0 timing_numericFactorizations=0 timing_workspaceCreates=0 timing_workspaceReinitializations=0 timing_factorNonzeros=0 timing_thermoSeconds=0 timing_kineticsSeconds=0 timing_csrSeconds=0 timing_symbolicSeconds=0 timing_factorSeconds=0 timing_solveSeconds=0 realFluid_eosEvaluations=512001 realFluid_referenceEvaluations=0 realFluid_derivativeEvaluations=0 realFluid_scalarAttempts=512003 realFluid_scalarAccepted=512001 realFluid_scalarFallbacks=2 realFluid_scalarIterations=0 realFluid_flashResiduals=3238 realFluid_tangentBuilds=0 realFluid_tangentSolves=0 realFluid_sourceJv=0 realFluid_sourceJvFallbacks=0 trhoStateEvaluations=512003 densityRootChecks=512003 fullPhaseEvaluations=2076230 energyCvEvaluations=512003 selectedMuEvaluations=514037 partialHEvaluations=0 scalarProbes=512003 bracketRejects=0 branchFallbacks=2 flashCandidates=10 linearizationBuilds=0 linearizationApplies=0 FzFactorizations=0 sourceRhsCalls=0 sourceDirectionProbes=0 RzBuilds=0 JvFallbacks=0 nasaCoefficientVisits=1024004 nasaAggregateBuilds=512003 nasaAggregateEvaluations=512003 exactMixingEvaluations=512003 branchCertificates=512001 matrixFreeSetups=0 matrixFreeProducts=0 matrixFreeIntegrations=0 matrixFreeIntegrationFallbacks=0 woodburySetups=0 woodburyFactors=0 woodburySolves=0 woodburyFallbacks=0 diagnosticJvCalls=0 oneSidedProbes=0 derivativeRetries=0 sourceAttempts=0 sourceAccepted=0 sourceFailed=0
REACTIVE_PROFILE_V21 scope="worker_0" jobElapsedSeconds=0 integrationFallbacks=0 chemical_rhsCalls=0 chemical_uvCalls=0 chemical_fixedStateCalls=0 chemical_jacobianCalls=0 chemical_structuredCalls=0 chemical_fallbackCalls=0 sparse_setups=0 sparse_products=0 sparse_preconditioners=0 sparse_preconditionerSolves=0 sparse_sparseIntegrations=0 sparse_denseIntegrations=0 sparse_denseFallbacks=0 sparse_nonzeros=0 timing_jvSetups=0 timing_preconditionerSetups=0 timing_jacobianCacheHits=0 timing_patternBuilds=0 timing_preconditionerReuses=0 timing_symbolicAnalyses=0 timing_numericFactorizations=0 timing_workspaceCreates=0 timing_workspaceReinitializations=0 timing_factorNonzeros=0 timing_thermoSeconds=0 timing_kineticsSeconds=0 timing_csrSeconds=0 timing_symbolicSeconds=0 timing_factorSeconds=0 timing_solveSeconds=0 realFluid_eosEvaluations=0 realFluid_referenceEvaluations=0 realFluid_derivativeEvaluations=0 realFluid_scalarAttempts=0 realFluid_scalarAccepted=0 realFluid_scalarFallbacks=0 realFluid_scalarIterations=0 realFluid_flashResiduals=0 realFluid_tangentBuilds=0 realFluid_tangentSolves=0 realFluid_sourceJv=0 realFluid_sourceJvFallbacks=0 trhoStateEvaluations=0 densityRootChecks=0 fullPhaseEvaluations=0 energyCvEvaluations=0 selectedMuEvaluations=0 partialHEvaluations=0 scalarProbes=0 bracketRejects=0 branchFallbacks=0 flashCandidates=0 linearizationBuilds=0 linearizationApplies=0 FzFactorizations=0 sourceRhsCalls=0 sourceDirectionProbes=0 RzBuilds=0 JvFallbacks=0 nasaCoefficientVisits=0 nasaAggregateBuilds=0 nasaAggregateEvaluations=0 exactMixingEvaluations=0 branchCertificates=0 matrixFreeSetups=0 matrixFreeProducts=0 matrixFreeIntegrations=0 matrixFreeIntegrationFallbacks=0 woodburySetups=0 woodburyFactors=0 woodburySolves=0 woodburyFallbacks=0 diagnosticJvCalls=0 oneSidedProbes=0 derivativeRetries=0 sourceAttempts=0 sourceAccepted=0 sourceFailed=0
REACTIVE_PROFILE_V21 scope="workers" jobElapsedSeconds=0 integrationFallbacks=0 chemical_rhsCalls=0 chemical_uvCalls=0 chemical_fixedStateCalls=0 chemical_jacobianCalls=0 chemical_structuredCalls=0 chemical_fallbackCalls=0 sparse_setups=0 sparse_products=0 sparse_preconditioners=0 sparse_preconditionerSolves=0 sparse_sparseIntegrations=0 sparse_denseIntegrations=0 sparse_denseFallbacks=0 sparse_nonzeros=0 timing_jvSetups=0 timing_preconditionerSetups=0 timing_jacobianCacheHits=0 timing_patternBuilds=0 timing_preconditionerReuses=0 timing_symbolicAnalyses=0 timing_numericFactorizations=0 timing_workspaceCreates=0 timing_workspaceReinitializations=0 timing_factorNonzeros=0 timing_thermoSeconds=0 timing_kineticsSeconds=0 timing_csrSeconds=0 timing_symbolicSeconds=0 timing_factorSeconds=0 timing_solveSeconds=0 realFluid_eosEvaluations=0 realFluid_referenceEvaluations=0 realFluid_derivativeEvaluations=0 realFluid_scalarAttempts=0 realFluid_scalarAccepted=0 realFluid_scalarFallbacks=0 realFluid_scalarIterations=0 realFluid_flashResiduals=0 realFluid_tangentBuilds=0 realFluid_tangentSolves=0 realFluid_sourceJv=0 realFluid_sourceJvFallbacks=0 trhoStateEvaluations=0 densityRootChecks=0 fullPhaseEvaluations=0 energyCvEvaluations=0 selectedMuEvaluations=0 partialHEvaluations=0 scalarProbes=0 bracketRejects=0 branchFallbacks=0 flashCandidates=0 linearizationBuilds=0 linearizationApplies=0 FzFactorizations=0 sourceRhsCalls=0 sourceDirectionProbes=0 RzBuilds=0 JvFallbacks=0 nasaCoefficientVisits=0 nasaAggregateBuilds=0 nasaAggregateEvaluations=0 exactMixingEvaluations=0 branchCertificates=0 matrixFreeSetups=0 matrixFreeProducts=0 matrixFreeIntegrations=0 matrixFreeIntegrationFallbacks=0 woodburySetups=0 woodburyFactors=0 woodburySolves=0 woodburyFallbacks=0 diagnosticJvCalls=0 oneSidedProbes=0 derivativeRetries=0 sourceAttempts=0 sourceAccepted=0 sourceFailed=0
REACTIVE_CLOSURE_PROFILE eligibleCells=0 uniqueCells=0 reusedCells=0 failedRepresentativeRetries=0 gpuSubmitted=0 gpuConverged=0 gpuApproved=0 gpuRejected=0 gpuUnsupported=0 gpuLaunches=0 gpuTransferBytes=0 hostBytes=32768 liquidCacheHits=0 liquidCacheMisses=0 deviceBytes=0 classifySeconds=0.0097937620000000114 prepareSeconds=0 gpuWallSeconds=0 gpuKernelSeconds=0 gpuCopySeconds=0
REACTIVE_GPU_HEM batches=2625 submitted=10752000 succeeded=10752000 cpuFallbacks=0 deviceFailures=0 phaseEvaluations=87350260 residualEvaluations=75034053 flashCandidates=237950 stableCandidates=10752000 transferBytes=4601982000 analyticJacobians=0 finiteDifferenceJacobians=3414758 hostBytes=3340632 deviceBytes=2029992 wallSeconds=56.139178677999993 kernelSeconds=55.667968326479382 copySeconds=0.34634979388117704
REACTIVE_BATCH_V21 attempted=2625 accepted=2625 failed=0 batchWallSeconds=56.415652487999921 workerJobSecondsSum=0 workerJobSecondsMax=0 poolScratchBytes=6420824 flowStagingBytes=884736 workerOwnedBytesKnownLowerBound=58104 workerInternalBytesUnmeasured=1
REACTIVE_WORKER_TIME metric=thermoSeconds sum=0 max=0
REACTIVE_WORKER_TIME metric=kineticsSeconds sum=0 max=0
REACTIVE_WORKER_TIME metric=csrSeconds sum=0 max=0
REACTIVE_WORKER_TIME metric=symbolicSeconds sum=0 max=0
REACTIVE_WORKER_TIME metric=factorSeconds sum=0 max=0
REACTIVE_WORKER_TIME metric=solveSeconds sum=0 max=0
REACTIVE_PROFILE_V21 scope="combined" jobElapsedSeconds=0 integrationFallbacks=0 chemical_rhsCalls=0 chemical_uvCalls=0 chemical_fixedStateCalls=0 chemical_jacobianCalls=0 chemical_structuredCalls=0 chemical_fallbackCalls=0 sparse_setups=0 sparse_products=0 sparse_preconditioners=0 sparse_preconditionerSolves=0 sparse_sparseIntegrations=0 sparse_denseIntegrations=0 sparse_denseFallbacks=0 sparse_nonzeros=0 timing_jvSetups=0 timing_preconditionerSetups=0 timing_jacobianCacheHits=0 timing_patternBuilds=0 timing_preconditionerReuses=0 timing_symbolicAnalyses=0 timing_numericFactorizations=0 timing_workspaceCreates=0 timing_workspaceReinitializations=0 timing_factorNonzeros=0 timing_thermoSeconds=0 timing_kineticsSeconds=0 timing_csrSeconds=0 timing_symbolicSeconds=0 timing_factorSeconds=0 timing_solveSeconds=0 realFluid_eosEvaluations=512001 realFluid_referenceEvaluations=0 realFluid_derivativeEvaluations=0 realFluid_scalarAttempts=512003 realFluid_scalarAccepted=512001 realFluid_scalarFallbacks=2 realFluid_scalarIterations=0 realFluid_flashResiduals=3238 realFluid_tangentBuilds=0 realFluid_tangentSolves=0 realFluid_sourceJv=0 realFluid_sourceJvFallbacks=0 trhoStateEvaluations=512003 densityRootChecks=512003 fullPhaseEvaluations=2076230 energyCvEvaluations=512003 selectedMuEvaluations=514037 partialHEvaluations=0 scalarProbes=512003 bracketRejects=0 branchFallbacks=2 flashCandidates=10 linearizationBuilds=0 linearizationApplies=0 FzFactorizations=0 sourceRhsCalls=0 sourceDirectionProbes=0 RzBuilds=0 JvFallbacks=0 nasaCoefficientVisits=1024004 nasaAggregateBuilds=512003 nasaAggregateEvaluations=512003 exactMixingEvaluations=512003 branchCertificates=512001 matrixFreeSetups=0 matrixFreeProducts=0 matrixFreeIntegrations=0 matrixFreeIntegrationFallbacks=0 woodburySetups=0 woodburyFactors=0 woodburySolves=0 woodburyFallbacks=0 diagnosticJvCalls=0 oneSidedProbes=0 derivativeRetries=0 sourceAttempts=0 sourceAccepted=0 sourceFailed=0
REACTIVE_CHEMISTRY scope=combined rhsCalls=0 uvCalls=0 fixedStateCalls=0 structuredCalls=0 fallbackCalls=0 integrationFallbacks=0
REACTIVE_SPARSE scope=combined nnzMeaning=last_snapshot_sum setups=0 products=0 nonzeros=0 sparseIntegrations=0 denseIntegrations=0 denseFallbacks=0
REACTIVE_CHEMICAL_PROFILE scope=combined factorNnzMeaning=last_snapshot_sum jvSetups=0 preconditionerSetups=0 jacobianCacheHits=0 preconditionerReuses=0 patternBuilds=0 symbolicAnalyses=0 numericFactorizations=0 factorNonzeros=0 workspaceCreates=0 workspaceReinitializations=0 thermoSeconds=0 kineticsSeconds=0 csrSeconds=0 symbolicSeconds=0 factorSeconds=0 solveSeconds=0
REACTIVE_REAL_FLUID scope=combined eosEvaluations=512001 scalarAttempts=512003 scalarAccepted=512001 scalarFallbacks=2 scalarIterations=0
REACTIVE_BATCH workers=1 capacity=4096 scratchBytes=6420824 batches=2625 cells=10752000 failures=0 scope=bounded_scratch_excludes_Cantera_CVODE_worker_allocations
REACTIVE_TRANSPORT_V21 layoutTiles=1444 layoutLaunches=1444 memcpyCalls=2322 payloadBytes=8413058296 nasaValidationEvaluations=0 nasaFaceEvaluations=0 detailedGasCounters=0 temperatureBasisBuilds=0 temperatureBasisBytes=0 pinnedBytes=1048536 deviceStagingBytes=1048536 slotCells=14563 slots=1 blockThreads=256 eventWaits=1444 failedCalls=0 stageBarrier=full closureDownloadsPerRK=2 overlapValidated=0
REACTIVE_MEMORY liveBytes=742011840 peakBytes=742011840 bridgeBytes=1048536 conservedWorkspaceBytes=77419008 gasWorkspaceBytes=0 rhsWorkspaceBytes=0 d2dBytes=1845504 synchronizations=340
REACTIVE_CAPILLARY_PROFILE enabled=1 geometryBuilds=76 geometryKernels=152 faceFluxBuilds=31104000 workspaceBytes=41165060 closureIterations=21
REACTIVE_WALE gradientBuilds=43 viscosityBuilds=43 cellsEvaluated=22016000 workspaceBytes=4096004
REACTIVE_WALE_SCALARS fieldUploads=0 fieldUploadBytes=0 workspaceBytes=21505280 hostEnthalpyCells=0 hostPropertySeconds=0 propertyStageSeconds=0.58306974700000014 fluxBackend=cuda
REACTIVE_WALE_PR backend=device-pr builds=43 cells=22016000 kernels=86 failures=0 inputUploadBytes=4203569072 scratchBytes=127023456 wallSeconds=0.34869594900000001
REACTIVE_TRANSPORT allocatedBytes=742011840 uploadedBytes=7039050212 downloadedBytes=1372162580 kernelLaunches=1968 stages=20 stepQueries=20
REACTIVE_TRANSFER conservedUploads=20 conservedUploadBytes=737280000 conservedDownloadBytes=737280000 stateUploadBytes=1232896000 primitiveUploadBytes=376832000 gasUploadBytes=0 boundaryPartitions=150
REACTIVE_DEVICE_PROPERTIES builds=0 cells=0 partitionUploadBytes=0 thermoTableBytes=0 gasStatusChecks=0 cflFaceLaunches=20 transportFaceLaunches=20 faceWorkspaceBytes=223948800
End
