/*---------------------------------------------------------------------------*\
| =========                 |                                                 |
| \\      /  F ield         | OpenFOAM: The Open Source CFD Toolbox           |
|  \\    /   O peration     | Version:  2512                                  |
|   \\  /    A nd           | Website:  www.openfoam.com                      |
|    \\/     M anipulation  |                                                 |
\*---------------------------------------------------------------------------*/
Build  : 5916a466-20260728 OPENFOAM=2512 version=v2512
Arch   : "LSB;label=32;scalar=64"
Exec   : /home/jsw/문서/analysis/spuma-multiphysics-spray-physics/bin/ReactiveFoam -case /home/jsw/문서/analysis/runs/impinging_n2o_cube80_z40_1us_20260923/n40/full-physics/ambient_40bar_abs
Date   : Sep 23 2026
Time   : 22:15:41
Host   : jsw-ubuntu
PID    : 53953
I/O    : uncollated
Case   : /home/jsw/문서/analysis/runs/impinging_n2o_cube80_z40_1us_20260923/n40/full-physics/ambient_40bar_abs
nProcs : 1
memory pool : not available
fileModificationChecking : Monitoring run-time modified files using timeStampMaster (fileModificationSkew 5, maxFileModificationPolls 20)
allowSystemOperations : Allowing user-supplied system call operations

// * * * * * * * * * * * * * * * * * * * * * * * * * * * * * * * * * * * * * //
Initializing CUDA devices

CUDA Driver Version / Runtime Version:  13.2 / 13.2
Number of threads per block: 128

Create dummyMemoryPool
 
Create time

Create mesh for time = 0

REACTIVE_RECOVERY mode=reference baseline=reference_candidate_search fallback=none
REACTIVE_CLOSURE_ACCELERATION exactBatchReuse=0 scalarBackend=cpu fullBackend=cuda deviceFullClosure=1 closureJacobian=finiteDifference requestedClosureJacobian=finiteDifference
REACTIVE_RUNTIME runId="53953-13646855921144" solverSha256="4f59195d821988335697c8a515a55ffc960da7442f77f91dadd8d1b803b44858" manifest={"schema":1,"backendPath":"/home/jsw/문서/analysis/spuma-multiphysics-spray-physics/lib/libpintleReactiveBackend.so","backendSha256":"7d3308ad0bf05428d25829ee9be55afd0f1149494573143bb9845ddbd760ad25","thermoConfiguration":"/home/jsw/문서/analysis/runs/impinging_n2o_cube80_z40_1us_20260923/n40/base/thermo/cold-pr-config.yaml","physicalModelHash":"e8a14864dd2082dde742598dbbcc5f0f2454bc521d93b9a3bd0befc47d4c9c4e","numericalPolicyHash":"84a6d15bb9da7f2463c14bf7ebc679532d122ce30a0d49e997b139830a94d781","modelFingerprint":"730c302ff1f246d71b76febbffa7677deff35810a665d8ae2237e3e6aa08120b","eos":"Peng-Robinson","closureBackend":"cuda","chemistryBackend":"cpu","deviceFullClosure":true,"deviceChemistryIntegration":false,"closureCpuFallback":false,"closureJacobian":"finiteDifference","solidN2O":false,"enforceSpeciesTemperatureBounds":true,"exactBatchReuse":false,"deviceCaloricCandidates":false,"deviceCaloricScope":"no-condensable-inventory; NASA/PR-alpha single interval; host branch/residual/stability approval","hemLibrary":"/home/jsw/문서/analysis/spuma-multiphysics-spray-physics/lib/libpintleReactiveTransport.so","hemLibrarySha256":"07434f8a9624d00bce8c9694ecaa997da227b6acb0cc4c1878d294ebfcf8e15f","hemNumericalPolicy":"legacy-fp64-separate-rn","deviceHemScope":"PR; nonreacting HEM; all reference candidates and boundary fallback; experimental"}
REACTIVE_TURBULENCE model=WALE-stress-v1 backend=cuda Cw=0.32500000000000001 filter=cubeRootVolume stressWork=1 sgsHeatFlux=1 sgsSpeciesMixing=1 Prt=0.84999999999999998 Sct=0.69999999999999996 scalarPropertyBackend=device-pr scalarFluxBackend=cuda sgsK=none TCI=0
REACTIVE_PHYSICS chemistry=0 combustion=0 phaseChange=equilibrium viscosity=1 heatConduction=1 speciesDiffusion=0 turbulence=WALE-stress-v1 turbulentHeatFlux=1 turbulentSpeciesMixing=1 surfaceTension=1 interfaceModel=diffuse-liquid-inventory-v1 totalEnergy=1 thermodynamicRecovery=1 frozenLiquidFields=0 transportedLiquidFields=1
REACTIVE_CAPILLARY sigma=0.0020577273399028486 geometryBackend=cuda tractionBackend=cuda closureBackend=cuda pressureModel=curved-phase-split surfaceEnergyInTotal=1 capillaryCfl=0.25 geometryScheme=Gauss-diffuse noPLIC=1
REACTIVE_PHYSICAL_MODEL hash=e8a14864dd2082dde742598dbbcc5f0f2454bc521d93b9a3bd0befc47d4c9c4e numericalPolicyHash=84a6d15bb9da7f2463c14bf7ebc679532d122ce30a0d49e997b139830a94d781 eos=Peng-Robinson realEOS=1 phaseEquilibrium=1 nonidealDiffusion=0 deviceClosure=1 deviceKinetics=0 mixtureLiquid=0
REACTIVE_BACKENDS transport=cuda thermodynamics=cuda chemistry=cpu chemicalLinearSolver=dense transportGasProperties=disabled
REACTIVE_MODEL cells=64000 species=4 reactions=0 liquids=1 estimatedHostBytes=186093568 chemistry=0
REACTIVE_SPECIES index=0 name=N2
REACTIVE_SPECIES index=1 name=O2
REACTIVE_SPECIES index=2 name=N2O
REACTIVE_SPECIES index=3 name=IC3H7OH
REACTIVE_CHECKPOINT time=0 acceptedSteps=0 complete=1 schema=3
REACTIVE_ATTEMPT_PROFILE attempt=2 accepted=1 retry=0 sourceCalls=0 fullPhaseEvaluations=0 scalarProbes=0 rootChecks=0 matrixFreeProducts=0 factorBuilds=0 workerJobElapsedSeconds=0
REACTIVE_STEP time=2.9999999999999997e-08 dt=2.9999999999999997e-08 retries=0 massResidual=-8.8867328193294716e-16 energyResidual=-6.2766166042846381e-16 momentumResidual=3.1744753771654222e-21 globalElementResidual=9.206788677441852e-16 frozenLiquidResidual=0 speciesResidual=8.9398004935799756e-16 elementDrift=0 minP=3998666.5434948038 maxP=3999999.9999999977 minT=292.89144633142212 maxT=293.14999999999998 maxMach=0.00010219860074504946 minAlphaGas=0.99999999999999989 maxAlphaGas=1.0000000000000002 maxVolumeResidual=2.2204460492503131e-16 maxUVResidual=3.4625090777466364e-13 maxMuResidual=0 maxMechanicalResidual=0 seconds=0.27646469699999998
REACTIVE_CAPILLARY_STEP time=2.9999999999999997e-08 area=3.2000000000000026e-05 surfaceEnergy=6.5847274876891211e-08 liquidMass=0 closureResidual=0 recoveryCalls=3 outerIterations=3
REACTIVE_STEP_TIMINGS time=2.9999999999999997e-08 cflSeconds=0.0088300679999999999 backupSeconds=0.0047804589999999999 transportSeconds=0.011836862 recoverySeconds=0.25040611600000001 sourceSeconds=0 conservationSeconds=0.000243515 diagnosticsSeconds=0.000326075 nestedBatchPackSeconds=0.0011976159999999999 nestedBatchCallSeconds=0.23816467899999996 nestedBatchScatterSeconds=0 nestedScalarPropertySeconds=0.0064963299999999998 otherSeconds=4.16019999999271e-05
REACTIVE_GPU_HEM_STEP time=2.9999999999999997e-08 batches=32 submitted=128000 succeeded=128000 cpuFallbacks=0 deviceFailures=0 phaseEvaluations=553576 residualEvaluations=67344 analyticJacobians=0 finiteDifferenceJacobians=3176 wallSeconds=0.23471371500000002 kernelSeconds=0.22919641444087024 copySeconds=0.0040069440081715582
REACTIVE_CHECKPOINT time=2.9999999999999997e-08 acceptedSteps=1 complete=1 schema=3
REACTIVE_ATTEMPT_PROFILE attempt=3 accepted=1 retry=0 sourceCalls=0 fullPhaseEvaluations=0 scalarProbes=0 rootChecks=0 matrixFreeProducts=0 factorBuilds=0 workerJobElapsedSeconds=0
REACTIVE_STEP time=5.9999999999999995e-08 dt=2.9999999999999997e-08 retries=0 massResidual=-5.0424435676339475e-15 energyResidual=-2.9339174232696192e-15 momentumResidual=6.6842846580144852e-21 globalElementResidual=4.5379850301893301e-15 frozenLiquidResidual=0 speciesResidual=4.4063879992093111e-15 elementDrift=0 minP=3997315.7534946362 maxP=3999999.9999999977 minT=292.63175346555511 maxT=293.14999999999998 maxMach=0.00020305786443333804 minAlphaGas=0.99999999999999967 maxAlphaGas=1.0000000000000002 maxVolumeResidual=3.3306690738754696e-16 maxUVResidual=8.195454761991434e-10 maxMuResidual=0 maxMechanicalResidual=0 seconds=0.81900912599999998
REACTIVE_CAPILLARY_STEP time=5.9999999999999995e-08 area=3.2000000000000026e-05 surfaceEnergy=6.5847274876891211e-08 liquidMass=0 closureResidual=0 recoveryCalls=5 outerIterations=5
REACTIVE_STEP_TIMINGS time=5.9999999999999995e-08 cflSeconds=0.0086246250000000003 backupSeconds=0.0012148880000000001 transportSeconds=0.011809676 recoverySeconds=0.79676627099999997 sourceSeconds=0 conservationSeconds=0.000237712 diagnosticsSeconds=0.00031897300000000001 nestedBatchPackSeconds=0.0012137889999999998 nestedBatchCallSeconds=0.78455819000000004 nestedBatchScatterSeconds=0 nestedScalarPropertySeconds=0.0063674539999999998 otherSeconds=3.6980999999881663e-05
REACTIVE_GPU_HEM_STEP time=5.9999999999999995e-08 batches=32 submitted=128000 succeeded=128000 cpuFallbacks=0 deviceFailures=0 phaseEvaluations=705432 residualEvaluations=324806 analyticJacobians=0 finiteDifferenceJacobians=14876 wallSeconds=0.78103143900000027 kernelSeconds=0.77545632740855241 copySeconds=0.0040451520532369615
REACTIVE_ATTEMPT_PROFILE attempt=4 accepted=1 retry=0 sourceCalls=0 fullPhaseEvaluations=0 scalarProbes=0 rootChecks=0 matrixFreeProducts=0 factorBuilds=0 workerJobElapsedSeconds=0
REACTIVE_STEP time=8.9999999999999985e-08 dt=2.9999999999999997e-08 retries=0 massResidual=-3.6596335063981874e-15 energyResidual=-4.1354270785587834e-15 momentumResidual=1.1523885367560563e-20 globalElementResidual=3.5337538877669785e-15 frozenLiquidResidual=0 speciesResidual=3.4312785231769415e-15 elementDrift=0 minP=3995948.5117803444 maxP=3999999.9999999977 minT=292.37097652130058 maxT=293.14999999999998 maxMach=0.00030258935270990742 minAlphaGas=0.99999999999999967 maxAlphaGas=1.0000000000000004 maxVolumeResidual=4.4408920985006262e-16 maxUVResidual=2.0133281168036988e-11 maxMuResidual=0 maxMechanicalResidual=0 seconds=1.0798574169999999
REACTIVE_CAPILLARY_STEP time=8.9999999999999985e-08 area=3.2000000000000026e-05 surfaceEnergy=6.5847274876891211e-08 liquidMass=0 closureResidual=0 recoveryCalls=7 outerIterations=7
REACTIVE_STEP_TIMINGS time=8.9999999999999985e-08 cflSeconds=0.0088719820000000005 backupSeconds=0.001349039 transportSeconds=0.012016898000000002 recoverySeconds=1.057020584 sourceSeconds=0 conservationSeconds=0.00024865999999999999 diagnosticsSeconds=0.00032063099999999999 nestedBatchPackSeconds=0.0012962920000000001 nestedBatchCallSeconds=1.0444571920000001 nestedBatchScatterSeconds=0 nestedScalarPropertySeconds=0.0065490300000000008 otherSeconds=2.9623000000005961e-05
REACTIVE_GPU_HEM_STEP time=8.9999999999999985e-08 batches=32 submitted=128000 succeeded=128000 cpuFallbacks=0 deviceFailures=0 phaseEvaluations=979578 residualEvaluations=790184 analyticJacobians=0 finiteDifferenceJacobians=35990 wallSeconds=1.040791815 kernelSeconds=1.0348748482465746 copySeconds=0.0043104640170931827
REACTIVE_ATTEMPT_PROFILE attempt=5 accepted=1 retry=0 sourceCalls=0 fullPhaseEvaluations=0 scalarProbes=0 rootChecks=0 matrixFreeProducts=0 factorBuilds=0 workerJobElapsedSeconds=0
REACTIVE_STEP time=1.1999999999999999e-07 dt=2.9999999999999997e-08 retries=0 massResidual=-2.4998008231334959e-15 energyResidual=-3.1868493056987357e-15 momentumResidual=1.6537483811811925e-20 globalElementResidual=2.7265442079987166e-15 frozenLiquidResidual=0 speciesResidual=2.6474769119157924e-15 elementDrift=0 minP=3994565.7134307232 maxP=3999999.9999999977 minT=292.10917169980468 maxT=293.14999999999998 maxMach=0.0004008050317252592 minAlphaGas=0.99999999999999967 maxAlphaGas=1.0000000000000002 maxVolumeResidual=3.3306690738754696e-16 maxUVResidual=7.9199152611622395e-11 maxMuResidual=0 maxMechanicalResidual=0 seconds=1.2824774940000001
REACTIVE_CAPILLARY_STEP time=1.1999999999999999e-07 area=3.2000000000000026e-05 surfaceEnergy=6.5847274876891211e-08 liquidMass=0 closureResidual=0 recoveryCalls=9 outerIterations=9
REACTIVE_STEP_TIMINGS time=1.1999999999999999e-07 cflSeconds=0.0087943410000000007 backupSeconds=0.0012298399999999998 transportSeconds=0.011869290000000001 recoverySeconds=1.260000062 sourceSeconds=0 conservationSeconds=0.00024070299999999999 diagnosticsSeconds=0.00031578800000000001 nestedBatchPackSeconds=0.001245042 nestedBatchCallSeconds=1.2476283469999998 nestedBatchScatterSeconds=0 nestedScalarPropertySeconds=0.0063964090000000005 otherSeconds=2.7470000000243762e-05
REACTIVE_GPU_HEM_STEP time=1.1999999999999999e-07 batches=32 submitted=128000 succeeded=128000 cpuFallbacks=0 deviceFailures=0 phaseEvaluations=1387436 residualEvaluations=1489566 analyticJacobians=0 finiteDifferenceJacobians=67487 wallSeconds=1.2440481359999995 kernelSeconds=1.2383317153155811 copySeconds=0.0041671360209584209
REACTIVE_ATTEMPT_PROFILE attempt=6 accepted=1 retry=0 sourceCalls=0 fullPhaseEvaluations=0 scalarProbes=0 rootChecks=0 matrixFreeProducts=0 factorBuilds=0 workerJobElapsedSeconds=0
REACTIVE_STEP time=1.4999999999999999e-07 dt=2.9999999999999997e-08 retries=0 massResidual=-3.0703222343841755e-15 energyResidual=-2.8047851308987603e-15 momentumResidual=1.8422202637292168e-20 globalElementResidual=3.6654946549649196e-15 frozenLiquidResidual=0 speciesResidual=3.5591988532884717e-15 elementDrift=0 minP=3993168.26706276 maxP=3999999.9999999977 minT=291.84639629650638 maxT=293.14999999999998 maxMach=0.00049771726993507143 minAlphaGas=0.99999999999999989 maxAlphaGas=1.0000000000000002 maxVolumeResidual=2.2204460492503131e-16 maxUVResidual=2.1135681500564474e-10 maxMuResidual=0 maxMechanicalResidual=0 seconds=1.440117799
REACTIVE_CAPILLARY_STEP time=1.4999999999999999e-07 area=3.2000000000000026e-05 surfaceEnergy=6.5847274876891211e-08 liquidMass=0 closureResidual=0 recoveryCalls=11 outerIterations=11
REACTIVE_STEP_TIMINGS time=1.4999999999999999e-07 cflSeconds=0.0088406780000000011 backupSeconds=0.00120879 transportSeconds=0.011784929 recoverySeconds=1.417689583 sourceSeconds=0 conservationSeconds=0.00024010399999999999 diagnosticsSeconds=0.00032800499999999997 nestedBatchPackSeconds=0.0012647799999999996 nestedBatchCallSeconds=1.4051772210000002 nestedBatchScatterSeconds=0 nestedScalarPropertySeconds=0.0064199779999999998 otherSeconds=2.5709999999884447e-05
REACTIVE_GPU_HEM_STEP time=1.4999999999999999e-07 batches=32 submitted=128000 succeeded=128000 cpuFallbacks=0 deviceFailures=0 phaseEvaluations=1965606 residualEvaluations=2461038 analyticJacobians=0 finiteDifferenceJacobians=111998 wallSeconds=1.4013814449999993 kernelSeconds=1.3955848955512047 copySeconds=0.0042166400402784236
REACTIVE_ATTEMPT_PROFILE attempt=7 accepted=1 retry=0 sourceCalls=0 fullPhaseEvaluations=0 scalarProbes=0 rootChecks=0 matrixFreeProducts=0 factorBuilds=0 workerJobElapsedSeconds=0
REACTIVE_STEP time=1.8e-07 dt=2.9999999999999997e-08 retries=0 massResidual=-5.4180888277111894e-15 energyResidual=-2.3457710588885033e-15 momentumResidual=2.2117729746076956e-20 globalElementResidual=5.0783860343888e-15 frozenLiquidResidual=0 speciesResidual=4.9311177813671133e-15 elementDrift=0 minP=3991757.0947107337 maxP=3999999.9999999977 minT=291.58270868987478 maxT=293.14999999999998 maxMach=0.00059333883536280248 minAlphaGas=0.99999999999999989 maxAlphaGas=1.0000000000000002 maxVolumeResidual=2.2204460492503131e-16 maxUVResidual=4.5887748621147951e-10 maxMuResidual=0 maxMechanicalResidual=0 seconds=1.50272695
REACTIVE_CAPILLARY_STEP time=1.8e-07 area=3.2000000000000026e-05 surfaceEnergy=6.5847274876891211e-08 liquidMass=0 closureResidual=0 recoveryCalls=13 outerIterations=13
REACTIVE_STEP_TIMINGS time=1.8e-07 cflSeconds=0.0087921419999999993 backupSeconds=0.0012114910000000001 transportSeconds=0.011944857 recoverySeconds=1.4801863000000002 sourceSeconds=0 conservationSeconds=0.000240571 diagnosticsSeconds=0.00032471099999999999 nestedBatchPackSeconds=0.0012599039999999998 nestedBatchCallSeconds=1.467477597 nestedBatchScatterSeconds=0 nestedScalarPropertySeconds=0.0064412050000000002 otherSeconds=2.6877999999841743e-05
REACTIVE_GPU_HEM_STEP time=1.8e-07 batches=32 submitted=128000 succeeded=128000 cpuFallbacks=0 deviceFailures=0 phaseEvaluations=2548388 residualEvaluations=3449855 analyticJacobians=0 finiteDifferenceJacobians=156943 wallSeconds=1.4638065260000026 kernelSeconds=1.4580936486423042 copySeconds=0.0041704320535063746
REACTIVE_ATTEMPT_PROFILE attempt=8 accepted=1 retry=0 sourceCalls=0 fullPhaseEvaluations=0 scalarProbes=0 rootChecks=0 matrixFreeProducts=0 factorBuilds=0 workerJobElapsedSeconds=0
REACTIVE_STEP time=2.1e-07 dt=2.9999999999999997e-08 retries=0 massResidual=-5.9718204727151898e-15 energyResidual=-4.8558348532334546e-15 momentumResidual=2.4452071036459347e-20 globalElementResidual=5.7300860748056159e-15 frozenLiquidResidual=0 speciesResidual=5.5639192509980148e-15 elementDrift=0 minP=3990333.131566382 maxP=3999999.9999999977 minT=291.3181683210413 maxT=293.14999999999998 maxMach=0.00068768289210631548 minAlphaGas=0.99999999999999967 maxAlphaGas=1.0000000000000004 maxVolumeResidual=4.4408920985006262e-16 maxUVResidual=8.7329030849540895e-10 maxMuResidual=0 maxMechanicalResidual=0 seconds=1.7030310470000001
REACTIVE_CAPILLARY_STEP time=2.1e-07 area=3.2000000000000026e-05 surfaceEnergy=6.5847274876891211e-08 liquidMass=0 closureResidual=0 recoveryCalls=15 outerIterations=15
REACTIVE_STEP_TIMINGS time=2.1e-07 cflSeconds=0.0091195259999999993 backupSeconds=0.0012283960000000001 transportSeconds=0.011929787000000001 recoverySeconds=1.6801561349999998 sourceSeconds=0 conservationSeconds=0.00024357900000000001 diagnosticsSeconds=0.00032862700000000001 nestedBatchPackSeconds=0.0012567960000000001 nestedBatchCallSeconds=1.6675975000000001 nestedBatchScatterSeconds=0 nestedScalarPropertySeconds=0.0067827170000000006 otherSeconds=2.4997000000323653e-05
REACTIVE_GPU_HEM_STEP time=2.1e-07 batches=32 submitted=128000 succeeded=128000 cpuFallbacks=0 deviceFailures=0 phaseEvaluations=3058346 residualEvaluations=4309383 analyticJacobians=0 finiteDifferenceJacobians=196210 wallSeconds=1.6639127949999999 kernelSeconds=1.6582335618436348 copySeconds=0.0041239999979734501
REACTIVE_ATTEMPT_PROFILE attempt=9 accepted=1 retry=0 sourceCalls=0 fullPhaseEvaluations=0 scalarProbes=0 rootChecks=0 matrixFreeProducts=0 factorBuilds=0 workerJobElapsedSeconds=0
REACTIVE_STEP time=2.3999999999999998e-07 dt=2.9999999999999997e-08 retries=0 massResidual=-4.5800517146961967e-15 energyResidual=-6.9416840746204637e-15 momentumResidual=2.6669387301730219e-20 globalElementResidual=4.942218957064196e-15 frozenLiquidResidual=0 speciesResidual=4.7988989882331055e-15 elementDrift=0 minP=3988897.3255986064 maxP=3999999.9999999977 minT=291.05283566552646 maxT=293.14999999999998 maxMach=0.00078076299604392903 minAlphaGas=0.99999999999999967 maxAlphaGas=1.0000000000000004 maxVolumeResidual=4.4408920985006262e-16 maxUVResidual=7.5140847303747183e-10 maxMuResidual=0 maxMechanicalResidual=0 seconds=1.9187013310000001
REACTIVE_CAPILLARY_STEP time=2.3999999999999998e-07 area=3.2000000000000026e-05 surfaceEnergy=6.5847274876891211e-08 liquidMass=0 closureResidual=0 recoveryCalls=17 outerIterations=17
REACTIVE_STEP_TIMINGS time=2.3999999999999998e-07 cflSeconds=0.0086786069999999996 backupSeconds=0.0012086409999999999 transportSeconds=0.011861005000000001 recoverySeconds=1.896362975 sourceSeconds=0 conservationSeconds=0.00023939600000000001 diagnosticsSeconds=0.00032535700000000002 nestedBatchPackSeconds=0.0013121720000000001 nestedBatchCallSeconds=1.8836825640000001 nestedBatchScatterSeconds=0 nestedScalarPropertySeconds=0.006432587 otherSeconds=2.5349999999952938e-05
REACTIVE_GPU_HEM_STEP time=2.3999999999999998e-07 batches=32 submitted=128000 succeeded=128000 cpuFallbacks=0 deviceFailures=0 phaseEvaluations=3517005 residualEvaluations=5091622 analyticJacobians=0 finiteDifferenceJacobians=231613 wallSeconds=1.8801077210000008 kernelSeconds=1.8743943433165526 copySeconds=0.0041570239812135611
REACTIVE_ATTEMPT_PROFILE attempt=10 accepted=1 retry=0 sourceCalls=0 fullPhaseEvaluations=0 scalarProbes=0 rootChecks=0 matrixFreeProducts=0 factorBuilds=0 workerJobElapsedSeconds=0
REACTIVE_STEP time=2.6999999999999996e-07 dt=2.9999999999999997e-08 retries=0 massResidual=-2.1328825912513902e-15 energyResidual=-5.6616501319992307e-15 momentumResidual=2.9718197166477671e-20 globalElementResidual=2.2181466188247339e-15 frozenLiquidResidual=0 speciesResidual=2.1538225626800487e-15 elementDrift=0 minP=3987450.6370521989 maxP=3999999.9999999977 minT=290.78677219703366 maxT=293.14999999999998 maxMach=0.00087259308968964347 minAlphaGas=0.99999999999999956 maxAlphaGas=1.0000000000000004 maxVolumeResidual=4.4408920985006262e-16 maxUVResidual=9.776603815444816e-10 maxMuResidual=0 maxMechanicalResidual=0 seconds=2.1123274269999999
REACTIVE_CAPILLARY_STEP time=2.6999999999999996e-07 area=3.2000000000000026e-05 surfaceEnergy=6.5847274876891211e-08 liquidMass=0 closureResidual=0 recoveryCalls=19 outerIterations=19
REACTIVE_STEP_TIMINGS time=2.6999999999999996e-07 cflSeconds=0.0089570919999999998 backupSeconds=0.001209054 transportSeconds=0.012077299 recoverySeconds=2.089486 sourceSeconds=0 conservationSeconds=0.00023949099999999999 diagnosticsSeconds=0.000329184 nestedBatchPackSeconds=0.0012952110000000001 nestedBatchCallSeconds=2.0762553510000004 nestedBatchScatterSeconds=0 nestedScalarPropertySeconds=0.0064753549999999995 otherSeconds=2.9306999999941408e-05
REACTIVE_GPU_HEM_STEP time=2.6999999999999996e-07 batches=32 submitted=128000 succeeded=128000 cpuFallbacks=0 deviceFailures=0 phaseEvaluations=3922313 residualEvaluations=5775893 analyticJacobians=0 finiteDifferenceJacobians=262842 wallSeconds=2.0722474820000016 kernelSeconds=2.0664174960851653 copySeconds=0.004258624017238602
REACTIVE_ATTEMPT_PROFILE attempt=11 accepted=1 retry=0 sourceCalls=0 fullPhaseEvaluations=0 scalarProbes=0 rootChecks=0 matrixFreeProducts=0 factorBuilds=0 workerJobElapsedSeconds=0
REACTIVE_STEP time=2.9999999999999993e-07 dt=2.9999999999999997e-08 retries=0 massResidual=-4.9441070187886776e-15 energyResidual=-4.8010668628773279e-15 momentumResidual=3.3777117774292965e-20 globalElementResidual=5.2225346267866493e-15 frozenLiquidResidual=0 speciesResidual=5.0710861220305832e-15 elementDrift=0 minP=3985994.0378211755 maxP=3999999.9999999977 minT=290.52004034303519 maxT=293.14999999999998 maxMach=0.00096318749615180378 minAlphaGas=0.99999999999999967 maxAlphaGas=1.0000000000000004 maxVolumeResidual=4.4408920985006262e-16 maxUVResidual=6.4535733261790766e-10 maxMuResidual=0 maxMechanicalResidual=0 seconds=2.1189206889999999
REACTIVE_CAPILLARY_STEP time=2.9999999999999993e-07 area=3.2000000000000026e-05 surfaceEnergy=6.5847274876891211e-08 liquidMass=0 closureResidual=0 recoveryCalls=21 outerIterations=21
REACTIVE_STEP_TIMINGS time=2.9999999999999993e-07 cflSeconds=0.0088636870000000003 backupSeconds=0.0012186429999999999 transportSeconds=0.011882729000000002 recoverySeconds=2.0962211760000002 sourceSeconds=0 conservationSeconds=0.00032569199999999998 diagnosticsSeconds=0.000382433 nestedBatchPackSeconds=0.00127743 nestedBatchCallSeconds=2.0834787350000004 nestedBatchScatterSeconds=0 nestedScalarPropertySeconds=0.0063876009999999997 otherSeconds=2.6328999999828979e-05
REACTIVE_GPU_HEM_STEP time=2.9999999999999993e-07 batches=32 submitted=128000 succeeded=128000 cpuFallbacks=0 deviceFailures=0 phaseEvaluations=3985119 residualEvaluations=5874898 analyticJacobians=0 finiteDifferenceJacobians=267662 wallSeconds=2.079848116000008 kernelSeconds=2.0741666047573109 copySeconds=0.004123711995780481
REACTIVE_ATTEMPT_PROFILE attempt=12 accepted=1 retry=0 sourceCalls=0 fullPhaseEvaluations=0 scalarProbes=0 rootChecks=0 matrixFreeProducts=0 factorBuilds=0 workerJobElapsedSeconds=0
REACTIVE_STEP time=3.2999999999999991e-07 dt=2.9999999999999997e-08 retries=0 massResidual=-4.2123872419913235e-15 energyResidual=-6.381906225912837e-15 momentumResidual=3.762046596742914e-20 globalElementResidual=4.3060253387611732e-15 frozenLiquidResidual=0 speciesResidual=4.18115486658397e-15 elementDrift=0 minP=3984528.5106915981 maxP=3999999.9999999977 minT=290.25270343183445 maxT=293.14999999999998 maxMach=0.0010525609121523061 minAlphaGas=0.99999999999999956 maxAlphaGas=1.0000000000000004 maxVolumeResidual=4.4408920985006262e-16 maxUVResidual=7.0335111882353232e-10 maxMuResidual=0 maxMechanicalResidual=0 seconds=2.122365566
REACTIVE_CAPILLARY_STEP time=3.2999999999999991e-07 area=3.2000000000000026e-05 surfaceEnergy=6.5847274876891211e-08 liquidMass=0 closureResidual=0 recoveryCalls=23 outerIterations=23
REACTIVE_STEP_TIMINGS time=3.2999999999999991e-07 cflSeconds=0.0088851529999999998 backupSeconds=0.001217554 transportSeconds=0.011871075 recoverySeconds=2.099793537 sourceSeconds=0 conservationSeconds=0.000242422 diagnosticsSeconds=0.000327349 nestedBatchPackSeconds=0.0012653090000000001 nestedBatchCallSeconds=2.087026845 nestedBatchScatterSeconds=0 nestedScalarPropertySeconds=0.006365084 otherSeconds=2.8475999999663128e-05
REACTIVE_GPU_HEM_STEP time=3.2999999999999991e-07 batches=32 submitted=128000 succeeded=128000 cpuFallbacks=0 deviceFailures=0 phaseEvaluations=4056355 residualEvaluations=5996850 analyticJacobians=0 finiteDifferenceJacobians=273143 wallSeconds=2.083386679000002 kernelSeconds=2.0776911517977741 copySeconds=0.0041465279832482299
REACTIVE_ATTEMPT_PROFILE attempt=13 accepted=1 retry=0 sourceCalls=0 fullPhaseEvaluations=0 scalarProbes=0 rootChecks=0 matrixFreeProducts=0 factorBuilds=0 workerJobElapsedSeconds=0
REACTIVE_STEP time=3.5999999999999989e-07 dt=2.9999999999999997e-08 retries=0 massResidual=-5.6188519716313642e-15 energyResidual=-5.1151752478175355e-15 momentumResidual=4.0231971790970393e-20 globalElementResidual=5.846710425421362e-15 frozenLiquidResidual=0 speciesResidual=5.677161781397982e-15 elementDrift=0 minP=3983055.0484490315 maxP=3999999.9999999977 minT=289.98482563080415 maxT=293.14999999999998 maxMach=0.0011407284000675005 minAlphaGas=0.99999999999999967 maxAlphaGas=1.0000000000000004 maxVolumeResidual=4.4408920985006262e-16 maxUVResidual=1.2271888559259802e-10 maxMuResidual=0 maxMechanicalResidual=0 seconds=2.1370034389999999
REACTIVE_CAPILLARY_STEP time=3.5999999999999989e-07 area=3.2000000000000026e-05 surfaceEnergy=6.5847274876891211e-08 liquidMass=0 closureResidual=0 recoveryCalls=25 outerIterations=25
REACTIVE_STEP_TIMINGS time=3.5999999999999989e-07 cflSeconds=0.0087088399999999989 backupSeconds=0.001211181 transportSeconds=0.011789187999999999 recoverySeconds=2.1146476449999998 sourceSeconds=0 conservationSeconds=0.00026930699999999999 diagnosticsSeconds=0.00035096900000000002 nestedBatchPackSeconds=0.001284164 nestedBatchCallSeconds=2.1020636189999999 nestedBatchScatterSeconds=0 nestedScalarPropertySeconds=0.0063635860000000001 otherSeconds=2.6309000000143841e-05
REACTIVE_GPU_HEM_STEP time=3.5999999999999989e-07 batches=32 submitted=128000 succeeded=128000 cpuFallbacks=0 deviceFailures=0 phaseEvaluations=4151818 residualEvaluations=6154610 analyticJacobians=0 finiteDifferenceJacobians=280470 wallSeconds=2.0984096749999814 kernelSeconds=2.0926961389780008 copySeconds=0.0041603520661592716
REACTIVE_ATTEMPT_PROFILE attempt=14 accepted=1 retry=0 sourceCalls=0 fullPhaseEvaluations=0 scalarProbes=0 rootChecks=0 matrixFreeProducts=0 factorBuilds=0 workerJobElapsedSeconds=0
REACTIVE_STEP time=3.8999999999999987e-07 dt=2.9999999999999997e-08 retries=0 massResidual=-7.0882309010442367e-15 energyResidual=-6.6546282343063642e-15 momentumResidual=4.184568529513975e-20 globalElementResidual=7.3873376135221033e-15 frozenLiquidResidual=0 speciesResidual=7.1731124766534555e-15 elementDrift=0 minP=3981574.652846375 maxP=3999999.9999999977 minT=289.71647187554385 maxT=293.14999999999998 maxMach=0.0012277053789548316 minAlphaGas=0.99999999999999967 maxAlphaGas=1.0000000000000002 maxVolumeResidual=3.3306690738754696e-16 maxUVResidual=1.868073649958355e-10 maxMuResidual=0 maxMechanicalResidual=0 seconds=2.139445153
REACTIVE_CAPILLARY_STEP time=3.8999999999999987e-07 area=3.2000000000000026e-05 surfaceEnergy=6.5847274876891211e-08 liquidMass=0 closureResidual=0 recoveryCalls=27 outerIterations=27
REACTIVE_STEP_TIMINGS time=3.8999999999999987e-07 cflSeconds=0.008706690999999999 backupSeconds=0.0012199569999999998 transportSeconds=0.011904546 recoverySeconds=2.1170168550000001 sourceSeconds=0 conservationSeconds=0.000243959 diagnosticsSeconds=0.00032014899999999999 nestedBatchPackSeconds=0.0012839889999999997 nestedBatchCallSeconds=2.1043510739999998 nestedBatchScatterSeconds=0 nestedScalarPropertySeconds=0.0064517359999999996 otherSeconds=3.2996000000126019e-05
REACTIVE_GPU_HEM_STEP time=3.8999999999999987e-07 batches=32 submitted=128000 succeeded=128000 cpuFallbacks=0 deviceFailures=0 phaseEvaluations=4193292 residualEvaluations=6226578 analyticJacobians=0 finiteDifferenceJacobians=283691 wallSeconds=2.1005689570000072 kernelSeconds=2.0948758810758576 copySeconds=0.0041344639658928012
REACTIVE_ATTEMPT_PROFILE attempt=15 accepted=1 retry=0 sourceCalls=0 fullPhaseEvaluations=0 scalarProbes=0 rootChecks=0 matrixFreeProducts=0 factorBuilds=0 workerJobElapsedSeconds=0
REACTIVE_STEP time=4.1999999999999984e-07 dt=2.9999999999999997e-08 retries=0 massResidual=-6.935962924225473e-15 energyResidual=-5.8598322819416083e-15 momentumResidual=4.4728196439991886e-20 globalElementResidual=6.5525295642881304e-15 frozenLiquidResidual=0 speciesResidual=6.3625126934438129e-15 elementDrift=0 minP=3980088.3334286115 maxP=3999999.9999999977 minT=289.44770778975175 maxT=293.14999999999998 maxMach=0.0013135076145349349 minAlphaGas=0.99999999999999967 maxAlphaGas=1.0000000000000002 maxVolumeResidual=3.3306690738754696e-16 maxUVResidual=2.7410877685355621e-10 maxMuResidual=0 maxMechanicalResidual=0 seconds=2.1509214220000001
REACTIVE_CAPILLARY_STEP time=4.1999999999999984e-07 area=3.2000000000000026e-05 surfaceEnergy=6.5847274876891211e-08 liquidMass=0 closureResidual=0 recoveryCalls=29 outerIterations=29
REACTIVE_STEP_TIMINGS time=4.1999999999999984e-07 cflSeconds=0.0086365540000000011 backupSeconds=0.0012017479999999999 transportSeconds=0.011743712999999999 recoverySeconds=2.1287493369999999 sourceSeconds=0 conservationSeconds=0.000241461 diagnosticsSeconds=0.00032108400000000002 nestedBatchPackSeconds=0.0012632460000000002 nestedBatchCallSeconds=2.1161991009999999 nestedBatchScatterSeconds=0 nestedScalarPropertySeconds=0.0063834979999999996 otherSeconds=2.7524999999887058e-05
REACTIVE_GPU_HEM_STEP time=4.1999999999999984e-07 batches=32 submitted=128000 succeeded=128000 cpuFallbacks=0 deviceFailures=0 phaseEvaluations=4304083 residualEvaluations=6411549 analyticJacobians=0 finiteDifferenceJacobians=292193 wallSeconds=2.1126123909999919 kernelSeconds=2.1069312581419908 copySeconds=0.0041215680316090547
REACTIVE_ATTEMPT_PROFILE attempt=16 accepted=1 retry=0 sourceCalls=0 fullPhaseEvaluations=0 scalarProbes=0 rootChecks=0 matrixFreeProducts=0 factorBuilds=0 workerJobElapsedSeconds=0
REACTIVE_STEP time=4.4999999999999982e-07 dt=2.9999999999999997e-08 retries=0 massResidual=-7.3887242908824765e-15 energyResidual=-5.2596483638282541e-15 momentumResidual=4.7616775487807018e-20 globalElementResidual=7.5809135223479188e-15 frozenLiquidResidual=0 speciesResidual=7.3610747052465769e-15 elementDrift=0 minP=3978597.1062120739 maxP=3999999.9999999977 minT=289.17859959567511 maxT=293.14999999999998 maxMach=0.0013981512081031925 minAlphaGas=0.99999999999999956 maxAlphaGas=1.0000000000000004 maxVolumeResidual=4.4408920985006262e-16 maxUVResidual=3.9095315510966055e-10 maxMuResidual=0 maxMechanicalResidual=0 seconds=2.1403359960000001
REACTIVE_CAPILLARY_STEP time=4.4999999999999982e-07 area=3.2000000000000026e-05 surfaceEnergy=6.5847274876891211e-08 liquidMass=0 closureResidual=0 recoveryCalls=31 outerIterations=31
REACTIVE_STEP_TIMINGS time=4.4999999999999982e-07 cflSeconds=0.0087100770000000001 backupSeconds=0.0013653160000000001 transportSeconds=0.011846749 recoverySeconds=2.1177996180000003 sourceSeconds=0 conservationSeconds=0.00024062700000000001 diagnosticsSeconds=0.00032458900000000002 nestedBatchPackSeconds=0.0012814340000000001 nestedBatchCallSeconds=2.1052970109999998 nestedBatchScatterSeconds=0 nestedScalarPropertySeconds=0.00644196 otherSeconds=4.9020000000101253e-05
REACTIVE_GPU_HEM_STEP time=4.4999999999999982e-07 batches=32 submitted=128000 succeeded=128000 cpuFallbacks=0 deviceFailures=0 phaseEvaluations=4441825 residualEvaluations=6645375 analyticJacobians=0 finiteDifferenceJacobians=302851 wallSeconds=2.1015372439999958 kernelSeconds=2.0957508792579205 copySeconds=0.0042119041085243378
REACTIVE_ATTEMPT_PROFILE attempt=17 accepted=1 retry=0 sourceCalls=0 fullPhaseEvaluations=0 scalarProbes=0 rootChecks=0 matrixFreeProducts=0 factorBuilds=0 workerJobElapsedSeconds=0
REACTIVE_STEP time=4.7999999999999985e-07 dt=2.9999999999999997e-08 retries=0 massResidual=-7.0835851560848964e-15 energyResidual=-7.0419085419451601e-15 momentumResidual=5.079711636308765e-20 globalElementResidual=6.6654337916756834e-15 frozenLiquidResidual=0 speciesResidual=6.4721434920143252e-15 elementDrift=0 minP=3977101.9922169545 maxP=3999999.9999999977 minT=288.90921401507882 maxT=293.14999999999998 maxMach=0.00148165258435121 minAlphaGas=0.99999999999999956 maxAlphaGas=1.0000000000000004 maxVolumeResidual=4.4408920985006262e-16 maxUVResidual=5.4388544810426713e-10 maxMuResidual=0 maxMechanicalResidual=0 seconds=2.157128331
REACTIVE_CAPILLARY_STEP time=4.7999999999999985e-07 area=3.2000000000000026e-05 surfaceEnergy=6.5847274876891211e-08 liquidMass=0 closureResidual=0 recoveryCalls=33 outerIterations=33
REACTIVE_STEP_TIMINGS time=4.7999999999999985e-07 cflSeconds=0.0086828189999999996 backupSeconds=0.0012039120000000001 transportSeconds=0.011741855999999998 recoverySeconds=2.1349098599999996 sourceSeconds=0 conservationSeconds=0.00024445000000000001 diagnosticsSeconds=0.00031988699999999998 nestedBatchPackSeconds=0.001263346 nestedBatchCallSeconds=2.1224686619999997 nestedBatchScatterSeconds=0 nestedScalarPropertySeconds=0.0063602190000000003 otherSeconds=2.5547000000484589e-05
REACTIVE_GPU_HEM_STEP time=4.7999999999999985e-07 batches=32 submitted=128000 succeeded=128000 cpuFallbacks=0 deviceFailures=0 phaseEvaluations=4491801 residualEvaluations=6721917 analyticJacobians=0 finiteDifferenceJacobians=306634 wallSeconds=2.1185519349999957 kernelSeconds=2.1128141961395741 copySeconds=0.0041804800555110128
REACTIVE_ATTEMPT_PROFILE attempt=18 accepted=1 retry=0 sourceCalls=0 fullPhaseEvaluations=0 scalarProbes=0 rootChecks=0 matrixFreeProducts=0 factorBuilds=0 workerJobElapsedSeconds=0
REACTIVE_STEP time=5.0999999999999988e-07 dt=2.9999999999999997e-08 retries=0 massResidual=-5.8925079652957143e-15 energyResidual=-9.1270134040417613e-15 momentumResidual=5.3975025627213572e-20 globalElementResidual=6.2899621749515037e-15 frozenLiquidResidual=0 speciesResidual=6.1075588164652796e-15 elementDrift=0 minP=3975604.0158531214 maxP=3999999.9999999977 minT=288.63961816075584 maxT=293.14999999999998 maxMach=0.0015640284780850274 minAlphaGas=0.99999999999999967 maxAlphaGas=1.0000000000000004 maxVolumeResidual=4.4408920985006262e-16 maxUVResidual=7.3988467547652539e-10 maxMuResidual=0 maxMechanicalResidual=0 seconds=2.1517479640000001
REACTIVE_CAPILLARY_STEP time=5.0999999999999988e-07 area=3.2000000000000026e-05 surfaceEnergy=6.5847274876891211e-08 liquidMass=0 closureResidual=0 recoveryCalls=35 outerIterations=35
REACTIVE_STEP_TIMINGS time=5.0999999999999988e-07 cflSeconds=0.0087509679999999996 backupSeconds=0.0012163970000000001 transportSeconds=0.011783132 recoverySeconds=2.1294099279999998 sourceSeconds=0 conservationSeconds=0.00024391500000000001 diagnosticsSeconds=0.00032065300000000001 nestedBatchPackSeconds=0.0013047500000000001 nestedBatchCallSeconds=2.116877117 nestedBatchScatterSeconds=0 nestedScalarPropertySeconds=0.0064122210000000001 otherSeconds=2.2971000000081255e-05
REACTIVE_GPU_HEM_STEP time=5.0999999999999988e-07 batches=32 submitted=128000 succeeded=128000 cpuFallbacks=0 deviceFailures=0 phaseEvaluations=4507488 residualEvaluations=6740658 analyticJacobians=0 finiteDifferenceJacobians=307784 wallSeconds=2.1132530370000033 kernelSeconds=2.1075254770517446 copySeconds=0.0041668800115585297
REACTIVE_ATTEMPT_PROFILE attempt=19 accepted=1 retry=0 sourceCalls=0 fullPhaseEvaluations=0 scalarProbes=0 rootChecks=0 matrixFreeProducts=0 factorBuilds=0 workerJobElapsedSeconds=0
REACTIVE_STEP time=5.3999999999999991e-07 dt=2.9999999999999997e-08 retries=0 massResidual=-6.5532667765189871e-15 energyResidual=-7.5720608908945518e-15 momentumResidual=5.7146160493388441e-20 globalElementResidual=7.0707387384774239e-15 frozenLiquidResidual=0 speciesResidual=6.8656939735652251e-15 elementDrift=0 minP=3974104.2031607255 maxP=3999999.9999999977 minT=288.36987941870092 maxT=293.14999999999998 maxMach=0.0016452959198342528 minAlphaGas=0.99999999999999967 maxAlphaGas=1.0000000000000004 maxVolumeResidual=4.4408920985006262e-16 maxUVResidual=9.873114059542605e-10 maxMuResidual=0 maxMechanicalResidual=0 seconds=2.1859245650000001
REACTIVE_CAPILLARY_STEP time=5.3999999999999991e-07 area=3.2000000000000026e-05 surfaceEnergy=6.5847274876891211e-08 liquidMass=0 closureResidual=0 recoveryCalls=37 outerIterations=37
REACTIVE_STEP_TIMINGS time=5.3999999999999991e-07 cflSeconds=0.0087061639999999989 backupSeconds=0.0012153099999999998 transportSeconds=0.011883074 recoverySeconds=2.1635217720000002 sourceSeconds=0 conservationSeconds=0.000243336 diagnosticsSeconds=0.00032686999999999999 nestedBatchPackSeconds=0.001284316 nestedBatchCallSeconds=2.1509295229999994 nestedBatchScatterSeconds=0 nestedScalarPropertySeconds=0.0064036249999999996 otherSeconds=2.8038999999941718e-05
REACTIVE_GPU_HEM_STEP time=5.3999999999999991e-07 batches=32 submitted=128000 succeeded=128000 cpuFallbacks=0 deviceFailures=0 phaseEvaluations=4542865 residualEvaluations=6800962 analyticJacobians=0 finiteDifferenceJacobians=310505 wallSeconds=2.1472642569999927 kernelSeconds=2.1415316340923383 copySeconds=0.0041718399375677284
REACTIVE_ATTEMPT_PROFILE attempt=20 accepted=1 retry=0 sourceCalls=0 fullPhaseEvaluations=0 scalarProbes=0 rootChecks=0 matrixFreeProducts=0 factorBuilds=0 workerJobElapsedSeconds=0
REACTIVE_STEP time=5.6999999999999994e-07 dt=2.9999999999999997e-08 retries=0 massResidual=-5.1045647042018418e-15 energyResidual=-7.407599621259145e-15 momentumResidual=6.2318905477807477e-20 globalElementResidual=5.3098389380499939e-15 frozenLiquidResidual=0 speciesResidual=5.1558588651946975e-15 elementDrift=0 minP=3972603.5799087617 maxP=3999999.9999999977 minT=288.10006532117035 maxT=293.14999999999998 maxMach=0.0017254722203541976 minAlphaGas=0.99999999999999967 maxAlphaGas=1.0000000000000002 maxVolumeResidual=3.3306690738754696e-16 maxUVResidual=9.6888677257873001e-10 maxMuResidual=0 maxMechanicalResidual=0 seconds=2.1857907980000002
REACTIVE_CAPILLARY_STEP time=5.6999999999999994e-07 area=3.2000000000000026e-05 surfaceEnergy=6.5847274876891211e-08 liquidMass=0 closureResidual=0 recoveryCalls=39 outerIterations=39
REACTIVE_STEP_TIMINGS time=5.6999999999999994e-07 cflSeconds=0.0086716780000000004 backupSeconds=0.0012072750000000001 transportSeconds=0.011895580999999999 recoverySeconds=2.1634248410000003 sourceSeconds=0 conservationSeconds=0.00024544200000000001 diagnosticsSeconds=0.00032134900000000002 nestedBatchPackSeconds=0.001249516 nestedBatchCallSeconds=2.1506704650000006 nestedBatchScatterSeconds=0 nestedScalarPropertySeconds=0.0064297960000000006 otherSeconds=2.4631999999924286e-05
REACTIVE_GPU_HEM_STEP time=5.6999999999999994e-07 batches=32 submitted=128000 succeeded=128000 cpuFallbacks=0 deviceFailures=0 phaseEvaluations=4583556 residualEvaluations=6864760 analyticJacobians=0 finiteDifferenceJacobians=313597 wallSeconds=2.1470769000000054 kernelSeconds=2.1413807051479701 copySeconds=0.004157983995974085
REACTIVE_ATTEMPT_PROFILE attempt=21 accepted=1 retry=0 sourceCalls=0 fullPhaseEvaluations=0 scalarProbes=0 rootChecks=0 matrixFreeProducts=0 factorBuilds=0 workerJobElapsedSeconds=0
REACTIVE_STEP time=5.9999999999999997e-07 dt=2.9999999999999997e-08 retries=0 massResidual=-6.6823237245683868e-15 energyResidual=-7.2330038296622586e-15 momentumResidual=6.6445577415950494e-20 globalElementResidual=6.8242001070671539e-15 frozenLiquidResidual=0 speciesResidual=6.6263040364004708e-15 elementDrift=0 minP=3971103.1695563872 maxP=3999999.9999999977 minT=287.83024341096177 maxT=293.14999999999998 maxMach=0.0018045749540316655 minAlphaGas=0.99999999999999967 maxAlphaGas=1.0000000000000004 maxVolumeResidual=4.4408920985006262e-16 maxUVResidual=9.98805263408584e-10 maxMuResidual=0 maxMechanicalResidual=0 seconds=2.166722842
REACTIVE_CAPILLARY_STEP time=5.9999999999999997e-07 area=3.2000000000000026e-05 surfaceEnergy=6.5847274876891211e-08 liquidMass=0 closureResidual=0 recoveryCalls=41 outerIterations=41
REACTIVE_STEP_TIMINGS time=5.9999999999999997e-07 cflSeconds=0.0088114990000000004 backupSeconds=0.0011983860000000001 transportSeconds=0.011886203 recoverySeconds=2.144089331 sourceSeconds=0 conservationSeconds=0.000325834 diagnosticsSeconds=0.00038511900000000001 nestedBatchPackSeconds=0.001256891 nestedBatchCallSeconds=2.1315996729999998 nestedBatchScatterSeconds=0 nestedScalarPropertySeconds=0.0064055550000000003 otherSeconds=2.6469999999903786e-05
REACTIVE_GPU_HEM_STEP time=5.9999999999999997e-07 batches=32 submitted=128000 succeeded=128000 cpuFallbacks=0 deviceFailures=0 phaseEvaluations=4629392 residualEvaluations=6951680 analyticJacobians=0 finiteDifferenceJacobians=317192 wallSeconds=2.1279218989999933 kernelSeconds=2.1222317780554292 copySeconds=0.0041415360346436364
REACTIVE_ATTEMPT_PROFILE attempt=22 accepted=1 retry=0 sourceCalls=0 fullPhaseEvaluations=0 scalarProbes=0 rootChecks=0 matrixFreeProducts=0 factorBuilds=0 workerJobElapsedSeconds=0
REACTIVE_STEP time=6.3e-07 dt=2.9999999999999997e-08 retries=0 massResidual=-7.1730203805580117e-15 energyResidual=-8.7211381586576821e-15 momentumResidual=6.8219430428167182e-20 globalElementResidual=7.4463463214684384e-15 frozenLiquidResidual=0 speciesResidual=7.2304103314887855e-15 elementDrift=0 minP=3969603.9910836685 maxP=3999999.9999999977 minT=287.56048109736503 maxT=293.14999999999998 maxMach=0.0018826219412140337 minAlphaGas=0.99999999999999956 maxAlphaGas=1.0000000000000002 maxVolumeResidual=4.4408920985006262e-16 maxUVResidual=9.9015753631450259e-10 maxMuResidual=0 maxMechanicalResidual=0 seconds=2.1623020780000002
REACTIVE_CAPILLARY_STEP time=6.3e-07 area=3.2000000000000026e-05 surfaceEnergy=6.5847274876891211e-08 liquidMass=0 closureResidual=0 recoveryCalls=43 outerIterations=43
REACTIVE_STEP_TIMINGS time=6.3e-07 cflSeconds=0.0087195369999999994 backupSeconds=0.0012035449999999999 transportSeconds=0.011734367999999998 recoverySeconds=2.1400562929999998 sourceSeconds=0 conservationSeconds=0.000243074 diagnosticsSeconds=0.00032177300000000002 nestedBatchPackSeconds=0.0012950170000000001 nestedBatchCallSeconds=2.1273857029999999 nestedBatchScatterSeconds=0 nestedScalarPropertySeconds=0.0063657649999999998 otherSeconds=2.3488000000217385e-05
REACTIVE_GPU_HEM_STEP time=6.3e-07 batches=32 submitted=128000 succeeded=128000 cpuFallbacks=0 deviceFailures=0 phaseEvaluations=4658407 residualEvaluations=7018600 analyticJacobians=0 finiteDifferenceJacobians=319555 wallSeconds=2.1237445990000268 kernelSeconds=2.1180149081051454 copySeconds=0.0041754239499569162
REACTIVE_ATTEMPT_PROFILE attempt=23 accepted=1 retry=0 sourceCalls=0 fullPhaseEvaluations=0 scalarProbes=0 rootChecks=0 matrixFreeProducts=0 factorBuilds=0 workerJobElapsedSeconds=0
REACTIVE_STEP time=6.6000000000000003e-07 dt=2.9999999999999997e-08 retries=0 massResidual=-9.098743570123535e-15 energyResidual=-6.6848295591760469e-15 momentumResidual=7.0436746693438053e-20 globalElementResidual=9.3447837065662586e-15 frozenLiquidResidual=0 speciesResidual=9.0737938887159502e-15 elementDrift=0 minP=3968107.0567003656 maxP=3999999.9999999977 minT=287.29084550435869 maxT=293.14999999999998 maxMach=0.0019596312294908858 minAlphaGas=0.99999999999999967 maxAlphaGas=1.0000000000000002 maxVolumeResidual=3.3306690738754696e-16 maxUVResidual=9.7068578636644677e-10 maxMuResidual=0 maxMechanicalResidual=0 seconds=2.1523037760000001
REACTIVE_CAPILLARY_STEP time=6.6000000000000003e-07 area=3.2000000000000026e-05 surfaceEnergy=6.5847274876891211e-08 liquidMass=0 closureResidual=0 recoveryCalls=45 outerIterations=45
REACTIVE_STEP_TIMINGS time=6.6000000000000003e-07 cflSeconds=0.0090315470000000009 backupSeconds=0.001200759 transportSeconds=0.012026999999999999 recoverySeconds=2.1294560420000002 sourceSeconds=0 conservationSeconds=0.000242241 diagnosticsSeconds=0.00032056100000000002 nestedBatchPackSeconds=0.0012697680000000003 nestedBatchCallSeconds=2.1164701419999998 nestedBatchScatterSeconds=0 nestedScalarPropertySeconds=0.0063854619999999997 otherSeconds=2.5625999999918632e-05
REACTIVE_GPU_HEM_STEP time=6.6000000000000003e-07 batches=32 submitted=128000 succeeded=128000 cpuFallbacks=0 deviceFailures=0 phaseEvaluations=4770460 residualEvaluations=7213693 analyticJacobians=0 finiteDifferenceJacobians=328214 wallSeconds=2.1128962050000055 kernelSeconds=2.1071868922114305 copySeconds=0.0041589120775461508
REACTIVE_ATTEMPT_PROFILE attempt=24 accepted=1 retry=0 sourceCalls=0 fullPhaseEvaluations=0 scalarProbes=0 rootChecks=0 matrixFreeProducts=0 factorBuilds=0 workerJobElapsedSeconds=0
REACTIVE_STEP time=6.9000000000000006e-07 dt=2.9999999999999997e-08 retries=0 massResidual=-8.4097392231062189e-15 energyResidual=-8.5449637635845335e-15 momentumResidual=7.3029966379143705e-20 globalElementResidual=8.6678932431336063e-15 frozenLiquidResidual=0 speciesResidual=8.4165322376461305e-15 elementDrift=0 minP=3966613.3694433239 maxP=3999999.9999999977 minT=287.02140331175292 maxT=293.14999999999998 maxMach=0.0020356210739672777 minAlphaGas=0.99999999999999967 maxAlphaGas=1.0000000000000004 maxVolumeResidual=4.4408920985006262e-16 maxUVResidual=7.2557269303981017e-10 maxMuResidual=0 maxMechanicalResidual=0 seconds=2.2159057519999998
REACTIVE_CAPILLARY_STEP time=6.9000000000000006e-07 area=3.2000000000000026e-05 surfaceEnergy=6.5847274876891211e-08 liquidMass=0 closureResidual=0 recoveryCalls=47 outerIterations=47
REACTIVE_STEP_TIMINGS time=6.9000000000000006e-07 cflSeconds=0.0087471649999999995 backupSeconds=0.0012062940000000001 transportSeconds=0.011750403999999999 recoverySeconds=2.1936095619999998 sourceSeconds=0 conservationSeconds=0.00024174400000000001 diagnosticsSeconds=0.00032631899999999999 nestedBatchPackSeconds=0.0012825060000000003 nestedBatchCallSeconds=2.1808553550000003 nestedBatchScatterSeconds=0 nestedScalarPropertySeconds=0.0063777759999999999 otherSeconds=2.4264000000114624e-05
REACTIVE_GPU_HEM_STEP time=6.9000000000000006e-07 batches=32 submitted=128000 succeeded=128000 cpuFallbacks=0 deviceFailures=0 phaseEvaluations=4917408 residualEvaluations=7467291 analyticJacobians=0 finiteDifferenceJacobians=339605 wallSeconds=2.1772828959999941 kernelSeconds=2.1715413348078698 copySeconds=0.0041767359972000179
REACTIVE_ATTEMPT_PROFILE attempt=25 accepted=1 retry=0 sourceCalls=0 fullPhaseEvaluations=0 scalarProbes=0 rootChecks=0 matrixFreeProducts=0 factorBuilds=0 workerJobElapsedSeconds=0
REACTIVE_STEP time=7.2000000000000009e-07 dt=2.9999999999999997e-08 retries=0 massResidual=-1.0419410606060216e-14 energyResidual=-6.7180195568192919e-15 momentumResidual=7.620409412600099e-20 globalElementResidual=9.9244156062243954e-15 frozenLiquidResidual=0 speciesResidual=9.636618401097462e-15 elementDrift=0 minP=3965123.920675097 maxP=3999999.9999999977 minT=286.75222059010775 maxT=293.14999999999998 maxMach=0.0021106099165778781 minAlphaGas=0.99999999999999956 maxAlphaGas=1.0000000000000004 maxVolumeResidual=4.4408920985006262e-16 maxUVResidual=9.9098538011172543e-10 maxMuResidual=0 maxMechanicalResidual=0 seconds=2.2130828450000002
REACTIVE_CAPILLARY_STEP time=7.2000000000000009e-07 area=3.2000000000000026e-05 surfaceEnergy=6.5847274876891211e-08 liquidMass=0 closureResidual=0 recoveryCalls=49 outerIterations=49
REACTIVE_STEP_TIMINGS time=7.2000000000000009e-07 cflSeconds=0.0088494549999999991 backupSeconds=0.0012548380000000001 transportSeconds=0.011971777999999999 recoverySeconds=2.1903901569999999 sourceSeconds=0 conservationSeconds=0.00024485799999999998 diagnosticsSeconds=0.00032180700000000002 nestedBatchPackSeconds=0.0012673710000000002 nestedBatchCallSeconds=2.1779825129999995 nestedBatchScatterSeconds=0 nestedScalarPropertySeconds=0.0065796960000000003 otherSeconds=4.9952000000374564e-05
REACTIVE_GPU_HEM_STEP time=7.2000000000000009e-07 batches=32 submitted=128000 succeeded=128000 cpuFallbacks=0 deviceFailures=0 phaseEvaluations=4985651 residualEvaluations=7582474 analyticJacobians=0 finiteDifferenceJacobians=344889 wallSeconds=2.1743822359999925 kernelSeconds=2.1687140790521937 copySeconds=0.0041092480644583651
REACTIVE_ATTEMPT_PROFILE attempt=26 accepted=1 retry=0 sourceCalls=0 fullPhaseEvaluations=0 scalarProbes=0 rootChecks=0 matrixFreeProducts=0 factorBuilds=0 workerJobElapsedSeconds=0
REACTIVE_STEP time=7.5000000000000012e-07 dt=2.9999999999999997e-08 retries=0 massResidual=-8.7562010280854657e-15 energyResidual=-7.6960458685496666e-15 momentumResidual=7.9369668150845613e-20 globalElementResidual=8.5405489719293026e-15 frozenLiquidResidual=0 speciesResidual=8.2928794602246195e-15 elementDrift=0 minP=3963639.687498433 maxP=3999999.9999999977 minT=286.48336263038345 maxT=293.14999999999998 maxMach=0.0021846163645015708 minAlphaGas=0.99999999999999967 maxAlphaGas=1.0000000000000004 maxVolumeResidual=4.4408920985006262e-16 maxUVResidual=9.1831361276600435e-10 maxMuResidual=0 maxMechanicalResidual=0 seconds=2.266265856
REACTIVE_CAPILLARY_STEP time=7.5000000000000012e-07 area=3.2000000000000026e-05 surfaceEnergy=6.5847274876891211e-08 liquidMass=0 closureResidual=0 recoveryCalls=51 outerIterations=51
REACTIVE_STEP_TIMINGS time=7.5000000000000012e-07 cflSeconds=0.0089762419999999989 backupSeconds=0.0012606259999999999 transportSeconds=0.011886741999999999 recoverySeconds=2.2434016960000003 sourceSeconds=0 conservationSeconds=0.000329394 diagnosticsSeconds=0.00038221099999999998 nestedBatchPackSeconds=0.0013002210000000001 nestedBatchCallSeconds=2.2305616639999997 nestedBatchScatterSeconds=0 nestedScalarPropertySeconds=0.0065986099999999995 otherSeconds=2.8944999999284862e-05
REACTIVE_GPU_HEM_STEP time=7.5000000000000012e-07 batches=32 submitted=128000 succeeded=128000 cpuFallbacks=0 deviceFailures=0 phaseEvaluations=5063330 residualEvaluations=7712742 analyticJacobians=0 finiteDifferenceJacobians=350844 wallSeconds=2.2268426030000015 kernelSeconds=2.2209819906055799 copySeconds=0.004263039968907853
REACTIVE_ATTEMPT_PROFILE attempt=27 accepted=1 retry=0 sourceCalls=0 fullPhaseEvaluations=0 scalarProbes=0 rootChecks=0 matrixFreeProducts=0 factorBuilds=0 workerJobElapsedSeconds=0
REACTIVE_STEP time=7.8000000000000016e-07 dt=2.9999999999999997e-08 retries=0 massResidual=-7.8001924476443783e-15 energyResidual=-7.5354665028363091e-15 momentumResidual=8.2569952193630154e-20 globalElementResidual=7.7159614931682411e-15 frozenLiquidResidual=0 speciesResidual=7.492204884077318e-15 elementDrift=0 minP=3962161.6301032957 maxP=3999999.9999999977 minT=286.21489376940701 maxT=293.14999999999998 maxMach=0.002257659167746306 minAlphaGas=0.99999999999999967 maxAlphaGas=1.0000000000000004 maxVolumeResidual=4.4408920985006262e-16 maxUVResidual=9.1815607985234844e-10 maxMuResidual=0 maxMechanicalResidual=0 seconds=2.2799070480000001
REACTIVE_CAPILLARY_STEP time=7.8000000000000016e-07 area=3.2000000000000026e-05 surfaceEnergy=6.5847274876891211e-08 liquidMass=0 closureResidual=0 recoveryCalls=53 outerIterations=53
REACTIVE_STEP_TIMINGS time=7.8000000000000016e-07 cflSeconds=0.0086901280000000001 backupSeconds=0.0011950050000000001 transportSeconds=0.011769186000000001 recoverySeconds=2.2576644200000002 sourceSeconds=0 conservationSeconds=0.00023908499999999999 diagnosticsSeconds=0.00032508500000000002 nestedBatchPackSeconds=0.0012679970000000001 nestedBatchCallSeconds=2.2452308219999999 nestedBatchScatterSeconds=0 nestedScalarPropertySeconds=0.0063765450000000008 otherSeconds=2.4138999999842527e-05
REACTIVE_GPU_HEM_STEP time=7.8000000000000016e-07 batches=32 submitted=128000 succeeded=128000 cpuFallbacks=0 deviceFailures=0 phaseEvaluations=5101072 residualEvaluations=7770302 analyticJacobians=0 finiteDifferenceJacobians=353684 wallSeconds=2.2416635790000115 kernelSeconds=2.2359604140520091 copySeconds=0.0041579840332269802
REACTIVE_ATTEMPT_PROFILE attempt=28 accepted=1 retry=0 sourceCalls=0 fullPhaseEvaluations=0 scalarProbes=0 rootChecks=0 matrixFreeProducts=0 factorBuilds=0 workerJobElapsedSeconds=0
REACTIVE_STEP time=8.1000000000000019e-07 dt=2.9999999999999997e-08 retries=0 massResidual=-9.0388470057158994e-15 energyResidual=-7.0972888731515088e-15 momentumResidual=8.5721153470253929e-20 globalElementResidual=8.8551439068005804e-15 frozenLiquidResidual=0 speciesResidual=8.5983514534103667e-15 elementDrift=0 minP=3960690.689064947 maxP=3999999.9999999977 minT=285.94687721235624 maxT=293.14999999999998 maxMach=0.002329757195984179 minAlphaGas=0.99999999999999967 maxAlphaGas=1.0000000000000004 maxVolumeResidual=4.4408920985006262e-16 maxUVResidual=9.914861251567634e-10 maxMuResidual=0 maxMechanicalResidual=0 seconds=2.2630036069999999
REACTIVE_CAPILLARY_STEP time=8.1000000000000019e-07 area=3.2000000000000026e-05 surfaceEnergy=6.5847274876891211e-08 liquidMass=0 closureResidual=0 recoveryCalls=55 outerIterations=55
REACTIVE_STEP_TIMINGS time=8.1000000000000019e-07 cflSeconds=0.0086101609999999999 backupSeconds=0.0012028820000000002 transportSeconds=0.011779873999999999 recoverySeconds=2.240825031 sourceSeconds=0 conservationSeconds=0.000238287 diagnosticsSeconds=0.00031981799999999998 nestedBatchPackSeconds=0.0012746170000000002 nestedBatchCallSeconds=2.2284725720000003 nestedBatchScatterSeconds=0 nestedScalarPropertySeconds=0.0064204810000000005 otherSeconds=2.7553999999960644e-05
REACTIVE_GPU_HEM_STEP time=8.1000000000000019e-07 batches=32 submitted=128000 succeeded=128000 cpuFallbacks=0 deviceFailures=0 phaseEvaluations=5116312 residualEvaluations=7792257 analyticJacobians=0 finiteDifferenceJacobians=354832 wallSeconds=2.224806423000004 kernelSeconds=2.2190425622761083 copySeconds=0.0041969280168413781
REACTIVE_ATTEMPT_PROFILE attempt=29 accepted=1 retry=0 sourceCalls=0 fullPhaseEvaluations=0 scalarProbes=0 rootChecks=0 matrixFreeProducts=0 factorBuilds=0 workerJobElapsedSeconds=0
REACTIVE_STEP time=8.4000000000000022e-07 dt=2.9999999999999997e-08 retries=0 massResidual=-8.2503816417722978e-15 energyResidual=-7.4305146517917777e-15 momentumResidual=8.8898540414576938e-20 globalElementResidual=8.4348907976738842e-15 frozenLiquidResidual=0 speciesResidual=8.1902866324495376e-15 elementDrift=0 minP=3959227.7826135494 maxP=3999999.9999999977 minT=285.67937485357817 maxT=293.14999999999998 maxMach=0.0024009294147265352 minAlphaGas=0.99999999999999967 maxAlphaGas=1.0000000000000004 maxVolumeResidual=4.4408920985006262e-16 maxUVResidual=9.7055173331017475e-10 maxMuResidual=0 maxMechanicalResidual=0 seconds=2.3110428070000002
REACTIVE_CAPILLARY_STEP time=8.4000000000000022e-07 area=3.2000000000000026e-05 surfaceEnergy=6.5847274876891211e-08 liquidMass=0 closureResidual=0 recoveryCalls=57 outerIterations=57
REACTIVE_STEP_TIMINGS time=8.4000000000000022e-07 cflSeconds=0.0086643120000000004 backupSeconds=0.0012155740000000001 transportSeconds=0.011759227000000001 recoverySeconds=2.2888100360000001 sourceSeconds=0 conservationSeconds=0.000245045 diagnosticsSeconds=0.00032312999999999998 nestedBatchPackSeconds=0.0012764169999999997 nestedBatchCallSeconds=2.276544087 nestedBatchScatterSeconds=0 nestedScalarPropertySeconds=0.0063716190000000002 otherSeconds=2.548299999966387e-05
REACTIVE_GPU_HEM_STEP time=8.4000000000000022e-07 batches=32 submitted=128000 succeeded=128000 cpuFallbacks=0 deviceFailures=0 phaseEvaluations=5135876 residualEvaluations=7820325 analyticJacobians=0 finiteDifferenceJacobians=356306 wallSeconds=2.2729672080000185 kernelSeconds=2.2672668789029089 copySeconds=0.0041444800794124687
REACTIVE_ATTEMPT_PROFILE attempt=30 accepted=1 retry=0 sourceCalls=0 fullPhaseEvaluations=0 scalarProbes=0 rootChecks=0 matrixFreeProducts=0 factorBuilds=0 workerJobElapsedSeconds=0
REACTIVE_STEP time=8.7000000000000025e-07 dt=2.9999999999999997e-08 retries=0 massResidual=-1.0294606926192262e-14 energyResidual=-8.9134244212394318e-15 momentumResidual=9.2053300276481679e-20 globalElementResidual=1.0016651284596782e-14 frozenLiquidResidual=0 speciesResidual=9.7261766080621273e-15 elementDrift=0 minP=3957773.8038972137 maxP=3999999.9999999977 minT=285.41244709715647 maxT=293.14999999999998 maxMach=0.002471194860938242 minAlphaGas=0.99999999999999967 maxAlphaGas=1.0000000000000004 maxVolumeResidual=4.4408920985006262e-16 maxUVResidual=9.9619716542998567e-10 maxMuResidual=0 maxMechanicalResidual=0 seconds=2.3465593999999999
REACTIVE_CAPILLARY_STEP time=8.7000000000000025e-07 area=3.2000000000000026e-05 surfaceEnergy=6.5847274876891211e-08 liquidMass=0 closureResidual=0 recoveryCalls=59 outerIterations=59
REACTIVE_STEP_TIMINGS time=8.7000000000000025e-07 cflSeconds=0.0088139870000000006 backupSeconds=0.0012040589999999999 transportSeconds=0.011782527000000001 recoverySeconds=2.3241686230000003 sourceSeconds=0 conservationSeconds=0.000242308 diagnosticsSeconds=0.00032396399999999999 nestedBatchPackSeconds=0.0012711000000000005 nestedBatchCallSeconds=2.3116782580000002 nestedBatchScatterSeconds=0 nestedScalarPropertySeconds=0.0064109630000000004 otherSeconds=2.3931999999872065e-05
REACTIVE_GPU_HEM_STEP time=8.7000000000000025e-07 batches=32 submitted=128000 succeeded=128000 cpuFallbacks=0 deviceFailures=0 phaseEvaluations=5166196 residualEvaluations=7870676 analyticJacobians=0 finiteDifferenceJacobians=358660 wallSeconds=2.3080298359999816 kernelSeconds=2.3022877562642137 copySeconds=0.0041855040118097819
REACTIVE_ATTEMPT_PROFILE attempt=31 accepted=1 retry=0 sourceCalls=0 fullPhaseEvaluations=0 scalarProbes=0 rootChecks=0 matrixFreeProducts=0 factorBuilds=0 workerJobElapsedSeconds=0
REACTIVE_STEP time=9.0000000000000028e-07 dt=2.9999999999999997e-08 retries=0 massResidual=-9.6227389191433066e-15 energyResidual=-9.7958469110516034e-15 momentumResidual=9.5215826938010094e-20 globalElementResidual=9.4907649631231006e-15 frozenLiquidResidual=0 speciesResidual=9.2155411513329434e-15 elementDrift=0 minP=3956329.6182620167 maxP=3999999.9999999977 minT=285.1461526787312 maxT=293.14999999999998 maxMach=0.0025405726181989769 minAlphaGas=0.99999999999999967 maxAlphaGas=1.0000000000000004 maxVolumeResidual=4.4408920985006262e-16 maxUVResidual=9.3187140494593709e-10 maxMuResidual=0 maxMechanicalResidual=0 seconds=2.350590795
REACTIVE_CAPILLARY_STEP time=9.0000000000000028e-07 area=3.2000000000000026e-05 surfaceEnergy=6.5847274876891211e-08 liquidMass=0 closureResidual=0 recoveryCalls=61 outerIterations=61
REACTIVE_STEP_TIMINGS time=9.0000000000000028e-07 cflSeconds=0.0087786879999999998 backupSeconds=0.001204367 transportSeconds=0.011768935000000001 recoverySeconds=2.3282572459999997 sourceSeconds=0 conservationSeconds=0.00023971100000000001 diagnosticsSeconds=0.00031944699999999999 nestedBatchPackSeconds=0.001258398 nestedBatchCallSeconds=2.3155702680000001 nestedBatchScatterSeconds=0 nestedScalarPropertySeconds=0.0063652190000000001 otherSeconds=2.2401000000009288e-05
REACTIVE_GPU_HEM_STEP time=9.0000000000000028e-07 batches=32 submitted=128000 succeeded=128000 cpuFallbacks=0 deviceFailures=0 phaseEvaluations=5191794 residualEvaluations=7908132 analyticJacobians=0 finiteDifferenceJacobians=360593 wallSeconds=2.3120421580000041 kernelSeconds=2.3063238821029586 copySeconds=0.004157535992562772
REACTIVE_ATTEMPT_PROFILE attempt=32 accepted=1 retry=0 sourceCalls=0 fullPhaseEvaluations=0 scalarProbes=0 rootChecks=0 matrixFreeProducts=0 factorBuilds=0 workerJobElapsedSeconds=0
REACTIVE_STEP time=9.3000000000000031e-07 dt=2.9999999999999997e-08 retries=0 massResidual=-8.0716482670273769e-15 energyResidual=-9.3583434180826443e-15 momentumResidual=9.8431434426339638e-20 globalElementResidual=8.1162609889313937e-15 frozenLiquidResidual=0 speciesResidual=7.8808967727406145e-15 elementDrift=0 minP=3954896.06057361 maxP=3999999.9999999977 minT=284.88054849014674 maxT=293.14999999999998 maxMach=0.002609081791527277 minAlphaGas=0.99999999999999967 maxAlphaGas=1.0000000000000004 maxVolumeResidual=4.4408920985006262e-16 maxUVResidual=9.1515960142310856e-10 maxMuResidual=0 maxMechanicalResidual=0 seconds=2.3790989910000002
REACTIVE_CAPILLARY_STEP time=9.3000000000000031e-07 area=3.2000000000000026e-05 surfaceEnergy=6.5847274876891211e-08 liquidMass=0 closureResidual=0 recoveryCalls=63 outerIterations=63
REACTIVE_STEP_TIMINGS time=9.3000000000000031e-07 cflSeconds=0.0088102389999999992 backupSeconds=0.0012384270000000001 transportSeconds=0.011826023 recoverySeconds=2.3566303299999998 sourceSeconds=0 conservationSeconds=0.00024158400000000001 diagnosticsSeconds=0.00032747199999999998 nestedBatchPackSeconds=0.0012769470000000003 nestedBatchCallSeconds=2.3442207290000003 nestedBatchScatterSeconds=0 nestedScalarPropertySeconds=0.0063836069999999995 otherSeconds=2.4916000000331268e-05
REACTIVE_GPU_HEM_STEP time=9.3000000000000031e-07 batches=32 submitted=128000 succeeded=128000 cpuFallbacks=0 deviceFailures=0 phaseEvaluations=5202618 residualEvaluations=7917039 analyticJacobians=0 finiteDifferenceJacobians=361365 wallSeconds=2.3406227520000087 kernelSeconds=2.334819463223198 copySeconds=0.0042321920394897405
REACTIVE_ATTEMPT_PROFILE attempt=33 accepted=1 retry=0 sourceCalls=0 fullPhaseEvaluations=0 scalarProbes=0 rootChecks=0 matrixFreeProducts=0 factorBuilds=0 workerJobElapsedSeconds=0
REACTIVE_STEP time=9.6000000000000034e-07 dt=2.9999999999999997e-08 retries=0 massResidual=-9.526436140368055e-15 energyResidual=-1.0034412659175847e-14 momentumResidual=1.0158403999799508e-19 globalElementResidual=9.7110522610446541e-15 frozenLiquidResidual=0 speciesResidual=9.429439653672563e-15 elementDrift=0 minP=3953473.9326058333 maxP=3999999.9999999977 minT=284.61568940854687 maxT=293.14999999999998 maxMach=0.0026767414819900493 minAlphaGas=0.99999999999999956 maxAlphaGas=1.0000000000000004 maxVolumeResidual=4.4408920985006262e-16 maxUVResidual=8.7854627871000408e-10 maxMuResidual=0 maxMechanicalResidual=0 seconds=2.3956591280000001
REACTIVE_CAPILLARY_STEP time=9.6000000000000034e-07 area=3.2000000000000026e-05 surfaceEnergy=6.5847274876891211e-08 liquidMass=0 closureResidual=0 recoveryCalls=65 outerIterations=65
REACTIVE_STEP_TIMINGS time=9.6000000000000034e-07 cflSeconds=0.0086027029999999997 backupSeconds=0.0012026720000000001 transportSeconds=0.011774678 recoverySeconds=2.3734909979999999 sourceSeconds=0 conservationSeconds=0.00024073200000000001 diagnosticsSeconds=0.00032071500000000001 nestedBatchPackSeconds=0.0012864720000000001 nestedBatchCallSeconds=2.3609476609999995 nestedBatchScatterSeconds=0 nestedScalarPropertySeconds=0.006390067000000001 otherSeconds=2.663000000018668e-05
REACTIVE_GPU_HEM_STEP time=9.6000000000000034e-07 batches=32 submitted=128000 succeeded=128000 cpuFallbacks=0 deviceFailures=0 phaseEvaluations=5242828 residualEvaluations=7988536 analyticJacobians=0 finiteDifferenceJacobians=364519 wallSeconds=2.3573098069999858 kernelSeconds=2.3515435276627557 copySeconds=0.0042003520205616818
REACTIVE_ATTEMPT_PROFILE attempt=34 accepted=1 retry=0 sourceCalls=0 fullPhaseEvaluations=0 scalarProbes=0 rootChecks=0 matrixFreeProducts=0 factorBuilds=0 workerJobElapsedSeconds=0
REACTIVE_STEP time=9.9000000000000026e-07 dt=2.9999999999999997e-08 retries=0 massResidual=-8.1059622587533119e-15 energyResidual=-8.5888725350096523e-15 momentumResidual=1.0478462023049127e-19 globalElementResidual=8.2491394383023949e-15 frozenLiquidResidual=0 speciesResidual=8.0099225606300586e-15 elementDrift=0 minP=3952064.0005224207 maxP=3999999.9999999977 minT=284.35162813157353 maxT=293.14999999999998 maxMach=0.002743570761225938 minAlphaGas=0.99999999999999967 maxAlphaGas=1.0000000000000004 maxVolumeResidual=4.4408920985006262e-16 maxUVResidual=7.4150071508014972e-10 maxMuResidual=0 maxMechanicalResidual=0 seconds=2.3892712700000001
REACTIVE_CAPILLARY_STEP time=9.9000000000000026e-07 area=3.2000000000000026e-05 surfaceEnergy=6.5847274876891211e-08 liquidMass=0 closureResidual=0 recoveryCalls=67 outerIterations=67
REACTIVE_STEP_TIMINGS time=9.9000000000000026e-07 cflSeconds=0.008746317 backupSeconds=0.001207435 transportSeconds=0.011746707 recoverySeconds=2.36695243 sourceSeconds=0 conservationSeconds=0.000243117 diagnosticsSeconds=0.00032356699999999997 nestedBatchPackSeconds=0.0012528870000000003 nestedBatchCallSeconds=2.354157356 nestedBatchScatterSeconds=0 nestedScalarPropertySeconds=0.0064086560000000004 otherSeconds=5.1697000000223254e-05
REACTIVE_GPU_HEM_STEP time=9.9000000000000026e-07 batches=32 submitted=128000 succeeded=128000 cpuFallbacks=0 deviceFailures=0 phaseEvaluations=5332894 residualEvaluations=8139952 analyticJacobians=0 finiteDifferenceJacobians=371425 wallSeconds=2.3505662019999818 kernelSeconds=2.3448577732443709 copySeconds=0.0041540160253644709
REACTIVE_ATTEMPT_PROFILE attempt=35 accepted=1 retry=0 sourceCalls=0 fullPhaseEvaluations=0 scalarProbes=0 rootChecks=0 matrixFreeProducts=0 factorBuilds=0 workerJobElapsedSeconds=0
REACTIVE_STEP time=9.9999999999999995e-07 dt=9.9999999999996925e-09 retries=0 massResidual=-8.9936046943202149e-15 energyResidual=-8.028507625578648e-15 momentumResidual=1.0582976035419585e-19 globalElementResidual=9.4392415085908385e-15 frozenLiquidResidual=0 speciesResidual=9.165513531003597e-15 elementDrift=0 minP=3951596.9006768023 maxP=3999999.9999999977 minT=284.26379644222391 maxT=293.14999999999998 maxMach=0.0027656664222478655 minAlphaGas=0.99999999999999956 maxAlphaGas=1.0000000000000004 maxVolumeResidual=4.4408920985006262e-16 maxUVResidual=9.9400518387411921e-10 maxMuResidual=0 maxMechanicalResidual=0 seconds=2.4012153010000001
REACTIVE_CAPILLARY_STEP time=9.9999999999999995e-07 area=3.2000000000000026e-05 surfaceEnergy=6.5847274876891211e-08 liquidMass=0 closureResidual=0 recoveryCalls=69 outerIterations=69
REACTIVE_STEP_TIMINGS time=9.9999999999999995e-07 cflSeconds=0.0086689679999999991 backupSeconds=0.0012038330000000001 transportSeconds=0.011788702 recoverySeconds=2.3789391950000001 sourceSeconds=0 conservationSeconds=0.000261489 diagnosticsSeconds=0.00032816099999999999 nestedBatchPackSeconds=0.0012771060000000005 nestedBatchCallSeconds=2.3665619340000004 nestedBatchScatterSeconds=0 nestedScalarPropertySeconds=0.0063964150000000008 otherSeconds=2.4953000000268912e-05
REACTIVE_GPU_HEM_STEP time=9.9999999999999995e-07 batches=32 submitted=128000 succeeded=128000 cpuFallbacks=0 deviceFailures=0 phaseEvaluations=5440742 residualEvaluations=8329591 analyticJacobians=0 finiteDifferenceJacobians=379802 wallSeconds=2.3629182469999961 kernelSeconds=2.3571994580328806 copySeconds=0.0041542719602584433
REACTIVE_CHECKPOINT time=9.9999999999999995e-07 acceptedSteps=34 complete=1 schema=3
REACTIVE_PROFILE_V21 scope="prototype" jobElapsedSeconds=0 integrationFallbacks=0 chemical_rhsCalls=0 chemical_uvCalls=0 chemical_fixedStateCalls=0 chemical_jacobianCalls=0 chemical_structuredCalls=0 chemical_fallbackCalls=0 sparse_setups=0 sparse_products=0 sparse_preconditioners=0 sparse_preconditionerSolves=0 sparse_sparseIntegrations=0 sparse_denseIntegrations=0 sparse_denseFallbacks=0 sparse_nonzeros=0 timing_jvSetups=0 timing_preconditionerSetups=0 timing_jacobianCacheHits=0 timing_patternBuilds=0 timing_preconditionerReuses=0 timing_symbolicAnalyses=0 timing_numericFactorizations=0 timing_workspaceCreates=0 timing_workspaceReinitializations=0 timing_factorNonzeros=0 timing_thermoSeconds=0 timing_kineticsSeconds=0 timing_csrSeconds=0 timing_symbolicSeconds=0 timing_factorSeconds=0 timing_solveSeconds=0 realFluid_eosEvaluations=64001 realFluid_referenceEvaluations=0 realFluid_derivativeEvaluations=0 realFluid_scalarAttempts=64003 realFluid_scalarAccepted=64001 realFluid_scalarFallbacks=2 realFluid_scalarIterations=0 realFluid_flashResiduals=3238 realFluid_tangentBuilds=0 realFluid_tangentSolves=0 realFluid_sourceJv=0 realFluid_sourceJvFallbacks=0 trhoStateEvaluations=64003 densityRootChecks=64003 fullPhaseEvaluations=264982 energyCvEvaluations=64003 selectedMuEvaluations=66037 partialHEvaluations=0 scalarProbes=64003 bracketRejects=0 branchFallbacks=2 flashCandidates=10 linearizationBuilds=0 linearizationApplies=0 FzFactorizations=0 sourceRhsCalls=0 sourceDirectionProbes=0 RzBuilds=0 JvFallbacks=0 nasaCoefficientVisits=128004 nasaAggregateBuilds=64003 nasaAggregateEvaluations=64003 exactMixingEvaluations=64003 branchCertificates=64001 matrixFreeSetups=0 matrixFreeProducts=0 matrixFreeIntegrations=0 matrixFreeIntegrationFallbacks=0 woodburySetups=0 woodburyFactors=0 woodburySolves=0 woodburyFallbacks=0 diagnosticJvCalls=0 oneSidedProbes=0 derivativeRetries=0 sourceAttempts=0 sourceAccepted=0 sourceFailed=0
REACTIVE_PROFILE_V21 scope="worker_0" jobElapsedSeconds=0 integrationFallbacks=0 chemical_rhsCalls=0 chemical_uvCalls=0 chemical_fixedStateCalls=0 chemical_jacobianCalls=0 chemical_structuredCalls=0 chemical_fallbackCalls=0 sparse_setups=0 sparse_products=0 sparse_preconditioners=0 sparse_preconditionerSolves=0 sparse_sparseIntegrations=0 sparse_denseIntegrations=0 sparse_denseFallbacks=0 sparse_nonzeros=0 timing_jvSetups=0 timing_preconditionerSetups=0 timing_jacobianCacheHits=0 timing_patternBuilds=0 timing_preconditionerReuses=0 timing_symbolicAnalyses=0 timing_numericFactorizations=0 timing_workspaceCreates=0 timing_workspaceReinitializations=0 timing_factorNonzeros=0 timing_thermoSeconds=0 timing_kineticsSeconds=0 timing_csrSeconds=0 timing_symbolicSeconds=0 timing_factorSeconds=0 timing_solveSeconds=0 realFluid_eosEvaluations=0 realFluid_referenceEvaluations=0 realFluid_derivativeEvaluations=0 realFluid_scalarAttempts=0 realFluid_scalarAccepted=0 realFluid_scalarFallbacks=0 realFluid_scalarIterations=0 realFluid_flashResiduals=0 realFluid_tangentBuilds=0 realFluid_tangentSolves=0 realFluid_sourceJv=0 realFluid_sourceJvFallbacks=0 trhoStateEvaluations=0 densityRootChecks=0 fullPhaseEvaluations=0 energyCvEvaluations=0 selectedMuEvaluations=0 partialHEvaluations=0 scalarProbes=0 bracketRejects=0 branchFallbacks=0 flashCandidates=0 linearizationBuilds=0 linearizationApplies=0 FzFactorizations=0 sourceRhsCalls=0 sourceDirectionProbes=0 RzBuilds=0 JvFallbacks=0 nasaCoefficientVisits=0 nasaAggregateBuilds=0 nasaAggregateEvaluations=0 exactMixingEvaluations=0 branchCertificates=0 matrixFreeSetups=0 matrixFreeProducts=0 matrixFreeIntegrations=0 matrixFreeIntegrationFallbacks=0 woodburySetups=0 woodburyFactors=0 woodburySolves=0 woodburyFallbacks=0 diagnosticJvCalls=0 oneSidedProbes=0 derivativeRetries=0 sourceAttempts=0 sourceAccepted=0 sourceFailed=0
REACTIVE_PROFILE_V21 scope="workers" jobElapsedSeconds=0 integrationFallbacks=0 chemical_rhsCalls=0 chemical_uvCalls=0 chemical_fixedStateCalls=0 chemical_jacobianCalls=0 chemical_structuredCalls=0 chemical_fallbackCalls=0 sparse_setups=0 sparse_products=0 sparse_preconditioners=0 sparse_preconditionerSolves=0 sparse_sparseIntegrations=0 sparse_denseIntegrations=0 sparse_denseFallbacks=0 sparse_nonzeros=0 timing_jvSetups=0 timing_preconditionerSetups=0 timing_jacobianCacheHits=0 timing_patternBuilds=0 timing_preconditionerReuses=0 timing_symbolicAnalyses=0 timing_numericFactorizations=0 timing_workspaceCreates=0 timing_workspaceReinitializations=0 timing_factorNonzeros=0 timing_thermoSeconds=0 timing_kineticsSeconds=0 timing_csrSeconds=0 timing_symbolicSeconds=0 timing_factorSeconds=0 timing_solveSeconds=0 realFluid_eosEvaluations=0 realFluid_referenceEvaluations=0 realFluid_derivativeEvaluations=0 realFluid_scalarAttempts=0 realFluid_scalarAccepted=0 realFluid_scalarFallbacks=0 realFluid_scalarIterations=0 realFluid_flashResiduals=0 realFluid_tangentBuilds=0 realFluid_tangentSolves=0 realFluid_sourceJv=0 realFluid_sourceJvFallbacks=0 trhoStateEvaluations=0 densityRootChecks=0 fullPhaseEvaluations=0 energyCvEvaluations=0 selectedMuEvaluations=0 partialHEvaluations=0 scalarProbes=0 bracketRejects=0 branchFallbacks=0 flashCandidates=0 linearizationBuilds=0 linearizationApplies=0 FzFactorizations=0 sourceRhsCalls=0 sourceDirectionProbes=0 RzBuilds=0 JvFallbacks=0 nasaCoefficientVisits=0 nasaAggregateBuilds=0 nasaAggregateEvaluations=0 exactMixingEvaluations=0 branchCertificates=0 matrixFreeSetups=0 matrixFreeProducts=0 matrixFreeIntegrations=0 matrixFreeIntegrationFallbacks=0 woodburySetups=0 woodburyFactors=0 woodburySolves=0 woodburyFallbacks=0 diagnosticJvCalls=0 oneSidedProbes=0 derivativeRetries=0 sourceAttempts=0 sourceAccepted=0 sourceFailed=0
REACTIVE_CLOSURE_PROFILE eligibleCells=0 uniqueCells=0 reusedCells=0 failedRepresentativeRetries=0 gpuSubmitted=0 gpuConverged=0 gpuApproved=0 gpuRejected=0 gpuUnsupported=0 gpuLaunches=0 gpuTransferBytes=0 hostBytes=32768 liquidCacheHits=0 liquidCacheMisses=0 deviceBytes=0 classifySeconds=0.0047292140000000059 prepareSeconds=0 gpuWallSeconds=0 gpuKernelSeconds=0 gpuCopySeconds=0
REACTIVE_GPU_HEM batches=1104 submitted=4416000 succeeded=4416000 cpuFallbacks=0 deviceFailures=0 phaseEvaluations=138106862 residualEvaluations=203681138 flashCandidates=686620 stableCandidates=4416000 transferBytes=1890100992 analyticJacobians=0 finiteDifferenceJacobians=9281150 hostBytes=3340632 deviceBytes=2029992 wallSeconds=66.606320213999993 kernelSeconds=66.408946468055206 copySeconds=0.14363267262279997
REACTIVE_BATCH_V21 attempted=1104 accepted=1104 failed=0 batchWallSeconds=66.731754586000065 workerJobSecondsSum=0 workerJobSecondsMax=0 poolScratchBytes=6420824 flowStagingBytes=884736 workerOwnedBytesKnownLowerBound=58104 workerInternalBytesUnmeasured=1
REACTIVE_WORKER_TIME metric=thermoSeconds sum=0 max=0
REACTIVE_WORKER_TIME metric=kineticsSeconds sum=0 max=0
REACTIVE_WORKER_TIME metric=csrSeconds sum=0 max=0
REACTIVE_WORKER_TIME metric=symbolicSeconds sum=0 max=0
REACTIVE_WORKER_TIME metric=factorSeconds sum=0 max=0
REACTIVE_WORKER_TIME metric=solveSeconds sum=0 max=0
REACTIVE_PROFILE_V21 scope="combined" jobElapsedSeconds=0 integrationFallbacks=0 chemical_rhsCalls=0 chemical_uvCalls=0 chemical_fixedStateCalls=0 chemical_jacobianCalls=0 chemical_structuredCalls=0 chemical_fallbackCalls=0 sparse_setups=0 sparse_products=0 sparse_preconditioners=0 sparse_preconditionerSolves=0 sparse_sparseIntegrations=0 sparse_denseIntegrations=0 sparse_denseFallbacks=0 sparse_nonzeros=0 timing_jvSetups=0 timing_preconditionerSetups=0 timing_jacobianCacheHits=0 timing_patternBuilds=0 timing_preconditionerReuses=0 timing_symbolicAnalyses=0 timing_numericFactorizations=0 timing_workspaceCreates=0 timing_workspaceReinitializations=0 timing_factorNonzeros=0 timing_thermoSeconds=0 timing_kineticsSeconds=0 timing_csrSeconds=0 timing_symbolicSeconds=0 timing_factorSeconds=0 timing_solveSeconds=0 realFluid_eosEvaluations=64001 realFluid_referenceEvaluations=0 realFluid_derivativeEvaluations=0 realFluid_scalarAttempts=64003 realFluid_scalarAccepted=64001 realFluid_scalarFallbacks=2 realFluid_scalarIterations=0 realFluid_flashResiduals=3238 realFluid_tangentBuilds=0 realFluid_tangentSolves=0 realFluid_sourceJv=0 realFluid_sourceJvFallbacks=0 trhoStateEvaluations=64003 densityRootChecks=64003 fullPhaseEvaluations=264982 energyCvEvaluations=64003 selectedMuEvaluations=66037 partialHEvaluations=0 scalarProbes=64003 bracketRejects=0 branchFallbacks=2 flashCandidates=10 linearizationBuilds=0 linearizationApplies=0 FzFactorizations=0 sourceRhsCalls=0 sourceDirectionProbes=0 RzBuilds=0 JvFallbacks=0 nasaCoefficientVisits=128004 nasaAggregateBuilds=64003 nasaAggregateEvaluations=64003 exactMixingEvaluations=64003 branchCertificates=64001 matrixFreeSetups=0 matrixFreeProducts=0 matrixFreeIntegrations=0 matrixFreeIntegrationFallbacks=0 woodburySetups=0 woodburyFactors=0 woodburySolves=0 woodburyFallbacks=0 diagnosticJvCalls=0 oneSidedProbes=0 derivativeRetries=0 sourceAttempts=0 sourceAccepted=0 sourceFailed=0
REACTIVE_CHEMISTRY scope=combined rhsCalls=0 uvCalls=0 fixedStateCalls=0 structuredCalls=0 fallbackCalls=0 integrationFallbacks=0
REACTIVE_SPARSE scope=combined nnzMeaning=last_snapshot_sum setups=0 products=0 nonzeros=0 sparseIntegrations=0 denseIntegrations=0 denseFallbacks=0
REACTIVE_CHEMICAL_PROFILE scope=combined factorNnzMeaning=last_snapshot_sum jvSetups=0 preconditionerSetups=0 jacobianCacheHits=0 preconditionerReuses=0 patternBuilds=0 symbolicAnalyses=0 numericFactorizations=0 factorNonzeros=0 workspaceCreates=0 workspaceReinitializations=0 thermoSeconds=0 kineticsSeconds=0 csrSeconds=0 symbolicSeconds=0 factorSeconds=0 solveSeconds=0
REACTIVE_REAL_FLUID scope=combined eosEvaluations=64001 scalarAttempts=64003 scalarAccepted=64001 scalarFallbacks=2 scalarIterations=0
REACTIVE_BATCH workers=1 capacity=4096 scratchBytes=6420824 batches=1104 cells=4416000 failures=0 scope=bounded_scratch_excludes_Cantera_CVODE_worker_allocations
REACTIVE_TRANSPORT_V21 layoutTiles=682 layoutLaunches=682 memcpyCalls=3480 payloadBytes=3385779192 nasaValidationEvaluations=0 nasaFaceEvaluations=0 detailedGasCounters=0 temperatureBasisBuilds=0 temperatureBasisBytes=0 pinnedBytes=1048536 deviceStagingBytes=1048536 slotCells=14563 slots=1 blockThreads=256 eventWaits=682 failedCalls=0 stageBarrier=full closureDownloadsPerRK=2 overlapValidated=0
REACTIVE_MEMORY liveBytes=95185056 peakBytes=95185056 bridgeBytes=1048536 conservedWorkspaceBytes=10138752 gasWorkspaceBytes=0 rhsWorkspaceBytes=0 d2dBytes=461376 synchronizations=1108
REACTIVE_CAPILLARY_PROFILE enabled=1 geometryBuilds=244 geometryKernels=488 faceFluxBuilds=13382400 workspaceBytes=5171268 closureIterations=69
REACTIVE_WALE gradientBuilds=139 viscosityBuilds=139 cellsEvaluated=8896000 workspaceBytes=512004
REACTIVE_WALE_SCALARS fieldUploads=0 fieldUploadBytes=0 workspaceBytes=2816320 hostEnthalpyCells=0 hostPropertySeconds=0 propertyStageSeconds=0.22435033500000001 fluxBackend=cuda
REACTIVE_WALE_PR backend=device-pr builds=139 cells=8896000 kernels=278 failures=0 inputUploadBytes=1705264880 scratchBytes=15919456 wallSeconds=0.15382921000000005
REACTIVE_TRANSPORT allocatedBytes=95185056 uploadedBytes=2820573188 downloadedBytes=564744628 kernelLaunches=2338 stages=68 stepQueries=68
REACTIVE_TRANSFER conservedUploads=68 conservedUploadBytes=313344000 conservedDownloadBytes=313344000 stateUploadBytes=498176000 primitiveUploadBytes=145408000 gasUploadBytes=0 boundaryPartitions=38
REACTIVE_DEVICE_PROPERTIES builds=0 cells=0 partitionUploadBytes=0 thermoTableBytes=0 gasStatusChecks=0 cflFaceLaunches=68 transportFaceLaunches=68 faceWorkspaceBytes=28339200
End
