/*---------------------------------------------------------------------------*\
| =========                 |                                                 |
| \\      /  F ield         | OpenFOAM: The Open Source CFD Toolbox           |
|  \\    /   O peration     | Version:  2512                                  |
|   \\  /    A nd           | Website:  www.openfoam.com                      |
|    \\/     M anipulation  |                                                 |
\*---------------------------------------------------------------------------*/
Build  : 5916a466-20260728 OPENFOAM=2512 version=v2512
Arch   : "LSB;label=32;scalar=64"
Exec   : /home/jsw/문서/analysis/spuma-multiphysics-spray-physics/bin/ReactiveFoam -case /home/jsw/문서/analysis/runs/impinging_n2o_cube80_z40_1us_20260923/n40/full-physics/ambient_1atm
Date   : Sep 23 2026
Time   : 22:15:32
Host   : jsw-ubuntu
PID    : 53272
I/O    : uncollated
Case   : /home/jsw/문서/analysis/runs/impinging_n2o_cube80_z40_1us_20260923/n40/full-physics/ambient_1atm
nProcs : 1
memory pool : not available
fileModificationChecking : Monitoring run-time modified files using timeStampMaster (fileModificationSkew 5, maxFileModificationPolls 20)
allowSystemOperations : Allowing user-supplied system call operations

// * * * * * * * * * * * * * * * * * * * * * * * * * * * * * * * * * * * * * //
Initializing CUDA devices

CUDA Driver Version / Runtime Version:  13.2 / 13.2
Number of threads per block: 128

Create dummyMemoryPool
 
Create time

Create mesh for time = 0

REACTIVE_RECOVERY mode=reference baseline=reference_candidate_search fallback=none
REACTIVE_CLOSURE_ACCELERATION exactBatchReuse=0 scalarBackend=cpu fullBackend=cuda deviceFullClosure=1 closureJacobian=finiteDifference requestedClosureJacobian=finiteDifference
REACTIVE_RUNTIME runId="53272-13637786984905" solverSha256="4f59195d821988335697c8a515a55ffc960da7442f77f91dadd8d1b803b44858" manifest={"schema":1,"backendPath":"/home/jsw/문서/analysis/spuma-multiphysics-spray-physics/lib/libpintleReactiveBackend.so","backendSha256":"7d3308ad0bf05428d25829ee9be55afd0f1149494573143bb9845ddbd760ad25","thermoConfiguration":"/home/jsw/문서/analysis/runs/impinging_n2o_cube80_z40_1us_20260923/n40/base/thermo/cold-pr-config.yaml","physicalModelHash":"e8a14864dd2082dde742598dbbcc5f0f2454bc521d93b9a3bd0befc47d4c9c4e","numericalPolicyHash":"84a6d15bb9da7f2463c14bf7ebc679532d122ce30a0d49e997b139830a94d781","modelFingerprint":"730c302ff1f246d71b76febbffa7677deff35810a665d8ae2237e3e6aa08120b","eos":"Peng-Robinson","closureBackend":"cuda","chemistryBackend":"cpu","deviceFullClosure":true,"deviceChemistryIntegration":false,"closureCpuFallback":false,"closureJacobian":"finiteDifference","solidN2O":false,"enforceSpeciesTemperatureBounds":true,"exactBatchReuse":false,"deviceCaloricCandidates":false,"deviceCaloricScope":"no-condensable-inventory; NASA/PR-alpha single interval; host branch/residual/stability approval","hemLibrary":"/home/jsw/문서/analysis/spuma-multiphysics-spray-physics/lib/libpintleReactiveTransport.so","hemLibrarySha256":"07434f8a9624d00bce8c9694ecaa997da227b6acb0cc4c1878d294ebfcf8e15f","hemNumericalPolicy":"legacy-fp64-separate-rn","deviceHemScope":"PR; nonreacting HEM; all reference candidates and boundary fallback; experimental"}
REACTIVE_TURBULENCE model=WALE-stress-v1 backend=cuda Cw=0.32500000000000001 filter=cubeRootVolume stressWork=1 sgsHeatFlux=1 sgsSpeciesMixing=1 Prt=0.84999999999999998 Sct=0.69999999999999996 scalarPropertyBackend=device-pr scalarFluxBackend=cuda sgsK=none TCI=0
REACTIVE_PHYSICS chemistry=0 combustion=0 phaseChange=equilibrium viscosity=1 heatConduction=1 speciesDiffusion=0 turbulence=WALE-stress-v1 turbulentHeatFlux=1 turbulentSpeciesMixing=1 surfaceTension=1 interfaceModel=diffuse-liquid-inventory-v1 totalEnergy=1 thermodynamicRecovery=1 frozenLiquidFields=0 transportedLiquidFields=1
REACTIVE_CAPILLARY sigma=0.0020577273399028486 geometryBackend=cuda tractionBackend=cuda closureBackend=cuda pressureModel=curved-phase-split surfaceEnergyInTotal=1 capillaryCfl=0.25 geometryScheme=Gauss-diffuse noPLIC=1
REACTIVE_PHYSICAL_MODEL hash=e8a14864dd2082dde742598dbbcc5f0f2454bc521d93b9a3bd0befc47d4c9c4e numericalPolicyHash=84a6d15bb9da7f2463c14bf7ebc679532d122ce30a0d49e997b139830a94d781 eos=Peng-Robinson realEOS=1 phaseEquilibrium=1 nonidealDiffusion=0 deviceClosure=1 deviceKinetics=0 mixtureLiquid=0
REACTIVE_BACKENDS transport=cuda thermodynamics=cuda chemistry=cpu chemicalLinearSolver=dense transportGasProperties=disabled
REACTIVE_MODEL cells=64000 species=4 reactions=0 liquids=1 estimatedHostBytes=186093568 chemistry=0
REACTIVE_SPECIES index=0 name=N2
REACTIVE_SPECIES index=1 name=O2
REACTIVE_SPECIES index=2 name=N2O
REACTIVE_SPECIES index=3 name=IC3H7OH
REACTIVE_CHECKPOINT time=0 acceptedSteps=0 complete=1 schema=3
REACTIVE_ATTEMPT_PROFILE attempt=2 accepted=1 retry=0 sourceCalls=0 fullPhaseEvaluations=0 scalarProbes=0 rootChecks=0 matrixFreeProducts=0 factorBuilds=0 workerJobElapsedSeconds=0
REACTIVE_STEP time=2.9999999999999997e-08 dt=2.9999999999999997e-08 retries=0 massResidual=1.3430068092497043e-16 energyResidual=-7.5290004921575073e-16 momentumResidual=3.1292360534508765e-21 globalElementResidual=1.8588990011487133e-16 frozenLiquidResidual=0 speciesResidual=2.0616891077202107e-16 elementDrift=0 minP=96733.039929440012 maxP=101324.99999999997 minT=253.10358871683121 maxT=293.14999999999998 maxMach=0.0084832475186735219 minAlphaGas=1 maxAlphaGas=1.0000000000000002 maxVolumeResidual=2.2204460492503131e-16 maxUVResidual=1.3771407442010453e-11 maxMuResidual=0 maxMechanicalResidual=0 seconds=0.057286002000000003
REACTIVE_CAPILLARY_STEP time=2.9999999999999997e-08 area=3.2000000000000026e-05 surfaceEnergy=6.5847274876891211e-08 liquidMass=0 closureResidual=0 recoveryCalls=3 outerIterations=3
REACTIVE_STEP_TIMINGS time=2.9999999999999997e-08 cflSeconds=0.0087221739999999992 backupSeconds=0.0046368080000000001 transportSeconds=0.011873242999999999 recoverySeconds=0.031496978999999994 sourceSeconds=0 conservationSeconds=0.00022482000000000001 diagnosticsSeconds=0.00029341099999999999 nestedBatchPackSeconds=0.0011253250000000002 nestedBatchCallSeconds=0.019768444000000003 nestedBatchScatterSeconds=0 nestedScalarPropertySeconds=0.0064316950000000003 otherSeconds=3.8567000000011098e-05
REACTIVE_GPU_HEM_STEP time=2.9999999999999997e-08 batches=32 submitted=128000 succeeded=128000 cpuFallbacks=0 deviceFailures=0 phaseEvaluations=512472 residualEvaluations=200 analyticJacobians=0 finiteDifferenceJacobians=0 wallSeconds=0.016403223000000008 kernelSeconds=0.010857152104377744 copySeconds=0.004080992050468921
REACTIVE_CHECKPOINT time=2.9999999999999997e-08 acceptedSteps=1 complete=1 schema=3
REACTIVE_ATTEMPT_PROFILE attempt=3 accepted=1 retry=0 sourceCalls=0 fullPhaseEvaluations=0 scalarProbes=0 rootChecks=0 matrixFreeProducts=0 factorBuilds=0 workerJobElapsedSeconds=0
REACTIVE_STEP time=5.9999999999999995e-08 dt=2.9999999999999997e-08 retries=0 massResidual=-7.3167213984645885e-17 energyResidual=6.8841738413367584e-16 momentumResidual=6.208320040663869e-21 globalElementResidual=8.5446581182435052e-16 frozenLiquidResidual=0 speciesResidual=8.2966315699018827e-16 elementDrift=0 minP=91885.365784701396 maxP=101324.99999999997 minT=219.5809266299174 maxT=293.14999999999998 maxMach=0.016224281901372616 minAlphaGas=0.99999999999999978 maxAlphaGas=1.0000000000000002 maxVolumeResidual=2.2204460492503131e-16 maxUVResidual=2.4912365092688202e-10 maxMuResidual=0 maxMechanicalResidual=0 seconds=0.19751380499999999
REACTIVE_CAPILLARY_STEP time=5.9999999999999995e-08 area=3.2000000000000026e-05 surfaceEnergy=6.5847274876891211e-08 liquidMass=0 closureResidual=0 recoveryCalls=5 outerIterations=5
REACTIVE_STEP_TIMINGS time=5.9999999999999995e-08 cflSeconds=0.0087864659999999997 backupSeconds=0.001314866 transportSeconds=0.011945480000000001 recoverySeconds=0.17489111699999998 sourceSeconds=0 conservationSeconds=0.00022708799999999999 diagnosticsSeconds=0.00031149999999999998 nestedBatchPackSeconds=0.0012388969999999999 nestedBatchCallSeconds=0.16260713900000001 nestedBatchScatterSeconds=0 nestedScalarPropertySeconds=0.0064673270000000001 otherSeconds=3.7288000000002995e-05
REACTIVE_GPU_HEM_STEP time=5.9999999999999995e-08 batches=32 submitted=128000 succeeded=128000 cpuFallbacks=0 deviceFailures=0 phaseEvaluations=530708 residualEvaluations=29116 analyticJacobians=0 finiteDifferenceJacobians=1328 wallSeconds=0.15912212300000003 kernelSeconds=0.15339581656455992 copySeconds=0.0041724159941077185
REACTIVE_ATTEMPT_PROFILE attempt=4 accepted=1 retry=0 sourceCalls=0 fullPhaseEvaluations=0 scalarProbes=0 rootChecks=0 matrixFreeProducts=0 factorBuilds=0 workerJobElapsedSeconds=0
REACTIVE_STEP time=8.9999999999999985e-08 dt=2.9999999999999997e-08 retries=0 massResidual=9.2005899494488023e-17 energyResidual=2.6549692750955902e-15 momentumResidual=9.3787297561551073e-21 globalElementResidual=1.0351170951750043e-15 frozenLiquidResidual=0 speciesResidual=1.0971095384821276e-15 elementDrift=0 minP=86997.799465236167 maxP=101324.99999999997 minT=191.4640866865798 maxT=293.14999999999998 maxMach=0.023436657586413528 minAlphaGas=0.99999999999999978 maxAlphaGas=1.0000000000000002 maxVolumeResidual=2.2204460492503131e-16 maxUVResidual=9.682171847682831e-10 maxMuResidual=0 maxMechanicalResidual=0 seconds=0.198038351
REACTIVE_CAPILLARY_STEP time=8.9999999999999985e-08 area=3.2000000000000026e-05 surfaceEnergy=6.5847274876891211e-08 liquidMass=0 closureResidual=0 recoveryCalls=7 outerIterations=7
REACTIVE_STEP_TIMINGS time=8.9999999999999985e-08 cflSeconds=0.0086577640000000001 backupSeconds=0.001223657 transportSeconds=0.011823456 recoverySeconds=0.175779671 sourceSeconds=0 conservationSeconds=0.00022851800000000001 diagnosticsSeconds=0.00029846799999999998 nestedBatchPackSeconds=0.001132302 nestedBatchCallSeconds=0.163619611 nestedBatchScatterSeconds=0 nestedScalarPropertySeconds=0.0062829570000000005 otherSeconds=2.6816999999991595e-05
REACTIVE_GPU_HEM_STEP time=8.9999999999999985e-08 batches=32 submitted=128000 succeeded=128000 cpuFallbacks=0 deviceFailures=0 phaseEvaluations=532362 residualEvaluations=31374 analyticJacobians=0 finiteDifferenceJacobians=1378 wallSeconds=0.16027218900000018 kernelSeconds=0.15459872576594355 copySeconds=0.0041892800554633146
REACTIVE_ATTEMPT_PROFILE attempt=5 accepted=1 retry=0 sourceCalls=0 fullPhaseEvaluations=0 scalarProbes=0 rootChecks=0 matrixFreeProducts=0 factorBuilds=0 workerJobElapsedSeconds=0
REACTIVE_STEP time=1.1999999999999999e-07 dt=2.9999999999999997e-08 retries=0 massResidual=5.119407355079897e-16 energyResidual=-8.7452497092047007e-16 momentumResidual=1.3027492186841047e-20 globalElementResidual=9.9633187521468181e-16 frozenLiquidResidual=0 speciesResidual=1.1050193131323985e-15 elementDrift=0 minP=82076.340351184481 maxP=101324.99999999997 minT=167.55714540212387 maxT=293.14999999999998 maxMach=0.030260056352138166 minAlphaGas=0.99999999999999967 maxAlphaGas=1.0000000000000002 maxVolumeResidual=3.3306690738754696e-16 maxUVResidual=3.919706054208884e-11 maxMuResidual=0 maxMechanicalResidual=0 seconds=0.235204196
REACTIVE_CAPILLARY_STEP time=1.1999999999999999e-07 area=3.2000000000000026e-05 surfaceEnergy=6.5847274876891211e-08 liquidMass=0 closureResidual=0 recoveryCalls=9 outerIterations=9
REACTIVE_STEP_TIMINGS time=1.1999999999999999e-07 cflSeconds=0.0085761289999999983 backupSeconds=0.0012111819999999999 transportSeconds=0.011785474000000001 recoverySeconds=0.21308564699999999 sourceSeconds=0 conservationSeconds=0.000225312 diagnosticsSeconds=0.00029792600000000001 nestedBatchPackSeconds=0.00113524 nestedBatchCallSeconds=0.20102158599999995 nestedBatchScatterSeconds=0 nestedScalarPropertySeconds=0.0063214559999999996 otherSeconds=2.252600000003191e-05
REACTIVE_GPU_HEM_STEP time=1.1999999999999999e-07 batches=32 submitted=128000 succeeded=128000 cpuFallbacks=0 deviceFailures=0 phaseEvaluations=535128 residualEvaluations=34684 analyticJacobians=0 finiteDifferenceJacobians=1480 wallSeconds=0.19766814999999982 kernelSeconds=0.19201603341102597 copySeconds=0.0041792320236563735
REACTIVE_ATTEMPT_PROFILE attempt=6 accepted=1 retry=0 sourceCalls=0 fullPhaseEvaluations=0 scalarProbes=0 rootChecks=0 matrixFreeProducts=0 factorBuilds=0 workerJobElapsedSeconds=0
REACTIVE_STEP time=1.4999999999999999e-07 dt=2.9999999999999997e-08 retries=0 massResidual=1.6109365005346295e-15 energyResidual=1.0624394274818933e-15 momentumResidual=1.7537008713055255e-20 globalElementResidual=1.2886120408977662e-15 frozenLiquidResidual=0 speciesResidual=1.4291730199776805e-15 elementDrift=0 minP=84583.185057133669 maxP=101324.99999999997 minT=164.90809884233104 maxT=293.14999999999998 maxMach=0.038644516990471098 minAlphaGas=0.99994785414576381 maxAlphaGas=1.0000000000000002 maxVolumeResidual=7.2415184959595535e-11 maxUVResidual=2.3745501724418463e-10 maxMuResidual=1.1151268353160049e-08 maxMechanicalResidual=0 seconds=0.228290776
REACTIVE_CAPILLARY_STEP time=1.4999999999999999e-07 area=3.2001668686529353e-05 surfaceEnergy=6.5850708578784334e-08 liquidMass=4.4868265115482098e-09 closureResidual=2.8329539574129849e-12 recoveryCalls=11 outerIterations=13
REACTIVE_STEP_TIMINGS time=1.4999999999999999e-07 cflSeconds=0.0089989300000000005 backupSeconds=0.0013348589999999999 transportSeconds=0.012012175999999999 recoverySeconds=0.20538545899999999 sourceSeconds=0 conservationSeconds=0.000234176 diagnosticsSeconds=0.00030101599999999998 nestedBatchPackSeconds=0.0021694139999999993 nestedBatchCallSeconds=0.18656310900000006 nestedBatchScatterSeconds=0 nestedScalarPropertySeconds=0.0065358910000000003 otherSeconds=2.4160000000012969e-05
REACTIVE_GPU_HEM_STEP time=1.4999999999999999e-07 batches=64 submitted=256000 succeeded=256000 cpuFallbacks=0 deviceFailures=0 phaseEvaluations=1050716 residualEvaluations=22564 analyticJacobians=0 finiteDifferenceJacobians=992 wallSeconds=0.17985609999999974 kernelSeconds=0.16846774619817728 copySeconds=0.0084067520722746793
REACTIVE_ATTEMPT_PROFILE attempt=7 accepted=1 retry=0 sourceCalls=0 fullPhaseEvaluations=0 scalarProbes=0 rootChecks=0 matrixFreeProducts=0 factorBuilds=0 workerJobElapsedSeconds=0
REACTIVE_STEP time=1.8e-07 dt=2.9999999999999997e-08 retries=0 massResidual=1.6903159441767368e-15 energyResidual=1.3054634121695033e-15 momentumResidual=1.903239141061525e-20 globalElementResidual=1.3812806741589e-15 frozenLiquidResidual=0 speciesResidual=1.5319196956830856e-15 elementDrift=0 minP=88773.600699473827 maxP=101324.99999999997 minT=166.56921191969758 maxT=293.14999999999998 maxMach=0.043242366573313498 minAlphaGas=0.99988265750188665 maxAlphaGas=1.0000000000000002 maxVolumeResidual=1.3333056880782124e-10 maxUVResidual=4.0185869616724307e-10 maxMuResidual=1.8477997798527213e-08 maxMechanicalResidual=0 seconds=0.23039512300000001
REACTIVE_CAPILLARY_STEP time=1.8e-07 area=3.2003755065218471e-05 surfaceEnergy=6.5855001777254327e-08 liquidMass=1.0065466819051671e-08 closureResidual=2.3179223839799035e-12 recoveryCalls=13 outerIterations=17
REACTIVE_STEP_TIMINGS time=1.8e-07 cflSeconds=0.0088530560000000015 backupSeconds=0.001243578 transportSeconds=0.012180325000000001 recoverySeconds=0.20757029500000002 sourceSeconds=0 conservationSeconds=0.000229072 diagnosticsSeconds=0.00029613099999999999 nestedBatchPackSeconds=0.0020806090000000006 nestedBatchCallSeconds=0.18922573099999998 nestedBatchScatterSeconds=0 nestedScalarPropertySeconds=0.0064807949999999993 otherSeconds=2.2666000000006413e-05
REACTIVE_GPU_HEM_STEP time=1.8e-07 batches=64 submitted=256000 succeeded=256000 cpuFallbacks=0 deviceFailures=0 phaseEvaluations=1055642 residualEvaluations=30358 analyticJacobians=0 finiteDifferenceJacobians=1008 wallSeconds=0.18258098899999953 kernelSeconds=0.17134464430809015 copySeconds=0.0083128000348806352
REACTIVE_ATTEMPT_PROFILE attempt=8 accepted=1 retry=0 sourceCalls=0 fullPhaseEvaluations=0 scalarProbes=0 rootChecks=0 matrixFreeProducts=0 factorBuilds=0 workerJobElapsedSeconds=0
REACTIVE_STEP time=2.1e-07 dt=2.9999999999999997e-08 retries=0 massResidual=8.3753254495380712e-16 energyResidual=-3.4285353973586609e-16 momentumResidual=2.2220593786628061e-20 globalElementResidual=1.5052388440921136e-15 frozenLiquidResidual=0 speciesResidual=1.6694632881911127e-15 elementDrift=0 minP=92911.93430638079 maxP=101324.99999999997 minT=168.08270367820833 maxT=293.14999999999998 maxMach=0.047357747618507383 minAlphaGas=0.99981664374703327 maxAlphaGas=1.0000000000000002 maxVolumeResidual=1.5543122344752192e-15 maxUVResidual=9.0017445898548668e-10 maxMuResidual=2.4868995751603507e-14 maxMechanicalResidual=0 seconds=0.22720022000000001
REACTIVE_CAPILLARY_STEP time=2.1e-07 area=3.2005867667796494e-05 surfaceEnergy=6.5859348937337472e-08 liquidMass=1.5683229594032801e-08 closureResidual=6.7421545776880087e-14 recoveryCalls=15 outerIterations=21
REACTIVE_STEP_TIMINGS time=2.1e-07 cflSeconds=0.0085702769999999994 backupSeconds=0.0012346449999999999 transportSeconds=0.011921760999999999 recoverySeconds=0.20492479600000002 sourceSeconds=0 conservationSeconds=0.000231229 diagnosticsSeconds=0.00029645099999999998 nestedBatchPackSeconds=0.0020726909999999993 nestedBatchCallSeconds=0.18688162799999994 nestedBatchScatterSeconds=0 nestedScalarPropertySeconds=0.0063311140000000005 otherSeconds=2.1060999999991496e-05
REACTIVE_GPU_HEM_STEP time=2.1e-07 batches=64 submitted=256000 succeeded=256000 cpuFallbacks=0 deviceFailures=0 phaseEvaluations=1059256 residualEvaluations=36744 analyticJacobians=0 finiteDifferenceJacobians=992 wallSeconds=0.1802604069999999 kernelSeconds=0.16901234963536282 copySeconds=0.0083511041849851642
REACTIVE_ATTEMPT_PROFILE attempt=9 accepted=1 retry=0 sourceCalls=0 fullPhaseEvaluations=0 scalarProbes=0 rootChecks=0 matrixFreeProducts=0 factorBuilds=0 workerJobElapsedSeconds=0
REACTIVE_STEP time=2.3999999999999998e-07 dt=2.9999999999999997e-08 retries=0 massResidual=6.5167982823440673e-16 energyResidual=-1.3253389796904231e-15 momentumResidual=2.5344672169341444e-20 globalElementResidual=1.5955460335844987e-15 frozenLiquidResidual=0 speciesResidual=1.7695595875849765e-15 elementDrift=0 minP=97007.746203306509 maxP=101324.99999999997 minT=169.47531204532501 maxT=293.14999999999998 maxMach=0.051079417394000647 minAlphaGas=0.99974994467600231 maxAlphaGas=1.0000000000000002 maxVolumeResidual=6.7823502369890321e-10 maxUVResidual=9.3922417316581206e-10 maxMuResidual=5.4960125339675869e-10 maxMechanicalResidual=0 seconds=0.223405612
REACTIVE_CAPILLARY_STEP time=2.3999999999999998e-07 area=3.200800229004454e-05 surfaceEnergy=6.5863741407897636e-08 liquidMass=2.1331515664086493e-08 closureResidual=2.530775068676494e-13 recoveryCalls=17 outerIterations=25
REACTIVE_STEP_TIMINGS time=2.3999999999999998e-07 cflSeconds=0.0086590479999999991 backupSeconds=0.0012451189999999998 transportSeconds=0.011976461000000001 recoverySeconds=0.2009811 sourceSeconds=0 conservationSeconds=0.00022865599999999999 diagnosticsSeconds=0.00029447499999999999 nestedBatchPackSeconds=0.0021048260000000006 nestedBatchCallSeconds=0.18288731900000005 nestedBatchScatterSeconds=0 nestedScalarPropertySeconds=0.006400935 otherSeconds=2.0753000000022263e-05
REACTIVE_GPU_HEM_STEP time=2.3999999999999998e-07 batches=64 submitted=256000 succeeded=256000 cpuFallbacks=0 deviceFailures=0 phaseEvaluations=1062266 residualEvaluations=42426 analyticJacobians=0 finiteDifferenceJacobians=944 wallSeconds=0.1762174080000003 kernelSeconds=0.16494822487235106 copySeconds=0.0083493761047721202
REACTIVE_ATTEMPT_PROFILE attempt=10 accepted=1 retry=0 sourceCalls=0 fullPhaseEvaluations=0 scalarProbes=0 rootChecks=0 matrixFreeProducts=0 factorBuilds=0 workerJobElapsedSeconds=0
REACTIVE_STEP time=2.6999999999999996e-07 dt=2.9999999999999997e-08 retries=0 massResidual=1.3744809482188105e-15 energyResidual=-3.0423169830316972e-15 momentumResidual=2.8318159282019301e-20 globalElementResidual=1.3562947999310584e-15 frozenLiquidResidual=0 speciesResidual=1.5042785425048337e-15 elementDrift=0 minP=101067.32329200977 maxP=101324.99999999997 minT=170.76670141768776 maxT=293.14999999999998 maxMach=0.054475364337891616 minAlphaGas=0.99968265046959326 maxAlphaGas=1.0000000000000004 maxVolumeResidual=2.8773294857842302e-10 maxUVResidual=9.5704203021791554e-10 maxMuResidual=4.0470062856456934e-09 maxMechanicalResidual=0 seconds=0.22062663299999999
REACTIVE_CAPILLARY_STEP time=2.6999999999999996e-07 area=3.2010155996243524e-05 surfaceEnergy=6.586817314802541e-08 liquidMass=2.7004628447701183e-08 closureResidual=3.1123145510444927e-13 recoveryCalls=19 outerIterations=29
REACTIVE_STEP_TIMINGS time=2.6999999999999996e-07 cflSeconds=0.0085759249999999999 backupSeconds=0.001204959 transportSeconds=0.011891338000000001 recoverySeconds=0.19840360800000001 sourceSeconds=0 conservationSeconds=0.00022741999999999999 diagnosticsSeconds=0.00030277400000000001 nestedBatchPackSeconds=0.0021613099999999996 nestedBatchCallSeconds=0.180436928 nestedBatchScatterSeconds=0 nestedScalarPropertySeconds=0.0064418900000000005 otherSeconds=2.0608999999960852e-05
REACTIVE_GPU_HEM_STEP time=2.6999999999999996e-07 batches=64 submitted=256000 succeeded=256000 cpuFallbacks=0 deviceFailures=0 phaseEvaluations=1066184 residualEvaluations=48812 analyticJacobians=0 finiteDifferenceJacobians=912 wallSeconds=0.17376043100000049 kernelSeconds=0.16241958862543093 copySeconds=0.0083807040899991914
REACTIVE_ATTEMPT_PROFILE attempt=11 accepted=1 retry=0 sourceCalls=0 fullPhaseEvaluations=0 scalarProbes=0 rootChecks=0 matrixFreeProducts=0 factorBuilds=0 workerJobElapsedSeconds=0
REACTIVE_STEP time=2.9999999999999993e-07 dt=2.9999999999999997e-08 retries=0 massResidual=1.1471224970713674e-15 energyResidual=-2.0458283023237648e-15 momentumResidual=3.1453515303341703e-20 globalElementResidual=1.3658867525485731e-15 frozenLiquidResidual=0 speciesResidual=1.5149247255231078e-15 elementDrift=0 minP=101181.42087786811 maxP=105094.36238873024 minT=171.97165145293604 maxT=293.14999999999998 maxMach=0.057597464920212553 minAlphaGas=0.99961484398250144 maxAlphaGas=1.0000000000000002 maxVolumeResidual=5.2330162425562321e-10 maxUVResidual=9.8704373812078136e-10 maxMuResidual=1.7754722136942291e-09 maxMechanicalResidual=0 seconds=0.22031720799999999
REACTIVE_CAPILLARY_STEP time=2.9999999999999993e-07 area=3.2012326190675434e-05 surfaceEnergy=6.5872638816440851e-08 liquidMass=3.2697440912260777e-08 closureResidual=3.6626257582383914e-13 recoveryCalls=21 outerIterations=33
REACTIVE_STEP_TIMINGS time=2.9999999999999993e-07 cflSeconds=0.0086515840000000004 backupSeconds=0.0012135639999999999 transportSeconds=0.012103468999999999 recoverySeconds=0.197796312 sourceSeconds=0 conservationSeconds=0.000228464 diagnosticsSeconds=0.000301971 nestedBatchPackSeconds=0.0021595300000000002 nestedBatchCallSeconds=0.17987236000000001 nestedBatchScatterSeconds=0 nestedScalarPropertySeconds=0.006581188 otherSeconds=2.1843999999988863e-05
REACTIVE_GPU_HEM_STEP time=2.9999999999999993e-07 batches=64 submitted=256000 succeeded=256000 cpuFallbacks=0 deviceFailures=0 phaseEvaluations=1067582 residualEvaluations=51742 analyticJacobians=0 finiteDifferenceJacobians=912 wallSeconds=0.17321895000000076 kernelSeconds=0.16158096548914869 copySeconds=0.0086989760175347208
REACTIVE_ATTEMPT_PROFILE attempt=12 accepted=1 retry=0 sourceCalls=0 fullPhaseEvaluations=0 scalarProbes=0 rootChecks=0 matrixFreeProducts=0 factorBuilds=0 workerJobElapsedSeconds=0
REACTIVE_STEP time=3.2999999999999991e-07 dt=2.9999999999999997e-08 retries=0 massResidual=3.2175246170007901e-15 energyResidual=-1.7901562292137516e-15 momentumResidual=3.4579560345712726e-20 globalElementResidual=1.7134083050009767e-15 frozenLiquidResidual=0 speciesResidual=1.9003579303106656e-15 elementDrift=0 minP=101185.9325811905 maxP=109090.94261669215 minT=173.10163024696772 maxT=293.14999999999998 maxMach=0.060486829288365379 minAlphaGas=0.9995465983568349 maxAlphaGas=1.0000000000000002 maxVolumeResidual=6.4814287270564819e-10 maxUVResidual=8.1795771543880886e-10 maxMuResidual=6.4703087332418363e-10 maxMechanicalResidual=0 seconds=0.217973008
REACTIVE_CAPILLARY_STEP time=3.2999999999999991e-07 area=3.2014510510375878e-05 surfaceEnergy=6.5877133550807547e-08 liquidMass=3.8405204728539938e-08 closureResidual=4.183231452209446e-13 recoveryCalls=23 outerIterations=37
REACTIVE_STEP_TIMINGS time=3.2999999999999991e-07 cflSeconds=0.0085513870000000006 backupSeconds=0.001207718 transportSeconds=0.011892698 recoverySeconds=0.19577672900000001 sourceSeconds=0 conservationSeconds=0.00022646600000000001 diagnosticsSeconds=0.00029767599999999997 nestedBatchPackSeconds=0.0020854490000000001 nestedBatchCallSeconds=0.17804231800000003 nestedBatchScatterSeconds=0 nestedScalarPropertySeconds=0.0063900060000000002 otherSeconds=2.0333999999988181e-05
REACTIVE_GPU_HEM_STEP time=3.2999999999999991e-07 batches=64 submitted=256000 succeeded=256000 cpuFallbacks=0 deviceFailures=0 phaseEvaluations=1067982 residualEvaluations=52086 analyticJacobians=0 finiteDifferenceJacobians=904 wallSeconds=0.17141050899999954 kernelSeconds=0.16017676341533749 copySeconds=0.0083427840620279858
REACTIVE_ATTEMPT_PROFILE attempt=13 accepted=1 retry=0 sourceCalls=0 fullPhaseEvaluations=0 scalarProbes=0 rootChecks=0 matrixFreeProducts=0 factorBuilds=0 workerJobElapsedSeconds=0
REACTIVE_STEP time=3.5999999999999989e-07 dt=2.9999999999999997e-08 retries=0 massResidual=1.6989788043246728e-15 energyResidual=-4.9467577254907373e-15 momentumResidual=3.7876239135451963e-20 globalElementResidual=1.7358516288018714e-15 frozenLiquidResidual=0 speciesResidual=1.9251869921529069e-15 elementDrift=0 minP=101192.23905615765 maxP=113059.52786302612 minT=174.16610668170836 maxT=293.14999999999998 maxMach=0.063177374223359506 minAlphaGas=0.99947796013398005 maxAlphaGas=1.0000000000000004 maxVolumeResidual=7.1408368107483966e-10 maxUVResidual=7.1013876036730081e-10 maxMuResidual=5.609734898825991e-11 maxMechanicalResidual=0 seconds=0.219538436
REACTIVE_CAPILLARY_STEP time=3.5999999999999989e-07 area=3.2016707468772658e-05 surfaceEnergy=6.5881654292165231e-08 liquidMass=4.4125280112700165e-08 closureResidual=4.6771581833221498e-13 recoveryCalls=25 outerIterations=41
REACTIVE_STEP_TIMINGS time=3.5999999999999989e-07 cflSeconds=0.0087285029999999986 backupSeconds=0.0012423899999999999 transportSeconds=0.012036522000000001 recoverySeconds=0.19698923499999998 sourceSeconds=0 conservationSeconds=0.00022719099999999999 diagnosticsSeconds=0.00029433399999999999 nestedBatchPackSeconds=0.0020792279999999994 nestedBatchCallSeconds=0.17907624300000002 nestedBatchScatterSeconds=0 nestedScalarPropertySeconds=0.0063398589999999998 otherSeconds=2.0261000000016359e-05
REACTIVE_GPU_HEM_STEP time=3.5999999999999989e-07 batches=64 submitted=256000 succeeded=256000 cpuFallbacks=0 deviceFailures=0 phaseEvaluations=1068802 residualEvaluations=53306 analyticJacobians=0 finiteDifferenceJacobians=904 wallSeconds=0.17245604100000111 kernelSeconds=0.16116633495688504 copySeconds=0.0083920640796423251
REACTIVE_ATTEMPT_PROFILE attempt=14 accepted=1 retry=0 sourceCalls=0 fullPhaseEvaluations=0 scalarProbes=0 rootChecks=0 matrixFreeProducts=0 factorBuilds=0 workerJobElapsedSeconds=0
REACTIVE_STEP time=3.8999999999999987e-07 dt=2.9999999999999997e-08 retries=0 massResidual=1.2857946450545279e-15 energyResidual=-4.2515645797022026e-15 momentumResidual=4.0973606297593633e-20 globalElementResidual=2.0191553609949338e-15 frozenLiquidResidual=0 speciesResidual=2.2395376932374395e-15 elementDrift=0 minP=101199.75637765032 maxP=117002.22246902272 minT=175.1728443013269 maxT=293.14999999999998 maxMach=0.065696882965158479 minAlphaGas=0.99940896629853238 maxAlphaGas=1.0000000000000002 maxVolumeResidual=7.4713657483016505e-10 maxUVResidual=2.9096080542338755e-10 maxMuResidual=2.6572521960588347e-10 maxMechanicalResidual=0 seconds=0.22046284999999999
REACTIVE_CAPILLARY_STEP time=3.8999999999999987e-07 area=3.2018915884204189e-05 surfaceEnergy=6.588619860897655e-08 liquidMass=4.9855664112736663e-08 closureResidual=5.1466318186366156e-13 recoveryCalls=27 outerIterations=45
REACTIVE_STEP_TIMINGS time=3.8999999999999987e-07 cflSeconds=0.008516058 backupSeconds=0.001214204 transportSeconds=0.011893931 recoverySeconds=0.19829519000000001 sourceSeconds=0 conservationSeconds=0.000225577 diagnosticsSeconds=0.00029839100000000001 nestedBatchPackSeconds=0.0021308379999999999 nestedBatchCallSeconds=0.18016918500000001 nestedBatchScatterSeconds=0 nestedScalarPropertySeconds=0.0063838080000000004 otherSeconds=1.9498999999991893e-05
REACTIVE_GPU_HEM_STEP time=3.8999999999999987e-07 batches=64 submitted=256000 succeeded=256000 cpuFallbacks=0 deviceFailures=0 phaseEvaluations=1069710 residualEvaluations=54686 analyticJacobians=0 finiteDifferenceJacobians=904 wallSeconds=0.17352003299999996 kernelSeconds=0.16221641963720357 copySeconds=0.0083732800558209142
REACTIVE_ATTEMPT_PROFILE attempt=15 accepted=1 retry=0 sourceCalls=0 fullPhaseEvaluations=0 scalarProbes=0 rootChecks=0 matrixFreeProducts=0 factorBuilds=0 workerJobElapsedSeconds=0
REACTIVE_STEP time=4.1999999999999984e-07 dt=2.9999999999999997e-08 retries=0 massResidual=2.8650231372039735e-16 energyResidual=-7.602404576751813e-15 momentumResidual=5.0105739180157874e-20 globalElementResidual=1.4529609499909927e-15 frozenLiquidResidual=0 speciesResidual=1.6114666599358683e-15 elementDrift=0 minP=101207.98235391978 maxP=120920.75840387377 minT=176.12826470733802 maxT=293.14999999999998 maxMach=0.068068242052825509 minAlphaGas=0.99933964981123868 maxAlphaGas=1.0000000000000002 maxVolumeResidual=7.6113693125989812e-10 maxUVResidual=4.5678517532742822e-10 maxMuResidual=4.4529357978717599e-10 maxMechanicalResidual=0 seconds=0.220736025
REACTIVE_CAPILLARY_STEP time=4.1999999999999984e-07 area=3.2021134703285754e-05 surfaceEnergy=6.5890764333662989e-08 liquidMass=5.5594557882837305e-08 closureResidual=5.593427197109202e-13 recoveryCalls=29 outerIterations=49
REACTIVE_STEP_TIMINGS time=4.1999999999999984e-07 cflSeconds=0.0085392569999999998 backupSeconds=0.001232971 transportSeconds=0.012093815000000001 recoverySeconds=0.19831014899999999 sourceSeconds=0 conservationSeconds=0.00023216799999999999 diagnosticsSeconds=0.00030747000000000001 nestedBatchPackSeconds=0.0022081299999999996 nestedBatchCallSeconds=0.17998941500000001 nestedBatchScatterSeconds=0 nestedScalarPropertySeconds=0.0064387469999999999 otherSeconds=2.0195000000009574e-05
REACTIVE_GPU_HEM_STEP time=4.1999999999999984e-07 batches=64 submitted=256000 succeeded=256000 cpuFallbacks=0 deviceFailures=0 phaseEvaluations=1070632 residualEvaluations=56196 analyticJacobians=0 finiteDifferenceJacobians=904 wallSeconds=0.17332139599999863 kernelSeconds=0.16192818716168556 copySeconds=0.008423168055713165
REACTIVE_ATTEMPT_PROFILE attempt=16 accepted=1 retry=0 sourceCalls=0 fullPhaseEvaluations=0 scalarProbes=0 rootChecks=0 matrixFreeProducts=0 factorBuilds=0 workerJobElapsedSeconds=0
REACTIVE_STEP time=4.4999999999999982e-07 dt=2.9999999999999997e-08 retries=0 massResidual=1.0850752524227827e-15 energyResidual=-8.5555283828686476e-15 momentumResidual=4.7237345412015691e-20 globalElementResidual=1.6904206587344486e-15 frozenLiquidResidual=0 speciesResidual=1.8747998887743543e-15 elementDrift=0 minP=101216.48284024153 maxP=124816.61210811752 minT=177.03774959242045 maxT=293.14999999999998 maxMach=0.070310480345577547 minAlphaGas=0.9992700409042653 maxAlphaGas=1.0000000000000004 maxVolumeResidual=7.6380901603556595e-10 maxUVResidual=6.9067601821812184e-10 maxMuResidual=5.4647841807309305e-10 maxMechanicalResidual=0 seconds=0.220168263
REACTIVE_CAPILLARY_STEP time=4.4999999999999982e-07 area=3.202336295966026e-05 surfaceEnergy=6.5895349477725117e-08 liquidMass=6.1340282628311262e-08 closureResidual=6.0190860542291835e-13 recoveryCalls=31 outerIterations=53
REACTIVE_STEP_TIMINGS time=4.4999999999999982e-07 cflSeconds=0.0085891820000000008 backupSeconds=0.0012460150000000001 transportSeconds=0.011943525 recoverySeconds=0.197826425 sourceSeconds=0 conservationSeconds=0.00024780700000000001 diagnosticsSeconds=0.00029471199999999998 nestedBatchPackSeconds=0.0020935230000000012 nestedBatchCallSeconds=0.17984984699999995 nestedBatchScatterSeconds=0 nestedScalarPropertySeconds=0.006406943 otherSeconds=2.0597000000002405e-05
REACTIVE_GPU_HEM_STEP time=4.4999999999999982e-07 batches=64 submitted=256000 succeeded=256000 cpuFallbacks=0 deviceFailures=0 phaseEvaluations=1071522 residualEvaluations=57656 analyticJacobians=0 finiteDifferenceJacobians=904 wallSeconds=0.17319435000000016 kernelSeconds=0.16194313338398869 copySeconds=0.0083428159728646256
REACTIVE_ATTEMPT_PROFILE attempt=17 accepted=1 retry=0 sourceCalls=0 fullPhaseEvaluations=0 scalarProbes=0 rootChecks=0 matrixFreeProducts=0 factorBuilds=0 workerJobElapsedSeconds=0
REACTIVE_STEP time=4.7999999999999985e-07 dt=2.9999999999999997e-08 retries=0 massResidual=2.2006093866681732e-15 energyResidual=-8.4977085500805183e-15 momentumResidual=5.0560736235382243e-20 globalElementResidual=2.2024236877722135e-15 frozenLiquidResidual=0 speciesResidual=2.4426111248674168e-15 elementDrift=0 minP=101224.88076467997 maxP=128691.07995484804 minT=177.90585999874907 maxT=293.14999999999998 maxMach=0.072439552946099911 minAlphaGas=0.99920016787358212 maxAlphaGas=1.0000000000000002 maxVolumeResidual=7.5962836021403746e-10 maxUVResidual=7.4111966275034551e-10 maxMuResidual=6.0275340274529299e-10 maxMechanicalResidual=0 seconds=0.22000244699999999
REACTIVE_CAPILLARY_STEP time=4.7999999999999985e-07 area=3.2025599748731553e-05 surfaceEnergy=6.5899952179750714e-08 liquidMass=6.7091232259197094e-08 closureResidual=6.4249408744665448e-13 recoveryCalls=33 outerIterations=57
REACTIVE_STEP_TIMINGS time=4.7999999999999985e-07 cflSeconds=0.0085932150000000013 backupSeconds=0.0012748360000000001 transportSeconds=0.01214237 recoverySeconds=0.197429989 sourceSeconds=0 conservationSeconds=0.000239767 diagnosticsSeconds=0.00029996800000000001 nestedBatchPackSeconds=0.0021512059999999993 nestedBatchCallSeconds=0.17922726000000005 nestedBatchScatterSeconds=0 nestedScalarPropertySeconds=0.0065737009999999995 otherSeconds=2.2301999999987455e-05
REACTIVE_GPU_HEM_STEP time=4.7999999999999985e-07 batches=64 submitted=256000 succeeded=256000 cpuFallbacks=0 deviceFailures=0 phaseEvaluations=1072010 residualEvaluations=58446 analyticJacobians=0 finiteDifferenceJacobians=904 wallSeconds=0.17258468399999982 kernelSeconds=0.16134227114915856 copySeconds=0.0082988480553031069
REACTIVE_ATTEMPT_PROFILE attempt=18 accepted=1 retry=0 sourceCalls=0 fullPhaseEvaluations=0 scalarProbes=0 rootChecks=0 matrixFreeProducts=0 factorBuilds=0 workerJobElapsedSeconds=0
REACTIVE_STEP time=5.0999999999999988e-07 dt=2.9999999999999997e-08 retries=0 massResidual=8.6073831440942724e-16 energyResidual=-8.8581790701190179e-15 momentumResidual=5.3774947590077934e-20 globalElementResidual=1.6424805719444225e-15 frozenLiquidResidual=0 speciesResidual=1.8216769239308472e-15 elementDrift=0 minP=101232.84800255737 maxP=132545.32705021926 minT=178.73649903301131 maxT=293.14999999999998 maxMach=0.074468940700247357 minAlphaGas=0.99913005776928654 maxAlphaGas=1.0000000000000002 maxVolumeResidual=9.6481711508999979e-10 maxUVResidual=9.0797364629527274e-10 maxMuResidual=4.8336090685552335e-10 maxMechanicalResidual=0 seconds=0.22157369299999999
REACTIVE_CAPILLARY_STEP time=5.0999999999999988e-07 area=3.2027844212447009e-05 surfaceEnergy=6.5904570674101426e-08 liquidMass=7.2845848492185773e-08 closureResidual=6.8121571751567078e-13 recoveryCalls=35 outerIterations=61
REACTIVE_STEP_TIMINGS time=5.0999999999999988e-07 cflSeconds=0.0085161969999999997 backupSeconds=0.0012403800000000001 transportSeconds=0.011822144 recoverySeconds=0.19944637300000001 sourceSeconds=0 conservationSeconds=0.00022713 diagnosticsSeconds=0.000300721 nestedBatchPackSeconds=0.0021192719999999997 nestedBatchCallSeconds=0.18177932700000005 nestedBatchScatterSeconds=0 nestedScalarPropertySeconds=0.0063409460000000001 otherSeconds=2.0747999999955235e-05
REACTIVE_GPU_HEM_STEP time=5.0999999999999988e-07 batches=64 submitted=256000 succeeded=256000 cpuFallbacks=0 deviceFailures=0 phaseEvaluations=1072524 residualEvaluations=59166 analyticJacobians=0 finiteDifferenceJacobians=904 wallSeconds=0.17512402800000038 kernelSeconds=0.16384076759219024 copySeconds=0.0083759680986403851
REACTIVE_ATTEMPT_PROFILE attempt=19 accepted=1 retry=0 sourceCalls=0 fullPhaseEvaluations=0 scalarProbes=0 rootChecks=0 matrixFreeProducts=0 factorBuilds=0 workerJobElapsedSeconds=0
REACTIVE_STEP time=5.3999999999999991e-07 dt=2.9999999999999997e-08 retries=0 massResidual=1.3319615079558012e-15 energyResidual=-1.0201586747555732e-14 momentumResidual=5.7158289224606781e-20 globalElementResidual=2.0474670207429633e-15 frozenLiquidResidual=0 speciesResidual=2.2708126385472103e-15 elementDrift=0 minP=101240.09761663721 maxP=136380.41884752334 minT=179.53303501018752 maxT=293.15069469541083 maxMach=0.076410114193148054 minAlphaGas=0.99905973580749274 maxAlphaGas=1.0000000000000002 maxVolumeResidual=9.4312602172408333e-10 maxUVResidual=9.679089551275978e-10 maxMuResidual=5.0414428187650628e-10 maxMechanicalResidual=0 seconds=0.22236945799999999
REACTIVE_CAPILLARY_STEP time=5.3999999999999991e-07 area=3.203009553048055e-05 surfaceEnergy=6.5909203272769855e-08 liquidMass=7.8602609655896803e-08 closureResidual=7.1817692851722237e-13 recoveryCalls=37 outerIterations=65
REACTIVE_STEP_TIMINGS time=5.3999999999999991e-07 cflSeconds=0.0086507140000000003 backupSeconds=0.001227091 transportSeconds=0.011889426 recoverySeconds=0.20005640399999999 sourceSeconds=0 conservationSeconds=0.000227803 diagnosticsSeconds=0.00029892999999999999 nestedBatchPackSeconds=0.0021271760000000002 nestedBatchCallSeconds=0.18206193299999995 nestedBatchScatterSeconds=0 nestedScalarPropertySeconds=0.0064649500000000006 otherSeconds=1.9089999999973093e-05
REACTIVE_GPU_HEM_STEP time=5.3999999999999991e-07 batches=64 submitted=256000 succeeded=256000 cpuFallbacks=0 deviceFailures=0 phaseEvaluations=1073386 residualEvaluations=60446 analyticJacobians=0 finiteDifferenceJacobians=904 wallSeconds=0.17539789899999914 kernelSeconds=0.16407923245430078 copySeconds=0.0083675200939178351
REACTIVE_ATTEMPT_PROFILE attempt=20 accepted=1 retry=0 sourceCalls=0 fullPhaseEvaluations=0 scalarProbes=0 rootChecks=0 matrixFreeProducts=0 factorBuilds=0 workerJobElapsedSeconds=0
REACTIVE_STEP time=5.6999999999999994e-07 dt=2.9999999999999997e-08 retries=0 massResidual=2.0407116789593012e-15 energyResidual=-1.0579222530453207e-14 momentumResidual=6.0302232713840533e-20 globalElementResidual=1.9633887000036425e-15 frozenLiquidResidual=0 speciesResidual=2.1776403841630505e-15 elementDrift=0 minP=101246.37865466694 maxP=140197.34089508114 minT=180.29839616022775 maxT=293.15264329091315 maxMach=0.07827289727035204 minAlphaGas=0.99898922683135538 maxAlphaGas=1.0000000000000002 maxVolumeResidual=9.1841245719592735e-10 maxUVResidual=9.4260140816432524e-10 maxMuResidual=5.219646936893696e-10 maxMechanicalResidual=0 seconds=0.22283298500000001
REACTIVE_CAPILLARY_STEP time=5.6999999999999994e-07 area=3.2032352915448073e-05 surfaceEnergy=6.5913848355534226e-08 liquidMass=8.4360027913348362e-08 closureResidual=7.5346803449227728e-13 recoveryCalls=39 outerIterations=69
REACTIVE_STEP_TIMINGS time=5.6999999999999994e-07 cflSeconds=0.0089287380000000003 backupSeconds=0.001203024 transportSeconds=0.011974564 recoverySeconds=0.200155732 sourceSeconds=0 conservationSeconds=0.00023559699999999999 diagnosticsSeconds=0.00029701199999999998 nestedBatchPackSeconds=0.0021284339999999998 nestedBatchCallSeconds=0.18175460599999996 nestedBatchScatterSeconds=0 nestedScalarPropertySeconds=0.0064332080000000002 otherSeconds=3.8318000000026639e-05
REACTIVE_GPU_HEM_STEP time=5.6999999999999994e-07 batches=64 submitted=256000 succeeded=256000 cpuFallbacks=0 deviceFailures=0 phaseEvaluations=1074258 residualEvaluations=61762 analyticJacobians=0 finiteDifferenceJacobians=904 wallSeconds=0.17512424100000024 kernelSeconds=0.16380675426125579 copySeconds=0.0083789761289954634
REACTIVE_ATTEMPT_PROFILE attempt=21 accepted=1 retry=0 sourceCalls=0 fullPhaseEvaluations=0 scalarProbes=0 rootChecks=0 matrixFreeProducts=0 factorBuilds=0 workerJobElapsedSeconds=0
REACTIVE_STEP time=5.9999999999999997e-07 dt=2.9999999999999997e-08 retries=0 massResidual=2.553162359490471e-15 energyResidual=-1.3296754671495328e-14 momentumResidual=6.3293477278525125e-20 globalElementResidual=1.9258871099319946e-15 frozenLiquidResidual=0 speciesResidual=2.1359850507165345e-15 elementDrift=0 minP=101251.47128285482 maxP=143997.01130856518 minT=181.03514468313764 maxT=293.15493834915696 maxMach=0.080065754097583569 minAlphaGas=0.99891855435496268 maxAlphaGas=1.0000000000000004 maxVolumeResidual=7.5086292739001692e-10 maxUVResidual=9.7991527051455689e-10 maxMuResidual=5.5641180551901925e-10 maxMechanicalResidual=0 seconds=0.22281451399999999
REACTIVE_CAPILLARY_STEP time=5.9999999999999997e-07 area=3.2034615610771451e-05 surfaceEnergy=6.5918504365563006e-08 liquidMass=9.0116651437233315e-08 closureResidual=7.8717154322616167e-13 recoveryCalls=41 outerIterations=73
REACTIVE_STEP_TIMINGS time=5.9999999999999997e-07 cflSeconds=0.0085567300000000002 backupSeconds=0.0012231730000000001 transportSeconds=0.011927529999999999 recoverySeconds=0.20055731599999999 sourceSeconds=0 conservationSeconds=0.000233458 diagnosticsSeconds=0.00029676600000000001 nestedBatchPackSeconds=0.0020938240000000002 nestedBatchCallSeconds=0.18247633599999996 nestedBatchScatterSeconds=0 nestedScalarPropertySeconds=0.0064016229999999995 otherSeconds=1.9541000000007625e-05
REACTIVE_GPU_HEM_STEP time=5.9999999999999997e-07 batches=64 submitted=256000 succeeded=256000 cpuFallbacks=0 deviceFailures=0 phaseEvaluations=1075016 residualEvaluations=62978 analyticJacobians=0 finiteDifferenceJacobians=904 wallSeconds=0.175855286 kernelSeconds=0.16461990272998861 copySeconds=0.0083172480240463476
REACTIVE_ATTEMPT_PROFILE attempt=22 accepted=1 retry=0 sourceCalls=0 fullPhaseEvaluations=0 scalarProbes=0 rootChecks=0 matrixFreeProducts=0 factorBuilds=0 workerJobElapsedSeconds=0
REACTIVE_STEP time=6.3e-07 dt=2.9999999999999997e-08 retries=0 massResidual=2.0581028593431218e-15 energyResidual=-1.3121488303356309e-14 momentumResidual=6.6401749472733045e-20 globalElementResidual=1.911118891067453e-15 frozenLiquidResidual=0 speciesResidual=2.1195744254290534e-15 elementDrift=0 minP=101255.18288400106 maxP=147780.28789340376 minT=181.74553535911838 maxT=293.15758700966313 maxMach=0.081796018320350786 minAlphaGas=0.99884774137408106 maxAlphaGas=1.0000000000000002 maxVolumeResidual=7.3034800429638835e-10 maxUVResidual=9.8387886568245909e-10 maxMuResidual=5.2840931630271371e-10 maxMechanicalResidual=0 seconds=0.22233562700000001
REACTIVE_CAPILLARY_STEP time=6.3e-07 area=3.2036882890096979e-05 surfaceEnergy=6.5923169808218342e-08 liquidMass=9.5871069370831234e-08 closureResidual=8.1936063836551831e-13 recoveryCalls=43 outerIterations=77
REACTIVE_STEP_TIMINGS time=6.3e-07 cflSeconds=0.0085317980000000002 backupSeconds=0.001247504 transportSeconds=0.011878791999999999 recoverySeconds=0.20013092299999999 sourceSeconds=0 conservationSeconds=0.00022938 diagnosticsSeconds=0.000297471 nestedBatchPackSeconds=0.0020868459999999994 nestedBatchCallSeconds=0.182409776 nestedBatchScatterSeconds=0 nestedScalarPropertySeconds=0.0063832459999999987 otherSeconds=1.9759000000002926e-05
REACTIVE_GPU_HEM_STEP time=6.3e-07 batches=64 submitted=256000 succeeded=256000 cpuFallbacks=0 deviceFailures=0 phaseEvaluations=1075564 residualEvaluations=64048 analyticJacobians=0 finiteDifferenceJacobians=904 wallSeconds=0.17578030699999925 kernelSeconds=0.16455033698678045 copySeconds=0.0083280640542508222
REACTIVE_ATTEMPT_PROFILE attempt=23 accepted=1 retry=0 sourceCalls=0 fullPhaseEvaluations=0 scalarProbes=0 rootChecks=0 matrixFreeProducts=0 factorBuilds=0 workerJobElapsedSeconds=0
REACTIVE_STEP time=6.6000000000000003e-07 dt=2.9999999999999997e-08 retries=0 massResidual=1.1811863955112545e-15 energyResidual=-1.4676299744424624e-14 momentumResidual=7.0148034852221022e-20 globalElementResidual=2.0709106413315623e-15 frozenLiquidResidual=0 speciesResidual=2.297079971267848e-15 elementDrift=0 minP=101257.34413313864 maxP=151547.72713450214 minT=182.43152024174788 maxT=293.16059465673578 maxMach=0.083482656080450621 minAlphaGas=0.99877680465339724 maxAlphaGas=1.0000000000000002 maxVolumeResidual=7.0997874246359061e-10 maxUVResidual=9.517848322168182e-10 maxMuResidual=5.0301451892664772e-10 maxMechanicalResidual=0 seconds=0.22695963799999999
REACTIVE_CAPILLARY_STEP time=6.6000000000000003e-07 area=3.2039154212519852e-05 surfaceEnergy=6.5927843570465618e-08 liquidMass=1.0162232911588354e-07 closureResidual=8.5016780941582493e-13 recoveryCalls=45 outerIterations=81
REACTIVE_STEP_TIMINGS time=6.6000000000000003e-07 cflSeconds=0.0091389750000000006 backupSeconds=0.0013214749999999999 transportSeconds=0.012394127000000001 recoverySeconds=0.20354559 sourceSeconds=0 conservationSeconds=0.000227245 diagnosticsSeconds=0.00030787399999999997 nestedBatchPackSeconds=0.0024111060000000005 nestedBatchCallSeconds=0.18420286900000002 nestedBatchScatterSeconds=0 nestedScalarPropertySeconds=0.0070052059999999999 otherSeconds=2.4352000000005855e-05
REACTIVE_GPU_HEM_STEP time=6.6000000000000003e-07 batches=64 submitted=256000 succeeded=256000 cpuFallbacks=0 deviceFailures=0 phaseEvaluations=1076490 residualEvaluations=65128 analyticJacobians=0 finiteDifferenceJacobians=904 wallSeconds=0.17739443700000068 kernelSeconds=0.16590726888179841 copySeconds=0.0084586561471222954
REACTIVE_ATTEMPT_PROFILE attempt=24 accepted=1 retry=0 sourceCalls=0 fullPhaseEvaluations=0 scalarProbes=0 rootChecks=0 matrixFreeProducts=0 factorBuilds=0 workerJobElapsedSeconds=0
REACTIVE_STEP time=6.9000000000000006e-07 dt=2.9999999999999997e-08 retries=0 massResidual=1.8197275090495107e-15 energyResidual=-1.6462390516645459e-14 momentumResidual=7.297833557315823e-20 globalElementResidual=2.3815947896053968e-15 frozenLiquidResidual=0 speciesResidual=2.6417197618131888e-15 elementDrift=0 minP=101257.80747534624 maxP=155298.70754122405 minT=183.09464555461747 maxT=293.16396506103564 maxMach=0.085107162942105949 minAlphaGas=0.99870573794032524 maxAlphaGas=1.0000000000000002 maxVolumeResidual=6.9002470404200267e-10 maxUVResidual=9.998756913416186e-10 maxMuResidual=4.8018478082667571e-10 maxMechanicalResidual=0 seconds=0.22813417999999999
REACTIVE_CAPILLARY_STEP time=6.9000000000000006e-07 area=3.2041429778739304e-05 surfaceEnergy=6.5932526065289141e-08 liquidMass=1.0737141473867957e-07 closureResidual=8.7996298615833357e-13 recoveryCalls=47 outerIterations=85
REACTIVE_STEP_TIMINGS time=6.9000000000000006e-07 cflSeconds=0.0094563939999999999 backupSeconds=0.0014525789999999998 transportSeconds=0.012361073 recoverySeconds=0.20429861799999999 sourceSeconds=0 conservationSeconds=0.00023351399999999999 diagnosticsSeconds=0.000309594 nestedBatchPackSeconds=0.0026622280000000013 nestedBatchCallSeconds=0.18440909499999988 nestedBatchScatterSeconds=0 nestedScalarPropertySeconds=0.0071577769999999997 otherSeconds=2.2407999999988148e-05
REACTIVE_GPU_HEM_STEP time=6.9000000000000006e-07 batches=64 submitted=256000 succeeded=256000 cpuFallbacks=0 deviceFailures=0 phaseEvaluations=1076870 residualEvaluations=66258 analyticJacobians=0 finiteDifferenceJacobians=904 wallSeconds=0.17731171399999957 kernelSeconds=0.16498806467652338 copySeconds=0.009058048062026508
REACTIVE_ATTEMPT_PROFILE attempt=25 accepted=1 retry=0 sourceCalls=0 fullPhaseEvaluations=0 scalarProbes=0 rootChecks=0 matrixFreeProducts=0 factorBuilds=0 workerJobElapsedSeconds=0
REACTIVE_STEP time=7.2000000000000009e-07 dt=2.9999999999999997e-08 retries=0 massResidual=2.9119772039392402e-15 energyResidual=-1.6856288127514597e-14 momentumResidual=7.5219003288137965e-20 globalElementResidual=2.4245982389156388e-15 frozenLiquidResidual=0 speciesResidual=2.6889760555869016e-15 elementDrift=0 minP=101256.44489257377 maxP=159035.46128968839 minT=183.73676556220528 maxT=293.16770051483184 maxMach=0.086685965331854728 minAlphaGas=0.99863459118799569 maxAlphaGas=1.0000000000000004 maxVolumeResidual=6.7041705520409778e-10 maxUVResidual=9.1010832115794888e-10 maxMuResidual=4.5837822426619823e-10 maxMechanicalResidual=0 seconds=0.22503942199999999
REACTIVE_CAPILLARY_STEP time=7.2000000000000009e-07 area=3.2043707989690215e-05 surfaceEnergy=6.5937214002248898e-08 liquidMass=1.1311450611471417e-07 closureResidual=9.0807764953348968e-13 recoveryCalls=49 outerIterations=89
REACTIVE_STEP_TIMINGS time=7.2000000000000009e-07 cflSeconds=0.0088352940000000005 backupSeconds=0.0015307720000000001 transportSeconds=0.012689780000000001 recoverySeconds=0.20135830799999999 sourceSeconds=0 conservationSeconds=0.00024959500000000003 diagnosticsSeconds=0.00035191600000000002 nestedBatchPackSeconds=0.0024298799999999993 nestedBatchCallSeconds=0.18228606999999999 nestedBatchScatterSeconds=0 nestedScalarPropertySeconds=0.0070542699999999996 otherSeconds=2.3756999999984343e-05
REACTIVE_GPU_HEM_STEP time=7.2000000000000009e-07 batches=64 submitted=256000 succeeded=256000 cpuFallbacks=0 deviceFailures=0 phaseEvaluations=1077668 residualEvaluations=67358 analyticJacobians=0 finiteDifferenceJacobians=904 wallSeconds=0.1753975410000006 kernelSeconds=0.16376050928235131 copySeconds=0.0085542720258235949
REACTIVE_ATTEMPT_PROFILE attempt=26 accepted=1 retry=0 sourceCalls=0 fullPhaseEvaluations=0 scalarProbes=0 rootChecks=0 matrixFreeProducts=0 factorBuilds=0 workerJobElapsedSeconds=0
REACTIVE_STEP time=7.5000000000000012e-07 dt=2.9999999999999997e-08 retries=0 massResidual=1.9585453015214105e-15 energyResidual=-2.0486289504744401e-14 momentumResidual=7.8941402569266634e-20 globalElementResidual=2.557987769967381e-15 frozenLiquidResidual=0 speciesResidual=2.8371051669442942e-15 elementDrift=0 minP=101253.14466334446 maxP=162758.63057512773 minT=184.35929590418075 maxT=293.17180195422821 maxMach=0.088223402143777344 minAlphaGas=0.99856338313065029 maxAlphaGas=1.0000000000000002 maxVolumeResidual=6.5123573200764895e-10 maxUVResidual=9.1764296744069465e-10 maxMuResidual=4.3843328967341222e-10 maxMechanicalResidual=0 seconds=0.224732758
REACTIVE_CAPILLARY_STEP time=7.5000000000000012e-07 area=3.2045988245778399e-05 surfaceEnergy=6.5941906147543543e-08 liquidMass=1.1885041552273798e-07 closureResidual=9.349281331755277e-13 recoveryCalls=51 outerIterations=93
REACTIVE_STEP_TIMINGS time=7.5000000000000012e-07 cflSeconds=0.0092778180000000002 backupSeconds=0.0014920649999999999 transportSeconds=0.012119791000000001 recoverySeconds=0.20126508799999998 sourceSeconds=0 conservationSeconds=0.00023675399999999999 diagnosticsSeconds=0.00031850299999999998 nestedBatchPackSeconds=0.0024570660000000004 nestedBatchCallSeconds=0.18224525799999997 nestedBatchScatterSeconds=0 nestedScalarPropertySeconds=0.0068938339999999997 otherSeconds=2.2739000000052828e-05
REACTIVE_GPU_HEM_STEP time=7.5000000000000012e-07 batches=64 submitted=256000 succeeded=256000 cpuFallbacks=0 deviceFailures=0 phaseEvaluations=1077980 residualEvaluations=68108 analyticJacobians=0 finiteDifferenceJacobians=904 wallSeconds=0.17538570099999617 kernelSeconds=0.16359398499131128 copySeconds=0.0086823681443929102
REACTIVE_ATTEMPT_PROFILE attempt=27 accepted=1 retry=0 sourceCalls=0 fullPhaseEvaluations=0 scalarProbes=0 rootChecks=0 matrixFreeProducts=0 factorBuilds=0 workerJobElapsedSeconds=0
REACTIVE_STEP time=7.8000000000000016e-07 dt=2.9999999999999997e-08 retries=0 massResidual=1.1441043494945007e-15 energyResidual=-2.1550535802000922e-14 momentumResidual=8.2050336660126931e-20 globalElementResidual=1.9143600238803466e-15 frozenLiquidResidual=0 speciesResidual=2.1232317764611196e-15 elementDrift=0 minP=101247.81014036332 maxP=166468.8031305839 minT=184.96350856673635 maxT=293.17626906352541 maxMach=0.08972331946155114 minAlphaGas=0.9984921314163947 maxAlphaGas=1.0000000000000002 maxVolumeResidual=6.3252736381969044e-10 maxUVResidual=9.9760914514121012e-10 maxMuResidual=4.2027537006106286e-10 maxMechanicalResidual=0 seconds=0.22605028999999999
REACTIVE_CAPILLARY_STEP time=7.8000000000000016e-07 area=3.2048269982090641e-05 surfaceEnergy=6.5946601338735685e-08 liquidMass=1.2457802657359645e-07 closureResidual=9.6057124927828585e-13 recoveryCalls=53 outerIterations=97
REACTIVE_STEP_TIMINGS time=7.8000000000000016e-07 cflSeconds=0.008991823999999999 backupSeconds=0.001530977 transportSeconds=0.012625515 recoverySeconds=0.20231911499999999 sourceSeconds=0 conservationSeconds=0.00024462300000000002 diagnosticsSeconds=0.00031645799999999998 nestedBatchPackSeconds=0.0023755839999999996 nestedBatchCallSeconds=0.18318279500000004 nestedBatchScatterSeconds=0 nestedScalarPropertySeconds=0.0069824899999999992 otherSeconds=2.177799999999113e-05
REACTIVE_GPU_HEM_STEP time=7.8000000000000016e-07 batches=64 submitted=256000 succeeded=256000 cpuFallbacks=0 deviceFailures=0 phaseEvaluations=1078354 residualEvaluations=68398 analyticJacobians=0 finiteDifferenceJacobians=904 wallSeconds=0.17629368499999565 kernelSeconds=0.16464604899286917 copySeconds=0.0085999359637498884
REACTIVE_ATTEMPT_PROFILE attempt=28 accepted=1 retry=0 sourceCalls=0 fullPhaseEvaluations=0 scalarProbes=0 rootChecks=0 matrixFreeProducts=0 factorBuilds=0 workerJobElapsedSeconds=0
REACTIVE_STEP time=8.1000000000000019e-07 dt=2.9999999999999997e-08 retries=0 massResidual=9.1576980261403588e-16 energyResidual=-1.9658743147964287e-14 momentumResidual=8.6624068643465272e-20 globalElementResidual=2.7121279242943526e-15 frozenLiquidResidual=0 speciesResidual=3.0079980659552584e-15 elementDrift=0 minP=101240.35823318629 maxP=170166.51194725675 minT=185.55055000945723 maxT=293.18110036804717 maxMach=0.091189138948226459 minAlphaGas=0.99842085258728097 maxAlphaGas=1.0000000000000002 maxVolumeResidual=6.1432681164319547e-10 maxUVResidual=9.8731491844643649e-10 maxMuResidual=4.0380143673246494e-10 maxMechanicalResidual=0 seconds=0.22770136999999999
REACTIVE_CAPILLARY_STEP time=8.1000000000000019e-07 area=3.2050552669039392e-05 surfaceEnergy=6.5951298486078567e-08 liquidMass=1.3029629798281978e-07 closureResidual=9.8506077426951943e-13 recoveryCalls=55 outerIterations=101
REACTIVE_STEP_TIMINGS time=8.1000000000000019e-07 cflSeconds=0.009602569 backupSeconds=0.001481727 transportSeconds=0.012662618 recoverySeconds=0.20340480999999999 sourceSeconds=0 conservationSeconds=0.00022327499999999999 diagnosticsSeconds=0.000303262 nestedBatchPackSeconds=0.0025369480000000002 nestedBatchCallSeconds=0.18341118099999995 nestedBatchScatterSeconds=0 nestedScalarPropertySeconds=0.0069959979999999998 otherSeconds=2.3109000000014744e-05
REACTIVE_GPU_HEM_STEP time=8.1000000000000019e-07 batches=64 submitted=256000 succeeded=256000 cpuFallbacks=0 deviceFailures=0 phaseEvaluations=1079130 residualEvaluations=69738 analyticJacobians=0 finiteDifferenceJacobians=904 wallSeconds=0.17639608900000159 kernelSeconds=0.16419855850934795 copySeconds=0.0089792960286139978
REACTIVE_ATTEMPT_PROFILE attempt=29 accepted=1 retry=0 sourceCalls=0 fullPhaseEvaluations=0 scalarProbes=0 rootChecks=0 matrixFreeProducts=0 factorBuilds=0 workerJobElapsedSeconds=0
REACTIVE_STEP time=8.4000000000000022e-07 dt=2.9999999999999997e-08 retries=0 massResidual=3.718787932912548e-15 energyResidual=-2.0876573376064278e-14 momentumResidual=8.8701114289149132e-20 globalElementResidual=3.0626918193049833e-15 frozenLiquidResidual=0 speciesResidual=3.396648911723958e-15 elementDrift=0 minP=101230.71807813934 maxP=173852.23518849674 minT=186.12145652383714 maxT=293.1862933165994 maxMach=0.092623914930031553 minAlphaGas=0.99834956206830749 maxAlphaGas=1.0000000000000004 maxVolumeResidual=5.966664939904831e-10 maxUVResidual=9.0409749692150543e-10 maxMuResidual=3.8887648656782403e-10 maxMechanicalResidual=0 seconds=0.223642865
REACTIVE_CAPILLARY_STEP time=8.4000000000000022e-07 area=3.2052835812721948e-05 surfaceEnergy=6.5955996573255088e-08 liquidMass=1.3600426626018217e-07 closureResidual=1.0084476656513353e-12 recoveryCalls=57 outerIterations=105
REACTIVE_STEP_TIMINGS time=8.4000000000000022e-07 cflSeconds=0.0088688819999999998 backupSeconds=0.0012515180000000001 transportSeconds=0.0120956 recoverySeconds=0.20072278900000001 sourceSeconds=0 conservationSeconds=0.00030310100000000001 diagnosticsSeconds=0.00037864799999999998 nestedBatchPackSeconds=0.0024702950000000004 nestedBatchCallSeconds=0.18136708499999996 nestedBatchScatterSeconds=0 nestedScalarPropertySeconds=0.0066079239999999994 otherSeconds=2.2326999999970176e-05
REACTIVE_GPU_HEM_STEP time=8.4000000000000022e-07 batches=64 submitted=256000 succeeded=256000 cpuFallbacks=0 deviceFailures=0 phaseEvaluations=1079156 residualEvaluations=69918 analyticJacobians=0 finiteDifferenceJacobians=904 wallSeconds=0.17445121300000377 kernelSeconds=0.16266348767280547 copySeconds=0.0086596480235457962
REACTIVE_ATTEMPT_PROFILE attempt=30 accepted=1 retry=0 sourceCalls=0 fullPhaseEvaluations=0 scalarProbes=0 rootChecks=0 matrixFreeProducts=0 factorBuilds=0 workerJobElapsedSeconds=0
REACTIVE_STEP time=8.7000000000000025e-07 dt=2.9999999999999997e-08 retries=0 massResidual=2.1986456681686471e-15 energyResidual=-2.135720073611561e-14 momentumResidual=9.3160765730923285e-20 globalElementResidual=2.725974968618751e-15 frozenLiquidResidual=0 speciesResidual=3.02319910997751e-15 elementDrift=0 minP=101218.82986343776 maxP=177526.39641030916 minT=186.67716733465056 maxT=293.19184435453877 maxMach=0.094030382143644967 minAlphaGas=0.99827827416603365 maxAlphaGas=1.0000000000000004 maxVolumeResidual=5.7956506260836704e-10 maxUVResidual=9.9403973748315977e-10 maxMuResidual=3.7537972730206093e-10 maxMechanicalResidual=0 seconds=0.224720058
REACTIVE_CAPILLARY_STEP time=8.7000000000000025e-07 area=3.2055118954971975e-05 surfaceEnergy=6.5960694657483867e-08 liquidMass=1.4170104731650174e-07 closureResidual=1.0307820135641022e-12 recoveryCalls=59 outerIterations=109
REACTIVE_STEP_TIMINGS time=8.7000000000000025e-07 cflSeconds=0.0087701529999999993 backupSeconds=0.001351466 transportSeconds=0.012077590999999999 recoverySeconds=0.20187629600000001 sourceSeconds=0 conservationSeconds=0.00025197199999999999 diagnosticsSeconds=0.000368771 nestedBatchPackSeconds=0.0024947039999999986 nestedBatchCallSeconds=0.18255219399999997 nestedBatchScatterSeconds=0 nestedScalarPropertySeconds=0.0066131460000000003 otherSeconds=2.3808999999992697e-05
REACTIVE_GPU_HEM_STEP time=8.7000000000000025e-07 batches=64 submitted=256000 succeeded=256000 cpuFallbacks=0 deviceFailures=0 phaseEvaluations=1079398 residualEvaluations=70028 analyticJacobians=0 finiteDifferenceJacobians=904 wallSeconds=0.17557685800000034 kernelSeconds=0.16368281391263118 copySeconds=0.0087764800190925918
REACTIVE_ATTEMPT_PROFILE attempt=31 accepted=1 retry=0 sourceCalls=0 fullPhaseEvaluations=0 scalarProbes=0 rootChecks=0 matrixFreeProducts=0 factorBuilds=0 workerJobElapsedSeconds=0
REACTIVE_STEP time=9.0000000000000028e-07 dt=2.9999999999999997e-08 retries=0 massResidual=3.572125699669931e-15 energyResidual=-2.2556962266469314e-14 momentumResidual=9.5258471897980946e-20 globalElementResidual=2.6286833592973022e-15 frozenLiquidResidual=0 speciesResidual=2.9152624926205241e-15 elementDrift=0 minP=101204.64378442589 maxP=181189.36514711526 minT=187.21853584507477 maxT=293.19774898824613 maxMach=0.095410995922614664 minAlphaGas=0.99820700207686586 maxAlphaGas=1.0000000000000002 maxVolumeResidual=5.6304005902063636e-10 maxUVResidual=8.7315291213929769e-10 maxMuResidual=3.63144181392272e-10 maxMechanicalResidual=0 seconds=0.22665727099999999
REACTIVE_CAPILLARY_STEP time=9.0000000000000028e-07 area=3.2057401673101811e-05 surfaceEnergy=6.5965391868988912e-08 liquidMass=1.4738583703184604e-07 closureResidual=1.0521132576268855e-12 recoveryCalls=61 outerIterations=113
REACTIVE_STEP_TIMINGS time=9.0000000000000028e-07 cflSeconds=0.0090147539999999998 backupSeconds=0.0012433850000000001 transportSeconds=0.012183823999999999 recoverySeconds=0.20364246200000002 sourceSeconds=0 conservationSeconds=0.00022478999999999999 diagnosticsSeconds=0.00030796600000000001 nestedBatchPackSeconds=0.0024265079999999991 nestedBatchCallSeconds=0.18479949900000003 nestedBatchScatterSeconds=0 nestedScalarPropertySeconds=0.0066976039999999994 otherSeconds=4.0089999999932458e-05
REACTIVE_GPU_HEM_STEP time=9.0000000000000028e-07 batches=64 submitted=256000 succeeded=256000 cpuFallbacks=0 deviceFailures=0 phaseEvaluations=1079694 residualEvaluations=70788 analyticJacobians=0 finiteDifferenceJacobians=904 wallSeconds=0.17792973900000231 kernelSeconds=0.16618537721037896 copySeconds=0.0086616960614920302
REACTIVE_ATTEMPT_PROFILE attempt=32 accepted=1 retry=0 sourceCalls=0 fullPhaseEvaluations=0 scalarProbes=0 rootChecks=0 matrixFreeProducts=0 factorBuilds=0 workerJobElapsedSeconds=0
REACTIVE_STEP time=9.3000000000000031e-07 dt=2.9999999999999997e-08 retries=0 massResidual=2.1688037771235802e-15 energyResidual=-2.4092801574904023e-14 momentumResidual=9.7084088999022508e-20 globalElementResidual=2.216449509228739e-15 frozenLiquidResidual=0 speciesResidual=2.4583392992894081e-15 elementDrift=0 minP=101188.1191086676 maxP=184841.45808214726 minT=187.7463393301885 maxT=293.20400184167772 maxMach=0.096767966162684044 minAlphaGas=0.99813575711446167 maxAlphaGas=1.0000000000000004 maxVolumeResidual=2.4472202042602476e-10 maxUVResidual=9.0625371789524004e-10 maxMuResidual=1.5437926492722909e-09 maxMechanicalResidual=0 seconds=0.22914973699999999
REACTIVE_CAPILLARY_STEP time=9.3000000000000031e-07 area=3.205968357934188e-05 surfaceEnergy=6.5970087409846208e-08 liquidMass=1.5305791072625199e-07 closureResidual=1.2405887948874206e-12 recoveryCalls=63 outerIterations=117
REACTIVE_STEP_TIMINGS time=9.3000000000000031e-07 cflSeconds=0.0090110579999999989 backupSeconds=0.0015078750000000001 transportSeconds=0.012283573000000001 recoverySeconds=0.20561288999999999 sourceSeconds=0 conservationSeconds=0.00030806799999999999 diagnosticsSeconds=0.00040257900000000002 nestedBatchPackSeconds=0.0027033320000000006 nestedBatchCallSeconds=0.18597625799999998 nestedBatchScatterSeconds=0 nestedScalarPropertySeconds=0.0068685550000000001 otherSeconds=2.3694000000027207e-05
REACTIVE_GPU_HEM_STEP time=9.3000000000000031e-07 batches=64 submitted=256000 succeeded=256000 cpuFallbacks=0 deviceFailures=0 phaseEvaluations=1080538 residualEvaluations=71530 analyticJacobians=0 finiteDifferenceJacobians=904 wallSeconds=0.17895486900000446 kernelSeconds=0.16657916793226946 copySeconds=0.0090988161414861657
REACTIVE_ATTEMPT_PROFILE attempt=33 accepted=1 retry=0 sourceCalls=0 fullPhaseEvaluations=0 scalarProbes=0 rootChecks=0 matrixFreeProducts=0 factorBuilds=0 workerJobElapsedSeconds=0
REACTIVE_STEP time=9.6000000000000034e-07 dt=2.9999999999999997e-08 retries=0 massResidual=2.6011777546953812e-15 energyResidual=-2.4262647333719158e-14 momentumResidual=1.0083268948387402e-19 globalElementResidual=2.3015667580868189e-15 frozenLiquidResidual=0 speciesResidual=2.5525542033006355e-15 elementDrift=0 minP=101169.22333438027 maxP=188482.93948746184 minT=188.26128740279447 maxT=293.210596705559 maxMach=0.09810328663484498 minAlphaGas=0.99806455260741589 maxAlphaGas=1.0000000000000002 maxVolumeResidual=4.5063641707088209e-10 maxUVResidual=9.9300866896328082e-10 maxMuResidual=1.1852350212393503e-09 maxMechanicalResidual=0 seconds=0.22772179000000001
REACTIVE_CAPILLARY_STEP time=9.6000000000000034e-07 area=3.2061964319984721e-05 surfaceEnergy=6.5974780552222206e-08 liquidMass=1.5871662239652639e-07 closureResidual=1.0919550853805138e-12 recoveryCalls=65 outerIterations=121
REACTIVE_STEP_TIMINGS time=9.6000000000000034e-07 cflSeconds=0.0091596559999999987 backupSeconds=0.0013229649999999999 transportSeconds=0.012240525 recoverySeconds=0.20438424700000002 sourceSeconds=0 conservationSeconds=0.00026227899999999997 diagnosticsSeconds=0.00032711699999999998 nestedBatchPackSeconds=0.0024609679999999987 nestedBatchCallSeconds=0.18532824300000009 nestedBatchScatterSeconds=0 nestedScalarPropertySeconds=0.0070143849999999997 otherSeconds=2.5000999999988806e-05
REACTIVE_GPU_HEM_STEP time=9.6000000000000034e-07 batches=64 submitted=256000 succeeded=256000 cpuFallbacks=0 deviceFailures=0 phaseEvaluations=1080982 residualEvaluations=72572 analyticJacobians=0 finiteDifferenceJacobians=904 wallSeconds=0.17844239700000131 kernelSeconds=0.1666054701805102 copySeconds=0.0086980159729717066
REACTIVE_ATTEMPT_PROFILE attempt=34 accepted=1 retry=0 sourceCalls=0 fullPhaseEvaluations=0 scalarProbes=0 rootChecks=0 matrixFreeProducts=0 factorBuilds=0 workerJobElapsedSeconds=0
REACTIVE_STEP time=9.9000000000000026e-07 dt=2.9999999999999997e-08 retries=0 massResidual=2.9656702941759854e-15 energyResidual=-2.6891642855804453e-14 momentumResidual=1.0437492685722237e-19 globalElementResidual=3.0222991049216838e-15 frozenLiquidResidual=0 speciesResidual=3.352037609370233e-15 elementDrift=0 minP=101147.93142796526 maxP=192114.0246361467 minT=188.76402929472272 maxT=293.21752657632061 maxMach=0.099418758654371817 minAlphaGas=0.99799339655244801 maxAlphaGas=1.0000000000000002 maxVolumeResidual=6.3897065416540499e-10 maxUVResidual=9.6400930118989874e-10 maxMuResidual=1.3223981909504801e-09 maxMechanicalResidual=0 seconds=0.22700304299999999
REACTIVE_CAPILLARY_STEP time=9.9000000000000026e-07 area=3.2064243574428744e-05 surfaceEnergy=6.5979470636406263e-08 liquidMass=1.6436140186919506e-07 closureResidual=1.1105569588942821e-12 recoveryCalls=67 outerIterations=125
REACTIVE_STEP_TIMINGS time=9.9000000000000026e-07 cflSeconds=0.0089317990000000007 backupSeconds=0.0015484349999999999 transportSeconds=0.012482491 recoverySeconds=0.20348696299999999 sourceSeconds=0 conservationSeconds=0.00022771799999999999 diagnosticsSeconds=0.00030264499999999999 nestedBatchPackSeconds=0.0023658519999999999 nestedBatchCallSeconds=0.184747886 nestedBatchScatterSeconds=0 nestedScalarPropertySeconds=0.0068273439999999999 otherSeconds=2.2992000000005366e-05
REACTIVE_GPU_HEM_STEP time=9.9000000000000026e-07 batches=64 submitted=256000 succeeded=256000 cpuFallbacks=0 deviceFailures=0 phaseEvaluations=1081746 residualEvaluations=73592 analyticJacobians=0 finiteDifferenceJacobians=904 wallSeconds=0.17791604999999855 kernelSeconds=0.16633545434475305 copySeconds=0.0085717120319604434
REACTIVE_ATTEMPT_PROFILE attempt=35 accepted=1 retry=0 sourceCalls=0 fullPhaseEvaluations=0 scalarProbes=0 rootChecks=0 matrixFreeProducts=0 factorBuilds=0 workerJobElapsedSeconds=0
REACTIVE_STEP time=9.9999999999999995e-07 dt=9.9999999999996925e-09 retries=0 massResidual=3.7615796467547366e-15 energyResidual=-2.7683051817091985e-14 momentumResidual=1.0590158994129616e-19 globalElementResidual=3.0617674005141753e-15 frozenLiquidResidual=0 speciesResidual=3.3958115610873718e-15 elementDrift=0 minP=101140.30129836593 maxP=193322.10459056566 minT=188.92900175169785 maxT=293.21990971238671 maxMach=0.099853112854098064 minAlphaGas=0.99796968971089028 maxAlphaGas=1.0000000000000004 maxVolumeResidual=2.5218072075006148e-10 maxUVResidual=9.7627799668367932e-10 maxMuResidual=1.6229684263180388e-09 maxMechanicalResidual=0 seconds=0.226726187
REACTIVE_CAPILLARY_STEP time=9.9999999999999995e-07 area=3.2065002945803905e-05 surfaceEnergy=6.5981033215646079e-08 liquidMass=1.6623981358346239e-07 closureResidual=3.7209731823528713e-13 recoveryCalls=69 outerIterations=129
REACTIVE_STEP_TIMINGS time=9.9999999999999995e-07 cflSeconds=0.0089522910000000011 backupSeconds=0.0012452499999999998 transportSeconds=0.012105260999999999 recoverySeconds=0.20386179700000001 sourceSeconds=0 conservationSeconds=0.00023560700000000001 diagnosticsSeconds=0.00030686100000000002 nestedBatchPackSeconds=0.0024481050000000003 nestedBatchCallSeconds=0.1848434630000001 nestedBatchScatterSeconds=0 nestedScalarPropertySeconds=0.0067103650000000003 otherSeconds=1.9119999999973999e-05
REACTIVE_GPU_HEM_STEP time=9.9999999999999995e-07 batches=64 submitted=256000 succeeded=256000 cpuFallbacks=0 deviceFailures=0 phaseEvaluations=1081966 residualEvaluations=74546 analyticJacobians=0 finiteDifferenceJacobians=896 wallSeconds=0.17795890400000047 kernelSeconds=0.16615791690349546 copySeconds=0.008705568045377754
REACTIVE_CHECKPOINT time=9.9999999999999995e-07 acceptedSteps=34 complete=1 schema=3
REACTIVE_PROFILE_V21 scope="prototype" jobElapsedSeconds=0 integrationFallbacks=0 chemical_rhsCalls=0 chemical_uvCalls=0 chemical_fixedStateCalls=0 chemical_jacobianCalls=0 chemical_structuredCalls=0 chemical_fallbackCalls=0 sparse_setups=0 sparse_products=0 sparse_preconditioners=0 sparse_preconditionerSolves=0 sparse_sparseIntegrations=0 sparse_denseIntegrations=0 sparse_denseFallbacks=0 sparse_nonzeros=0 timing_jvSetups=0 timing_preconditionerSetups=0 timing_jacobianCacheHits=0 timing_patternBuilds=0 timing_preconditionerReuses=0 timing_symbolicAnalyses=0 timing_numericFactorizations=0 timing_workspaceCreates=0 timing_workspaceReinitializations=0 timing_factorNonzeros=0 timing_thermoSeconds=0 timing_kineticsSeconds=0 timing_csrSeconds=0 timing_symbolicSeconds=0 timing_factorSeconds=0 timing_solveSeconds=0 realFluid_eosEvaluations=64001 realFluid_referenceEvaluations=0 realFluid_derivativeEvaluations=0 realFluid_scalarAttempts=64003 realFluid_scalarAccepted=64001 realFluid_scalarFallbacks=2 realFluid_scalarIterations=0 realFluid_flashResiduals=3238 realFluid_tangentBuilds=0 realFluid_tangentSolves=0 realFluid_sourceJv=0 realFluid_sourceJvFallbacks=0 trhoStateEvaluations=64003 densityRootChecks=64003 fullPhaseEvaluations=264982 energyCvEvaluations=64003 selectedMuEvaluations=66037 partialHEvaluations=0 scalarProbes=64003 bracketRejects=0 branchFallbacks=2 flashCandidates=10 linearizationBuilds=0 linearizationApplies=0 FzFactorizations=0 sourceRhsCalls=0 sourceDirectionProbes=0 RzBuilds=0 JvFallbacks=0 nasaCoefficientVisits=128004 nasaAggregateBuilds=64003 nasaAggregateEvaluations=64003 exactMixingEvaluations=64003 branchCertificates=64001 matrixFreeSetups=0 matrixFreeProducts=0 matrixFreeIntegrations=0 matrixFreeIntegrationFallbacks=0 woodburySetups=0 woodburyFactors=0 woodburySolves=0 woodburyFallbacks=0 diagnosticJvCalls=0 oneSidedProbes=0 derivativeRetries=0 sourceAttempts=0 sourceAccepted=0 sourceFailed=0
REACTIVE_PROFILE_V21 scope="worker_0" jobElapsedSeconds=0 integrationFallbacks=0 chemical_rhsCalls=0 chemical_uvCalls=0 chemical_fixedStateCalls=0 chemical_jacobianCalls=0 chemical_structuredCalls=0 chemical_fallbackCalls=0 sparse_setups=0 sparse_products=0 sparse_preconditioners=0 sparse_preconditionerSolves=0 sparse_sparseIntegrations=0 sparse_denseIntegrations=0 sparse_denseFallbacks=0 sparse_nonzeros=0 timing_jvSetups=0 timing_preconditionerSetups=0 timing_jacobianCacheHits=0 timing_patternBuilds=0 timing_preconditionerReuses=0 timing_symbolicAnalyses=0 timing_numericFactorizations=0 timing_workspaceCreates=0 timing_workspaceReinitializations=0 timing_factorNonzeros=0 timing_thermoSeconds=0 timing_kineticsSeconds=0 timing_csrSeconds=0 timing_symbolicSeconds=0 timing_factorSeconds=0 timing_solveSeconds=0 realFluid_eosEvaluations=0 realFluid_referenceEvaluations=0 realFluid_derivativeEvaluations=0 realFluid_scalarAttempts=0 realFluid_scalarAccepted=0 realFluid_scalarFallbacks=0 realFluid_scalarIterations=0 realFluid_flashResiduals=0 realFluid_tangentBuilds=0 realFluid_tangentSolves=0 realFluid_sourceJv=0 realFluid_sourceJvFallbacks=0 trhoStateEvaluations=0 densityRootChecks=0 fullPhaseEvaluations=0 energyCvEvaluations=0 selectedMuEvaluations=0 partialHEvaluations=0 scalarProbes=0 bracketRejects=0 branchFallbacks=0 flashCandidates=0 linearizationBuilds=0 linearizationApplies=0 FzFactorizations=0 sourceRhsCalls=0 sourceDirectionProbes=0 RzBuilds=0 JvFallbacks=0 nasaCoefficientVisits=0 nasaAggregateBuilds=0 nasaAggregateEvaluations=0 exactMixingEvaluations=0 branchCertificates=0 matrixFreeSetups=0 matrixFreeProducts=0 matrixFreeIntegrations=0 matrixFreeIntegrationFallbacks=0 woodburySetups=0 woodburyFactors=0 woodburySolves=0 woodburyFallbacks=0 diagnosticJvCalls=0 oneSidedProbes=0 derivativeRetries=0 sourceAttempts=0 sourceAccepted=0 sourceFailed=0
REACTIVE_PROFILE_V21 scope="workers" jobElapsedSeconds=0 integrationFallbacks=0 chemical_rhsCalls=0 chemical_uvCalls=0 chemical_fixedStateCalls=0 chemical_jacobianCalls=0 chemical_structuredCalls=0 chemical_fallbackCalls=0 sparse_setups=0 sparse_products=0 sparse_preconditioners=0 sparse_preconditionerSolves=0 sparse_sparseIntegrations=0 sparse_denseIntegrations=0 sparse_denseFallbacks=0 sparse_nonzeros=0 timing_jvSetups=0 timing_preconditionerSetups=0 timing_jacobianCacheHits=0 timing_patternBuilds=0 timing_preconditionerReuses=0 timing_symbolicAnalyses=0 timing_numericFactorizations=0 timing_workspaceCreates=0 timing_workspaceReinitializations=0 timing_factorNonzeros=0 timing_thermoSeconds=0 timing_kineticsSeconds=0 timing_csrSeconds=0 timing_symbolicSeconds=0 timing_factorSeconds=0 timing_solveSeconds=0 realFluid_eosEvaluations=0 realFluid_referenceEvaluations=0 realFluid_derivativeEvaluations=0 realFluid_scalarAttempts=0 realFluid_scalarAccepted=0 realFluid_scalarFallbacks=0 realFluid_scalarIterations=0 realFluid_flashResiduals=0 realFluid_tangentBuilds=0 realFluid_tangentSolves=0 realFluid_sourceJv=0 realFluid_sourceJvFallbacks=0 trhoStateEvaluations=0 densityRootChecks=0 fullPhaseEvaluations=0 energyCvEvaluations=0 selectedMuEvaluations=0 partialHEvaluations=0 scalarProbes=0 bracketRejects=0 branchFallbacks=0 flashCandidates=0 linearizationBuilds=0 linearizationApplies=0 FzFactorizations=0 sourceRhsCalls=0 sourceDirectionProbes=0 RzBuilds=0 JvFallbacks=0 nasaCoefficientVisits=0 nasaAggregateBuilds=0 nasaAggregateEvaluations=0 exactMixingEvaluations=0 branchCertificates=0 matrixFreeSetups=0 matrixFreeProducts=0 matrixFreeIntegrations=0 matrixFreeIntegrationFallbacks=0 woodburySetups=0 woodburyFactors=0 woodburySolves=0 woodburyFallbacks=0 diagnosticJvCalls=0 oneSidedProbes=0 derivativeRetries=0 sourceAttempts=0 sourceAccepted=0 sourceFailed=0
REACTIVE_CLOSURE_PROFILE eligibleCells=0 uniqueCells=0 reusedCells=0 failedRepresentativeRetries=0 gpuSubmitted=0 gpuConverged=0 gpuApproved=0 gpuRejected=0 gpuUnsupported=0 gpuLaunches=0 gpuTransferBytes=0 hostBytes=32768 liquidCacheHits=0 liquidCacheMisses=0 deviceBytes=0 classifySeconds=0.0076116030000000006 prepareSeconds=0 gpuWallSeconds=0 gpuKernelSeconds=0 gpuCopySeconds=0
REACTIVE_GPU_HEM batches=2064 submitted=8256000 succeeded=8256000 cpuFallbacks=0 deviceFailures=0 phaseEvaluations=34549694 residualEvaluations=1876758 flashCandidates=1597730 stableCandidates=8259840 transferBytes=3533667072 analyticJacobians=0 finiteDifferenceJacobians=31634 hostBytes=3340632 deviceBytes=2029992 wallSeconds=5.8208497630000045 kernelSeconds=5.4487822263538837 copySeconds=0.27485833797603826
REACTIVE_BATCH_V21 attempted=2064 accepted=2064 failed=0 batchWallSeconds=6.0387186670000057 workerJobSecondsSum=0 workerJobSecondsMax=0 poolScratchBytes=6420824 flowStagingBytes=884736 workerOwnedBytesKnownLowerBound=58104 workerInternalBytesUnmeasured=1
REACTIVE_WORKER_TIME metric=thermoSeconds sum=0 max=0
REACTIVE_WORKER_TIME metric=kineticsSeconds sum=0 max=0
REACTIVE_WORKER_TIME metric=csrSeconds sum=0 max=0
REACTIVE_WORKER_TIME metric=symbolicSeconds sum=0 max=0
REACTIVE_WORKER_TIME metric=factorSeconds sum=0 max=0
REACTIVE_WORKER_TIME metric=solveSeconds sum=0 max=0
REACTIVE_PROFILE_V21 scope="combined" jobElapsedSeconds=0 integrationFallbacks=0 chemical_rhsCalls=0 chemical_uvCalls=0 chemical_fixedStateCalls=0 chemical_jacobianCalls=0 chemical_structuredCalls=0 chemical_fallbackCalls=0 sparse_setups=0 sparse_products=0 sparse_preconditioners=0 sparse_preconditionerSolves=0 sparse_sparseIntegrations=0 sparse_denseIntegrations=0 sparse_denseFallbacks=0 sparse_nonzeros=0 timing_jvSetups=0 timing_preconditionerSetups=0 timing_jacobianCacheHits=0 timing_patternBuilds=0 timing_preconditionerReuses=0 timing_symbolicAnalyses=0 timing_numericFactorizations=0 timing_workspaceCreates=0 timing_workspaceReinitializations=0 timing_factorNonzeros=0 timing_thermoSeconds=0 timing_kineticsSeconds=0 timing_csrSeconds=0 timing_symbolicSeconds=0 timing_factorSeconds=0 timing_solveSeconds=0 realFluid_eosEvaluations=64001 realFluid_referenceEvaluations=0 realFluid_derivativeEvaluations=0 realFluid_scalarAttempts=64003 realFluid_scalarAccepted=64001 realFluid_scalarFallbacks=2 realFluid_scalarIterations=0 realFluid_flashResiduals=3238 realFluid_tangentBuilds=0 realFluid_tangentSolves=0 realFluid_sourceJv=0 realFluid_sourceJvFallbacks=0 trhoStateEvaluations=64003 densityRootChecks=64003 fullPhaseEvaluations=264982 energyCvEvaluations=64003 selectedMuEvaluations=66037 partialHEvaluations=0 scalarProbes=64003 bracketRejects=0 branchFallbacks=2 flashCandidates=10 linearizationBuilds=0 linearizationApplies=0 FzFactorizations=0 sourceRhsCalls=0 sourceDirectionProbes=0 RzBuilds=0 JvFallbacks=0 nasaCoefficientVisits=128004 nasaAggregateBuilds=64003 nasaAggregateEvaluations=64003 exactMixingEvaluations=64003 branchCertificates=64001 matrixFreeSetups=0 matrixFreeProducts=0 matrixFreeIntegrations=0 matrixFreeIntegrationFallbacks=0 woodburySetups=0 woodburyFactors=0 woodburySolves=0 woodburyFallbacks=0 diagnosticJvCalls=0 oneSidedProbes=0 derivativeRetries=0 sourceAttempts=0 sourceAccepted=0 sourceFailed=0
REACTIVE_CHEMISTRY scope=combined rhsCalls=0 uvCalls=0 fixedStateCalls=0 structuredCalls=0 fallbackCalls=0 integrationFallbacks=0
REACTIVE_SPARSE scope=combined nnzMeaning=last_snapshot_sum setups=0 products=0 nonzeros=0 sparseIntegrations=0 denseIntegrations=0 denseFallbacks=0
REACTIVE_CHEMICAL_PROFILE scope=combined factorNnzMeaning=last_snapshot_sum jvSetups=0 preconditionerSetups=0 jacobianCacheHits=0 preconditionerReuses=0 patternBuilds=0 symbolicAnalyses=0 numericFactorizations=0 factorNonzeros=0 workspaceCreates=0 workspaceReinitializations=0 thermoSeconds=0 kineticsSeconds=0 csrSeconds=0 symbolicSeconds=0 factorSeconds=0 solveSeconds=0
REACTIVE_REAL_FLUID scope=combined eosEvaluations=64001 scalarAttempts=64003 scalarAccepted=64001 scalarFallbacks=2 scalarIterations=0
REACTIVE_BATCH workers=1 capacity=4096 scratchBytes=6420824 batches=2064 cells=8256000 failures=0 scope=bounded_scratch_excludes_Cantera_CVODE_worker_allocations
REACTIVE_TRANSPORT_V21 layoutTiles=682 layoutLaunches=682 memcpyCalls=3840 payloadBytes=3481015512 nasaValidationEvaluations=0 nasaFaceEvaluations=0 detailedGasCounters=0 temperatureBasisBuilds=0 temperatureBasisBytes=0 pinnedBytes=1048536 deviceStagingBytes=1048536 slotCells=14563 slots=1 blockThreads=256 eventWaits=682 failedCalls=0 stageBarrier=full closureDownloadsPerRK=2 overlapValidated=0
REACTIVE_MEMORY liveBytes=95185056 peakBytes=95185056 bridgeBytes=1048536 conservedWorkspaceBytes=10138752 gasWorkspaceBytes=0 rhsWorkspaceBytes=0 d2dBytes=461376 synchronizations=1168
REACTIVE_CAPILLARY_PROFILE enabled=1 geometryBuilds=304 geometryKernels=608 faceFluxBuilds=13382400 workspaceBytes=5171268 closureIterations=129
REACTIVE_WALE gradientBuilds=139 viscosityBuilds=139 cellsEvaluated=8896000 workspaceBytes=512004
REACTIVE_WALE_SCALARS fieldUploads=0 fieldUploadBytes=0 workspaceBytes=2816320 hostEnthalpyCells=0 hostPropertySeconds=0 propertyStageSeconds=0.23038118699999996 fluxBackend=cuda
REACTIVE_WALE_PR backend=device-pr builds=139 cells=8896000 kernels=278 failures=0 inputUploadBytes=1705264880 scratchBytes=15919456 wallSeconds=0.15641145399999998
REACTIVE_TRANSPORT allocatedBytes=95185056 uploadedBytes=2854369268 downloadedBytes=626184868 kernelLaunches=2458 stages=68 stepQueries=68
REACTIVE_TRANSFER conservedUploads=68 conservedUploadBytes=313344000 conservedDownloadBytes=313344000 stateUploadBytes=498176000 primitiveUploadBytes=145408000 gasUploadBytes=0 boundaryPartitions=38
REACTIVE_DEVICE_PROPERTIES builds=0 cells=0 partitionUploadBytes=0 thermoTableBytes=0 gasStatusChecks=0 cflFaceLaunches=68 transportFaceLaunches=68 faceWorkspaceBytes=28339200
End
