/*---------------------------------------------------------------------------*\
| =========                 |                                                 |
| \\      /  F ield         | OpenFOAM: The Open Source CFD Toolbox           |
|  \\    /   O peration     | Version:  2512                                  |
|   \\  /    A nd           | Website:  www.openfoam.com                      |
|    \\/     M anipulation  |                                                 |
\*---------------------------------------------------------------------------*/
Build  : 5916a466-20260728 OPENFOAM=2512 version=v2512
Arch   : "LSB;label=32;scalar=64"
Exec   : /home/jsw/문서/analysis/spuma-multiphysics-spray-physics/bin/ReactiveFoam -case /home/jsw/문서/analysis/runs/impinging_n2o_cube80_z40_1us_20260923/n80/full-physics/ambient_1atm
Date   : Sep 23 2026
Time   : 22:16:51
Host   : jsw-ubuntu
PID    : 55034
I/O    : uncollated
Case   : /home/jsw/문서/analysis/runs/impinging_n2o_cube80_z40_1us_20260923/n80/full-physics/ambient_1atm
nProcs : 1
memory pool : not available
fileModificationChecking : Monitoring run-time modified files using timeStampMaster (fileModificationSkew 5, maxFileModificationPolls 20)
allowSystemOperations : Allowing user-supplied system call operations

// * * * * * * * * * * * * * * * * * * * * * * * * * * * * * * * * * * * * * //
Initializing CUDA devices

CUDA Driver Version / Runtime Version:  13.2 / 13.2
Number of threads per block: 128

Create dummyMemoryPool
 
Create time

Create mesh for time = 0

REACTIVE_RECOVERY mode=reference baseline=reference_candidate_search fallback=none
REACTIVE_CLOSURE_ACCELERATION exactBatchReuse=0 scalarBackend=cpu fullBackend=cuda deviceFullClosure=1 closureJacobian=finiteDifference requestedClosureJacobian=finiteDifference
REACTIVE_RUNTIME runId="55034-13716522956586" solverSha256="4f59195d821988335697c8a515a55ffc960da7442f77f91dadd8d1b803b44858" manifest={"schema":1,"backendPath":"/home/jsw/문서/analysis/spuma-multiphysics-spray-physics/lib/libpintleReactiveBackend.so","backendSha256":"7d3308ad0bf05428d25829ee9be55afd0f1149494573143bb9845ddbd760ad25","thermoConfiguration":"/home/jsw/문서/analysis/runs/impinging_n2o_cube80_z40_1us_20260923/n80/base/thermo/cold-pr-config.yaml","physicalModelHash":"e8a14864dd2082dde742598dbbcc5f0f2454bc521d93b9a3bd0befc47d4c9c4e","numericalPolicyHash":"84a6d15bb9da7f2463c14bf7ebc679532d122ce30a0d49e997b139830a94d781","modelFingerprint":"3133b93a24cf9f4c2583672f47707b43542c1fc324317681d5995a164c3117ce","eos":"Peng-Robinson","closureBackend":"cuda","chemistryBackend":"cpu","deviceFullClosure":true,"deviceChemistryIntegration":false,"closureCpuFallback":false,"closureJacobian":"finiteDifference","solidN2O":false,"enforceSpeciesTemperatureBounds":true,"exactBatchReuse":false,"deviceCaloricCandidates":false,"deviceCaloricScope":"no-condensable-inventory; NASA/PR-alpha single interval; host branch/residual/stability approval","hemLibrary":"/home/jsw/문서/analysis/spuma-multiphysics-spray-physics/lib/libpintleReactiveTransport.so","hemLibrarySha256":"07434f8a9624d00bce8c9694ecaa997da227b6acb0cc4c1878d294ebfcf8e15f","hemNumericalPolicy":"legacy-fp64-separate-rn","deviceHemScope":"PR; nonreacting HEM; all reference candidates and boundary fallback; experimental"}
REACTIVE_TURBULENCE model=WALE-stress-v1 backend=cuda Cw=0.32500000000000001 filter=cubeRootVolume stressWork=1 sgsHeatFlux=1 sgsSpeciesMixing=1 Prt=0.84999999999999998 Sct=0.69999999999999996 scalarPropertyBackend=device-pr scalarFluxBackend=cuda sgsK=none TCI=0
REACTIVE_PHYSICS chemistry=0 combustion=0 phaseChange=equilibrium viscosity=1 heatConduction=1 speciesDiffusion=0 turbulence=WALE-stress-v1 turbulentHeatFlux=1 turbulentSpeciesMixing=1 surfaceTension=1 interfaceModel=diffuse-liquid-inventory-v1 totalEnergy=1 thermodynamicRecovery=1 frozenLiquidFields=0 transportedLiquidFields=1
REACTIVE_CAPILLARY sigma=0.0020577273399028486 geometryBackend=cuda tractionBackend=cuda closureBackend=cuda pressureModel=curved-phase-split surfaceEnergyInTotal=1 capillaryCfl=0.25 geometryScheme=Gauss-diffuse noPLIC=1
REACTIVE_PHYSICAL_MODEL hash=e8a14864dd2082dde742598dbbcc5f0f2454bc521d93b9a3bd0befc47d4c9c4e numericalPolicyHash=84a6d15bb9da7f2463c14bf7ebc679532d122ce30a0d49e997b139830a94d781 eos=Peng-Robinson realEOS=1 phaseEquilibrium=1 nonidealDiffusion=0 deviceClosure=1 deviceKinetics=0 mixtureLiquid=0
REACTIVE_BACKENDS transport=cuda thermodynamics=cuda chemistry=cpu chemicalLinearSolver=dense transportGasProperties=disabled
REACTIVE_MODEL cells=512000 species=4 reactions=0 liquids=1 estimatedHostBytes=1395155968 chemistry=0
REACTIVE_SPECIES index=0 name=N2
REACTIVE_SPECIES index=1 name=O2
REACTIVE_SPECIES index=2 name=N2O
REACTIVE_SPECIES index=3 name=IC3H7OH
REACTIVE_CHECKPOINT time=0 acceptedSteps=0 complete=1 schema=3
REACTIVE_ATTEMPT_PROFILE attempt=2 accepted=1 retry=0 sourceCalls=0 fullPhaseEvaluations=0 scalarProbes=0 rootChecks=0 matrixFreeProducts=0 factorBuilds=0 workerJobElapsedSeconds=0
REACTIVE_STEP time=2.9999999999999997e-08 dt=2.9999999999999997e-08 retries=0 massResidual=1.3028670177825454e-16 energyResidual=3.8490278727545529e-15 momentumResidual=6.826906963352261e-21 globalElementResidual=7.0283535378498248e-16 frozenLiquidResidual=0 speciesResidual=7.7950872668366105e-16 elementDrift=0 minP=91772.285849296561 maxP=101324.99999999997 minT=219.37428895010692 maxT=293.14999999999998 maxMach=0.016250998996013913 minAlphaGas=0.99999999999999967 maxAlphaGas=1.0000000000000002 maxVolumeResidual=3.3306690738754696e-16 maxUVResidual=5.5085384402823644e-11 maxMuResidual=0 maxMechanicalResidual=0 seconds=0.45909297100000002
REACTIVE_CAPILLARY_STEP time=2.9999999999999997e-08 area=3.2000000000000026e-05 surfaceEnergy=6.5847274876891211e-08 liquidMass=0 closureResidual=0 recoveryCalls=3 outerIterations=3
REACTIVE_STEP_TIMINGS time=2.9999999999999997e-08 cflSeconds=0.07074414100000001 backupSeconds=0.038141611000000006 transportSeconds=0.096306463000000009 recoverySeconds=0.24795210899999998 sourceSeconds=0 conservationSeconds=0.002122227 diagnosticsSeconds=0.0037784770000000001 nestedBatchPackSeconds=0.010360187000000003 nestedBatchCallSeconds=0.14931214300000006 nestedBatchScatterSeconds=0 nestedScalarPropertySeconds=0.052930669999999999 otherSeconds=4.7942999999973489e-05
REACTIVE_GPU_HEM_STEP time=2.9999999999999997e-08 batches=250 submitted=1024000 succeeded=1024000 cpuFallbacks=0 deviceFailures=0 phaseEvaluations=4097792 residualEvaluations=640 analyticJacobians=0 finiteDifferenceJacobians=0 wallSeconds=0.1229931449999999 kernelSeconds=0.07725273844599724 copySeconds=0.033868416219949682
REACTIVE_CHECKPOINT time=2.9999999999999997e-08 acceptedSteps=1 complete=1 schema=3
REACTIVE_ATTEMPT_PROFILE attempt=3 accepted=1 retry=0 sourceCalls=0 fullPhaseEvaluations=0 scalarProbes=0 rootChecks=0 matrixFreeProducts=0 factorBuilds=0 workerJobElapsedSeconds=0
REACTIVE_STEP time=5.9999999999999995e-08 dt=2.9999999999999997e-08 retries=0 massResidual=3.3190096715395409e-15 energyResidual=8.4157218341254497e-15 momentumResidual=1.3904342622607358e-20 globalElementResidual=2.9073259645375384e-15 frozenLiquidResidual=0 speciesResidual=3.2245023006050364e-15 elementDrift=0 minP=80994.694217971017 maxP=101324.99999999997 minT=165.52222530565797 maxT=293.14999999999998 maxMach=0.030429330115263921 minAlphaGas=0.99999999999999967 maxAlphaGas=1.0000000000000002 maxVolumeResidual=3.3306690738754696e-16 maxUVResidual=9.101584902049865e-10 maxMuResidual=0 maxMechanicalResidual=0 seconds=1.3550073460000001
REACTIVE_CAPILLARY_STEP time=5.9999999999999995e-08 area=3.2000000000000026e-05 surfaceEnergy=6.5847274876891211e-08 liquidMass=0 closureResidual=0 recoveryCalls=5 outerIterations=5
REACTIVE_STEP_TIMINGS time=5.9999999999999995e-08 cflSeconds=0.070464825000000009 backupSeconds=0.037517734000000004 transportSeconds=0.096693695999999996 recoverySeconds=1.1440337819999999 sourceSeconds=0 conservationSeconds=0.0025048409999999998 diagnosticsSeconds=0.0037521659999999999 nestedBatchPackSeconds=0.010248289999999998 nestedBatchCallSeconds=1.045693049 nestedBatchScatterSeconds=0 nestedScalarPropertySeconds=0.052893533000000006 otherSeconds=4.0302000000250974e-05
REACTIVE_GPU_HEM_STEP time=5.9999999999999995e-08 batches=250 submitted=1024000 succeeded=1024000 cpuFallbacks=0 deviceFailures=0 phaseEvaluations=4175636 residualEvaluations=119974 analyticJacobians=0 finiteDifferenceJacobians=5813 wallSeconds=1.0193823559999999 kernelSeconds=0.97422980061173614 copySeconds=0.033357792317867264
REACTIVE_ATTEMPT_PROFILE attempt=4 accepted=1 retry=0 sourceCalls=0 fullPhaseEvaluations=0 scalarProbes=0 rootChecks=0 matrixFreeProducts=0 factorBuilds=0 workerJobElapsedSeconds=0
REACTIVE_STEP time=8.9999999999999985e-08 dt=2.9999999999999997e-08 retries=0 massResidual=5.9217583842280117e-15 energyResidual=1.4201318852534982e-14 momentumResidual=2.2046525239449505e-20 globalElementResidual=5.0851818273231425e-15 frozenLiquidResidual=0 speciesResidual=5.6399241825097771e-15 elementDrift=0 minP=88103.054542873477 maxP=101324.99999999997 minT=166.3868337386719 maxT=293.14999999999998 maxMach=0.043337465641892732 minAlphaGas=0.99987174221987773 maxAlphaGas=1.0000000000000002 maxVolumeResidual=2.6964486199432258e-10 maxUVResidual=7.5442225040476683e-10 maxMuResidual=3.7341454373063243e-08 maxMechanicalResidual=0 seconds=1.4317902259999999
REACTIVE_CAPILLARY_STEP time=8.9999999999999985e-08 area=3.2001919968092503e-05 surfaceEnergy=6.5851225647726843e-08 liquidMass=5.2669199674719407e-09 closureResidual=6.8633764578780732e-12 recoveryCalls=7 outerIterations=9
REACTIVE_STEP_TIMINGS time=8.9999999999999985e-08 cflSeconds=0.071168996999999998 backupSeconds=0.037427378000000004 transportSeconds=0.098161994000000002 recoverySeconds=1.2186156530000001 sourceSeconds=0 conservationSeconds=0.0027000850000000001 diagnosticsSeconds=0.0036810319999999999 nestedBatchPackSeconds=0.019791837000000014 nestedBatchCallSeconds=1.0650967760000007 nestedBatchScatterSeconds=0 nestedScalarPropertySeconds=0.053944060000000002 otherSeconds=3.5086999999758926e-05
REACTIVE_GPU_HEM_STEP time=8.9999999999999985e-08 batches=500 submitted=2048000 succeeded=2048000 cpuFallbacks=0 deviceFailures=0 phaseEvaluations=8268652 residualEvaluations=41124 analyticJacobians=0 finiteDifferenceJacobians=4032 wallSeconds=1.0126644199999968 kernelSeconds=0.92212664538621913 copySeconds=0.066940160661935866
REACTIVE_ATTEMPT_PROFILE attempt=5 accepted=1 retry=0 sourceCalls=0 fullPhaseEvaluations=0 scalarProbes=0 rootChecks=0 matrixFreeProducts=0 factorBuilds=0 workerJobElapsedSeconds=0
REACTIVE_STEP time=1.1999999999999999e-07 dt=2.9999999999999997e-08 retries=0 massResidual=5.7996083876837449e-15 energyResidual=1.5210229762951727e-14 momentumResidual=3.1817144379660083e-20 globalElementResidual=4.6849975259439508e-15 frozenLiquidResidual=0 speciesResidual=5.1960714251290653e-15 elementDrift=0 minP=96025.381560132038 maxP=101324.99999999997 minT=169.24043920679799 maxT=293.14999999999998 maxMach=0.051227388004626222 minAlphaGas=0.99973340107157083 maxAlphaGas=1.0000000000000002 maxVolumeResidual=9.8944474835604979e-10 maxUVResidual=8.8451649957401799e-10 maxMuResidual=9.6788639325495751e-09 maxMechanicalResidual=0 seconds=1.3653209019999999
REACTIVE_CAPILLARY_STEP time=1.1999999999999999e-07 area=3.2004079051322915e-05 surfaceEnergy=6.5855668452319185e-08 liquidMass=1.104179469646486e-08 closureResidual=1.0004003918664961e-13 recoveryCalls=9 outerIterations=13
REACTIVE_STEP_TIMINGS time=1.1999999999999999e-07 cflSeconds=0.070281301000000004 backupSeconds=0.037581347000000001 transportSeconds=0.096353704999999998 recoverySeconds=1.1547947459999999 sourceSeconds=0 conservationSeconds=0.0025137839999999998 diagnosticsSeconds=0.0037583289999999999 nestedBatchPackSeconds=0.019877462999999991 nestedBatchCallSeconds=1.0031656570000003 nestedBatchScatterSeconds=0 nestedScalarPropertySeconds=0.052448482000000005 otherSeconds=3.768999999994747e-05
REACTIVE_GPU_HEM_STEP time=1.1999999999999999e-07 batches=500 submitted=2048000 succeeded=2048000 cpuFallbacks=0 deviceFailures=0 phaseEvaluations=8270652 residualEvaluations=48820 analyticJacobians=0 finiteDifferenceJacobians=3760 wallSeconds=0.95072380399999812 kernelSeconds=0.85956818762422005 copySeconds=0.067546240463852741
REACTIVE_ATTEMPT_PROFILE attempt=6 accepted=1 retry=0 sourceCalls=0 fullPhaseEvaluations=0 scalarProbes=0 rootChecks=0 matrixFreeProducts=0 factorBuilds=0 workerJobElapsedSeconds=0
REACTIVE_STEP time=1.4999999999999999e-07 dt=2.9999999999999997e-08 retries=0 massResidual=9.2157050876982468e-15 energyResidual=1.8660673456355944e-14 momentumResidual=3.2067673075562913e-20 globalElementResidual=5.9324198925508767e-15 frozenLiquidResidual=0 speciesResidual=6.5795809012991728e-15 elementDrift=0 minP=101178.99766750255 maxP=104959.8665816923 minT=171.70486696063642 maxT=293.14999999999998 maxMach=0.057789086015482792 minAlphaGas=0.99959320581198674 maxAlphaGas=1.0000000000000002 maxVolumeResidual=3.3448899205978933e-10 maxUVResidual=8.3822283676890862e-10 maxMuResidual=2.3732091847250558e-09 maxMechanicalResidual=0 seconds=1.363198159
REACTIVE_CAPILLARY_STEP time=1.4999999999999999e-07 area=3.2006272060774657e-05 surfaceEnergy=6.5860181067824698e-08 liquidMass=1.685094650714083e-08 closureResidual=1.3383386196150204e-13 recoveryCalls=11 outerIterations=17
REACTIVE_STEP_TIMINGS time=1.4999999999999999e-07 cflSeconds=0.070269632999999998 backupSeconds=0.037946940000000005 transportSeconds=0.096909838999999998 recoverySeconds=1.151730436 sourceSeconds=0 conservationSeconds=0.0025391390000000002 diagnosticsSeconds=0.0037658829999999998 nestedBatchPackSeconds=0.019773751999999985 nestedBatchCallSeconds=1.0008265790000002 nestedBatchScatterSeconds=0 nestedScalarPropertySeconds=0.052553202 otherSeconds=3.6288999999683092e-05
REACTIVE_GPU_HEM_STEP time=1.4999999999999999e-07 batches=500 submitted=2048000 succeeded=2048000 cpuFallbacks=0 deviceFailures=0 phaseEvaluations=8278216 residualEvaluations=60424 analyticJacobians=0 finiteDifferenceJacobians=3696 wallSeconds=0.9484400630000045 kernelSeconds=0.8583521641790961 copySeconds=0.066652032598852884
REACTIVE_ATTEMPT_PROFILE attempt=7 accepted=1 retry=0 sourceCalls=0 fullPhaseEvaluations=0 scalarProbes=0 rootChecks=0 matrixFreeProducts=0 factorBuilds=0 workerJobElapsedSeconds=0
REACTIVE_STEP time=1.8e-07 dt=2.9999999999999997e-08 retries=0 massResidual=5.8447593150687619e-15 energyResidual=2.0652973241622592e-14 momentumResidual=4.9604681788761382e-20 globalElementResidual=4.3165912235753069e-15 frozenLiquidResidual=0 speciesResidual=4.7874555470189797e-15 elementDrift=0 minP=101187.58897783843 maxP=112885.94689259067 minT=173.88491133576503 maxT=293.14999999999998 maxMach=0.06340003762280623 minAlphaGas=0.99945178723220884 maxAlphaGas=1.0000000000000002 maxVolumeResidual=1.3575596202741735e-10 maxUVResidual=5.9635763758614111e-10 maxMuResidual=7.2989436716852651e-10 maxMechanicalResidual=0 seconds=1.3617817400000001
REACTIVE_CAPILLARY_STEP time=1.8e-07 area=3.2008488720011748e-05 surfaceEnergy=6.5864742348140115e-08 liquidMass=2.2674281415025606e-08 closureResidual=5.6577247227462824e-14 recoveryCalls=13 outerIterations=21
REACTIVE_STEP_TIMINGS time=1.8e-07 cflSeconds=0.070387273 backupSeconds=0.037866955999999993 transportSeconds=0.096034915999999998 recoverySeconds=1.1512382999999999 sourceSeconds=0 conservationSeconds=0.0024827859999999998 diagnosticsSeconds=0.0037348110000000002 nestedBatchPackSeconds=0.019731457000000004 nestedBatchCallSeconds=1.0012983720000008 nestedBatchScatterSeconds=0 nestedScalarPropertySeconds=0.052324551999999996 otherSeconds=3.6698000000187289e-05
REACTIVE_GPU_HEM_STEP time=1.8e-07 batches=500 submitted=2048000 succeeded=2048000 cpuFallbacks=0 deviceFailures=0 phaseEvaluations=8287590 residualEvaluations=75434 analyticJacobians=0 finiteDifferenceJacobians=3696 wallSeconds=0.94888972699999385 kernelSeconds=0.85856599211692952 copySeconds=0.066825440585613072
REACTIVE_ATTEMPT_PROFILE attempt=8 accepted=1 retry=0 sourceCalls=0 fullPhaseEvaluations=0 scalarProbes=0 rootChecks=0 matrixFreeProducts=0 factorBuilds=0 workerJobElapsedSeconds=0
REACTIVE_STEP time=2.1e-07 dt=2.9999999999999997e-08 retries=0 massResidual=9.2361015844721945e-15 energyResidual=1.9569303094279958e-14 momentumResidual=5.4615255706818088e-20 globalElementResidual=6.5230773509362067e-15 frozenLiquidResidual=0 speciesResidual=7.2347445440267867e-15 elementDrift=0 minP=101200.98953254111 maxP=120725.66775951869 minT=175.84605421628535 maxT=293.14999999999998 maxMach=0.068303813474868275 minAlphaGas=0.99930945403846405 maxAlphaGas=1.0000000000000004 maxVolumeResidual=1.3828871381349472e-10 maxUVResidual=4.1142550322996132e-10 maxMuResidual=3.0607338885602076e-10 maxMechanicalResidual=0 seconds=1.389633404
REACTIVE_CAPILLARY_STEP time=2.1e-07 area=3.2010723416159787e-05 surfaceEnergy=6.5869340743500304e-08 liquidMass=2.8502575043915565e-08 closureResidual=3.9817238048356351e-13 recoveryCalls=15 outerIterations=25
REACTIVE_STEP_TIMINGS time=2.1e-07 cflSeconds=0.073354771000000013 backupSeconds=0.037934087999999998 transportSeconds=0.100061263 recoverySeconds=1.172173468 sourceSeconds=0 conservationSeconds=0.0023195669999999998 diagnosticsSeconds=0.0037567529999999998 nestedBatchPackSeconds=0.020144936000000002 nestedBatchCallSeconds=1.0160075779999995 nestedBatchScatterSeconds=0 nestedScalarPropertySeconds=0.055858919999999999 otherSeconds=3.3493999999991558e-05
REACTIVE_GPU_HEM_STEP time=2.1e-07 batches=500 submitted=2048000 succeeded=2048000 cpuFallbacks=0 deviceFailures=0 phaseEvaluations=8296124 residualEvaluations=89460 analyticJacobians=0 finiteDifferenceJacobians=3704 wallSeconds=0.96327088699999486 kernelSeconds=0.87170387387275028 copySeconds=0.067731616757809698
REACTIVE_ATTEMPT_PROFILE attempt=9 accepted=1 retry=0 sourceCalls=0 fullPhaseEvaluations=0 scalarProbes=0 rootChecks=0 matrixFreeProducts=0 factorBuilds=0 workerJobElapsedSeconds=0
REACTIVE_STEP time=2.3999999999999998e-07 dt=2.9999999999999997e-08 retries=0 massResidual=8.1610527897661247e-15 energyResidual=2.0633549391545173e-14 momentumResidual=5.2611026139595408e-20 globalElementResidual=7.2069729177906727e-15 frozenLiquidResidual=0 speciesResidual=7.9932003351472454e-15 elementDrift=0 minP=101215.44465771178 maxP=128489.68262744407 minT=177.63236396426609 maxT=293.14999999999998 maxMach=0.072665921480982457 minAlphaGas=0.99916637980780332 maxAlphaGas=1.0000000000000004 maxVolumeResidual=1.849322917024665e-10 maxUVResidual=6.6710124074632985e-10 maxMuResidual=3.0591706945415353e-10 maxMechanicalResidual=0 seconds=1.3889595130000001
REACTIVE_CAPILLARY_STEP time=2.3999999999999998e-07 area=3.2012972957845203e-05 surfaceEnergy=6.5873969686928637e-08 liquidMass=3.4331532562720544e-08 closureResidual=4.3327299213691273e-13 recoveryCalls=17 outerIterations=29
REACTIVE_STEP_TIMINGS time=2.3999999999999998e-07 cflSeconds=0.07187205499999999 backupSeconds=0.038337387000000001 transportSeconds=0.096596139999999997 recoverySeconds=1.1761563310000001 sourceSeconds=0 conservationSeconds=0.002192084 diagnosticsSeconds=0.0037460610000000002 nestedBatchPackSeconds=0.019795445999999991 nestedBatchCallSeconds=1.0249278349999991 nestedBatchScatterSeconds=0 nestedScalarPropertySeconds=0.053043318999999998 otherSeconds=5.9455000000158218e-05
REACTIVE_GPU_HEM_STEP time=2.3999999999999998e-07 batches=500 submitted=2048000 succeeded=2048000 cpuFallbacks=0 deviceFailures=0 phaseEvaluations=8303868 residualEvaluations=101380 analyticJacobians=0 finiteDifferenceJacobians=3744 wallSeconds=0.97246696499999441 kernelSeconds=0.88211869901417916 copySeconds=0.066847168862819883
REACTIVE_ATTEMPT_PROFILE attempt=10 accepted=1 retry=0 sourceCalls=0 fullPhaseEvaluations=0 scalarProbes=0 rootChecks=0 matrixFreeProducts=0 factorBuilds=0 workerJobElapsedSeconds=0
REACTIVE_STEP time=2.6999999999999996e-07 dt=2.9999999999999997e-08 retries=0 massResidual=9.1736209822614307e-15 energyResidual=1.8748080781704341e-14 momentumResidual=5.9124772233069121e-20 globalElementResidual=6.8360491384841727e-15 frozenLiquidResidual=0 speciesResidual=7.5818667275117111e-15 elementDrift=0 minP=101228.11971748697 maxP=136184.61236841907 minT=179.27519807449352 maxT=293.15053085846836 maxMach=0.076603052829274446 minAlphaGas=0.99902267408301748 maxAlphaGas=1.0000000000000004 maxVolumeResidual=1.7827250786695004e-10 maxUVResidual=9.7940166350112125e-10 maxMuResidual=2.1620039092340448e-10 maxMechanicalResidual=0 seconds=1.398023684
REACTIVE_CAPILLARY_STEP time=2.6999999999999996e-07 area=3.201523494703253e-05 surfaceEnergy=6.587862424392196e-08 liquidMass=4.0158324575866783e-08 closureResidual=3.567890340810953e-13 recoveryCalls=19 outerIterations=33
REACTIVE_STEP_TIMINGS time=2.6999999999999996e-07 cflSeconds=0.071037151000000007 backupSeconds=0.038370716999999999 transportSeconds=0.097594895000000001 recoverySeconds=1.184250064 sourceSeconds=0 conservationSeconds=0.0023993360000000002 diagnosticsSeconds=0.0043325730000000002 nestedBatchPackSeconds=0.020226406000000016 nestedBatchCallSeconds=1.0313769670000001 nestedBatchScatterSeconds=0 nestedScalarPropertySeconds=0.052908091000000004 otherSeconds=3.8947999999796624e-05
REACTIVE_GPU_HEM_STEP time=2.6999999999999996e-07 batches=500 submitted=2048000 succeeded=2048000 cpuFallbacks=0 deviceFailures=0 phaseEvaluations=8311124 residualEvaluations=112902 analyticJacobians=0 finiteDifferenceJacobians=3760 wallSeconds=0.97841504499999044 kernelSeconds=0.88667377492785349 copySeconds=0.067757024496794105
REACTIVE_ATTEMPT_PROFILE attempt=11 accepted=1 retry=0 sourceCalls=0 fullPhaseEvaluations=0 scalarProbes=0 rootChecks=0 matrixFreeProducts=0 factorBuilds=0 workerJobElapsedSeconds=0
REACTIVE_STEP time=2.9999999999999993e-07 dt=2.9999999999999997e-08 retries=0 massResidual=9.3275578674385079e-15 energyResidual=2.5700915674533784e-14 momentumResidual=6.6139575718348506e-20 globalElementResidual=7.9897266386232527e-15 frozenLiquidResidual=0 speciesResidual=8.8613066957098472e-15 elementDrift=0 minP=101236.84070766815 maxP=143815.18607923912 minT=180.79780718613125 maxT=293.15264874867148 maxMach=0.080199947888258502 minAlphaGas=0.99887841379454201 maxAlphaGas=1.0000000000000004 maxVolumeResidual=5.0286774744279228e-11 maxUVResidual=9.5201531474534676e-10 maxMuResidual=1.7399770513293333e-10 maxMechanicalResidual=0 seconds=1.420748364
REACTIVE_CAPILLARY_STEP time=2.9999999999999993e-07 area=3.2017507360236176e-05 surfaceEnergy=6.5883300250698656e-08 liquidMass=4.5980662064872902e-08 closureResidual=1.8435914687225941e-12 recoveryCalls=21 outerIterations=37
REACTIVE_STEP_TIMINGS time=2.9999999999999993e-07 cflSeconds=0.076273827000000002 backupSeconds=0.038926039999999995 transportSeconds=0.102757046 recoverySeconds=1.1962094099999998 sourceSeconds=0 conservationSeconds=0.0025736959999999999 diagnosticsSeconds=0.0039713880000000002 nestedBatchPackSeconds=0.021351407999999988 nestedBatchCallSeconds=1.0376598369999994 nestedBatchScatterSeconds=0 nestedScalarPropertySeconds=0.056530062999999992 otherSeconds=3.6957000000148975e-05
REACTIVE_GPU_HEM_STEP time=2.9999999999999993e-07 batches=500 submitted=2048000 succeeded=2048000 cpuFallbacks=0 deviceFailures=0 phaseEvaluations=8315504 residualEvaluations=120480 analyticJacobians=0 finiteDifferenceJacobians=3752 wallSeconds=0.9839090660000025 kernelSeconds=0.88805706024170572 copySeconds=0.070712544769049535
REACTIVE_ATTEMPT_PROFILE attempt=12 accepted=1 retry=0 sourceCalls=0 fullPhaseEvaluations=0 scalarProbes=0 rootChecks=0 matrixFreeProducts=0 factorBuilds=0 workerJobElapsedSeconds=0
REACTIVE_STEP time=3.2999999999999991e-07 dt=2.9999999999999997e-08 retries=0 massResidual=1.1440255870509787e-14 energyResidual=3.2034445952104056e-14 momentumResidual=9.8207248793911431e-20 globalElementResidual=8.5349024082034547e-15 frozenLiquidResidual=0 speciesResidual=9.4660348131039803e-15 elementDrift=0 minP=101239.92302864995 maxP=151385.00933922784 minT=182.21798584977788 maxT=293.15546639689489 maxMach=0.083519655895457665 minAlphaGas=0.99873365764813382 maxAlphaGas=1.0000000000000004 maxVolumeResidual=9.0664697971476471e-11 maxUVResidual=9.8302202245109382e-10 maxMuResidual=1.5493739624616865e-10 maxMechanicalResidual=0 seconds=1.4191761039999999
REACTIVE_CAPILLARY_STEP time=3.2999999999999991e-07 area=3.2019788404597967e-05 surfaceEnergy=6.5887994018045447e-08 liquidMass=5.1796485111626093e-08 closureResidual=1.9277580833726438e-12 recoveryCalls=23 outerIterations=41
REACTIVE_STEP_TIMINGS time=3.2999999999999991e-07 cflSeconds=0.074250650000000001 backupSeconds=0.038898527999999995 transportSeconds=0.103974968 recoverySeconds=1.195132007 sourceSeconds=0 conservationSeconds=0.0027556049999999999 diagnosticsSeconds=0.0041209819999999996 nestedBatchPackSeconds=0.021048020000000025 nestedBatchCallSeconds=1.0336182539999998 nestedBatchScatterSeconds=0 nestedScalarPropertySeconds=0.059178034999999997 otherSeconds=4.3363999999980647e-05
REACTIVE_GPU_HEM_STEP time=3.2999999999999991e-07 batches=500 submitted=2048000 succeeded=2048000 cpuFallbacks=0 deviceFailures=0 phaseEvaluations=8317398 residualEvaluations=123172 analyticJacobians=0 finiteDifferenceJacobians=3736 wallSeconds=0.97955160599999402 kernelSeconds=0.88467865040900406 copySeconds=0.070069984391331497
REACTIVE_ATTEMPT_PROFILE attempt=13 accepted=1 retry=0 sourceCalls=0 fullPhaseEvaluations=0 scalarProbes=0 rootChecks=0 matrixFreeProducts=0 factorBuilds=0 workerJobElapsedSeconds=0
REACTIVE_STEP time=3.5999999999999989e-07 dt=2.9999999999999997e-08 retries=0 massResidual=9.7553754695090749e-15 energyResidual=2.5890637000871385e-14 momentumResidual=8.5179756606963994e-20 globalElementResidual=8.1561515951486036e-15 frozenLiquidResidual=0 speciesResidual=9.0459341813244484e-15 elementDrift=0 minP=101236.05325905776 maxP=158893.9473668276 minT=183.54912316036484 maxT=293.15900220757578 maxMach=0.086711758482038409 minAlphaGas=0.99858838547604301 maxAlphaGas=1.0000000000000004 maxVolumeResidual=8.2340467777441972e-11 maxUVResidual=9.7389867863780272e-10 maxMuResidual=2.1194423993620148e-10 maxMechanicalResidual=0 seconds=1.4077499680000001
REACTIVE_CAPILLARY_STEP time=3.5999999999999989e-07 area=3.2022077519144057e-05 surfaceEnergy=6.5892704391631114e-08 liquidMass=5.7606781069618314e-08 closureResidual=3.2747350837969424e-13 recoveryCalls=25 outerIterations=45
REACTIVE_STEP_TIMINGS time=3.5999999999999989e-07 cflSeconds=0.075548803999999997 backupSeconds=0.038787788000000004 transportSeconds=0.097538125000000003 recoverySeconds=1.189866812 sourceSeconds=0 conservationSeconds=0.0023189230000000001 diagnosticsSeconds=0.003652654 nestedBatchPackSeconds=0.019735025999999992 nestedBatchCallSeconds=1.0375442779999995 nestedBatchScatterSeconds=0 nestedScalarPropertySeconds=0.053503491 otherSeconds=3.6861999999920989e-05
REACTIVE_GPU_HEM_STEP time=3.5999999999999989e-07 batches=500 submitted=2048000 succeeded=2048000 cpuFallbacks=0 deviceFailures=0 phaseEvaluations=8318888 residualEvaluations=125686 analyticJacobians=0 finiteDifferenceJacobians=3728 wallSeconds=0.98496089499999329 kernelSeconds=0.89462957301736168 copySeconds=0.066832320280373225
REACTIVE_ATTEMPT_PROFILE attempt=14 accepted=1 retry=0 sourceCalls=0 fullPhaseEvaluations=0 scalarProbes=0 rootChecks=0 matrixFreeProducts=0 factorBuilds=0 workerJobElapsedSeconds=0
REACTIVE_STEP time=3.8999999999999987e-07 dt=2.9999999999999997e-08 retries=0 massResidual=1.0407620038250492e-14 energyResidual=2.5737053070026659e-14 momentumResidual=1.072262818464135e-19 globalElementResidual=8.728261263137139e-15 frozenLiquidResidual=0 speciesResidual=9.6802995638848536e-15 elementDrift=0 minP=101224.21074818839 maxP=166348.26009594146 minT=184.80294664871226 maxT=293.16326258263712 maxMach=0.089743645159541516 minAlphaGas=0.99844269632310534 maxAlphaGas=1.0000000000000002 maxVolumeResidual=9.730305450261767e-11 maxUVResidual=9.2149870970847127e-10 maxMuResidual=2.2153301415528404e-10 maxMechanicalResidual=0 seconds=1.3964146529999999
REACTIVE_CAPILLARY_STEP time=3.8999999999999987e-07 area=3.2024372083289178e-05 surfaceEnergy=6.5897425979005687e-08 liquidMass=6.3406904695791299e-08 closureResidual=1.5124626811385822e-12 recoveryCalls=27 outerIterations=49
REACTIVE_STEP_TIMINGS time=3.8999999999999987e-07 cflSeconds=0.070125460000000001 backupSeconds=0.038198718999999999 transportSeconds=0.096598534 recoverySeconds=1.1852264699999999 sourceSeconds=0 conservationSeconds=0.0024717810000000002 diagnosticsSeconds=0.0037568250000000001 nestedBatchPackSeconds=0.019836569999999991 nestedBatchCallSeconds=1.033200189 nestedBatchScatterSeconds=0 nestedScalarPropertySeconds=0.052469859000000001 otherSeconds=3.6863999999994963e-05
REACTIVE_GPU_HEM_STEP time=3.8999999999999987e-07 batches=500 submitted=2048000 succeeded=2048000 cpuFallbacks=0 deviceFailures=0 phaseEvaluations=8321830 residualEvaluations=130710 analyticJacobians=0 finiteDifferenceJacobians=3720 wallSeconds=0.98072145800000676 kernelSeconds=0.89032803279160078 copySeconds=0.066809952691196939
REACTIVE_ATTEMPT_PROFILE attempt=15 accepted=1 retry=0 sourceCalls=0 fullPhaseEvaluations=0 scalarProbes=0 rootChecks=0 matrixFreeProducts=0 factorBuilds=0 workerJobElapsedSeconds=0
REACTIVE_STEP time=4.1999999999999984e-07 dt=2.9999999999999997e-08 retries=0 massResidual=1.08318691399996e-14 energyResidual=2.4347570213325556e-14 momentumResidual=1.1424108533169288e-19 globalElementResidual=8.6653477164687753e-15 frozenLiquidResidual=0 speciesResidual=9.6108671928867209e-15 elementDrift=0 minP=101203.60848683619 maxP=173750.6154530262 minT=185.98863365215942 maxT=293.16824360094768 maxMach=0.09263948910521401 minAlphaGas=0.99829663641029232 maxAlphaGas=1.0000000000000004 maxVolumeResidual=9.7932884024487521e-11 maxUVResidual=9.9803400124640914e-10 maxMuResidual=3.0759750302422617e-10 maxMechanicalResidual=0 seconds=1.3928232819999999
REACTIVE_CAPILLARY_STEP time=4.1999999999999984e-07 area=3.202667060600931e-05 surfaceEnergy=6.5902155712048291e-08 liquidMass=6.9194844172116825e-08 closureResidual=1.844339568221609e-12 recoveryCalls=29 outerIterations=53
REACTIVE_STEP_TIMINGS time=4.1999999999999984e-07 cflSeconds=0.070894751000000006 backupSeconds=0.038338423999999996 transportSeconds=0.096525214999999998 recoverySeconds=1.1809929499999998 sourceSeconds=0 conservationSeconds=0.002288352 diagnosticsSeconds=0.003748066 nestedBatchPackSeconds=0.01976986699999999 nestedBatchCallSeconds=1.028172927 nestedBatchScatterSeconds=0 nestedScalarPropertySeconds=0.052458870999999997 otherSeconds=3.5524000000163383e-05
REACTIVE_GPU_HEM_STEP time=4.1999999999999984e-07 batches=500 submitted=2048000 succeeded=2048000 cpuFallbacks=0 deviceFailures=0 phaseEvaluations=8322890 residualEvaluations=132936 analyticJacobians=0 finiteDifferenceJacobians=3688 wallSeconds=0.97570369699999482 kernelSeconds=0.8854080609977153 copySeconds=0.066833728790283264
REACTIVE_ATTEMPT_PROFILE attempt=16 accepted=1 retry=0 sourceCalls=0 fullPhaseEvaluations=0 scalarProbes=0 rootChecks=0 matrixFreeProducts=0 factorBuilds=0 workerJobElapsedSeconds=0
REACTIVE_STEP time=4.4999999999999982e-07 dt=2.9999999999999997e-08 retries=0 massResidual=1.1201723096275216e-14 energyResidual=2.5012498290394483e-14 momentumResidual=1.0421993749557947e-19 globalElementResidual=8.7252683101326511e-15 frozenLiquidResidual=0 speciesResidual=9.6769957646388264e-15 elementDrift=0 minP=101173.64589754805 maxP=181103.3867085916 minT=187.11372738729372 maxT=293.1739323081386 maxMach=0.095422432926880282 minAlphaGas=0.99815024319919943 maxAlphaGas=1.0000000000000004 maxVolumeResidual=9.3261731670679637e-11 maxUVResidual=9.4094174470314667e-10 maxMuResidual=5.0177462185274635e-10 maxMechanicalResidual=0 seconds=1.3988823370000001
REACTIVE_CAPILLARY_STEP time=4.4999999999999982e-07 area=3.2028971722540587e-05 surfaceEnergy=6.5906890782446997e-08 liquidMass=7.4968799167557252e-08 closureResidual=1.6040452386484327e-12 recoveryCalls=31 outerIterations=57
REACTIVE_STEP_TIMINGS time=4.4999999999999982e-07 cflSeconds=0.070205934999999997 backupSeconds=0.038568208 transportSeconds=0.096431827999999997 recoverySeconds=1.187713252 sourceSeconds=0 conservationSeconds=0.0021628760000000002 diagnosticsSeconds=0.00376415 nestedBatchPackSeconds=0.020082186000000012 nestedBatchCallSeconds=1.0353922350000009 nestedBatchScatterSeconds=0 nestedScalarPropertySeconds=0.052369981999999995 otherSeconds=3.608800000004693e-05
REACTIVE_GPU_HEM_STEP time=4.4999999999999982e-07 batches=500 submitted=2048000 succeeded=2048000 cpuFallbacks=0 deviceFailures=0 phaseEvaluations=8324434 residualEvaluations=134390 analyticJacobians=0 finiteDifferenceJacobians=3720 wallSeconds=0.98260017300001223 kernelSeconds=0.89216692358254335 copySeconds=0.06695452854037276
REACTIVE_ATTEMPT_PROFILE attempt=17 accepted=1 retry=0 sourceCalls=0 fullPhaseEvaluations=0 scalarProbes=0 rootChecks=0 matrixFreeProducts=0 factorBuilds=0 workerJobElapsedSeconds=0
REACTIVE_STEP time=4.7999999999999985e-07 dt=2.9999999999999997e-08 retries=0 massResidual=1.4166090667414088e-14 energyResidual=2.7192486673502259e-14 momentumResidual=1.342833810039197e-19 globalElementResidual=9.235830188594739e-15 frozenLiquidResidual=0 speciesResidual=1.0243177313791172e-14 elementDrift=0 minP=101133.87685481155 maxP=188408.63573284907 minT=188.1845458982377 maxT=293.18030772583455 maxMach=0.098111014190852455 minAlphaGas=0.99800355265145146 maxAlphaGas=1.0000000000000004 maxVolumeResidual=3.1778091269529796e-10 maxUVResidual=9.947063869209788e-10 maxMuResidual=1.9907417936337879e-09 maxMechanicalResidual=0 seconds=1.4002775940000001
REACTIVE_CAPILLARY_STEP time=4.7999999999999985e-07 area=3.2031274184530249e-05 surfaceEnergy=6.5911628621432209e-08 liquidMass=8.0727098459573254e-08 closureResidual=3.6435286211722318e-13 recoveryCalls=33 outerIterations=61
REACTIVE_STEP_TIMINGS time=4.7999999999999985e-07 cflSeconds=0.070483637000000002 backupSeconds=0.038009902999999998 transportSeconds=0.095988544000000009 recoverySeconds=1.189675399 sourceSeconds=0 conservationSeconds=0.002316518 diagnosticsSeconds=0.0037676229999999999 nestedBatchPackSeconds=0.019751874000000003 nestedBatchCallSeconds=1.0392209389999987 nestedBatchScatterSeconds=0 nestedScalarPropertySeconds=0.052528279999999997 otherSeconds=3.5969999999983706e-05
REACTIVE_GPU_HEM_STEP time=4.7999999999999985e-07 batches=500 submitted=2048000 succeeded=2048000 cpuFallbacks=0 deviceFailures=0 phaseEvaluations=8325530 residualEvaluations=135348 analyticJacobians=0 finiteDifferenceJacobians=3736 wallSeconds=0.98680770899998294 kernelSeconds=0.89643370524049715 copySeconds=0.066895680315792516
REACTIVE_ATTEMPT_PROFILE attempt=18 accepted=1 retry=0 sourceCalls=0 fullPhaseEvaluations=0 scalarProbes=0 rootChecks=0 matrixFreeProducts=0 factorBuilds=0 workerJobElapsedSeconds=0
REACTIVE_STEP time=5.0999999999999988e-07 dt=2.9999999999999997e-08 retries=0 massResidual=1.4861007304438836e-14 energyResidual=3.0153042799256171e-14 momentumResidual=1.6033836537781458e-19 globalElementResidual=9.5689140076972318e-15 frozenLiquidResidual=0 speciesResidual=1.0612926601237213e-14 elementDrift=0 minP=101083.98365556316 maxP=195668.0955974411 minT=189.20643941969774 maxT=293.18734161955882 maxMach=0.10072022954309257 minAlphaGas=0.99785659945918015 maxAlphaGas=1.0000000000000002 maxVolumeResidual=6.7433214567813593e-10 maxUVResidual=9.4557600415263416e-10 maxMuResidual=2.1052350973604916e-09 maxMechanicalResidual=0 seconds=1.4100897999999999
REACTIVE_CAPILLARY_STEP time=5.0999999999999988e-07 area=3.2033576862050528e-05 surfaceEnergy=6.591636690392067e-08 liquidMass=8.6468216420384827e-08 closureResidual=4.357206002253422e-12 recoveryCalls=35 outerIterations=65
REACTIVE_STEP_TIMINGS time=5.0999999999999988e-07 cflSeconds=0.070163923000000003 backupSeconds=0.038312197999999999 transportSeconds=0.096344613999999995 recoverySeconds=1.1991748489999998 sourceSeconds=0 conservationSeconds=0.0023249289999999999 diagnosticsSeconds=0.0037332300000000001 nestedBatchPackSeconds=0.019764945999999999 nestedBatchCallSeconds=1.0473201160000003 nestedBatchScatterSeconds=0 nestedScalarPropertySeconds=0.052772294999999997 otherSeconds=3.6057000000152151e-05
REACTIVE_GPU_HEM_STEP time=5.0999999999999988e-07 batches=500 submitted=2048000 succeeded=2048000 cpuFallbacks=0 deviceFailures=0 phaseEvaluations=8326806 residualEvaluations=136860 analyticJacobians=0 finiteDifferenceJacobians=3752 wallSeconds=0.99470533199999522 kernelSeconds=0.90406572192908818 copySeconds=0.067217248469593649
REACTIVE_ATTEMPT_PROFILE attempt=19 accepted=1 retry=0 sourceCalls=0 fullPhaseEvaluations=0 scalarProbes=0 rootChecks=0 matrixFreeProducts=0 factorBuilds=0 workerJobElapsedSeconds=0
REACTIVE_STEP time=5.3999999999999991e-07 dt=2.9999999999999997e-08 retries=0 massResidual=1.3248621342534884e-14 energyResidual=2.9023749190103777e-14 momentumResidual=1.8438912018448676e-19 globalElementResidual=9.3777401040269472e-15 frozenLiquidResidual=0 speciesResidual=1.0400771970694998e-14 elementDrift=0 minP=101023.75624275448 maxP=203005.89318853451 minT=190.17063727867364 maxT=293.19499907036436 maxMach=0.10326231232475001 minAlphaGas=0.99770941629597631 maxAlphaGas=1.0000000000000004 maxVolumeResidual=8.8215723614837316e-10 maxUVResidual=9.6808666377032121e-10 maxMuResidual=2.132136245336369e-09 maxMechanicalResidual=0 seconds=1.9821775559999999
REACTIVE_CAPILLARY_STEP time=5.3999999999999991e-07 area=3.2035878742566316e-05 surfaceEnergy=6.5921103546391204e-08 liquidMass=9.2190780985406292e-08 closureResidual=3.3427774437377877e-12 recoveryCalls=37 outerIterations=69
REACTIVE_STEP_TIMINGS time=5.3999999999999991e-07 cflSeconds=0.070804742000000004 backupSeconds=0.037965547000000002 transportSeconds=0.096998661999999999 recoverySeconds=1.7702288799999999 sourceSeconds=0 conservationSeconds=0.0023777450000000001 diagnosticsSeconds=0.0037670899999999998 nestedBatchPackSeconds=0.019766890999999991 nestedBatchCallSeconds=1.617271776000001 nestedBatchScatterSeconds=0 nestedScalarPropertySeconds=0.053321278 otherSeconds=3.4889999999969303e-05
REACTIVE_GPU_HEM_STEP time=5.3999999999999991e-07 batches=500 submitted=2048000 succeeded=2048000 cpuFallbacks=0 deviceFailures=0 phaseEvaluations=8423644 residualEvaluations=242521 analyticJacobians=0 finiteDifferenceJacobians=8359 wallSeconds=1.5648120329999653 kernelSeconds=1.4743151484727868 copySeconds=0.066916992656887553
REACTIVE_ATTEMPT_PROFILE attempt=20 accepted=1 retry=0 sourceCalls=0 fullPhaseEvaluations=0 scalarProbes=0 rootChecks=0 matrixFreeProducts=0 factorBuilds=0 workerJobElapsedSeconds=0
REACTIVE_STEP time=5.6999999999999994e-07 dt=2.9999999999999997e-08 retries=0 massResidual=1.3884809931580854e-14 energyResidual=3.6031693611059858e-14 momentumResidual=1.9040180888615481e-19 globalElementResidual=9.4891815850075516e-15 frozenLiquidResidual=0 speciesResidual=1.0524276814368056e-14 elementDrift=0 minP=100953.07523232633 maxP=210481.76795255829 minT=191.09353967845408 maxT=293.20323888863732 maxMach=0.10574730924892062 minAlphaGas=0.99756203872057503 maxAlphaGas=1.0000000000000004 maxVolumeResidual=9.9957375709891494e-10 maxUVResidual=9.3149656376624382e-10 maxMuResidual=2.1258657056932861e-09 maxMechanicalResidual=0 seconds=2.6910462499999999
REACTIVE_CAPILLARY_STEP time=5.6999999999999994e-07 area=3.2038178927357591e-05 surfaceEnergy=6.5925836699523038e-08 liquidMass=9.789357488706876e-08 closureResidual=5.8460536758730974e-12 recoveryCalls=39 outerIterations=73
REACTIVE_STEP_TIMINGS time=5.6999999999999994e-07 cflSeconds=0.071487843999999995 backupSeconds=0.038339603 transportSeconds=0.096167253000000008 recoverySeconds=2.479002951 sourceSeconds=0 conservationSeconds=0.0022670860000000002 diagnosticsSeconds=0.0037480600000000001 nestedBatchPackSeconds=0.019710650999999999 nestedBatchCallSeconds=2.3283879870000006 nestedBatchScatterSeconds=0 nestedScalarPropertySeconds=0.052338283999999999 otherSeconds=3.3453000000098574e-05
REACTIVE_GPU_HEM_STEP time=5.6999999999999994e-07 batches=500 submitted=2048000 succeeded=2048000 cpuFallbacks=0 deviceFailures=0 phaseEvaluations=8534500 residualEvaluations=364575 analyticJacobians=0 finiteDifferenceJacobians=13703 wallSeconds=2.2757284559999604 kernelSeconds=2.1854547963439988 copySeconds=0.066740672588345706
REACTIVE_ATTEMPT_PROFILE attempt=21 accepted=1 retry=0 sourceCalls=0 fullPhaseEvaluations=0 scalarProbes=0 rootChecks=0 matrixFreeProducts=0 factorBuilds=0 workerJobElapsedSeconds=0
REACTIVE_STEP time=5.9999999999999997e-07 dt=2.9999999999999997e-08 retries=0 massResidual=1.2873674540933471e-14 energyResidual=3.4382021506810047e-14 momentumResidual=1.5232144710892383e-19 globalElementResidual=9.1552775045057751e-15 frozenLiquidResidual=0 speciesResidual=1.0154353780030477e-14 elementDrift=0 minP=100843.02396052072 maxP=217934.91890062043 minT=191.97965558485288 maxT=293.2120138621105 maxMach=0.10818351361012793 minAlphaGas=0.99741450067888038 maxAlphaGas=1.0000000000000002 maxVolumeResidual=8.818950014699567e-10 maxUVResidual=9.6002842659695009e-10 maxMuResidual=5.2235193948035885e-10 maxMechanicalResidual=0 seconds=2.5966835279999998
REACTIVE_CAPILLARY_STEP time=5.9999999999999997e-07 area=3.2040476625162831e-05 surfaceEnergy=6.5930564735115718e-08 liquidMass=1.0357553065465395e-07 closureResidual=3.7492660885651841e-12 recoveryCalls=41 outerIterations=77
REACTIVE_STEP_TIMINGS time=5.9999999999999997e-07 cflSeconds=0.070317191000000001 backupSeconds=0.038594418999999998 transportSeconds=0.097424819999999995 recoverySeconds=2.38425675 sourceSeconds=0 conservationSeconds=0.0023169250000000001 diagnosticsSeconds=0.0037374700000000001 nestedBatchPackSeconds=0.019705814000000019 nestedBatchCallSeconds=2.2337383139999973 nestedBatchScatterSeconds=0 nestedScalarPropertySeconds=0.053373031000000001 otherSeconds=3.5952999999856478e-05
REACTIVE_GPU_HEM_STEP time=5.9999999999999997e-07 batches=500 submitted=2048000 succeeded=2048000 cpuFallbacks=0 deviceFailures=0 phaseEvaluations=8525188 residualEvaluations=364248 analyticJacobians=0 finiteDifferenceJacobians=13633 wallSeconds=2.1810757610000415 kernelSeconds=2.0908623352944034 copySeconds=0.066727360457184526
REACTIVE_ATTEMPT_PROFILE attempt=22 accepted=1 retry=0 sourceCalls=0 fullPhaseEvaluations=0 scalarProbes=0 rootChecks=0 matrixFreeProducts=0 factorBuilds=0 workerJobElapsedSeconds=0
REACTIVE_STEP time=6.3e-07 dt=2.9999999999999997e-08 retries=0 massResidual=1.4472911943886295e-14 energyResidual=3.6758055260466677e-14 momentumResidual=1.7436797234837335e-19 globalElementResidual=1.0030117034304704e-14 frozenLiquidResidual=0 speciesResidual=1.1124505602452321e-14 elementDrift=0 minP=100718.79597198906 maxP=225365.10474833378 minT=192.81949287928953 maxT=293.22127086176033 maxMach=0.11057779597858408 minAlphaGas=0.99726683283691708 maxAlphaGas=1.0000000000000004 maxVolumeResidual=6.1557503538978153e-10 maxUVResidual=9.8078867643670361e-10 maxMuResidual=5.4809490279694728e-10 maxMechanicalResidual=0 seconds=3.1046446489999999
REACTIVE_CAPILLARY_STEP time=6.3e-07 area=3.2042771144260768e-05 surfaceEnergy=6.5935286229795466e-08 liquidMass=1.0923572140813665e-07 closureResidual=2.1574911995836388e-12 recoveryCalls=43 outerIterations=81
REACTIVE_STEP_TIMINGS time=6.3e-07 cflSeconds=0.070239469999999998 backupSeconds=0.038501783999999997 transportSeconds=0.096098898000000002 recoverySeconds=2.8936471350000001 sourceSeconds=0 conservationSeconds=0.0023729839999999999 diagnosticsSeconds=0.0037482259999999999 nestedBatchPackSeconds=0.019827383999999997 nestedBatchCallSeconds=2.7417820729999978 nestedBatchScatterSeconds=0 nestedScalarPropertySeconds=0.052519665000000007 otherSeconds=3.6151999999278154e-05
REACTIVE_GPU_HEM_STEP time=6.3e-07 batches=500 submitted=2048000 succeeded=2048000 cpuFallbacks=0 deviceFailures=0 phaseEvaluations=8628944 residualEvaluations=470495 analyticJacobians=0 finiteDifferenceJacobians=18295 wallSeconds=2.6891793680000049 kernelSeconds=2.5986804935931929 copySeconds=0.066900384396312074
REACTIVE_ATTEMPT_PROFILE attempt=23 accepted=1 retry=0 sourceCalls=0 fullPhaseEvaluations=0 scalarProbes=0 rootChecks=0 matrixFreeProducts=0 factorBuilds=0 workerJobElapsedSeconds=0
REACTIVE_STEP time=6.6000000000000003e-07 dt=2.9999999999999997e-08 retries=0 massResidual=1.5494316491004352e-14 energyResidual=3.5362248359554318e-14 momentumResidual=1.8639334975170945e-19 globalElementResidual=9.3744054500781328e-15 frozenLiquidResidual=0 speciesResidual=1.0397386724964222e-14 elementDrift=0 minP=100581.53481532735 maxP=232772.13474331444 minT=193.62606434612877 maxT=293.23095081791132 maxMach=0.11293585889666916 minAlphaGas=0.9971190685377983 maxAlphaGas=1.0000000000000004 maxVolumeResidual=9.8920871494101448e-14 maxUVResidual=9.7177558892689438e-10 maxMuResidual=5.3290705182007514e-14 maxMechanicalResidual=0 seconds=3.5252552760000002
REACTIVE_CAPILLARY_STEP time=6.6000000000000003e-07 area=3.2045061883376098e-05 surfaceEnergy=6.5939999946301665e-08 liquidMass=1.1487334847366569e-07 closureResidual=2.2922844178374646e-12 recoveryCalls=45 outerIterations=85
REACTIVE_STEP_TIMINGS time=6.6000000000000003e-07 cflSeconds=0.070205606000000004 backupSeconds=0.038614826999999997 transportSeconds=0.09603825299999999 recoverySeconds=3.312984331 sourceSeconds=0 conservationSeconds=0.0024389139999999999 diagnosticsSeconds=0.0049358930000000002 nestedBatchPackSeconds=0.020073512000000005 nestedBatchCallSeconds=3.1585827959999984 nestedBatchScatterSeconds=0 nestedScalarPropertySeconds=0.052732359999999999 otherSeconds=3.7452000000087055e-05
REACTIVE_GPU_HEM_STEP time=6.6000000000000003e-07 batches=500 submitted=2048000 succeeded=2048000 cpuFallbacks=0 deviceFailures=0 phaseEvaluations=8721004 residualEvaluations=581843 analyticJacobians=0 finiteDifferenceJacobians=23395 wallSeconds=3.1057616460000261 kernelSeconds=3.0147876556813209 copySeconds=0.067239232450725384
REACTIVE_ATTEMPT_PROFILE attempt=24 accepted=1 retry=0 sourceCalls=0 fullPhaseEvaluations=0 scalarProbes=0 rootChecks=0 matrixFreeProducts=0 factorBuilds=0 workerJobElapsedSeconds=0
REACTIVE_STEP time=6.9000000000000006e-07 dt=2.9999999999999997e-08 retries=0 massResidual=1.3076696731956417e-14 energyResidual=3.295007721040481e-14 momentumResidual=2.1044410455838163e-19 globalElementResidual=1.0102183227643154e-14 frozenLiquidResidual=0 speciesResidual=1.1204339648736707e-14 elementDrift=0 minP=100431.47590208627 maxP=240155.86445442733 minT=194.40331478486581 maxT=293.24098857818564 maxMach=0.11526243587285763 minAlphaGas=0.99697123995239878 maxAlphaGas=1.0000000000000004 maxVolumeResidual=5.6266102888002933e-13 maxUVResidual=9.810353991941399e-10 maxMuResidual=1.2079226507921703e-13 maxMechanicalResidual=0 seconds=3.7554943600000001
REACTIVE_CAPILLARY_STEP time=6.9000000000000006e-07 area=3.2047348321691816e-05 surfaceEnergy=6.5944704812934919e-08 liquidMass=1.2048772738302838e-07 closureResidual=2.4029762554778067e-12 recoveryCalls=47 outerIterations=89
REACTIVE_STEP_TIMINGS time=6.9000000000000006e-07 cflSeconds=0.073985643000000004 backupSeconds=0.039461798999999999 transportSeconds=0.10320768 recoverySeconds=3.532750037 sourceSeconds=0 conservationSeconds=0.0022960680000000001 diagnosticsSeconds=0.003754847 nestedBatchPackSeconds=0.019919494999999985 nestedBatchCallSeconds=3.379743264 nestedBatchScatterSeconds=0 nestedScalarPropertySeconds=0.056570737999999995 otherSeconds=3.8285999999988513e-05
REACTIVE_GPU_HEM_STEP time=6.9000000000000006e-07 batches=500 submitted=2048000 succeeded=2048000 cpuFallbacks=0 deviceFailures=0 phaseEvaluations=8744106 residualEvaluations=595318 analyticJacobians=0 finiteDifferenceJacobians=23954 wallSeconds=3.3266251090000125 kernelSeconds=3.2358089109361039 copySeconds=0.067180992610751389
REACTIVE_ATTEMPT_PROFILE attempt=25 accepted=1 retry=0 sourceCalls=0 fullPhaseEvaluations=0 scalarProbes=0 rootChecks=0 matrixFreeProducts=0 factorBuilds=0 workerJobElapsedSeconds=0
REACTIVE_STEP time=7.2000000000000009e-07 dt=2.9999999999999997e-08 retries=0 massResidual=1.6433127403194638e-14 energyResidual=3.5267387696385519e-14 momentumResidual=2.0443141585671358e-19 globalElementResidual=1.0289164222196246e-14 frozenLiquidResidual=0 speciesResidual=1.1411781321224451e-14 elementDrift=0 minP=100268.88622887153 maxP=247516.18962582087 minT=195.1532547038837 maxT=293.25131265882828 maxMach=0.11756145031043341 minAlphaGas=0.99682337890969896 maxAlphaGas=1.0000000000000004 maxVolumeResidual=1.1732836924238654e-12 maxUVResidual=9.3099877259760065e-10 maxMuResidual=2.4158453015843406e-13 maxMechanicalResidual=0 seconds=3.46250087
REACTIVE_CAPILLARY_STEP time=7.2000000000000009e-07 area=3.2049630008789587e-05 surfaceEnergy=6.5949399902857112e-08 liquidMass=1.2607827312259501e-07 closureResidual=2.4948142510194948e-12 recoveryCalls=49 outerIterations=93
REACTIVE_STEP_TIMINGS time=7.2000000000000009e-07 cflSeconds=0.070533856000000006 backupSeconds=0.039173808999999997 transportSeconds=0.096364178999999994 recoverySeconds=3.2503000059999998 sourceSeconds=0 conservationSeconds=0.0023161509999999998 diagnosticsSeconds=0.0037757559999999999 nestedBatchPackSeconds=0.019770056000000008 nestedBatchCallSeconds=3.0982172590000028 nestedBatchScatterSeconds=0 nestedScalarPropertySeconds=0.052301093999999999 otherSeconds=3.7113000000373909e-05
REACTIVE_GPU_HEM_STEP time=7.2000000000000009e-07 batches=500 submitted=2048000 succeeded=2048000 cpuFallbacks=0 deviceFailures=0 phaseEvaluations=8723730 residualEvaluations=604187 analyticJacobians=0 finiteDifferenceJacobians=24593 wallSeconds=3.0454026230000011 kernelSeconds=2.9548836813270576 copySeconds=0.066923648521305168
REACTIVE_ATTEMPT_PROFILE attempt=26 accepted=1 retry=0 sourceCalls=0 fullPhaseEvaluations=0 scalarProbes=0 rootChecks=0 matrixFreeProducts=0 factorBuilds=0 workerJobElapsedSeconds=0
REACTIVE_STEP time=7.5000000000000012e-07 dt=2.9999999999999997e-08 retries=0 massResidual=1.4072563935714863e-14 energyResidual=3.2024959885787174e-14 momentumResidual=2.0843987499115894e-19 globalElementResidual=9.9602878925839214e-15 frozenLiquidResidual=0 speciesResidual=1.1046870779534018e-14 elementDrift=0 minP=100094.05538324827 maxP=254853.0401301677 minT=195.87766601498225 maxT=293.26184490109534 maxMach=0.11983614202789884 minAlphaGas=0.99667551687085898 maxAlphaGas=1.0000000000000004 maxVolumeResidual=1.6846524175662125e-12 maxUVResidual=9.8641271208142587e-10 maxMuResidual=3.1263880373444408e-13 maxMechanicalResidual=0 seconds=3.6052043710000001
REACTIVE_CAPILLARY_STEP time=7.5000000000000012e-07 area=3.2051906554875956e-05 surfaceEnergy=6.5954084413979581e-08 liquidMass=1.3164448547653441e-07 closureResidual=2.5711442523668193e-12 recoveryCalls=51 outerIterations=97
REACTIVE_STEP_TIMINGS time=7.5000000000000012e-07 cflSeconds=0.073235710999999995 backupSeconds=0.039530619999999995 transportSeconds=0.099424897000000012 recoverySeconds=3.386758919 sourceSeconds=0 conservationSeconds=0.0024735719999999998 diagnosticsSeconds=0.0037420750000000001 nestedBatchPackSeconds=0.020205264999999983 nestedBatchCallSeconds=3.2349968749999967 nestedBatchScatterSeconds=0 nestedScalarPropertySeconds=0.055333506999999997 otherSeconds=3.8577000000086011e-05
REACTIVE_GPU_HEM_STEP time=7.5000000000000012e-07 batches=500 submitted=2048000 succeeded=2048000 cpuFallbacks=0 deviceFailures=0 phaseEvaluations=8717416 residualEvaluations=600208 analyticJacobians=0 finiteDifferenceJacobians=24462 wallSeconds=3.1821863909999166 kernelSeconds=3.0900993874669354 copySeconds=0.068128128677606092
REACTIVE_ATTEMPT_PROFILE attempt=27 accepted=1 retry=0 sourceCalls=0 fullPhaseEvaluations=0 scalarProbes=0 rootChecks=0 matrixFreeProducts=0 factorBuilds=0 workerJobElapsedSeconds=0
REACTIVE_STEP time=7.8000000000000016e-07 dt=2.9999999999999997e-08 retries=0 massResidual=1.2206064268282638e-14 energyResidual=3.2483904808546704e-14 momentumResidual=2.2447371152894043e-19 globalElementResidual=9.8652296823101922e-15 frozenLiquidResidual=0 speciesResidual=1.0941693077708092e-14 elementDrift=0 minP=99907.287400335961 maxP=262166.37407921976 minT=196.57813650658483 maxT=293.27250004479964 maxMach=0.12208917066871193 minAlphaGas=0.99652768490605226 maxAlphaGas=1.0000000000000002 maxVolumeResidual=2.3312463071079037e-12 maxUVResidual=9.745539477811022e-10 maxMuResidual=3.5527136788005009e-13 maxMechanicalResidual=0 seconds=3.5377464349999999
REACTIVE_CAPILLARY_STEP time=7.8000000000000016e-07 area=3.2054177621443895e-05 surfaceEnergy=6.5958757649747162e-08 liquidMass=1.3718593501270533e-07 closureResidual=2.6345015578799202e-12 recoveryCalls=53 outerIterations=101
REACTIVE_STEP_TIMINGS time=7.8000000000000016e-07 cflSeconds=0.070433903999999992 backupSeconds=0.038875266999999998 transportSeconds=0.096051453000000009 recoverySeconds=3.3264694549999998 sourceSeconds=0 conservationSeconds=0.0021198879999999999 diagnosticsSeconds=0.0037578720000000002 nestedBatchPackSeconds=0.019725473999999996 nestedBatchCallSeconds=3.1753143410000004 nestedBatchScatterSeconds=0 nestedScalarPropertySeconds=0.052376039999999999 otherSeconds=3.8596000000177925e-05
REACTIVE_GPU_HEM_STEP time=7.8000000000000016e-07 batches=500 submitted=2048000 succeeded=2048000 cpuFallbacks=0 deviceFailures=0 phaseEvaluations=8692604 residualEvaluations=602134 analyticJacobians=0 finiteDifferenceJacobians=24360 wallSeconds=3.1223216199999939 kernelSeconds=3.032125945717091 copySeconds=0.066738464355470262
REACTIVE_ATTEMPT_PROFILE attempt=28 accepted=1 retry=0 sourceCalls=0 fullPhaseEvaluations=0 scalarProbes=0 rootChecks=0 matrixFreeProducts=0 factorBuilds=0 workerJobElapsedSeconds=0
REACTIVE_STEP time=8.1000000000000019e-07 dt=2.9999999999999997e-08 retries=0 massResidual=1.5198614931451507e-14 energyResidual=3.2149633900237599e-14 momentumResidual=1.6278408183304676e-19 globalElementResidual=1.0484271583767351e-14 frozenLiquidResidual=0 speciesResidual=1.1628361154678742e-14 elementDrift=0 minP=99708.893372119288 maxP=269456.17228903144 minT=197.25608834434649 maxT=293.28318530007647 maxMach=0.12432270066776911 minAlphaGas=0.99637991366337653 maxAlphaGas=1.0000000000000002 maxVolumeResidual=2.9423130598615899e-12 maxUVResidual=9.4099643258559493e-10 maxMuResidual=3.5882408155885059e-13 maxMechanicalResidual=0 seconds=3.394073605
REACTIVE_CAPILLARY_STEP time=8.1000000000000019e-07 area=3.2056442912645232e-05 surfaceEnergy=6.5963419001384996e-08 liquidMass=1.4270225009948117e-07 closureResidual=2.6867804855945643e-12 recoveryCalls=55 outerIterations=105
REACTIVE_STEP_TIMINGS time=8.1000000000000019e-07 cflSeconds=0.070534391000000002 backupSeconds=0.039421661999999996 transportSeconds=0.096226215000000004 recoverySeconds=3.1816429800000003 sourceSeconds=0 conservationSeconds=0.0024809820000000001 diagnosticsSeconds=0.0037296550000000001 nestedBatchPackSeconds=0.019706683999999999 nestedBatchCallSeconds=3.030716435 nestedBatchScatterSeconds=0 nestedScalarPropertySeconds=0.052549086000000002 otherSeconds=3.7719999999593409e-05
REACTIVE_GPU_HEM_STEP time=8.1000000000000019e-07 batches=500 submitted=2048000 succeeded=2048000 cpuFallbacks=0 deviceFailures=0 phaseEvaluations=8664510 residualEvaluations=608289 analyticJacobians=0 finiteDifferenceJacobians=24942 wallSeconds=2.9780883450000033 kernelSeconds=2.8878159902989964 copySeconds=0.066796736493707209
REACTIVE_ATTEMPT_PROFILE attempt=29 accepted=1 retry=0 sourceCalls=0 fullPhaseEvaluations=0 scalarProbes=0 rootChecks=0 matrixFreeProducts=0 factorBuilds=0 workerJobElapsedSeconds=0
REACTIVE_STEP time=8.4000000000000022e-07 dt=2.9999999999999997e-08 retries=0 massResidual=1.6465960601498002e-14 energyResidual=3.4776822552569721e-14 momentumResidual=2.6054984373894869e-19 globalElementResidual=1.0770681876301479e-14 frozenLiquidResidual=0 speciesResidual=1.1945797146209293e-14 elementDrift=0 minP=99499.184741417004 maxP=276722.43321605201 minT=197.91280171140289 maxT=293.2942453323617 maxMach=0.12653847205309401 minAlphaGas=0.99623223334033684 maxAlphaGas=1.0000000000000004 maxVolumeResidual=3.5553782140596013e-12 maxUVResidual=9.9452233045610349e-10 maxMuResidual=3.5171865420124959e-13 maxMechanicalResidual=0 seconds=3.5948350329999998
REACTIVE_CAPILLARY_STEP time=8.4000000000000022e-07 area=3.2058702167480305e-05 surfaceEnergy=6.5968067931826931e-08 liquidMass=1.481931051922806e-07 closureResidual=2.72951236265917e-12 recoveryCalls=57 outerIterations=109
REACTIVE_STEP_TIMINGS time=8.4000000000000022e-07 cflSeconds=0.070334469000000011 backupSeconds=0.038980974000000002 transportSeconds=0.096158739999999993 recoverySeconds=3.383052766 sourceSeconds=0 conservationSeconds=0.0024735080000000001 diagnosticsSeconds=0.0037965910000000002 nestedBatchPackSeconds=0.019701197000000007 nestedBatchCallSeconds=3.2315521290000011 nestedBatchScatterSeconds=0 nestedScalarPropertySeconds=0.052343908999999994 otherSeconds=3.7985000000046766e-05
REACTIVE_GPU_HEM_STEP time=8.4000000000000022e-07 batches=500 submitted=2048000 succeeded=2048000 cpuFallbacks=0 deviceFailures=0 phaseEvaluations=8682078 residualEvaluations=623858 analyticJacobians=0 finiteDifferenceJacobians=25561 wallSeconds=3.1789386729999691 kernelSeconds=3.0885759378970405 copySeconds=0.066810304753482708
REACTIVE_ATTEMPT_PROFILE attempt=30 accepted=1 retry=0 sourceCalls=0 fullPhaseEvaluations=0 scalarProbes=0 rootChecks=0 matrixFreeProducts=0 factorBuilds=0 workerJobElapsedSeconds=0
REACTIVE_STEP time=8.7000000000000025e-07 dt=2.9999999999999997e-08 retries=0 massResidual=1.8083311265136561e-14 energyResidual=3.4690092803386817e-14 momentumResidual=2.2848217066338576e-19 globalElementResidual=1.1255632514614719e-14 frozenLiquidResidual=0 speciesResidual=1.2483557826713977e-14 elementDrift=0 minP=99278.467233081217 maxP=283965.16842992039 minT=198.54943448957977 maxT=293.30548797319312 maxMach=0.12873785971765903 minAlphaGas=0.99608467365663567 maxAlphaGas=1.0000000000000004 maxVolumeResidual=4.2161829583164945e-12 maxUVResidual=9.7877580884389076e-10 maxMuResidual=3.659295089164516e-13 maxMechanicalResidual=0 seconds=3.2868780919999998
REACTIVE_CAPILLARY_STEP time=8.7000000000000025e-07 area=3.2060955152867492e-05 surfaceEnergy=6.5972703961454551e-08 liquidMass=1.5365821050782593e-07 closureResidual=2.7637371557975854e-12 recoveryCalls=59 outerIterations=113
REACTIVE_STEP_TIMINGS time=8.7000000000000025e-07 cflSeconds=0.070303020999999993 backupSeconds=0.039032704000000001 transportSeconds=0.096030311000000007 recoverySeconds=3.0752531080000001 sourceSeconds=0 conservationSeconds=0.0024914329999999999 diagnosticsSeconds=0.0037292409999999999 nestedBatchPackSeconds=0.019803923000000011 nestedBatchCallSeconds=2.922994619000002 nestedBatchScatterSeconds=0 nestedScalarPropertySeconds=0.052514897999999997 otherSeconds=3.8274000000153123e-05
REACTIVE_GPU_HEM_STEP time=8.7000000000000025e-07 batches=500 submitted=2048000 succeeded=2048000 cpuFallbacks=0 deviceFailures=0 phaseEvaluations=8665020 residualEvaluations=609271 analyticJacobians=0 finiteDifferenceJacobians=24779 wallSeconds=2.8703300749999912 kernelSeconds=2.779780738115285 copySeconds=0.06696256077289453
REACTIVE_ATTEMPT_PROFILE attempt=31 accepted=1 retry=0 sourceCalls=0 fullPhaseEvaluations=0 scalarProbes=0 rootChecks=0 matrixFreeProducts=0 factorBuilds=0 workerJobElapsedSeconds=0
REACTIVE_STEP time=9.0000000000000028e-07 dt=2.9999999999999997e-08 retries=0 massResidual=1.9530262083895641e-14 energyResidual=3.1237164664042468e-14 momentumResidual=2.9261751681451161e-19 globalElementResidual=1.1656748390309474e-14 frozenLiquidResidual=0 speciesResidual=1.2928619955012601e-14 elementDrift=0 minP=99047.035388597185 maxP=291184.39865095704 minT=199.16703870191665 maxT=293.31654562867379 maxMach=0.13092192395083954 minAlphaGas=0.99593726382937231 maxAlphaGas=1.0000000000000004 maxVolumeResidual=4.8057113843924526e-12 maxUVResidual=9.3119466220613437e-10 maxMuResidual=3.4106051316484809e-13 maxMechanicalResidual=0 seconds=2.7747452379999999
REACTIVE_CAPILLARY_STEP time=9.0000000000000028e-07 area=3.2063201657603249e-05 surfaceEnergy=6.5977326655668538e-08 liquidMass=1.5909730311390899e-07 closureResidual=2.7911865527197044e-12 recoveryCalls=61 outerIterations=117
REACTIVE_STEP_TIMINGS time=9.0000000000000028e-07 cflSeconds=0.070363939 backupSeconds=0.039128561999999999 transportSeconds=0.095979884000000001 recoverySeconds=2.5630655329999996 sourceSeconds=0 conservationSeconds=0.0024000269999999999 diagnosticsSeconds=0.0037681860000000002 nestedBatchPackSeconds=0.019707609000000025 nestedBatchCallSeconds=2.4120596050000018 nestedBatchScatterSeconds=0 nestedScalarPropertySeconds=0.052489544999999999 otherSeconds=3.9107000000127099e-05
REACTIVE_GPU_HEM_STEP time=9.0000000000000028e-07 batches=500 submitted=2048000 succeeded=2048000 cpuFallbacks=0 deviceFailures=0 phaseEvaluations=8620762 residualEvaluations=602914 analyticJacobians=0 finiteDifferenceJacobians=24553 wallSeconds=2.3595400350000588 kernelSeconds=2.2691650291383496 copySeconds=0.06684361681342188
REACTIVE_ATTEMPT_PROFILE attempt=32 accepted=1 retry=0 sourceCalls=0 fullPhaseEvaluations=0 scalarProbes=0 rootChecks=0 matrixFreeProducts=0 factorBuilds=0 workerJobElapsedSeconds=0
REACTIVE_STEP time=9.3000000000000031e-07 dt=2.9999999999999997e-08 retries=0 massResidual=1.9711143788462163e-14 energyResidual=3.9519855711009762e-14 momentumResidual=2.565413846045033e-19 globalElementResidual=1.1433479069978106e-14 frozenLiquidResidual=0 speciesResidual=1.2681025165543609e-14 elementDrift=0 minP=98805.167684950502 maxP=298380.15129886952 minT=199.76657429669805 maxT=293.32729414470799 maxMach=0.13309145334139308 minAlphaGas=0.99579003256929977 maxAlphaGas=1.0000000000000004 maxVolumeResidual=4.5703441031719194e-12 maxUVResidual=8.5831513983251562e-10 maxMuResidual=3.5882408155885059e-13 maxMechanicalResidual=0 seconds=2.714484793
REACTIVE_CAPILLARY_STEP time=9.3000000000000031e-07 area=3.2065441487189911e-05 surfaceEnergy=6.5981935614245732e-08 liquidMass=1.6451013920647668e-07 closureResidual=2.8166713753052797e-12 recoveryCalls=63 outerIterations=121
REACTIVE_STEP_TIMINGS time=9.3000000000000031e-07 cflSeconds=0.070934513000000005 backupSeconds=0.038769043999999996 transportSeconds=0.097408045999999998 recoverySeconds=2.5012059450000002 sourceSeconds=0 conservationSeconds=0.0023902350000000001 diagnosticsSeconds=0.0037413630000000002 nestedBatchPackSeconds=0.019803542999999989 nestedBatchCallSeconds=2.3489420570000008 nestedBatchScatterSeconds=0 nestedScalarPropertySeconds=0.052763385999999995 otherSeconds=3.5646999999876597e-05
REACTIVE_GPU_HEM_STEP time=9.3000000000000031e-07 batches=500 submitted=2048000 succeeded=2048000 cpuFallbacks=0 deviceFailures=0 phaseEvaluations=8616750 residualEvaluations=606026 analyticJacobians=0 finiteDifferenceJacobians=24544 wallSeconds=2.2962333630000131 kernelSeconds=2.2055379458367952 copySeconds=0.067140352830286076
REACTIVE_ATTEMPT_PROFILE attempt=33 accepted=1 retry=0 sourceCalls=0 fullPhaseEvaluations=0 scalarProbes=0 rootChecks=0 matrixFreeProducts=0 factorBuilds=0 workerJobElapsedSeconds=0
REACTIVE_STEP time=9.6000000000000034e-07 dt=2.9999999999999997e-08 retries=0 massResidual=2.1027462186465484e-14 energyResidual=4.0999682056443057e-14 momentumResidual=2.2848217066338576e-19 globalElementResidual=1.2371106050731758e-14 frozenLiquidResidual=0 speciesResidual=1.372062610261076e-14 elementDrift=0 minP=98553.122213194161 maxP=305552.48129064427 minT=200.34892122775346 maxT=293.33759837060018 maxMach=0.13524684595001821 minAlphaGas=0.99564300852629761 maxAlphaGas=1.0000000000000004 maxVolumeResidual=4.0527581290916714e-12 maxUVResidual=9.7938076999619259e-10 maxMuResidual=9.7699626167013776e-13 maxMechanicalResidual=0 seconds=2.73093524
REACTIVE_CAPILLARY_STEP time=9.6000000000000034e-07 area=3.2067674456349531e-05 surfaceEnergy=6.5986530455934644e-08 liquidMass=1.698964761271203e-07 closureResidual=4.5451064786816708e-12 recoveryCalls=65 outerIterations=125
REACTIVE_STEP_TIMINGS time=9.6000000000000034e-07 cflSeconds=0.072968696 backupSeconds=0.039001297999999997 transportSeconds=0.096802198000000006 recoverySeconds=2.5161639940000002 sourceSeconds=0 conservationSeconds=0.002173707 diagnosticsSeconds=0.0037620280000000002 nestedBatchPackSeconds=0.019710015999999993 nestedBatchCallSeconds=2.3646258719999991 nestedBatchScatterSeconds=0 nestedScalarPropertySeconds=0.052912007999999996 otherSeconds=6.3318999999226362e-05
REACTIVE_GPU_HEM_STEP time=9.6000000000000034e-07 batches=500 submitted=2048000 succeeded=2048000 cpuFallbacks=0 deviceFailures=0 phaseEvaluations=8616430 residualEvaluations=604860 analyticJacobians=0 finiteDifferenceJacobians=24520 wallSeconds=2.3120866559999698 kernelSeconds=2.2219399044216388 copySeconds=0.066688320592046324
REACTIVE_ATTEMPT_PROFILE attempt=34 accepted=1 retry=0 sourceCalls=0 fullPhaseEvaluations=0 scalarProbes=0 rootChecks=0 matrixFreeProducts=0 factorBuilds=0 workerJobElapsedSeconds=0
REACTIVE_STEP time=9.9000000000000026e-07 dt=2.9999999999999997e-08 retries=0 massResidual=1.8992617178559359e-14 energyResidual=3.9239790895939968e-14 momentumResidual=2.3249062979783115e-19 globalElementResidual=1.1059518294678785e-14 frozenLiquidResidual=0 speciesResidual=1.226614316679101e-14 elementDrift=0 minP=98291.132856031996 maxP=312701.43055518664 minT=200.91489018708279 maxT=293.34731137945784 maxMach=0.13738849162624478 minAlphaGas=0.99549621952844025 maxAlphaGas=1.0000000000000004 maxVolumeResidual=3.2228664181843669e-12 maxUVResidual=9.7062906875459251e-10 maxMuResidual=7.0059513745945878e-12 maxMechanicalResidual=0 seconds=2.8322320300000001
REACTIVE_CAPILLARY_STEP time=9.9000000000000026e-07 area=3.2069900384675428e-05 surfaceEnergy=6.5991110809507509e-08 liquidMass=1.7525607557524268e-07 closureResidual=4.5353894251309868e-12 recoveryCalls=67 outerIterations=129
REACTIVE_STEP_TIMINGS time=9.9000000000000026e-07 cflSeconds=0.071755769999999997 backupSeconds=0.039158422999999998 transportSeconds=0.096558379 recoverySeconds=2.6185655160000003 sourceSeconds=0 conservationSeconds=0.0024032709999999998 diagnosticsSeconds=0.003755895 nestedBatchPackSeconds=0.019720318999999993 nestedBatchCallSeconds=2.4650115570000017 nestedBatchScatterSeconds=0 nestedScalarPropertySeconds=0.052700968000000001 otherSeconds=3.4775999999452946e-05
REACTIVE_GPU_HEM_STEP time=9.9000000000000026e-07 batches=500 submitted=2048000 succeeded=2048000 cpuFallbacks=0 deviceFailures=0 phaseEvaluations=8622776 residualEvaluations=608590 analyticJacobians=0 finiteDifferenceJacobians=24633 wallSeconds=2.4123044640000018 kernelSeconds=2.321940084874683 copySeconds=0.066757248833775318
REACTIVE_ATTEMPT_PROFILE attempt=35 accepted=1 retry=0 sourceCalls=0 fullPhaseEvaluations=0 scalarProbes=0 rootChecks=0 matrixFreeProducts=0 factorBuilds=0 workerJobElapsedSeconds=0
REACTIVE_STEP time=9.9999999999999995e-07 dt=9.9999999999996925e-09 retries=0 massResidual=2.1776918098951714e-14 energyResidual=3.8746515447462209e-14 momentumResidual=2.6054984373894869e-19 globalElementResidual=1.2097765680157678e-14 frozenLiquidResidual=0 speciesResidual=1.3417497936216123e-14 elementDrift=0 minP=98201.63629551293 maxP=315079.20434249274 minT=201.10003914182221 maxT=293.35039132446514 maxMach=0.1380993306418663 minAlphaGas=0.99544734694502779 maxAlphaGas=1.0000000000000004 maxVolumeResidual=4.4059778048222142e-10 maxUVResidual=9.6894560370392339e-10 maxMuResidual=3.9167602494671883e-10 maxMechanicalResidual=0 seconds=2.6928423939999999
REACTIVE_CAPILLARY_STEP time=9.9999999999999995e-07 area=3.2070640762072216e-05 surfaceEnergy=6.5992634304318725e-08 liquidMass=1.7703661792659146e-07 closureResidual=1.9413047558369811e-12 recoveryCalls=69 outerIterations=133
REACTIVE_STEP_TIMINGS time=9.9999999999999995e-07 cflSeconds=0.074626771000000008 backupSeconds=0.039340902999999997 transportSeconds=0.098758002000000011 recoverySeconds=2.473921539 sourceSeconds=0 conservationSeconds=0.002418108 diagnosticsSeconds=0.0037412449999999998 nestedBatchPackSeconds=0.020026531000000024 nestedBatchCallSeconds=2.3211435280000012 nestedBatchScatterSeconds=0 nestedScalarPropertySeconds=0.054972331999999999 otherSeconds=3.5826000000106339e-05
REACTIVE_GPU_HEM_STEP time=9.9999999999999995e-07 batches=500 submitted=2048000 succeeded=2048000 cpuFallbacks=0 deviceFailures=0 phaseEvaluations=8613552 residualEvaluations=602882 analyticJacobians=0 finiteDifferenceJacobians=24216 wallSeconds=2.2681530910000021 kernelSeconds=2.1769954417050101 copySeconds=0.067368576541547487
REACTIVE_CHECKPOINT time=9.9999999999999995e-07 acceptedSteps=34 complete=1 schema=3
REACTIVE_PROFILE_V21 scope="prototype" jobElapsedSeconds=0 integrationFallbacks=0 chemical_rhsCalls=0 chemical_uvCalls=0 chemical_fixedStateCalls=0 chemical_jacobianCalls=0 chemical_structuredCalls=0 chemical_fallbackCalls=0 sparse_setups=0 sparse_products=0 sparse_preconditioners=0 sparse_preconditionerSolves=0 sparse_sparseIntegrations=0 sparse_denseIntegrations=0 sparse_denseFallbacks=0 sparse_nonzeros=0 timing_jvSetups=0 timing_preconditionerSetups=0 timing_jacobianCacheHits=0 timing_patternBuilds=0 timing_preconditionerReuses=0 timing_symbolicAnalyses=0 timing_numericFactorizations=0 timing_workspaceCreates=0 timing_workspaceReinitializations=0 timing_factorNonzeros=0 timing_thermoSeconds=0 timing_kineticsSeconds=0 timing_csrSeconds=0 timing_symbolicSeconds=0 timing_factorSeconds=0 timing_solveSeconds=0 realFluid_eosEvaluations=512001 realFluid_referenceEvaluations=0 realFluid_derivativeEvaluations=0 realFluid_scalarAttempts=512003 realFluid_scalarAccepted=512001 realFluid_scalarFallbacks=2 realFluid_scalarIterations=0 realFluid_flashResiduals=3238 realFluid_tangentBuilds=0 realFluid_tangentSolves=0 realFluid_sourceJv=0 realFluid_sourceJvFallbacks=0 trhoStateEvaluations=512003 densityRootChecks=512003 fullPhaseEvaluations=2076230 energyCvEvaluations=512003 selectedMuEvaluations=514037 partialHEvaluations=0 scalarProbes=512003 bracketRejects=0 branchFallbacks=2 flashCandidates=10 linearizationBuilds=0 linearizationApplies=0 FzFactorizations=0 sourceRhsCalls=0 sourceDirectionProbes=0 RzBuilds=0 JvFallbacks=0 nasaCoefficientVisits=1024004 nasaAggregateBuilds=512003 nasaAggregateEvaluations=512003 exactMixingEvaluations=512003 branchCertificates=512001 matrixFreeSetups=0 matrixFreeProducts=0 matrixFreeIntegrations=0 matrixFreeIntegrationFallbacks=0 woodburySetups=0 woodburyFactors=0 woodburySolves=0 woodburyFallbacks=0 diagnosticJvCalls=0 oneSidedProbes=0 derivativeRetries=0 sourceAttempts=0 sourceAccepted=0 sourceFailed=0
REACTIVE_PROFILE_V21 scope="worker_0" jobElapsedSeconds=0 integrationFallbacks=0 chemical_rhsCalls=0 chemical_uvCalls=0 chemical_fixedStateCalls=0 chemical_jacobianCalls=0 chemical_structuredCalls=0 chemical_fallbackCalls=0 sparse_setups=0 sparse_products=0 sparse_preconditioners=0 sparse_preconditionerSolves=0 sparse_sparseIntegrations=0 sparse_denseIntegrations=0 sparse_denseFallbacks=0 sparse_nonzeros=0 timing_jvSetups=0 timing_preconditionerSetups=0 timing_jacobianCacheHits=0 timing_patternBuilds=0 timing_preconditionerReuses=0 timing_symbolicAnalyses=0 timing_numericFactorizations=0 timing_workspaceCreates=0 timing_workspaceReinitializations=0 timing_factorNonzeros=0 timing_thermoSeconds=0 timing_kineticsSeconds=0 timing_csrSeconds=0 timing_symbolicSeconds=0 timing_factorSeconds=0 timing_solveSeconds=0 realFluid_eosEvaluations=0 realFluid_referenceEvaluations=0 realFluid_derivativeEvaluations=0 realFluid_scalarAttempts=0 realFluid_scalarAccepted=0 realFluid_scalarFallbacks=0 realFluid_scalarIterations=0 realFluid_flashResiduals=0 realFluid_tangentBuilds=0 realFluid_tangentSolves=0 realFluid_sourceJv=0 realFluid_sourceJvFallbacks=0 trhoStateEvaluations=0 densityRootChecks=0 fullPhaseEvaluations=0 energyCvEvaluations=0 selectedMuEvaluations=0 partialHEvaluations=0 scalarProbes=0 bracketRejects=0 branchFallbacks=0 flashCandidates=0 linearizationBuilds=0 linearizationApplies=0 FzFactorizations=0 sourceRhsCalls=0 sourceDirectionProbes=0 RzBuilds=0 JvFallbacks=0 nasaCoefficientVisits=0 nasaAggregateBuilds=0 nasaAggregateEvaluations=0 exactMixingEvaluations=0 branchCertificates=0 matrixFreeSetups=0 matrixFreeProducts=0 matrixFreeIntegrations=0 matrixFreeIntegrationFallbacks=0 woodburySetups=0 woodburyFactors=0 woodburySolves=0 woodburyFallbacks=0 diagnosticJvCalls=0 oneSidedProbes=0 derivativeRetries=0 sourceAttempts=0 sourceAccepted=0 sourceFailed=0
REACTIVE_PROFILE_V21 scope="workers" jobElapsedSeconds=0 integrationFallbacks=0 chemical_rhsCalls=0 chemical_uvCalls=0 chemical_fixedStateCalls=0 chemical_jacobianCalls=0 chemical_structuredCalls=0 chemical_fallbackCalls=0 sparse_setups=0 sparse_products=0 sparse_preconditioners=0 sparse_preconditionerSolves=0 sparse_sparseIntegrations=0 sparse_denseIntegrations=0 sparse_denseFallbacks=0 sparse_nonzeros=0 timing_jvSetups=0 timing_preconditionerSetups=0 timing_jacobianCacheHits=0 timing_patternBuilds=0 timing_preconditionerReuses=0 timing_symbolicAnalyses=0 timing_numericFactorizations=0 timing_workspaceCreates=0 timing_workspaceReinitializations=0 timing_factorNonzeros=0 timing_thermoSeconds=0 timing_kineticsSeconds=0 timing_csrSeconds=0 timing_symbolicSeconds=0 timing_factorSeconds=0 timing_solveSeconds=0 realFluid_eosEvaluations=0 realFluid_referenceEvaluations=0 realFluid_derivativeEvaluations=0 realFluid_scalarAttempts=0 realFluid_scalarAccepted=0 realFluid_scalarFallbacks=0 realFluid_scalarIterations=0 realFluid_flashResiduals=0 realFluid_tangentBuilds=0 realFluid_tangentSolves=0 realFluid_sourceJv=0 realFluid_sourceJvFallbacks=0 trhoStateEvaluations=0 densityRootChecks=0 fullPhaseEvaluations=0 energyCvEvaluations=0 selectedMuEvaluations=0 partialHEvaluations=0 scalarProbes=0 bracketRejects=0 branchFallbacks=0 flashCandidates=0 linearizationBuilds=0 linearizationApplies=0 FzFactorizations=0 sourceRhsCalls=0 sourceDirectionProbes=0 RzBuilds=0 JvFallbacks=0 nasaCoefficientVisits=0 nasaAggregateBuilds=0 nasaAggregateEvaluations=0 exactMixingEvaluations=0 branchCertificates=0 matrixFreeSetups=0 matrixFreeProducts=0 matrixFreeIntegrations=0 matrixFreeIntegrationFallbacks=0 woodburySetups=0 woodburyFactors=0 woodburySolves=0 woodburyFallbacks=0 diagnosticJvCalls=0 oneSidedProbes=0 derivativeRetries=0 sourceAttempts=0 sourceAccepted=0 sourceFailed=0
REACTIVE_CLOSURE_PROFILE eligibleCells=0 uniqueCells=0 reusedCells=0 failedRepresentativeRetries=0 gpuSubmitted=0 gpuConverged=0 gpuApproved=0 gpuRejected=0 gpuUnsupported=0 gpuLaunches=0 gpuTransferBytes=0 hostBytes=32768 liquidCacheHits=0 liquidCacheMisses=0 deviceBytes=0 classifySeconds=0.062760434000000156 prepareSeconds=0 gpuWallSeconds=0 gpuKernelSeconds=0 gpuCopySeconds=0
REACTIVE_GPU_HEM batches=16625 submitted=68096000 succeeded=68096000 cpuFallbacks=0 deviceFailures=0 phaseEvaluations=281723948 residualEvaluations=10981959 flashCandidates=3343050 stableCandidates=68112384 transferBytes=29145886000 analyticJacobians=0 finiteDifferenceJacobians=434539 hostBytes=3340632 deviceBytes=2029992 wallSeconds=61.012167623999886 kernelSeconds=57.989431624978806 copySeconds=2.2355868676602877
REACTIVE_BATCH_V21 attempted=16625 accepted=16625 failed=0 batchWallSeconds=62.762542959999642 workerJobSecondsSum=0 workerJobSecondsMax=0 poolScratchBytes=6420824 flowStagingBytes=884736 workerOwnedBytesKnownLowerBound=58104 workerInternalBytesUnmeasured=1
REACTIVE_WORKER_TIME metric=thermoSeconds sum=0 max=0
REACTIVE_WORKER_TIME metric=kineticsSeconds sum=0 max=0
REACTIVE_WORKER_TIME metric=csrSeconds sum=0 max=0
REACTIVE_WORKER_TIME metric=symbolicSeconds sum=0 max=0
REACTIVE_WORKER_TIME metric=factorSeconds sum=0 max=0
REACTIVE_WORKER_TIME metric=solveSeconds sum=0 max=0
REACTIVE_PROFILE_V21 scope="combined" jobElapsedSeconds=0 integrationFallbacks=0 chemical_rhsCalls=0 chemical_uvCalls=0 chemical_fixedStateCalls=0 chemical_jacobianCalls=0 chemical_structuredCalls=0 chemical_fallbackCalls=0 sparse_setups=0 sparse_products=0 sparse_preconditioners=0 sparse_preconditionerSolves=0 sparse_sparseIntegrations=0 sparse_denseIntegrations=0 sparse_denseFallbacks=0 sparse_nonzeros=0 timing_jvSetups=0 timing_preconditionerSetups=0 timing_jacobianCacheHits=0 timing_patternBuilds=0 timing_preconditionerReuses=0 timing_symbolicAnalyses=0 timing_numericFactorizations=0 timing_workspaceCreates=0 timing_workspaceReinitializations=0 timing_factorNonzeros=0 timing_thermoSeconds=0 timing_kineticsSeconds=0 timing_csrSeconds=0 timing_symbolicSeconds=0 timing_factorSeconds=0 timing_solveSeconds=0 realFluid_eosEvaluations=512001 realFluid_referenceEvaluations=0 realFluid_derivativeEvaluations=0 realFluid_scalarAttempts=512003 realFluid_scalarAccepted=512001 realFluid_scalarFallbacks=2 realFluid_scalarIterations=0 realFluid_flashResiduals=3238 realFluid_tangentBuilds=0 realFluid_tangentSolves=0 realFluid_sourceJv=0 realFluid_sourceJvFallbacks=0 trhoStateEvaluations=512003 densityRootChecks=512003 fullPhaseEvaluations=2076230 energyCvEvaluations=512003 selectedMuEvaluations=514037 partialHEvaluations=0 scalarProbes=512003 bracketRejects=0 branchFallbacks=2 flashCandidates=10 linearizationBuilds=0 linearizationApplies=0 FzFactorizations=0 sourceRhsCalls=0 sourceDirectionProbes=0 RzBuilds=0 JvFallbacks=0 nasaCoefficientVisits=1024004 nasaAggregateBuilds=512003 nasaAggregateEvaluations=512003 exactMixingEvaluations=512003 branchCertificates=512001 matrixFreeSetups=0 matrixFreeProducts=0 matrixFreeIntegrations=0 matrixFreeIntegrationFallbacks=0 woodburySetups=0 woodburyFactors=0 woodburySolves=0 woodburyFallbacks=0 diagnosticJvCalls=0 oneSidedProbes=0 derivativeRetries=0 sourceAttempts=0 sourceAccepted=0 sourceFailed=0
REACTIVE_CHEMISTRY scope=combined rhsCalls=0 uvCalls=0 fixedStateCalls=0 structuredCalls=0 fallbackCalls=0 integrationFallbacks=0
REACTIVE_SPARSE scope=combined nnzMeaning=last_snapshot_sum setups=0 products=0 nonzeros=0 sparseIntegrations=0 denseIntegrations=0 denseFallbacks=0
REACTIVE_CHEMICAL_PROFILE scope=combined factorNnzMeaning=last_snapshot_sum jvSetups=0 preconditionerSetups=0 jacobianCacheHits=0 preconditionerReuses=0 patternBuilds=0 symbolicAnalyses=0 numericFactorizations=0 factorNonzeros=0 workspaceCreates=0 workspaceReinitializations=0 thermoSeconds=0 kineticsSeconds=0 csrSeconds=0 symbolicSeconds=0 factorSeconds=0 solveSeconds=0
REACTIVE_REAL_FLUID scope=combined eosEvaluations=512001 scalarAttempts=512003 scalarAccepted=512001 scalarFallbacks=2 scalarIterations=0
REACTIVE_BATCH workers=1 capacity=4096 scratchBytes=6420824 batches=16625 cells=68096000 failures=0 scope=bounded_scratch_excludes_Cantera_CVODE_worker_allocations
REACTIVE_TRANSPORT_V21 layoutTiles=4900 layoutLaunches=4900 memcpyCalls=8082 payloadBytes=27826527864 nasaValidationEvaluations=0 nasaFaceEvaluations=0 detailedGasCounters=0 temperatureBasisBuilds=0 temperatureBasisBytes=0 pinnedBytes=1048536 deviceStagingBytes=1048536 slotCells=14563 slots=1 blockThreads=256 eventWaits=4900 failedCalls=0 stageBarrier=full closureDownloadsPerRK=2 overlapValidated=0
REACTIVE_MEMORY liveBytes=742011840 peakBytes=742011840 bridgeBytes=1048536 conservedWorkspaceBytes=77419008 gasWorkspaceBytes=0 rhsWorkspaceBytes=0 d2dBytes=1845504 synchronizations=1172
REACTIVE_CAPILLARY_PROFILE enabled=1 geometryBuilds=308 geometryKernels=616 faceFluxBuilds=105753600 workspaceBytes=41165060 closureIterations=133
REACTIVE_WALE gradientBuilds=139 viscosityBuilds=139 cellsEvaluated=71168000 workspaceBytes=4096004
REACTIVE_WALE_SCALARS fieldUploads=0 fieldUploadBytes=0 workspaceBytes=21505280 hostEnthalpyCells=0 hostPropertySeconds=0 propertyStageSeconds=1.8639476969999986 fluxBackend=cuda
REACTIVE_WALE_PR backend=device-pr builds=139 cells=71168000 kernels=278 failures=0 inputUploadBytes=13640753840 scratchBytes=127023456 wallSeconds=1.1564865299999998
REACTIVE_TRANSPORT allocatedBytes=742011840 uploadedBytes=22782497476 downloadedBytes=5042184884 kernelLaunches=6752 stages=68 stepQueries=68
REACTIVE_TRANSFER conservedUploads=68 conservedUploadBytes=2506752000 conservedDownloadBytes=2506752000 stateUploadBytes=3985408000 primitiveUploadBytes=1163264000 gasUploadBytes=0 boundaryPartitions=150
REACTIVE_DEVICE_PROPERTIES builds=0 cells=0 partitionUploadBytes=0 thermoTableBytes=0 gasStatusChecks=0 cflFaceLaunches=68 transportFaceLaunches=68 faceWorkspaceBytes=223948800
End
