/*---------------------------------------------------------------------------*\
| =========                 |                                                 |
| \\      /  F ield         | OpenFOAM: The Open Source CFD Toolbox           |
|  \\    /   O peration     | Version:  2512                                  |
|   \\  /    A nd           | Website:  www.openfoam.com                      |
|    \\/     M anipulation  |                                                 |
\*---------------------------------------------------------------------------*/
Build  : 5916a466-20260728 OPENFOAM=2512 version=v2512
Arch   : "LSB;label=32;scalar=64"
Exec   : /home/jsw/문서/analysis/spuma-multiphysics-spray-physics/bin/ReactiveFoam -case /home/jsw/문서/analysis/runs/impinging_n2o_cube80_z40_1us_20260923/n80/full-physics/ambient_40bar_abs
Date   : Sep 23 2026
Time   : 22:18:13
Host   : jsw-ubuntu
PID    : 56218
I/O    : uncollated
Case   : /home/jsw/문서/analysis/runs/impinging_n2o_cube80_z40_1us_20260923/n80/full-physics/ambient_40bar_abs
nProcs : 1
memory pool : not available
fileModificationChecking : Monitoring run-time modified files using timeStampMaster (fileModificationSkew 5, maxFileModificationPolls 20)
allowSystemOperations : Allowing user-supplied system call operations

// * * * * * * * * * * * * * * * * * * * * * * * * * * * * * * * * * * * * * //
Initializing CUDA devices

CUDA Driver Version / Runtime Version:  13.2 / 13.2
Number of threads per block: 128

Create dummyMemoryPool
 
Create time

Create mesh for time = 0

REACTIVE_RECOVERY mode=reference baseline=reference_candidate_search fallback=none
REACTIVE_CLOSURE_ACCELERATION exactBatchReuse=0 scalarBackend=cpu fullBackend=cuda deviceFullClosure=1 closureJacobian=finiteDifference requestedClosureJacobian=finiteDifference
REACTIVE_RUNTIME runId="56218-13799161667208" solverSha256="4f59195d821988335697c8a515a55ffc960da7442f77f91dadd8d1b803b44858" manifest={"schema":1,"backendPath":"/home/jsw/문서/analysis/spuma-multiphysics-spray-physics/lib/libpintleReactiveBackend.so","backendSha256":"7d3308ad0bf05428d25829ee9be55afd0f1149494573143bb9845ddbd760ad25","thermoConfiguration":"/home/jsw/문서/analysis/runs/impinging_n2o_cube80_z40_1us_20260923/n80/base/thermo/cold-pr-config.yaml","physicalModelHash":"e8a14864dd2082dde742598dbbcc5f0f2454bc521d93b9a3bd0befc47d4c9c4e","numericalPolicyHash":"84a6d15bb9da7f2463c14bf7ebc679532d122ce30a0d49e997b139830a94d781","modelFingerprint":"3133b93a24cf9f4c2583672f47707b43542c1fc324317681d5995a164c3117ce","eos":"Peng-Robinson","closureBackend":"cuda","chemistryBackend":"cpu","deviceFullClosure":true,"deviceChemistryIntegration":false,"closureCpuFallback":false,"closureJacobian":"finiteDifference","solidN2O":false,"enforceSpeciesTemperatureBounds":true,"exactBatchReuse":false,"deviceCaloricCandidates":false,"deviceCaloricScope":"no-condensable-inventory; NASA/PR-alpha single interval; host branch/residual/stability approval","hemLibrary":"/home/jsw/문서/analysis/spuma-multiphysics-spray-physics/lib/libpintleReactiveTransport.so","hemLibrarySha256":"07434f8a9624d00bce8c9694ecaa997da227b6acb0cc4c1878d294ebfcf8e15f","hemNumericalPolicy":"legacy-fp64-separate-rn","deviceHemScope":"PR; nonreacting HEM; all reference candidates and boundary fallback; experimental"}
REACTIVE_TURBULENCE model=WALE-stress-v1 backend=cuda Cw=0.32500000000000001 filter=cubeRootVolume stressWork=1 sgsHeatFlux=1 sgsSpeciesMixing=1 Prt=0.84999999999999998 Sct=0.69999999999999996 scalarPropertyBackend=device-pr scalarFluxBackend=cuda sgsK=none TCI=0
REACTIVE_PHYSICS chemistry=0 combustion=0 phaseChange=equilibrium viscosity=1 heatConduction=1 speciesDiffusion=0 turbulence=WALE-stress-v1 turbulentHeatFlux=1 turbulentSpeciesMixing=1 surfaceTension=1 interfaceModel=diffuse-liquid-inventory-v1 totalEnergy=1 thermodynamicRecovery=1 frozenLiquidFields=0 transportedLiquidFields=1
REACTIVE_CAPILLARY sigma=0.0020577273399028486 geometryBackend=cuda tractionBackend=cuda closureBackend=cuda pressureModel=curved-phase-split surfaceEnergyInTotal=1 capillaryCfl=0.25 geometryScheme=Gauss-diffuse noPLIC=1
REACTIVE_PHYSICAL_MODEL hash=e8a14864dd2082dde742598dbbcc5f0f2454bc521d93b9a3bd0befc47d4c9c4e numericalPolicyHash=84a6d15bb9da7f2463c14bf7ebc679532d122ce30a0d49e997b139830a94d781 eos=Peng-Robinson realEOS=1 phaseEquilibrium=1 nonidealDiffusion=0 deviceClosure=1 deviceKinetics=0 mixtureLiquid=0
REACTIVE_BACKENDS transport=cuda thermodynamics=cuda chemistry=cpu chemicalLinearSolver=dense transportGasProperties=disabled
REACTIVE_MODEL cells=512000 species=4 reactions=0 liquids=1 estimatedHostBytes=1395155968 chemistry=0
REACTIVE_SPECIES index=0 name=N2
REACTIVE_SPECIES index=1 name=O2
REACTIVE_SPECIES index=2 name=N2O
REACTIVE_SPECIES index=3 name=IC3H7OH
REACTIVE_CHECKPOINT time=0 acceptedSteps=0 complete=1 schema=3
REACTIVE_ATTEMPT_PROFILE attempt=2 accepted=1 retry=0 sourceCalls=0 fullPhaseEvaluations=0 scalarProbes=0 rootChecks=0 matrixFreeProducts=0 factorBuilds=0 workerJobElapsedSeconds=0
REACTIVE_STEP time=2.9999999999999997e-08 dt=2.9999999999999997e-08 retries=0 massResidual=3.4403042206271061e-15 energyResidual=-1.3100095019242992e-15 momentumResidual=1.2849655717941237e-21 globalElementResidual=3.2839416834165498e-15 frozenLiquidResidual=0 speciesResidual=3.1887106787374328e-15 elementDrift=0 minP=3997292.5877975537 maxP=3999999.9999999977 minT=292.630808461453 maxT=293.14999999999998 maxMach=0.00020305449339790899 minAlphaGas=0.99999999999999989 maxAlphaGas=1.0000000000000002 maxVolumeResidual=2.2204460492503131e-16 maxUVResidual=1.3847612009217423e-12 maxMuResidual=0 maxMechanicalResidual=0 seconds=1.3959921740000001
REACTIVE_CAPILLARY_STEP time=2.9999999999999997e-08 area=3.2000000000000026e-05 surfaceEnergy=6.5847274876891211e-08 liquidMass=0 closureResidual=0 recoveryCalls=3 outerIterations=3
REACTIVE_STEP_TIMINGS time=2.9999999999999997e-08 cflSeconds=0.070929200999999997 backupSeconds=0.033978976000000001 transportSeconds=0.097060203999999997 recoverySeconds=1.1872372039999999 sourceSeconds=0 conservationSeconds=0.0029570389999999998 diagnosticsSeconds=0.0037779889999999998 nestedBatchPackSeconds=0.010434246000000005 nestedBatchCallSeconds=1.0885299340000001 nestedBatchScatterSeconds=0 nestedScalarPropertySeconds=0.053284077000000006 otherSeconds=5.1561000000287412e-05
REACTIVE_GPU_HEM_STEP time=2.9999999999999997e-08 batches=250 submitted=1024000 succeeded=1024000 cpuFallbacks=0 deviceFailures=0 phaseEvaluations=4232624 residualEvaluations=221040 analyticJacobians=0 finiteDifferenceJacobians=10448 wallSeconds=1.0623334170000003 kernelSeconds=1.0168538497388369 copySeconds=0.033676992222666714
REACTIVE_CHECKPOINT time=2.9999999999999997e-08 acceptedSteps=1 complete=1 schema=3
REACTIVE_ATTEMPT_PROFILE attempt=3 accepted=1 retry=0 sourceCalls=0 fullPhaseEvaluations=0 scalarProbes=0 rootChecks=0 matrixFreeProducts=0 factorBuilds=0 workerJobElapsedSeconds=0
REACTIVE_STEP time=5.9999999999999995e-08 dt=2.9999999999999997e-08 retries=0 massResidual=9.337492495845915e-15 energyResidual=-1.3285879373647109e-15 momentumResidual=2.3974732118435598e-21 globalElementResidual=8.7060977313331706e-15 frozenLiquidResidual=0 speciesResidual=8.4536296647031944e-15 elementDrift=0 minP=3994473.3308413029 maxP=3999999.9999999977 minT=292.10539349339126 maxT=293.14999999999998 maxMach=0.00040079781511363381 minAlphaGas=0.99999999999999967 maxAlphaGas=1.0000000000000004 maxVolumeResidual=4.4408920985006262e-16 maxUVResidual=1.8903978321301636e-11 maxMuResidual=0 maxMechanicalResidual=0 seconds=2.5116288739999999
REACTIVE_CAPILLARY_STEP time=5.9999999999999995e-08 area=3.2000000000000026e-05 surfaceEnergy=6.5847274876891211e-08 liquidMass=0 closureResidual=0 recoveryCalls=5 outerIterations=5
REACTIVE_STEP_TIMINGS time=5.9999999999999995e-08 cflSeconds=0.071331378000000001 backupSeconds=0.033676499999999998 transportSeconds=0.095984817 recoverySeconds=2.30419222 sourceSeconds=0 conservationSeconds=0.002632611 diagnosticsSeconds=0.0037703839999999999 nestedBatchPackSeconds=0.010409325999999995 nestedBatchCallSeconds=2.2064797290000007 nestedBatchScatterSeconds=0 nestedScalarPropertySeconds=0.052776971000000006 otherSeconds=4.0963999999832704e-05
REACTIVE_GPU_HEM_STEP time=5.9999999999999995e-08 batches=250 submitted=1024000 succeeded=1024000 cpuFallbacks=0 deviceFailures=0 phaseEvaluations=4620712 residualEvaluations=882160 analyticJacobians=0 finiteDifferenceJacobians=40296 wallSeconds=2.1801736189999996 kernelSeconds=2.1349579417705566 copySeconds=0.033395008191466291
REACTIVE_ATTEMPT_PROFILE attempt=4 accepted=1 retry=0 sourceCalls=0 fullPhaseEvaluations=0 scalarProbes=0 rootChecks=0 matrixFreeProducts=0 factorBuilds=0 workerJobElapsedSeconds=0
REACTIVE_STEP time=8.9999999999999985e-08 dt=2.9999999999999997e-08 retries=0 massResidual=1.4218003096904196e-14 energyResidual=4.2162982043670415e-15 momentumResidual=4.1174331204044174e-21 globalElementResidual=1.4025562849216934e-14 frozenLiquidResidual=0 speciesResidual=1.3618835837109675e-14 elementDrift=0 minP=3991548.477544189 maxP=3999999.9999999977 minT=291.57414444383187 maxT=293.14999999999998 maxMach=0.00059332780712031442 minAlphaGas=0.99999999999999967 maxAlphaGas=1.0000000000000004 maxVolumeResidual=4.4408920985006262e-16 maxUVResidual=1.6933093678090298e-10 maxMuResidual=0 maxMechanicalResidual=0 seconds=3.7308081180000001
REACTIVE_CAPILLARY_STEP time=8.9999999999999985e-08 area=3.2000000000000026e-05 surfaceEnergy=6.5847274876891211e-08 liquidMass=0 closureResidual=0 recoveryCalls=7 outerIterations=7
REACTIVE_STEP_TIMINGS time=8.9999999999999985e-08 cflSeconds=0.070464552 backupSeconds=0.033404858000000003 transportSeconds=0.096463190000000004 recoverySeconds=3.5242262689999997 sourceSeconds=0 conservationSeconds=0.002454927 diagnosticsSeconds=0.0037573960000000001 nestedBatchPackSeconds=0.010501288999999988 nestedBatchCallSeconds=3.4255406120000007 nestedBatchScatterSeconds=0 nestedScalarPropertySeconds=0.052847552999999999 otherSeconds=3.6926000000567314e-05
REACTIVE_GPU_HEM_STEP time=8.9999999999999985e-08 batches=250 submitted=1024000 succeeded=1024000 cpuFallbacks=0 deviceFailures=0 phaseEvaluations=5313994 residualEvaluations=2057200 analyticJacobians=0 finiteDifferenceJacobians=93744 wallSeconds=3.3991136210000015 kernelSeconds=3.3536520800888541 copySeconds=0.033590784162282922
REACTIVE_ATTEMPT_PROFILE attempt=5 accepted=1 retry=0 sourceCalls=0 fullPhaseEvaluations=0 scalarProbes=0 rootChecks=0 matrixFreeProducts=0 factorBuilds=0 workerJobElapsedSeconds=0
REACTIVE_STEP time=1.1999999999999999e-07 dt=2.9999999999999997e-08 retries=0 massResidual=1.5165972317089522e-14 energyResidual=2.7702075352045246e-15 momentumResidual=5.4693801210458088e-21 globalElementResidual=1.4188294688707193e-14 frozenLiquidResidual=0 speciesResidual=1.3776848060213714e-14 elementDrift=0 minP=3988524.4233695525 maxP=3999999.9999999977 minT=291.03746042361405 maxT=293.14999999999998 maxMach=0.00078074906797130281 minAlphaGas=0.99999999999999967 maxAlphaGas=1.0000000000000004 maxVolumeResidual=4.4408920985006262e-16 maxUVResidual=6.3701445754810739e-10 maxMuResidual=0 maxMechanicalResidual=0 seconds=4.4945773070000001
REACTIVE_CAPILLARY_STEP time=1.1999999999999999e-07 area=3.2000000000000026e-05 surfaceEnergy=6.5847274876891211e-08 liquidMass=0 closureResidual=0 recoveryCalls=9 outerIterations=9
REACTIVE_STEP_TIMINGS time=1.1999999999999999e-07 cflSeconds=0.069930513999999999 backupSeconds=0.033643792999999998 transportSeconds=0.096184606000000006 recoverySeconds=4.2884891239999998 sourceSeconds=0 conservationSeconds=0.0025262969999999998 diagnosticsSeconds=0.0037651210000000002 nestedBatchPackSeconds=0.010485056999999989 nestedBatchCallSeconds=4.1902178719999963 nestedBatchScatterSeconds=0 nestedScalarPropertySeconds=0.052514591999999999 otherSeconds=3.7852000000164476e-05
REACTIVE_GPU_HEM_STEP time=1.1999999999999999e-07 batches=250 submitted=1024000 succeeded=1024000 cpuFallbacks=0 deviceFailures=0 phaseEvaluations=6216430 residualEvaluations=3593082 analyticJacobians=0 finiteDifferenceJacobians=163339 wallSeconds=4.1637547509999999 kernelSeconds=4.1183237915635136 copySeconds=0.033565952144563177
REACTIVE_ATTEMPT_PROFILE attempt=6 accepted=1 retry=0 sourceCalls=0 fullPhaseEvaluations=0 scalarProbes=0 rootChecks=0 matrixFreeProducts=0 factorBuilds=0 workerJobElapsedSeconds=0
REACTIVE_STEP time=1.4999999999999999e-07 dt=2.9999999999999997e-08 retries=0 massResidual=2.209897494331368e-14 energyResidual=-1.6469356591340945e-15 momentumResidual=5.2230116471248262e-21 globalElementResidual=2.0950289334883019e-14 frozenLiquidResidual=0 speciesResidual=2.0342751598147617e-14 elementDrift=0 minP=3985407.7280518818 maxP=3999999.9999999977 minT=290.49575139072601 maxT=293.14999999999998 maxMach=0.0009631729041928471 minAlphaGas=0.99999999999999967 maxAlphaGas=1.0000000000000004 maxVolumeResidual=4.4408920985006262e-16 maxUVResidual=8.1777646314867416e-10 maxMuResidual=0 maxMechanicalResidual=0 seconds=5.3965546670000002
REACTIVE_CAPILLARY_STEP time=1.4999999999999999e-07 area=3.2000000000000026e-05 surfaceEnergy=6.5847274876891211e-08 liquidMass=0 closureResidual=0 recoveryCalls=11 outerIterations=11
REACTIVE_STEP_TIMINGS time=1.4999999999999999e-07 cflSeconds=0.069981685000000002 backupSeconds=0.033862125999999999 transportSeconds=0.097697118999999999 recoverySeconds=5.1885502470000002 sourceSeconds=0 conservationSeconds=0.0026533949999999998 diagnosticsSeconds=0.003771403 nestedBatchPackSeconds=0.010551964999999998 nestedBatchCallSeconds=5.0890245520000015 nestedBatchScatterSeconds=0 nestedScalarPropertySeconds=0.053505949999999997 otherSeconds=3.8691999999794328e-05
REACTIVE_GPU_HEM_STEP time=1.4999999999999999e-07 batches=250 submitted=1024000 succeeded=1024000 cpuFallbacks=0 deviceFailures=0 phaseEvaluations=7358868 residualEvaluations=5523490 analyticJacobians=0 finiteDifferenceJacobians=251295 wallSeconds=5.0623486579999941 kernelSeconds=5.0165141111016371 copySeconds=0.033876608118414836
REACTIVE_ATTEMPT_PROFILE attempt=7 accepted=1 retry=0 sourceCalls=0 fullPhaseEvaluations=0 scalarProbes=0 rootChecks=0 matrixFreeProducts=0 factorBuilds=0 workerJobElapsedSeconds=0
REACTIVE_STEP time=1.8e-07 dt=2.9999999999999997e-08 retries=0 massResidual=2.1827319720839875e-14 energyResidual=3.9137596908100063e-15 momentumResidual=6.7012224906507202e-21 globalElementResidual=2.0211678372627363e-14 frozenLiquidResidual=0 speciesResidual=1.9625560816145615e-14 elementDrift=0 minP=3982205.131932206 maxP=3999999.9999999977 minT=289.9494391734915 maxT=293.14999999999998 maxMach=0.0011407172512181299 minAlphaGas=0.99999999999999967 maxAlphaGas=1.0000000000000004 maxVolumeResidual=4.4408920985006262e-16 maxUVResidual=7.9262305674131092e-11 maxMuResidual=0 maxMechanicalResidual=0 seconds=5.8750723100000002
REACTIVE_CAPILLARY_STEP time=1.8e-07 area=3.2000000000000026e-05 surfaceEnergy=6.5847274876891211e-08 liquidMass=0 closureResidual=0 recoveryCalls=13 outerIterations=13
REACTIVE_STEP_TIMINGS time=1.8e-07 cflSeconds=0.070007240999999998 backupSeconds=0.034372325000000002 transportSeconds=0.095524530999999996 recoverySeconds=5.6686271969999993 sourceSeconds=0 conservationSeconds=0.0026122540000000001 diagnosticsSeconds=0.003888922 nestedBatchPackSeconds=0.010644493000000007 nestedBatchCallSeconds=5.5702631050000067 nestedBatchScatterSeconds=0 nestedScalarPropertySeconds=0.052134719999999996 otherSeconds=3.9840000001676364e-05
REACTIVE_GPU_HEM_STEP time=1.8e-07 batches=250 submitted=1024000 succeeded=1024000 cpuFallbacks=0 deviceFailures=0 phaseEvaluations=8520826 residualEvaluations=7498201 analyticJacobians=0 finiteDifferenceJacobians=340892 wallSeconds=5.5431665610000174 kernelSeconds=5.4973015691042022 copySeconds=0.033845760256051877
REACTIVE_ATTEMPT_PROFILE attempt=8 accepted=1 retry=0 sourceCalls=0 fullPhaseEvaluations=0 scalarProbes=0 rootChecks=0 matrixFreeProducts=0 factorBuilds=0 workerJobElapsedSeconds=0
REACTIVE_STEP time=2.1e-07 dt=2.9999999999999997e-08 retries=0 massResidual=1.9508465988868525e-14 energyResidual=-1.747137655235742e-17 momentumResidual=6.5903566773862782e-21 globalElementResidual=1.8543719167374832e-14 frozenLiquidResidual=0 speciesResidual=1.8005969583171776e-14 elementDrift=0 minP=3978923.5724444059 maxP=3999999.9999999977 minT=289.39895849925222 maxT=293.14999999999998 maxMach=0.0013135065594921302 minAlphaGas=0.99999999999999967 maxAlphaGas=1.0000000000000004 maxVolumeResidual=4.4408920985006262e-16 maxUVResidual=1.8625310899094003e-10 maxMuResidual=0 maxMechanicalResidual=0 seconds=6.5569162309999998
REACTIVE_CAPILLARY_STEP time=2.1e-07 area=3.2000000000000026e-05 surfaceEnergy=6.5847274876891211e-08 liquidMass=0 closureResidual=0 recoveryCalls=15 outerIterations=15
REACTIVE_STEP_TIMINGS time=2.1e-07 cflSeconds=0.071884847000000002 backupSeconds=0.034433511 transportSeconds=0.096889119999999995 recoverySeconds=6.3472174590000003 sourceSeconds=0 conservationSeconds=0.0026563979999999999 diagnosticsSeconds=0.0037957920000000001 nestedBatchPackSeconds=0.010434763 nestedBatchCallSeconds=6.247920420999999 nestedBatchScatterSeconds=0 nestedScalarPropertySeconds=0.053690670000000003 otherSeconds=3.9103999999925282e-05
REACTIVE_GPU_HEM_STEP time=2.1e-07 batches=250 submitted=1024000 succeeded=1024000 cpuFallbacks=0 deviceFailures=0 phaseEvaluations=9515720 residualEvaluations=9174832 analyticJacobians=0 finiteDifferenceJacobians=417511 wallSeconds=6.220995666000011 kernelSeconds=6.1752731210887291 copySeconds=0.033810368135571589
REACTIVE_ATTEMPT_PROFILE attempt=9 accepted=1 retry=0 sourceCalls=0 fullPhaseEvaluations=0 scalarProbes=0 rootChecks=0 matrixFreeProducts=0 factorBuilds=0 workerJobElapsedSeconds=0
REACTIVE_STEP time=2.3999999999999998e-07 dt=2.9999999999999997e-08 retries=0 massResidual=2.2162898888287548e-14 energyResidual=2.2369260683281152e-15 momentumResidual=8.2779807237450077e-21 globalElementResidual=2.0772300593440185e-14 frozenLiquidResidual=0 speciesResidual=2.016992443926231e-14 elementDrift=0 minP=3975570.2005480458 maxP=3999999.9999999977 minT=288.84475801569806 maxT=293.14999999999998 maxMach=0.001481671642259834 minAlphaGas=0.99999999999999967 maxAlphaGas=1.0000000000000004 maxVolumeResidual=4.4408920985006262e-16 maxUVResidual=3.810467911523203e-10 maxMuResidual=0 maxMechanicalResidual=0 seconds=7.0689469660000004
REACTIVE_CAPILLARY_STEP time=2.3999999999999998e-07 area=3.2000000000000026e-05 surfaceEnergy=6.5847274876891211e-08 liquidMass=0 closureResidual=0 recoveryCalls=17 outerIterations=17
REACTIVE_STEP_TIMINGS time=2.3999999999999998e-07 cflSeconds=0.070815806000000009 backupSeconds=0.034591973999999998 transportSeconds=0.09633650299999999 recoverySeconds=6.8607747420000003 sourceSeconds=0 conservationSeconds=0.0025923019999999999 diagnosticsSeconds=0.0037973289999999999 nestedBatchPackSeconds=0.010494029000000007 nestedBatchCallSeconds=6.7621779029999951 nestedBatchScatterSeconds=0 nestedScalarPropertySeconds=0.052542083000000003 otherSeconds=3.8310000000991995e-05
REACTIVE_GPU_HEM_STEP time=2.3999999999999998e-07 batches=250 submitted=1024000 succeeded=1024000 cpuFallbacks=0 deviceFailures=0 phaseEvaluations=10207366 residualEvaluations=10345249 analyticJacobians=0 finiteDifferenceJacobians=470835 wallSeconds=6.7352848419999951 kernelSeconds=6.6896127753555739 copySeconds=0.033722080230712714
REACTIVE_ATTEMPT_PROFILE attempt=10 accepted=1 retry=0 sourceCalls=0 fullPhaseEvaluations=0 scalarProbes=0 rootChecks=0 matrixFreeProducts=0 factorBuilds=0 workerJobElapsedSeconds=0
REACTIVE_STEP time=2.6999999999999996e-07 dt=2.9999999999999997e-08 retries=0 massResidual=2.4212029313052839e-14 energyResidual=2.4873341514293305e-15 momentumResidual=8.9431756033316598e-21 globalElementResidual=2.2723285357362183e-14 frozenLiquidResidual=0 speciesResidual=2.2064332576360311e-14 elementDrift=0 minP=3972152.396661236 maxP=3999999.9999999977 minT=288.28730127664767 maxT=293.14999999999998 maxMach=0.0016453494816898958 minAlphaGas=0.99999999999999956 maxAlphaGas=1.0000000000000004 maxVolumeResidual=4.4408920985006262e-16 maxUVResidual=7.0811777576986666e-10 maxMuResidual=0 maxMechanicalResidual=0 seconds=7.833346487
REACTIVE_CAPILLARY_STEP time=2.6999999999999996e-07 area=3.2000000000000026e-05 surfaceEnergy=6.5847274876891211e-08 liquidMass=0 closureResidual=0 recoveryCalls=19 outerIterations=19
REACTIVE_STEP_TIMINGS time=2.6999999999999996e-07 cflSeconds=0.07032352 backupSeconds=0.033959298999999998 transportSeconds=0.096117823000000005 recoverySeconds=7.6264977179999995 sourceSeconds=0 conservationSeconds=0.0026423699999999998 diagnosticsSeconds=0.003766293 nestedBatchPackSeconds=0.010580012000000001 nestedBatchCallSeconds=7.5280972279999965 nestedBatchScatterSeconds=0 nestedScalarPropertySeconds=0.052539417000000005 otherSeconds=3.9464000000525527e-05
REACTIVE_GPU_HEM_STEP time=2.6999999999999996e-07 batches=250 submitted=1024000 succeeded=1024000 cpuFallbacks=0 deviceFailures=0 phaseEvaluations=11059083 residualEvaluations=11773347 analyticJacobians=0 finiteDifferenceJacobians=536435 wallSeconds=7.5012083059999952 kernelSeconds=7.4553812423646519 copySeconds=0.033837664291262282
REACTIVE_ATTEMPT_PROFILE attempt=11 accepted=1 retry=0 sourceCalls=0 fullPhaseEvaluations=0 scalarProbes=0 rootChecks=0 matrixFreeProducts=0 factorBuilds=0 workerJobElapsedSeconds=0
REACTIVE_STEP time=2.9999999999999993e-07 dt=2.9999999999999997e-08 retries=0 massResidual=2.7043692361289818e-14 energyResidual=2.4192631965467216e-15 momentumResidual=1.1185128716012599e-20 globalElementResidual=2.7060396001837353e-14 frozenLiquidResidual=0 speciesResidual=2.6275669771039209e-14 elementDrift=0 minP=3968677.785481777 maxP=3999999.9999999977 minT=287.72706765372624 maxT=293.14999999999998 maxMach=0.0018046829901270695 minAlphaGas=0.99999999999999967 maxAlphaGas=1.0000000000000004 maxVolumeResidual=4.4408920985006262e-16 maxUVResidual=9.7290456801774222e-10 maxMuResidual=0 maxMechanicalResidual=0 seconds=7.8548211200000004
REACTIVE_CAPILLARY_STEP time=2.9999999999999993e-07 area=3.2000000000000026e-05 surfaceEnergy=6.5847274876891211e-08 liquidMass=0 closureResidual=0 recoveryCalls=21 outerIterations=21
REACTIVE_STEP_TIMINGS time=2.9999999999999993e-07 cflSeconds=0.071322508000000007 backupSeconds=0.034263017999999999 transportSeconds=0.097096675999999993 recoverySeconds=7.6457007030000002 sourceSeconds=0 conservationSeconds=0.002578314 diagnosticsSeconds=0.0038201699999999999 nestedBatchPackSeconds=0.010597574999999996 nestedBatchCallSeconds=7.546957016999996 nestedBatchScatterSeconds=0 nestedScalarPropertySeconds=0.052870861999999998 otherSeconds=3.9731000001079746e-05
REACTIVE_GPU_HEM_STEP time=2.9999999999999993e-07 batches=250 submitted=1024000 succeeded=1024000 cpuFallbacks=0 deviceFailures=0 phaseEvaluations=11551945 residualEvaluations=12590526 analyticJacobians=0 finiteDifferenceJacobians=574325 wallSeconds=7.5200149139999795 kernelSeconds=7.4741779137253772 copySeconds=0.033810560181737059
REACTIVE_ATTEMPT_PROFILE attempt=12 accepted=1 retry=0 sourceCalls=0 fullPhaseEvaluations=0 scalarProbes=0 rootChecks=0 matrixFreeProducts=0 factorBuilds=0 workerJobElapsedSeconds=0
REACTIVE_STEP time=3.2999999999999991e-07 dt=2.9999999999999997e-08 retries=0 massResidual=2.8036545619456308e-14 energyResidual=-6.0397593714485477e-16 momentumResidual=1.284811591497923e-20 globalElementResidual=2.683528776655069e-14 frozenLiquidResidual=0 speciesResidual=2.6057091156761349e-14 elementDrift=0 minP=3965154.2489098348 maxP=3999999.9999999977 minT=287.16455312448477 maxT=293.14999999999998 maxMach=0.0019598207235081624 minAlphaGas=0.99999999999999967 maxAlphaGas=1.0000000000000004 maxVolumeResidual=4.4408920985006262e-16 maxUVResidual=9.6216394114718276e-10 maxMuResidual=0 maxMechanicalResidual=0 seconds=8.3333104789999997
REACTIVE_CAPILLARY_STEP time=3.2999999999999991e-07 area=3.2000000000000026e-05 surfaceEnergy=6.5847274876891211e-08 liquidMass=0 closureResidual=0 recoveryCalls=23 outerIterations=23
REACTIVE_STEP_TIMINGS time=3.2999999999999991e-07 cflSeconds=0.070006783999999989 backupSeconds=0.034293739999999996 transportSeconds=0.096282688000000005 recoverySeconds=8.1259502270000006 sourceSeconds=0 conservationSeconds=0.0029666610000000002 diagnosticsSeconds=0.0037709449999999999 nestedBatchPackSeconds=0.010569202999999999 nestedBatchCallSeconds=8.0274847019999918 nestedBatchScatterSeconds=0 nestedScalarPropertySeconds=0.052439539 otherSeconds=3.9433999997569302e-05
REACTIVE_GPU_HEM_STEP time=3.2999999999999991e-07 batches=250 submitted=1024000 succeeded=1024000 cpuFallbacks=0 deviceFailures=0 phaseEvaluations=11623961 residualEvaluations=12738677 analyticJacobians=0 finiteDifferenceJacobians=580059 wallSeconds=8.0004548550000081 kernelSeconds=7.9542046155631709 copySeconds=0.03428633618354765
REACTIVE_ATTEMPT_PROFILE attempt=13 accepted=1 retry=0 sourceCalls=0 fullPhaseEvaluations=0 scalarProbes=0 rootChecks=0 matrixFreeProducts=0 factorBuilds=0 workerJobElapsedSeconds=0
REACTIVE_STEP time=3.5999999999999989e-07 dt=2.9999999999999997e-08 retries=0 massResidual=2.5828835289606578e-14 energyResidual=6.0380740296589318e-16 momentumResidual=1.5471940162237691e-20 globalElementResidual=2.5366142070035816e-14 frozenLiquidResidual=0 speciesResidual=2.4630551106628969e-14 elementDrift=0 minP=3961589.9360817377 maxP=3999999.9999999977 minT=286.60027087485975 maxT=293.14999999999998 maxMach=0.0021109165443558356 minAlphaGas=0.99999999999999967 maxAlphaGas=1.0000000000000004 maxVolumeResidual=4.4408920985006262e-16 maxUVResidual=8.8961126107241911e-10 maxMuResidual=0 maxMechanicalResidual=0 seconds=8.4545468909999997
REACTIVE_CAPILLARY_STEP time=3.5999999999999989e-07 area=3.2000000000000026e-05 surfaceEnergy=6.5847274876891211e-08 liquidMass=0 closureResidual=0 recoveryCalls=25 outerIterations=25
REACTIVE_STEP_TIMINGS time=3.5999999999999989e-07 cflSeconds=0.070459249000000002 backupSeconds=0.034427231000000003 transportSeconds=0.095838555999999991 recoverySeconds=8.2473798669999994 sourceSeconds=0 conservationSeconds=0.0026182330000000002 diagnosticsSeconds=0.0037859069999999998 nestedBatchPackSeconds=0.010861527000000008 nestedBatchCallSeconds=8.1485540350000019 nestedBatchScatterSeconds=0 nestedScalarPropertySeconds=0.052318309 otherSeconds=3.7847999998843855e-05
REACTIVE_GPU_HEM_STEP time=3.5999999999999989e-07 batches=250 submitted=1024000 succeeded=1024000 cpuFallbacks=0 deviceFailures=0 phaseEvaluations=11721807 residualEvaluations=12916859 analyticJacobians=0 finiteDifferenceJacobians=587749 wallSeconds=8.1212978059999728 kernelSeconds=8.0748543966412569 copySeconds=0.034270240187644796
REACTIVE_ATTEMPT_PROFILE attempt=14 accepted=1 retry=0 sourceCalls=0 fullPhaseEvaluations=0 scalarProbes=0 rootChecks=0 matrixFreeProducts=0 factorBuilds=0 workerJobElapsedSeconds=0
REACTIVE_STEP time=3.8999999999999987e-07 dt=2.9999999999999997e-08 retries=0 massResidual=3.0946455433531389e-14 energyResidual=8.6079730753615732e-15 momentumResidual=1.4400237300681418e-20 globalElementResidual=2.9625180808872311e-14 frozenLiquidResidual=0 speciesResidual=2.8766080233144741e-14 elementDrift=0 minP=3957993.2692869608 maxP=3999999.9999999977 minT=286.03475163917642 maxT=293.14999999999998 maxMach=0.002258129232298841 minAlphaGas=0.99999999999999956 maxAlphaGas=1.0000000000000004 maxVolumeResidual=4.4408920985006262e-16 maxUVResidual=7.5174048678451615e-10 maxMuResidual=0 maxMechanicalResidual=0 seconds=8.4913484809999993
REACTIVE_CAPILLARY_STEP time=3.8999999999999987e-07 area=3.2000000000000026e-05 surfaceEnergy=6.5847274876891211e-08 liquidMass=0 closureResidual=0 recoveryCalls=27 outerIterations=27
REACTIVE_STEP_TIMINGS time=3.8999999999999987e-07 cflSeconds=0.070552390999999992 backupSeconds=0.034544809999999995 transportSeconds=0.096389389999999991 recoverySeconds=8.2834428439999996 sourceSeconds=0 conservationSeconds=0.002606709 diagnosticsSeconds=0.003772428 nestedBatchPackSeconds=0.010628975999999997 nestedBatchCallSeconds=8.1833257370000041 nestedBatchScatterSeconds=0 nestedScalarPropertySeconds=0.052430449000000004 otherSeconds=3.9908999999539729e-05
REACTIVE_GPU_HEM_STEP time=3.8999999999999987e-07 batches=250 submitted=1024000 succeeded=1024000 cpuFallbacks=0 deviceFailures=0 phaseEvaluations=12174394 residualEvaluations=13680291 analyticJacobians=0 finiteDifferenceJacobians=622541 wallSeconds=8.1563592349999965 kernelSeconds=8.1103821611404641 copySeconds=0.033947616435587358
REACTIVE_ATTEMPT_PROFILE attempt=15 accepted=1 retry=0 sourceCalls=0 fullPhaseEvaluations=0 scalarProbes=0 rootChecks=0 matrixFreeProducts=0 factorBuilds=0 workerJobElapsedSeconds=0
REACTIVE_STEP time=4.1999999999999984e-07 dt=2.9999999999999997e-08 retries=0 massResidual=3.1423070095568545e-14 energyResidual=5.6915621399078194e-15 momentumResidual=1.7208837903380618e-20 globalElementResidual=3.0727164544801028e-14 frozenLiquidResidual=0 speciesResidual=2.9836107531613423e-14 elementDrift=0 minP=3954372.944267605 maxP=3999999.9999999977 minT=285.4685436840798 maxT=293.14999999999998 maxMach=0.0024016220407737164 minAlphaGas=0.99999999999999956 maxAlphaGas=1.0000000000000004 maxVolumeResidual=4.4408920985006262e-16 maxUVResidual=5.5985372157170263e-10 maxMuResidual=0 maxMechanicalResidual=0 seconds=8.4794982169999997
REACTIVE_CAPILLARY_STEP time=4.1999999999999984e-07 area=3.2000000000000026e-05 surfaceEnergy=6.5847274876891211e-08 liquidMass=0 closureResidual=0 recoveryCalls=29 outerIterations=29
REACTIVE_STEP_TIMINGS time=4.1999999999999984e-07 cflSeconds=0.070246812999999991 backupSeconds=0.034440039999999998 transportSeconds=0.096903855000000011 recoverySeconds=8.2711481179999993 sourceSeconds=0 conservationSeconds=0.002964558 diagnosticsSeconds=0.0037534170000000002 nestedBatchPackSeconds=0.010665784000000008 nestedBatchCallSeconds=8.1721509789999924 nestedBatchScatterSeconds=0 nestedScalarPropertySeconds=0.052868896999999998 otherSeconds=4.1415999999226162e-05
REACTIVE_GPU_HEM_STEP time=4.1999999999999984e-07 batches=250 submitted=1024000 succeeded=1024000 cpuFallbacks=0 deviceFailures=0 phaseEvaluations=12498355 residualEvaluations=14220266 analyticJacobians=0 finiteDifferenceJacobians=647376 wallSeconds=8.1451437570000991 kernelSeconds=8.0991345106959614 copySeconds=0.033961664184927909
REACTIVE_ATTEMPT_PROFILE attempt=16 accepted=1 retry=0 sourceCalls=0 fullPhaseEvaluations=0 scalarProbes=0 rootChecks=0 matrixFreeProducts=0 factorBuilds=0 workerJobElapsedSeconds=0
REACTIVE_STEP time=4.4999999999999982e-07 dt=2.9999999999999997e-08 retries=0 massResidual=3.1806307146235792e-14 energyResidual=3.6306868749230407e-15 momentumResidual=1.841604342559343e-20 globalElementResidual=2.912204713002115e-14 frozenLiquidResidual=0 speciesResidual=2.8277534545879111e-14 elementDrift=0 minP=3950737.9230947322 maxP=3999999.9999999977 minT=284.90221232404883 maxT=293.14999999999998 maxMach=0.0025415621994515484 minAlphaGas=0.99999999999999956 maxAlphaGas=1.0000000000000004 maxVolumeResidual=4.4408920985006262e-16 maxUVResidual=4.3880220639935388e-10 maxMuResidual=0 maxMechanicalResidual=0 seconds=8.4512426769999998
REACTIVE_CAPILLARY_STEP time=4.4999999999999982e-07 area=3.2000000000000026e-05 surfaceEnergy=6.5847274876891211e-08 liquidMass=0 closureResidual=0 recoveryCalls=31 outerIterations=31
REACTIVE_STEP_TIMINGS time=4.4999999999999982e-07 cflSeconds=0.071280373000000008 backupSeconds=0.034755038000000002 transportSeconds=0.096099822000000001 recoverySeconds=8.2414538030000006 sourceSeconds=0 conservationSeconds=0.0031870560000000002 diagnosticsSeconds=0.0044230709999999998 nestedBatchPackSeconds=0.010677776999999991 nestedBatchCallSeconds=8.1414433929999976 nestedBatchScatterSeconds=0 nestedScalarPropertySeconds=0.052630730000000001 otherSeconds=4.3513999999211274e-05
REACTIVE_GPU_HEM_STEP time=4.4999999999999982e-07 batches=250 submitted=1024000 succeeded=1024000 cpuFallbacks=0 deviceFailures=0 phaseEvaluations=12579542 residualEvaluations=14353379 analyticJacobians=0 finiteDifferenceJacobians=653636 wallSeconds=8.1138719730000446 kernelSeconds=8.0675144906042959 copySeconds=0.034210272140801468
REACTIVE_ATTEMPT_PROFILE attempt=17 accepted=1 retry=0 sourceCalls=0 fullPhaseEvaluations=0 scalarProbes=0 rootChecks=0 matrixFreeProducts=0 factorBuilds=0 workerJobElapsedSeconds=0
REACTIVE_STEP time=4.7999999999999985e-07 dt=2.9999999999999997e-08 retries=0 massResidual=3.2136845298783191e-14 energyResidual=4.9502870249688762e-15 momentumResidual=2.0571767572402028e-20 globalElementResidual=2.9786189289820905e-14 frozenLiquidResidual=0 speciesResidual=2.8922419627532234e-14 elementDrift=0 minP=3947097.4174884227 maxP=3999999.9999999977 minT=284.3363388361409 maxT=293.14999999999998 maxMach=0.0026781203630084462 minAlphaGas=0.99999999999999956 maxAlphaGas=1.0000000000000004 maxVolumeResidual=4.4408920985006262e-16 maxUVResidual=9.9416079852587135e-10 maxMuResidual=0 maxMechanicalResidual=0 seconds=8.594103767
REACTIVE_CAPILLARY_STEP time=4.7999999999999985e-07 area=3.2000000000000026e-05 surfaceEnergy=6.5847274876891211e-08 liquidMass=0 closureResidual=0 recoveryCalls=33 outerIterations=33
REACTIVE_STEP_TIMINGS time=4.7999999999999985e-07 cflSeconds=0.071372152999999994 backupSeconds=0.035870651999999996 transportSeconds=0.098846848000000001 recoverySeconds=8.3815563789999992 sourceSeconds=0 conservationSeconds=0.0026066499999999999 diagnosticsSeconds=0.0038108090000000001 nestedBatchPackSeconds=0.010813646000000001 nestedBatchCallSeconds=8.2822400040000037 nestedBatchScatterSeconds=0 nestedScalarPropertySeconds=0.054438281000000005 otherSeconds=4.0275999999686996e-05
REACTIVE_GPU_HEM_STEP time=4.7999999999999985e-07 batches=250 submitted=1024000 succeeded=1024000 cpuFallbacks=0 deviceFailures=0 phaseEvaluations=12608418 residualEvaluations=14396679 analyticJacobians=0 finiteDifferenceJacobians=655798 wallSeconds=8.2548167770001015 kernelSeconds=8.2085267598330915 copySeconds=0.034132384017110051
REACTIVE_ATTEMPT_PROFILE attempt=18 accepted=1 retry=0 sourceCalls=0 fullPhaseEvaluations=0 scalarProbes=0 rootChecks=0 matrixFreeProducts=0 factorBuilds=0 workerJobElapsedSeconds=0
REACTIVE_STEP time=5.0999999999999988e-07 dt=2.9999999999999997e-08 retries=0 massResidual=3.6444203281344813e-14 energyResidual=7.4674629616863491e-15 momentumResidual=2.0522493877617831e-20 globalElementResidual=3.5428569645765922e-14 frozenLiquidResidual=0 speciesResidual=3.4401177220701906e-14 elementDrift=0 minP=3943460.8601173977 maxP=3999999.9999999977 minT=283.77151862153011 maxT=293.14999999999998 maxMach=0.0028114700081148768 minAlphaGas=0.99999999999999956 maxAlphaGas=1.0000000000000004 maxVolumeResidual=4.4408920985006262e-16 maxUVResidual=9.4591323984190847e-10 maxMuResidual=0 maxMechanicalResidual=0 seconds=8.4696935750000009
REACTIVE_CAPILLARY_STEP time=5.0999999999999988e-07 area=3.2000000000000026e-05 surfaceEnergy=6.5847274876891211e-08 liquidMass=0 closureResidual=0 recoveryCalls=35 outerIterations=35
REACTIVE_STEP_TIMINGS time=5.0999999999999988e-07 cflSeconds=0.070415850000000002 backupSeconds=0.035048358000000002 transportSeconds=0.096431477000000002 recoverySeconds=8.2613576270000006 sourceSeconds=0 conservationSeconds=0.002613944 diagnosticsSeconds=0.003787847 nestedBatchPackSeconds=0.010812688999999997 nestedBatchCallSeconds=8.1622503750000046 nestedBatchScatterSeconds=0 nestedScalarPropertySeconds=0.052800339000000002 otherSeconds=3.847200000177799e-05
REACTIVE_GPU_HEM_STEP time=5.0999999999999988e-07 batches=250 submitted=1024000 succeeded=1024000 cpuFallbacks=0 deviceFailures=0 phaseEvaluations=12633302 residualEvaluations=14431791 analyticJacobians=0 finiteDifferenceJacobians=657687 wallSeconds=8.1348221469999089 kernelSeconds=8.0886582968235672 copySeconds=0.034035648211837022
REACTIVE_ATTEMPT_PROFILE attempt=19 accepted=1 retry=0 sourceCalls=0 fullPhaseEvaluations=0 scalarProbes=0 rootChecks=0 matrixFreeProducts=0 factorBuilds=0 workerJobElapsedSeconds=0
REACTIVE_STEP time=5.3999999999999991e-07 dt=2.9999999999999997e-08 retries=0 massResidual=3.5343721024474223e-14 energyResidual=2.8931138941152884e-15 momentumResidual=2.2259391618760758e-20 globalElementResidual=3.4642961407015209e-14 frozenLiquidResidual=0 speciesResidual=3.3638348115139831e-14 elementDrift=0 minP=3939837.8611126193 maxP=3999999.9999999977 minT=283.20835844332731 maxT=293.14999999999998 maxMach=0.0029417867819416673 minAlphaGas=0.99999999999999956 maxAlphaGas=1.0000000000000004 maxVolumeResidual=4.4408920985006262e-16 maxUVResidual=9.0699943765887751e-10 maxMuResidual=0 maxMechanicalResidual=0 seconds=8.4898364809999993
REACTIVE_CAPILLARY_STEP time=5.3999999999999991e-07 area=3.2000000000000026e-05 surfaceEnergy=6.5847274876891211e-08 liquidMass=0 closureResidual=0 recoveryCalls=37 outerIterations=37
REACTIVE_STEP_TIMINGS time=5.3999999999999991e-07 cflSeconds=0.070092547000000005 backupSeconds=0.034913118 transportSeconds=0.096175583000000009 recoverySeconds=8.2824989379999998 sourceSeconds=0 conservationSeconds=0.0023412649999999999 diagnosticsSeconds=0.003772942 nestedBatchPackSeconds=0.010589518999999997 nestedBatchCallSeconds=8.1831998959999996 nestedBatchScatterSeconds=0 nestedScalarPropertySeconds=0.052327724000000006 otherSeconds=4.2087999998479536e-05
REACTIVE_GPU_HEM_STEP time=5.3999999999999991e-07 batches=250 submitted=1024000 succeeded=1024000 cpuFallbacks=0 deviceFailures=0 phaseEvaluations=12829592 residualEvaluations=14756193 analyticJacobians=0 finiteDifferenceJacobians=672771 wallSeconds=8.1561630199999371 kernelSeconds=8.1103216415643686 copySeconds=0.033812832295894601
REACTIVE_ATTEMPT_PROFILE attempt=20 accepted=1 retry=0 sourceCalls=0 fullPhaseEvaluations=0 scalarProbes=0 rootChecks=0 matrixFreeProducts=0 factorBuilds=0 workerJobElapsedSeconds=0
REACTIVE_STEP time=5.6999999999999994e-07 dt=2.9999999999999997e-08 retries=0 massResidual=3.4510847105897377e-14 energyResidual=2.5417987802637697e-15 momentumResidual=2.3774557733374799e-20 globalElementResidual=3.3994161726647918e-14 frozenLiquidResidual=0 speciesResidual=3.3008366393291584e-14 elementDrift=0 minP=3936238.1468092781 maxP=3999999.9999999977 minT=282.647472557333 maxT=293.14999999999998 maxMach=0.0030692478070418628 minAlphaGas=0.99999999999999967 maxAlphaGas=1.0000000000000004 maxVolumeResidual=4.4408920985006262e-16 maxUVResidual=9.9313427593643564e-10 maxMuResidual=0 maxMechanicalResidual=0 seconds=8.657716078
REACTIVE_CAPILLARY_STEP time=5.6999999999999994e-07 area=3.2000000000000026e-05 surfaceEnergy=6.5847274876891211e-08 liquidMass=0 closureResidual=0 recoveryCalls=39 outerIterations=39
REACTIVE_STEP_TIMINGS time=5.6999999999999994e-07 cflSeconds=0.07064352900000001 backupSeconds=0.034982149000000004 transportSeconds=0.096049964000000002 recoverySeconds=8.4495945779999992 sourceSeconds=0 conservationSeconds=0.0026239919999999999 diagnosticsSeconds=0.0037819239999999999 nestedBatchPackSeconds=0.010563273000000001 nestedBatchCallSeconds=8.3515487199999949 nestedBatchScatterSeconds=0 nestedScalarPropertySeconds=0.052509062000000002 otherSeconds=3.9942000001081442e-05
REACTIVE_GPU_HEM_STEP time=5.6999999999999994e-07 batches=250 submitted=1024000 succeeded=1024000 cpuFallbacks=0 deviceFailures=0 phaseEvaluations=13198122 residualEvaluations=15370861 analyticJacobians=0 finiteDifferenceJacobians=701066 wallSeconds=8.3246091389999464 kernelSeconds=8.2788252092301775 copySeconds=0.033787712246179158
REACTIVE_ATTEMPT_PROFILE attempt=21 accepted=1 retry=0 sourceCalls=0 fullPhaseEvaluations=0 scalarProbes=0 rootChecks=0 matrixFreeProducts=0 factorBuilds=0 workerJobElapsedSeconds=0
REACTIVE_STEP time=5.9999999999999997e-07 dt=2.9999999999999997e-08 retries=0 massResidual=3.4736253148387839e-14 energyResidual=4.8924460947492392e-15 momentumResidual=2.5708550253654511e-20 globalElementResidual=3.3995149435901081e-14 frozenLiquidResidual=0 speciesResidual=3.3009322731912732e-14 elementDrift=0 minP=3932671.4776685364 maxP=3999999.9999999977 minT=282.08947754946331 maxT=293.14999999999998 maxMach=0.0031940309491252871 minAlphaGas=0.99999999999999956 maxAlphaGas=1.0000000000000004 maxVolumeResidual=4.4408920985006262e-16 maxUVResidual=9.9797542488866055e-10 maxMuResidual=0 maxMechanicalResidual=0 seconds=8.9301374300000003
REACTIVE_CAPILLARY_STEP time=5.9999999999999997e-07 area=3.2000000000000026e-05 surfaceEnergy=6.5847274876891211e-08 liquidMass=0 closureResidual=0 recoveryCalls=41 outerIterations=41
REACTIVE_STEP_TIMINGS time=5.9999999999999997e-07 cflSeconds=0.073539266999999992 backupSeconds=0.03533149 transportSeconds=0.096878005999999989 recoverySeconds=8.7181377250000001 sourceSeconds=0 conservationSeconds=0.0024549149999999998 diagnosticsSeconds=0.0037562199999999998 nestedBatchPackSeconds=0.010633486000000001 nestedBatchCallSeconds=8.6174426009999987 nestedBatchScatterSeconds=0 nestedScalarPropertySeconds=0.054227525999999998 otherSeconds=3.9806999999426884e-05
REACTIVE_GPU_HEM_STEP time=5.9999999999999997e-07 batches=250 submitted=1024000 succeeded=1024000 cpuFallbacks=0 deviceFailures=0 phaseEvaluations=13479252 residualEvaluations=15853415 analyticJacobians=0 finiteDifferenceJacobians=722704 wallSeconds=8.5902937959998695 kernelSeconds=8.5443355250061046 copySeconds=0.033907840356230401
REACTIVE_ATTEMPT_PROFILE attempt=22 accepted=1 retry=0 sourceCalls=0 fullPhaseEvaluations=0 scalarProbes=0 rootChecks=0 matrixFreeProducts=0 factorBuilds=0 workerJobElapsedSeconds=0
REACTIVE_STEP time=6.3e-07 dt=2.9999999999999997e-08 retries=0 massResidual=3.6326291401209854e-14 energyResidual=6.2851451360167061e-15 momentumResidual=2.5930281880183393e-20 globalElementResidual=3.4250210221242162e-14 frozenLiquidResidual=0 speciesResidual=3.3256988029985652e-14 elementDrift=0 minP=3929147.5425277683 maxP=3999999.9999999977 minT=281.53498570696092 maxT=293.14999999999998 maxMach=0.0033163140559405442 minAlphaGas=0.99999999999999967 maxAlphaGas=1.0000000000000004 maxVolumeResidual=4.4408920985006262e-16 maxUVResidual=9.6284632150748371e-10 maxMuResidual=0 maxMechanicalResidual=0 seconds=8.9838101219999995
REACTIVE_CAPILLARY_STEP time=6.3e-07 area=3.2000000000000026e-05 surfaceEnergy=6.5847274876891211e-08 liquidMass=0 closureResidual=0 recoveryCalls=43 outerIterations=43
REACTIVE_STEP_TIMINGS time=6.3e-07 cflSeconds=0.07180241100000001 backupSeconds=0.035101275000000001 transportSeconds=0.098281955000000004 recoverySeconds=8.7721467040000007 sourceSeconds=0 conservationSeconds=0.0026392849999999999 diagnosticsSeconds=0.003795494 nestedBatchPackSeconds=0.010725089999999991 nestedBatchCallSeconds=8.6733795609999991 nestedBatchScatterSeconds=0 nestedScalarPropertySeconds=0.053831240000000002 otherSeconds=4.2997999998852302e-05
REACTIVE_GPU_HEM_STEP time=6.3e-07 batches=250 submitted=1024000 succeeded=1024000 cpuFallbacks=0 deviceFailures=0 phaseEvaluations=13599731 residualEvaluations=16055242 analyticJacobians=0 finiteDifferenceJacobians=732016 wallSeconds=8.6461246899999651 kernelSeconds=8.6000906742813186 copySeconds=0.033927232243120886
REACTIVE_ATTEMPT_PROFILE attempt=23 accepted=1 retry=0 sourceCalls=0 fullPhaseEvaluations=0 scalarProbes=0 rootChecks=0 matrixFreeProducts=0 factorBuilds=0 workerJobElapsedSeconds=0
REACTIVE_STEP time=6.6000000000000003e-07 dt=2.9999999999999997e-08 retries=0 massResidual=3.8236013712621476e-14 energyResidual=6.3566036278964449e-15 momentumResidual=2.777804543459076e-20 globalElementResidual=3.670498472815986e-14 frozenLiquidResidual=0 speciesResidual=3.5640578893283083e-14 elementDrift=0 minP=3925675.8269156511 maxP=3999999.9999999977 minT=280.98459678811241 maxT=293.14999999999998 maxMach=0.0034362741771447251 minAlphaGas=0.99999999999999967 maxAlphaGas=1.0000000000000004 maxVolumeResidual=4.4408920985006262e-16 maxUVResidual=9.9635084636592016e-10 maxMuResidual=0 maxMechanicalResidual=0 seconds=9.0668115310000008
REACTIVE_CAPILLARY_STEP time=6.6000000000000003e-07 area=3.2000000000000026e-05 surfaceEnergy=6.5847274876891211e-08 liquidMass=0 closureResidual=0 recoveryCalls=45 outerIterations=45
REACTIVE_STEP_TIMINGS time=6.6000000000000003e-07 cflSeconds=0.071113140999999991 backupSeconds=0.035059395 transportSeconds=0.098158421999999995 recoverySeconds=8.8559930419999997 sourceSeconds=0 conservationSeconds=0.0026490340000000002 diagnosticsSeconds=0.003797501 nestedBatchPackSeconds=0.010695104000000002 nestedBatchCallSeconds=8.7573900380000058 nestedBatchScatterSeconds=0 nestedScalarPropertySeconds=0.053085886999999998 otherSeconds=4.0996000002988236e-05
REACTIVE_GPU_HEM_STEP time=6.6000000000000003e-07 batches=250 submitted=1024000 succeeded=1024000 cpuFallbacks=0 deviceFailures=0 phaseEvaluations=13633579 residualEvaluations=16119190 analyticJacobians=0 finiteDifferenceJacobians=734672 wallSeconds=8.7302099400000088 kernelSeconds=8.6843857171837442 copySeconds=0.033758848175406531
REACTIVE_ATTEMPT_PROFILE attempt=24 accepted=1 retry=0 sourceCalls=0 fullPhaseEvaluations=0 scalarProbes=0 rootChecks=0 matrixFreeProducts=0 factorBuilds=0 workerJobElapsedSeconds=0
REACTIVE_STEP time=6.9000000000000006e-07 dt=2.9999999999999997e-08 retries=0 massResidual=3.864250572219664e-14 energyResidual=5.4522941660359693e-15 momentumResidual=2.9514943175733686e-20 globalElementResidual=3.6624288922749045e-14 frozenLiquidResidual=0 speciesResidual=3.5562221822325621e-14 elementDrift=0 minP=3922265.454294832 maxP=3999999.9999999977 minT=280.43888812605655 maxT=293.14999999999998 maxMach=0.0035540867765888285 minAlphaGas=0.99999999999999956 maxAlphaGas=1.0000000000000004 maxVolumeResidual=4.4408920985006262e-16 maxUVResidual=9.3057165797195918e-10 maxMuResidual=0 maxMechanicalResidual=0 seconds=9.2758816270000004
REACTIVE_CAPILLARY_STEP time=6.9000000000000006e-07 area=3.2000000000000026e-05 surfaceEnergy=6.5847274876891211e-08 liquidMass=0 closureResidual=0 recoveryCalls=47 outerIterations=47
REACTIVE_STEP_TIMINGS time=6.9000000000000006e-07 cflSeconds=0.071614221000000006 backupSeconds=0.035366811999999997 transportSeconds=0.096034404000000004 recoverySeconds=9.0662460769999988 sourceSeconds=0 conservationSeconds=0.002803402 diagnosticsSeconds=0.0037772940000000001 nestedBatchPackSeconds=0.010690916000000007 nestedBatchCallSeconds=8.9675356640000015 nestedBatchScatterSeconds=0 nestedScalarPropertySeconds=0.052960013 otherSeconds=3.9417000002092435e-05
REACTIVE_GPU_HEM_STEP time=6.9000000000000006e-07 batches=250 submitted=1024000 succeeded=1024000 cpuFallbacks=0 deviceFailures=0 phaseEvaluations=13608203 residualEvaluations=16099590 analyticJacobians=0 finiteDifferenceJacobians=732937 wallSeconds=8.9403409249998731 kernelSeconds=8.8944148821535407 copySeconds=0.033843808248639529
REACTIVE_ATTEMPT_PROFILE attempt=25 accepted=1 retry=0 sourceCalls=0 fullPhaseEvaluations=0 scalarProbes=0 rootChecks=0 matrixFreeProducts=0 factorBuilds=0 workerJobElapsedSeconds=0
REACTIVE_STEP time=7.2000000000000009e-07 dt=2.9999999999999997e-08 retries=0 massResidual=4.299508780647641e-14 energyResidual=1.9038182636104197e-15 momentumResidual=3.1941672643855361e-20 globalElementResidual=4.1846264325224421e-14 frozenLiquidResidual=0 speciesResidual=4.0632763061465221e-14 elementDrift=0 minP=3918925.0009052521 maxP=3999999.9999999977 minT=279.89840311509607 maxT=293.14999999999998 maxMach=0.0036699249497789978 minAlphaGas=0.99999999999999956 maxAlphaGas=1.0000000000000004 maxVolumeResidual=4.4408920985006262e-16 maxUVResidual=9.3238327188499524e-10 maxMuResidual=0 maxMechanicalResidual=0 seconds=9.2117266460000007
REACTIVE_CAPILLARY_STEP time=7.2000000000000009e-07 area=3.2000000000000026e-05 surfaceEnergy=6.5847274876891211e-08 liquidMass=0 closureResidual=0 recoveryCalls=49 outerIterations=49
REACTIVE_STEP_TIMINGS time=7.2000000000000009e-07 cflSeconds=0.072842515999999996 backupSeconds=0.035591537999999999 transportSeconds=0.098015255999999995 recoverySeconds=8.9988680890000001 sourceSeconds=0 conservationSeconds=0.002558018 diagnosticsSeconds=0.0038118190000000001 nestedBatchPackSeconds=0.011058659 nestedBatchCallSeconds=8.8952946110000024 nestedBatchScatterSeconds=0 nestedScalarPropertySeconds=0.054129209999999997 otherSeconds=3.9410000000561756e-05
REACTIVE_GPU_HEM_STEP time=7.2000000000000009e-07 batches=250 submitted=1024000 succeeded=1024000 cpuFallbacks=0 deviceFailures=0 phaseEvaluations=13633296 residualEvaluations=16141894 analyticJacobians=0 finiteDifferenceJacobians=734866 wallSeconds=8.8667700490000243 kernelSeconds=8.8199942523538652 copySeconds=0.03443443228304377
REACTIVE_ATTEMPT_PROFILE attempt=26 accepted=1 retry=0 sourceCalls=0 fullPhaseEvaluations=0 scalarProbes=0 rootChecks=0 matrixFreeProducts=0 factorBuilds=0 workerJobElapsedSeconds=0
REACTIVE_STEP time=7.5000000000000012e-07 dt=2.9999999999999997e-08 retries=0 massResidual=4.1224928029019406e-14 energyResidual=8.6232647431993607e-15 momentumResidual=3.383870989304693e-20 globalElementResidual=3.8658121871914333e-14 frozenLiquidResidual=0 speciesResidual=3.7537072560261801e-14 elementDrift=0 minP=3915662.287479287 maxP=3999999.9999999977 minT=279.36363828876392 maxT=293.14999999999998 maxMach=0.0037839586602861335 minAlphaGas=0.99999999999999967 maxAlphaGas=1.0000000000000004 maxVolumeResidual=4.4408920985006262e-16 maxUVResidual=7.9840150863252813e-10 maxMuResidual=0 maxMechanicalResidual=0 seconds=9.3084003929999994
REACTIVE_CAPILLARY_STEP time=7.5000000000000012e-07 area=3.2000000000000026e-05 surfaceEnergy=6.5847274876891211e-08 liquidMass=0 closureResidual=0 recoveryCalls=51 outerIterations=51
REACTIVE_STEP_TIMINGS time=7.5000000000000012e-07 cflSeconds=0.070555432000000001 backupSeconds=0.035141490999999997 transportSeconds=0.095970874000000012 recoverySeconds=9.1005628650000006 sourceSeconds=0 conservationSeconds=0.0023367430000000001 diagnosticsSeconds=0.003791375 nestedBatchPackSeconds=0.010566822999999998 nestedBatchCallSeconds=9.0015520709999972 nestedBatchScatterSeconds=0 nestedScalarPropertySeconds=0.052361276999999998 otherSeconds=4.1612999998179648e-05
REACTIVE_GPU_HEM_STEP time=7.5000000000000012e-07 batches=250 submitted=1024000 succeeded=1024000 cpuFallbacks=0 deviceFailures=0 phaseEvaluations=13807282 residualEvaluations=16434364 analyticJacobians=0 finiteDifferenceJacobians=748261 wallSeconds=8.9745325730000047 kernelSeconds=8.928436347425162 copySeconds=0.034052864298223406
REACTIVE_ATTEMPT_PROFILE attempt=27 accepted=1 retry=0 sourceCalls=0 fullPhaseEvaluations=0 scalarProbes=0 rootChecks=0 matrixFreeProducts=0 factorBuilds=0 workerJobElapsedSeconds=0
REACTIVE_STEP time=7.8000000000000016e-07 dt=2.9999999999999997e-08 retries=0 massResidual=4.3734069747638107e-14 energyResidual=5.8908650421418981e-15 momentumResidual=3.5329239160268868e-20 globalElementResidual=4.1501769953575097e-14 frozenLiquidResidual=0 speciesResidual=4.0298259708585473e-14 elementDrift=0 minP=3912484.1544885207 maxP=3999999.9999999977 minT=278.83502940749321 maxT=293.14999999999998 maxMach=0.0038963540094633627 minAlphaGas=0.99999999999999956 maxAlphaGas=1.0000000000000004 maxVolumeResidual=4.4408920985006262e-16 maxUVResidual=9.7625782059747225e-10 maxMuResidual=0 maxMechanicalResidual=0 seconds=9.4005564330000002
REACTIVE_CAPILLARY_STEP time=7.8000000000000016e-07 area=3.2000000000000026e-05 surfaceEnergy=6.5847274876891211e-08 liquidMass=0 closureResidual=0 recoveryCalls=53 outerIterations=53
REACTIVE_STEP_TIMINGS time=7.8000000000000016e-07 cflSeconds=0.069929224000000012 backupSeconds=0.035006381000000003 transportSeconds=0.096466158999999996 recoverySeconds=9.1927147660000017 sourceSeconds=0 conservationSeconds=0.0025971010000000001 diagnosticsSeconds=0.0038030960000000002 nestedBatchPackSeconds=0.010704737000000004 nestedBatchCallSeconds=9.0939722899999964 nestedBatchScatterSeconds=0 nestedScalarPropertySeconds=0.052421705999999998 otherSeconds=3.970599999686018e-05
REACTIVE_GPU_HEM_STEP time=7.8000000000000016e-07 batches=250 submitted=1024000 succeeded=1024000 cpuFallbacks=0 deviceFailures=0 phaseEvaluations=13988528 residualEvaluations=16726400 analyticJacobians=0 finiteDifferenceJacobians=762081 wallSeconds=9.0665276989999199 kernelSeconds=9.0200670115653736 copySeconds=0.034347584135830944
REACTIVE_ATTEMPT_PROFILE attempt=28 accepted=1 retry=0 sourceCalls=0 fullPhaseEvaluations=0 scalarProbes=0 rootChecks=0 matrixFreeProducts=0 factorBuilds=0 workerJobElapsedSeconds=0
REACTIVE_STEP time=8.1000000000000019e-07 dt=2.9999999999999997e-08 retries=0 massResidual=4.3495760558478455e-14 energyResidual=8.3843506911033298e-15 momentumResidual=3.4848820636122958e-20 globalElementResidual=4.1814540128541121e-14 frozenLiquidResidual=0 speciesResidual=4.060196258613811e-14 elementDrift=0 minP=3909396.2315938342 maxP=3999999.9999999977 minT=278.31293721930763 maxT=293.14999999999998 maxMach=0.004007272553894603 minAlphaGas=0.99999999999999956 maxAlphaGas=1.0000000000000004 maxVolumeResidual=4.4408920985006262e-16 maxUVResidual=9.8367963962988373e-10 maxMuResidual=0 maxMechanicalResidual=0 seconds=9.3621634240000002
REACTIVE_CAPILLARY_STEP time=8.1000000000000019e-07 area=3.2000000000000026e-05 surfaceEnergy=6.5847274876891211e-08 liquidMass=0 closureResidual=0 recoveryCalls=55 outerIterations=55
REACTIVE_STEP_TIMINGS time=8.1000000000000019e-07 cflSeconds=0.071073702999999988 backupSeconds=0.035527245999999998 transportSeconds=0.096586005000000003 recoverySeconds=9.1525145049999992 sourceSeconds=0 conservationSeconds=0.0026442219999999999 diagnosticsSeconds=0.0037742650000000002 nestedBatchPackSeconds=0.010722661000000003 nestedBatchCallSeconds=9.0537392129999965 nestedBatchScatterSeconds=0 nestedScalarPropertySeconds=0.052828100000000003 otherSeconds=4.3478000001512685e-05
REACTIVE_GPU_HEM_STEP time=8.1000000000000019e-07 batches=250 submitted=1024000 succeeded=1024000 cpuFallbacks=0 deviceFailures=0 phaseEvaluations=14195757 residualEvaluations=17090122 analyticJacobians=0 finiteDifferenceJacobians=778163 wallSeconds=9.0263577929996188 kernelSeconds=8.9800193674268769 copySeconds=0.034185728140175176
REACTIVE_ATTEMPT_PROFILE attempt=29 accepted=1 retry=0 sourceCalls=0 fullPhaseEvaluations=0 scalarProbes=0 rootChecks=0 matrixFreeProducts=0 factorBuilds=0 workerJobElapsedSeconds=0
REACTIVE_STEP time=8.4000000000000022e-07 dt=2.9999999999999997e-08 retries=0 massResidual=4.3433887935199051e-14 energyResidual=4.1608279882647985e-15 momentumResidual=3.643789729291329e-20 globalElementResidual=4.2349806264427205e-14 frozenLiquidResidual=0 speciesResidual=4.112170414692089e-14 elementDrift=0 minP=3906402.7161975219 maxP=3999999.9999999977 minT=277.79763381403382 maxT=293.14999999999998 maxMach=0.0041168706844559502 minAlphaGas=0.99999999999999967 maxAlphaGas=1.0000000000000004 maxVolumeResidual=4.4408920985006262e-16 maxUVResidual=9.8589088629108967e-10 maxMuResidual=0 maxMechanicalResidual=0 seconds=9.3853813380000002
REACTIVE_CAPILLARY_STEP time=8.4000000000000022e-07 area=3.2000000000000026e-05 surfaceEnergy=6.5847274876891211e-08 liquidMass=0 closureResidual=0 recoveryCalls=57 outerIterations=57
REACTIVE_STEP_TIMINGS time=8.4000000000000022e-07 cflSeconds=0.071020663000000012 backupSeconds=0.035278035999999999 transportSeconds=0.096777811999999991 recoverySeconds=9.1758722749999997 sourceSeconds=0 conservationSeconds=0.0026146670000000002 diagnosticsSeconds=0.0037779189999999998 nestedBatchPackSeconds=0.010714580000000007 nestedBatchCallSeconds=9.0763640379999995 nestedBatchScatterSeconds=0 nestedScalarPropertySeconds=0.052451625000000002 otherSeconds=3.9966000001479072e-05
REACTIVE_GPU_HEM_STEP time=8.4000000000000022e-07 batches=250 submitted=1024000 succeeded=1024000 cpuFallbacks=0 deviceFailures=0 phaseEvaluations=14369666 residualEvaluations=17364897 analyticJacobians=0 finiteDifferenceJacobians=791370 wallSeconds=9.0491207889997725 kernelSeconds=9.0030125037730784 copySeconds=0.034035744041204352
REACTIVE_ATTEMPT_PROFILE attempt=30 accepted=1 retry=0 sourceCalls=0 fullPhaseEvaluations=0 scalarProbes=0 rootChecks=0 matrixFreeProducts=0 factorBuilds=0 workerJobElapsedSeconds=0
REACTIVE_STEP time=8.7000000000000025e-07 dt=2.9999999999999997e-08 retries=0 massResidual=4.8046553828171305e-14 energyResidual=4.7153391438844094e-15 momentumResidual=3.8211750305144362e-20 globalElementResidual=4.6124662997633881e-14 frozenLiquidResidual=0 speciesResidual=4.4787090361640065e-14 elementDrift=0 minP=3903506.1797585534 maxP=3999999.9999999977 minT=277.28929071818339 maxT=293.14999999999998 maxMach=0.0042252990796718074 minAlphaGas=0.99999999999999956 maxAlphaGas=1.0000000000000004 maxVolumeResidual=4.4408920985006262e-16 maxUVResidual=9.7343979325642209e-10 maxMuResidual=0 maxMechanicalResidual=0 seconds=9.4354662749999996
REACTIVE_CAPILLARY_STEP time=8.7000000000000025e-07 area=3.2000000000000026e-05 surfaceEnergy=6.5847274876891211e-08 liquidMass=0 closureResidual=0 recoveryCalls=59 outerIterations=59
REACTIVE_STEP_TIMINGS time=8.7000000000000025e-07 cflSeconds=0.072323604999999999 backupSeconds=0.035936101999999998 transportSeconds=0.097577914000000002 recoverySeconds=9.2232454070000003 sourceSeconds=0 conservationSeconds=0.002569857 diagnosticsSeconds=0.0037749210000000001 nestedBatchPackSeconds=0.01066185 nestedBatchCallSeconds=9.1235145019999973 nestedBatchScatterSeconds=0 nestedScalarPropertySeconds=0.053090230000000002 otherSeconds=3.8468999998703905e-05
REACTIVE_GPU_HEM_STEP time=8.7000000000000025e-07 batches=250 submitted=1024000 succeeded=1024000 cpuFallbacks=0 deviceFailures=0 phaseEvaluations=14505245 residualEvaluations=17590640 analyticJacobians=0 finiteDifferenceJacobians=801767 wallSeconds=9.0963959510000905 kernelSeconds=9.0504902554454247 copySeconds=0.033828192129730872
REACTIVE_ATTEMPT_PROFILE attempt=31 accepted=1 retry=0 sourceCalls=0 fullPhaseEvaluations=0 scalarProbes=0 rootChecks=0 matrixFreeProducts=0 factorBuilds=0 workerJobElapsedSeconds=0
REACTIVE_STEP time=9.0000000000000028e-07 dt=2.9999999999999997e-08 retries=0 massResidual=4.3433070754942234e-14 energyResidual=6.5804507243933042e-15 momentumResidual=4.0934121941971219e-20 globalElementResidual=4.26894423995953e-14 frozenLiquidResidual=0 speciesResidual=4.1451489465357719e-14 elementDrift=0 minP=3900707.4229190042 maxP=3999999.9999999977 minT=276.78797001822863 maxT=293.14999999999998 maxMach=0.0043327022441734982 minAlphaGas=0.99999999999999967 maxAlphaGas=1.0000000000000004 maxVolumeResidual=4.4408920985006262e-16 maxUVResidual=9.9681297215627352e-10 maxMuResidual=0 maxMechanicalResidual=0 seconds=9.4368247620000005
REACTIVE_CAPILLARY_STEP time=9.0000000000000028e-07 area=3.2000000000000026e-05 surfaceEnergy=6.5847274876891211e-08 liquidMass=0 closureResidual=0 recoveryCalls=61 outerIterations=61
REACTIVE_STEP_TIMINGS time=9.0000000000000028e-07 cflSeconds=0.070136407999999997 backupSeconds=0.035597601 transportSeconds=0.095925405999999991 recoverySeconds=9.228419615 sourceSeconds=0 conservationSeconds=0.002909015 diagnosticsSeconds=0.0037999319999999998 nestedBatchPackSeconds=0.010635185999999996 nestedBatchCallSeconds=9.1293753399999975 nestedBatchScatterSeconds=0 nestedScalarPropertySeconds=0.052339758 otherSeconds=3.6785000002391433e-05
REACTIVE_GPU_HEM_STEP time=9.0000000000000028e-07 batches=250 submitted=1024000 succeeded=1024000 cpuFallbacks=0 deviceFailures=0 phaseEvaluations=14606370 residualEvaluations=17750918 analyticJacobians=0 finiteDifferenceJacobians=809485 wallSeconds=9.1021429959998557 kernelSeconds=9.05584892103073 copySeconds=0.034239584341645646
REACTIVE_ATTEMPT_PROFILE attempt=32 accepted=1 retry=0 sourceCalls=0 fullPhaseEvaluations=0 scalarProbes=0 rootChecks=0 matrixFreeProducts=0 factorBuilds=0 workerJobElapsedSeconds=0
REACTIVE_STEP time=9.3000000000000031e-07 dt=2.9999999999999997e-08 retries=0 massResidual=4.8560048242791433e-14 energyResidual=7.4565026222478772e-15 momentumResidual=4.3385488257484996e-20 globalElementResidual=4.6278586853900122e-14 frozenLiquidResidual=0 speciesResidual=4.4936551260458096e-14 elementDrift=0 minP=3898005.4005106296 maxP=3999999.9999999977 minT=276.29361979453114 maxT=293.14999999999998 maxMach=0.0044392181405533849 minAlphaGas=0.99999999999999956 maxAlphaGas=1.0000000000000004 maxVolumeResidual=4.4408920985006262e-16 maxUVResidual=9.9397011460337685e-10 maxMuResidual=0 maxMechanicalResidual=0 seconds=9.5153940519999995
REACTIVE_CAPILLARY_STEP time=9.3000000000000031e-07 area=3.2000000000000026e-05 surfaceEnergy=6.5847274876891211e-08 liquidMass=0 closureResidual=0 recoveryCalls=63 outerIterations=63
REACTIVE_STEP_TIMINGS time=9.3000000000000031e-07 cflSeconds=0.07122212 backupSeconds=0.035924237000000005 transportSeconds=0.096135918000000001 recoverySeconds=9.3056675040000005 sourceSeconds=0 conservationSeconds=0.0026016120000000001 diagnosticsSeconds=0.003803121 nestedBatchPackSeconds=0.010592312000000006 nestedBatchCallSeconds=9.2071755980000027 nestedBatchScatterSeconds=0 nestedScalarPropertySeconds=0.052368090999999992 otherSeconds=3.9539999999611657e-05
REACTIVE_GPU_HEM_STEP time=9.3000000000000031e-07 batches=250 submitted=1024000 succeeded=1024000 cpuFallbacks=0 deviceFailures=0 phaseEvaluations=14704264 residualEvaluations=17923925 analyticJacobians=0 finiteDifferenceJacobians=816995 wallSeconds=9.1799980340000786 kernelSeconds=9.133935918092817 copySeconds=0.03401286410540405
REACTIVE_ATTEMPT_PROFILE attempt=33 accepted=1 retry=0 sourceCalls=0 fullPhaseEvaluations=0 scalarProbes=0 rootChecks=0 matrixFreeProducts=0 factorBuilds=0 workerJobElapsedSeconds=0
REACTIVE_STEP time=9.6000000000000034e-07 dt=2.9999999999999997e-08 retries=0 massResidual=4.5688658887300631e-14 energyResidual=1.0317111891047429e-14 momentumResidual=4.5467301862117294e-20 globalElementResidual=4.4019729370751394e-14 frozenLiquidResidual=0 speciesResidual=4.2743201136261289e-14 elementDrift=0 minP=3895397.2343590003 maxP=3999999.9999999977 minT=275.80607494861476 maxT=293.14999999999998 maxMach=0.0045449779198419114 minAlphaGas=0.99999999999999967 maxAlphaGas=1.0000000000000004 maxVolumeResidual=4.4408920985006262e-16 maxUVResidual=9.9966142973707237e-10 maxMuResidual=0 maxMechanicalResidual=0 seconds=9.673088452
REACTIVE_CAPILLARY_STEP time=9.6000000000000034e-07 area=3.2000000000000026e-05 surfaceEnergy=6.5847274876891211e-08 liquidMass=0 closureResidual=0 recoveryCalls=65 outerIterations=65
REACTIVE_STEP_TIMINGS time=9.6000000000000034e-07 cflSeconds=0.069929857000000012 backupSeconds=0.035697105 transportSeconds=0.095705841999999999 recoverySeconds=9.4650680499999993 sourceSeconds=0 conservationSeconds=0.0027424680000000001 diagnosticsSeconds=0.0039058999999999999 nestedBatchPackSeconds=0.010800455999999993 nestedBatchCallSeconds=9.3649942159999977 nestedBatchScatterSeconds=0 nestedScalarPropertySeconds=0.052361629999999992 otherSeconds=3.9230000000960944e-05
REACTIVE_GPU_HEM_STEP time=9.6000000000000034e-07 batches=250 submitted=1024000 succeeded=1024000 cpuFallbacks=0 deviceFailures=0 phaseEvaluations=14829604 residualEvaluations=18127448 analyticJacobians=0 finiteDifferenceJacobians=826615 wallSeconds=9.3376572630000112 kernelSeconds=9.291452921241671 copySeconds=0.034092191949488093
REACTIVE_ATTEMPT_PROFILE attempt=34 accepted=1 retry=0 sourceCalls=0 fullPhaseEvaluations=0 scalarProbes=0 rootChecks=0 matrixFreeProducts=0 factorBuilds=0 workerJobElapsedSeconds=0
REACTIVE_STEP time=9.9000000000000026e-07 dt=2.9999999999999997e-08 retries=0 massResidual=4.8102620278815566e-14 energyResidual=1.3430297716050837e-14 momentumResidual=4.7117970637387875e-20 globalElementResidual=4.677484636190947e-14 frozenLiquidResidual=0 speciesResidual=4.5418419392989984e-14 elementDrift=0 minP=3892878.3251776155 maxP=3999999.9999999977 minT=275.32506409608902 maxT=293.14999999999998 maxMach=0.0046501057523671676 minAlphaGas=0.99999999999999956 maxAlphaGas=1.0000000000000004 maxVolumeResidual=4.4408920985006262e-16 maxUVResidual=9.9081682519991396e-10 maxMuResidual=0 maxMechanicalResidual=0 seconds=9.7170355950000005
REACTIVE_CAPILLARY_STEP time=9.9000000000000026e-07 area=3.2000000000000026e-05 surfaceEnergy=6.5847274876891211e-08 liquidMass=0 closureResidual=0 recoveryCalls=67 outerIterations=67
REACTIVE_STEP_TIMINGS time=9.9000000000000026e-07 cflSeconds=0.070281494 backupSeconds=0.035738685999999999 transportSeconds=0.097898267000000011 recoverySeconds=9.5067230269999996 sourceSeconds=0 conservationSeconds=0.0025736969999999998 diagnosticsSeconds=0.0037791909999999999 nestedBatchPackSeconds=0.010794169999999997 nestedBatchCallSeconds=9.4071945349999986 nestedBatchScatterSeconds=0 nestedScalarPropertySeconds=0.053589589999999999 otherSeconds=4.1233000001362954e-05
REACTIVE_GPU_HEM_STEP time=9.9000000000000026e-07 batches=250 submitted=1024000 succeeded=1024000 cpuFallbacks=0 deviceFailures=0 phaseEvaluations=14980409 residualEvaluations=18385341 analyticJacobians=0 finiteDifferenceJacobians=838274 wallSeconds=9.3796797320000564 kernelSeconds=9.3332140063643863 copySeconds=0.034268928274512778
REACTIVE_ATTEMPT_PROFILE attempt=35 accepted=1 retry=0 sourceCalls=0 fullPhaseEvaluations=0 scalarProbes=0 rootChecks=0 matrixFreeProducts=0 factorBuilds=0 workerJobElapsedSeconds=0
REACTIVE_STEP time=9.9999999999999995e-07 dt=9.9999999999996925e-09 retries=0 massResidual=4.4843809206845764e-14 energyResidual=1.0191216859363079e-14 momentumResidual=4.8078807685679708e-20 globalElementResidual=4.2705302069515113e-14 frozenLiquidResidual=0 speciesResidual=4.1466891948591175e-14 elementDrift=0 minP=3892057.882460787 maxP=3999999.9999999977 minT=275.16614249184119 maxT=293.14999999999998 maxMach=0.0046850303004650849 minAlphaGas=0.99999999999999967 maxAlphaGas=1.0000000000000004 maxVolumeResidual=4.4408920985006262e-16 maxUVResidual=9.8769905181848163e-10 maxMuResidual=0 maxMechanicalResidual=0 seconds=9.5193422059999993
REACTIVE_CAPILLARY_STEP time=9.9999999999999995e-07 area=3.2000000000000026e-05 surfaceEnergy=6.5847274876891211e-08 liquidMass=0 closureResidual=0 recoveryCalls=69 outerIterations=69
REACTIVE_STEP_TIMINGS time=9.9999999999999995e-07 cflSeconds=0.072387278999999999 backupSeconds=0.035706252000000001 transportSeconds=0.096613863999999994 recoverySeconds=9.3083123509999997 sourceSeconds=0 conservationSeconds=0.0025008389999999999 diagnosticsSeconds=0.003780369 nestedBatchPackSeconds=0.010590581000000002 nestedBatchCallSeconds=9.2067684639999943 nestedBatchScatterSeconds=0 nestedScalarPropertySeconds=0.052573852000000004 otherSeconds=4.1251999998031391e-05
REACTIVE_GPU_HEM_STEP time=9.9999999999999995e-07 batches=250 submitted=1024000 succeeded=1024000 cpuFallbacks=0 deviceFailures=0 phaseEvaluations=15115999 residualEvaluations=18606213 analyticJacobians=0 finiteDifferenceJacobians=848748 wallSeconds=9.1793756630002008 kernelSeconds=9.1334056605697924 copySeconds=0.033926496110857185
REACTIVE_CHECKPOINT time=9.9999999999999995e-07 acceptedSteps=34 complete=1 schema=3
REACTIVE_PROFILE_V21 scope="prototype" jobElapsedSeconds=0 integrationFallbacks=0 chemical_rhsCalls=0 chemical_uvCalls=0 chemical_fixedStateCalls=0 chemical_jacobianCalls=0 chemical_structuredCalls=0 chemical_fallbackCalls=0 sparse_setups=0 sparse_products=0 sparse_preconditioners=0 sparse_preconditionerSolves=0 sparse_sparseIntegrations=0 sparse_denseIntegrations=0 sparse_denseFallbacks=0 sparse_nonzeros=0 timing_jvSetups=0 timing_preconditionerSetups=0 timing_jacobianCacheHits=0 timing_patternBuilds=0 timing_preconditionerReuses=0 timing_symbolicAnalyses=0 timing_numericFactorizations=0 timing_workspaceCreates=0 timing_workspaceReinitializations=0 timing_factorNonzeros=0 timing_thermoSeconds=0 timing_kineticsSeconds=0 timing_csrSeconds=0 timing_symbolicSeconds=0 timing_factorSeconds=0 timing_solveSeconds=0 realFluid_eosEvaluations=512001 realFluid_referenceEvaluations=0 realFluid_derivativeEvaluations=0 realFluid_scalarAttempts=512003 realFluid_scalarAccepted=512001 realFluid_scalarFallbacks=2 realFluid_scalarIterations=0 realFluid_flashResiduals=3238 realFluid_tangentBuilds=0 realFluid_tangentSolves=0 realFluid_sourceJv=0 realFluid_sourceJvFallbacks=0 trhoStateEvaluations=512003 densityRootChecks=512003 fullPhaseEvaluations=2076230 energyCvEvaluations=512003 selectedMuEvaluations=514037 partialHEvaluations=0 scalarProbes=512003 bracketRejects=0 branchFallbacks=2 flashCandidates=10 linearizationBuilds=0 linearizationApplies=0 FzFactorizations=0 sourceRhsCalls=0 sourceDirectionProbes=0 RzBuilds=0 JvFallbacks=0 nasaCoefficientVisits=1024004 nasaAggregateBuilds=512003 nasaAggregateEvaluations=512003 exactMixingEvaluations=512003 branchCertificates=512001 matrixFreeSetups=0 matrixFreeProducts=0 matrixFreeIntegrations=0 matrixFreeIntegrationFallbacks=0 woodburySetups=0 woodburyFactors=0 woodburySolves=0 woodburyFallbacks=0 diagnosticJvCalls=0 oneSidedProbes=0 derivativeRetries=0 sourceAttempts=0 sourceAccepted=0 sourceFailed=0
REACTIVE_PROFILE_V21 scope="worker_0" jobElapsedSeconds=0 integrationFallbacks=0 chemical_rhsCalls=0 chemical_uvCalls=0 chemical_fixedStateCalls=0 chemical_jacobianCalls=0 chemical_structuredCalls=0 chemical_fallbackCalls=0 sparse_setups=0 sparse_products=0 sparse_preconditioners=0 sparse_preconditionerSolves=0 sparse_sparseIntegrations=0 sparse_denseIntegrations=0 sparse_denseFallbacks=0 sparse_nonzeros=0 timing_jvSetups=0 timing_preconditionerSetups=0 timing_jacobianCacheHits=0 timing_patternBuilds=0 timing_preconditionerReuses=0 timing_symbolicAnalyses=0 timing_numericFactorizations=0 timing_workspaceCreates=0 timing_workspaceReinitializations=0 timing_factorNonzeros=0 timing_thermoSeconds=0 timing_kineticsSeconds=0 timing_csrSeconds=0 timing_symbolicSeconds=0 timing_factorSeconds=0 timing_solveSeconds=0 realFluid_eosEvaluations=0 realFluid_referenceEvaluations=0 realFluid_derivativeEvaluations=0 realFluid_scalarAttempts=0 realFluid_scalarAccepted=0 realFluid_scalarFallbacks=0 realFluid_scalarIterations=0 realFluid_flashResiduals=0 realFluid_tangentBuilds=0 realFluid_tangentSolves=0 realFluid_sourceJv=0 realFluid_sourceJvFallbacks=0 trhoStateEvaluations=0 densityRootChecks=0 fullPhaseEvaluations=0 energyCvEvaluations=0 selectedMuEvaluations=0 partialHEvaluations=0 scalarProbes=0 bracketRejects=0 branchFallbacks=0 flashCandidates=0 linearizationBuilds=0 linearizationApplies=0 FzFactorizations=0 sourceRhsCalls=0 sourceDirectionProbes=0 RzBuilds=0 JvFallbacks=0 nasaCoefficientVisits=0 nasaAggregateBuilds=0 nasaAggregateEvaluations=0 exactMixingEvaluations=0 branchCertificates=0 matrixFreeSetups=0 matrixFreeProducts=0 matrixFreeIntegrations=0 matrixFreeIntegrationFallbacks=0 woodburySetups=0 woodburyFactors=0 woodburySolves=0 woodburyFallbacks=0 diagnosticJvCalls=0 oneSidedProbes=0 derivativeRetries=0 sourceAttempts=0 sourceAccepted=0 sourceFailed=0
REACTIVE_PROFILE_V21 scope="workers" jobElapsedSeconds=0 integrationFallbacks=0 chemical_rhsCalls=0 chemical_uvCalls=0 chemical_fixedStateCalls=0 chemical_jacobianCalls=0 chemical_structuredCalls=0 chemical_fallbackCalls=0 sparse_setups=0 sparse_products=0 sparse_preconditioners=0 sparse_preconditionerSolves=0 sparse_sparseIntegrations=0 sparse_denseIntegrations=0 sparse_denseFallbacks=0 sparse_nonzeros=0 timing_jvSetups=0 timing_preconditionerSetups=0 timing_jacobianCacheHits=0 timing_patternBuilds=0 timing_preconditionerReuses=0 timing_symbolicAnalyses=0 timing_numericFactorizations=0 timing_workspaceCreates=0 timing_workspaceReinitializations=0 timing_factorNonzeros=0 timing_thermoSeconds=0 timing_kineticsSeconds=0 timing_csrSeconds=0 timing_symbolicSeconds=0 timing_factorSeconds=0 timing_solveSeconds=0 realFluid_eosEvaluations=0 realFluid_referenceEvaluations=0 realFluid_derivativeEvaluations=0 realFluid_scalarAttempts=0 realFluid_scalarAccepted=0 realFluid_scalarFallbacks=0 realFluid_scalarIterations=0 realFluid_flashResiduals=0 realFluid_tangentBuilds=0 realFluid_tangentSolves=0 realFluid_sourceJv=0 realFluid_sourceJvFallbacks=0 trhoStateEvaluations=0 densityRootChecks=0 fullPhaseEvaluations=0 energyCvEvaluations=0 selectedMuEvaluations=0 partialHEvaluations=0 scalarProbes=0 bracketRejects=0 branchFallbacks=0 flashCandidates=0 linearizationBuilds=0 linearizationApplies=0 FzFactorizations=0 sourceRhsCalls=0 sourceDirectionProbes=0 RzBuilds=0 JvFallbacks=0 nasaCoefficientVisits=0 nasaAggregateBuilds=0 nasaAggregateEvaluations=0 exactMixingEvaluations=0 branchCertificates=0 matrixFreeSetups=0 matrixFreeProducts=0 matrixFreeIntegrations=0 matrixFreeIntegrationFallbacks=0 woodburySetups=0 woodburyFactors=0 woodburySolves=0 woodburyFallbacks=0 diagnosticJvCalls=0 oneSidedProbes=0 derivativeRetries=0 sourceAttempts=0 sourceAccepted=0 sourceFailed=0
REACTIVE_CLOSURE_PROFILE eligibleCells=0 uniqueCells=0 reusedCells=0 failedRepresentativeRetries=0 gpuSubmitted=0 gpuConverged=0 gpuApproved=0 gpuRejected=0 gpuUnsupported=0 gpuLaunches=0 gpuTransferBytes=0 hostBytes=32768 liquidCacheHits=0 liquidCacheMisses=0 deviceBytes=0 classifySeconds=0.032250977999999826 prepareSeconds=0 gpuWallSeconds=0 gpuKernelSeconds=0 gpuCopySeconds=0
REACTIVE_GPU_HEM batches=8625 submitted=35328000 succeeded=35328000 cpuFallbacks=0 deviceFailures=0 phaseEvaluations=405570246 residualEvaluations=446793722 flashCandidates=1477930 stableCandidates=35328000 transferBytes=15120798000 analyticJacobians=0 finiteDifferenceJacobians=20356757 hostBytes=3340632 deviceBytes=2029992 wallSeconds=258.01795402599936 kernelSeconds=256.43185527551412 copySeconds=1.1707593028023859
REACTIVE_BATCH_V21 attempted=8625 accepted=8625 failed=0 batchWallSeconds=258.95096409099978 workerJobSecondsSum=0 workerJobSecondsMax=0 poolScratchBytes=6420824 flowStagingBytes=884736 workerOwnedBytesKnownLowerBound=58104 workerInternalBytesUnmeasured=1
REACTIVE_WORKER_TIME metric=thermoSeconds sum=0 max=0
REACTIVE_WORKER_TIME metric=kineticsSeconds sum=0 max=0
REACTIVE_WORKER_TIME metric=csrSeconds sum=0 max=0
REACTIVE_WORKER_TIME metric=symbolicSeconds sum=0 max=0
REACTIVE_WORKER_TIME metric=factorSeconds sum=0 max=0
REACTIVE_WORKER_TIME metric=solveSeconds sum=0 max=0
REACTIVE_PROFILE_V21 scope="combined" jobElapsedSeconds=0 integrationFallbacks=0 chemical_rhsCalls=0 chemical_uvCalls=0 chemical_fixedStateCalls=0 chemical_jacobianCalls=0 chemical_structuredCalls=0 chemical_fallbackCalls=0 sparse_setups=0 sparse_products=0 sparse_preconditioners=0 sparse_preconditionerSolves=0 sparse_sparseIntegrations=0 sparse_denseIntegrations=0 sparse_denseFallbacks=0 sparse_nonzeros=0 timing_jvSetups=0 timing_preconditionerSetups=0 timing_jacobianCacheHits=0 timing_patternBuilds=0 timing_preconditionerReuses=0 timing_symbolicAnalyses=0 timing_numericFactorizations=0 timing_workspaceCreates=0 timing_workspaceReinitializations=0 timing_factorNonzeros=0 timing_thermoSeconds=0 timing_kineticsSeconds=0 timing_csrSeconds=0 timing_symbolicSeconds=0 timing_factorSeconds=0 timing_solveSeconds=0 realFluid_eosEvaluations=512001 realFluid_referenceEvaluations=0 realFluid_derivativeEvaluations=0 realFluid_scalarAttempts=512003 realFluid_scalarAccepted=512001 realFluid_scalarFallbacks=2 realFluid_scalarIterations=0 realFluid_flashResiduals=3238 realFluid_tangentBuilds=0 realFluid_tangentSolves=0 realFluid_sourceJv=0 realFluid_sourceJvFallbacks=0 trhoStateEvaluations=512003 densityRootChecks=512003 fullPhaseEvaluations=2076230 energyCvEvaluations=512003 selectedMuEvaluations=514037 partialHEvaluations=0 scalarProbes=512003 bracketRejects=0 branchFallbacks=2 flashCandidates=10 linearizationBuilds=0 linearizationApplies=0 FzFactorizations=0 sourceRhsCalls=0 sourceDirectionProbes=0 RzBuilds=0 JvFallbacks=0 nasaCoefficientVisits=1024004 nasaAggregateBuilds=512003 nasaAggregateEvaluations=512003 exactMixingEvaluations=512003 branchCertificates=512001 matrixFreeSetups=0 matrixFreeProducts=0 matrixFreeIntegrations=0 matrixFreeIntegrationFallbacks=0 woodburySetups=0 woodburyFactors=0 woodburySolves=0 woodburyFallbacks=0 diagnosticJvCalls=0 oneSidedProbes=0 derivativeRetries=0 sourceAttempts=0 sourceAccepted=0 sourceFailed=0
REACTIVE_CHEMISTRY scope=combined rhsCalls=0 uvCalls=0 fixedStateCalls=0 structuredCalls=0 fallbackCalls=0 integrationFallbacks=0
REACTIVE_SPARSE scope=combined nnzMeaning=last_snapshot_sum setups=0 products=0 nonzeros=0 sparseIntegrations=0 denseIntegrations=0 denseFallbacks=0
REACTIVE_CHEMICAL_PROFILE scope=combined factorNnzMeaning=last_snapshot_sum jvSetups=0 preconditionerSetups=0 jacobianCacheHits=0 preconditionerReuses=0 patternBuilds=0 symbolicAnalyses=0 numericFactorizations=0 factorNonzeros=0 workspaceCreates=0 workspaceReinitializations=0 thermoSeconds=0 kineticsSeconds=0 csrSeconds=0 symbolicSeconds=0 factorSeconds=0 solveSeconds=0
REACTIVE_REAL_FLUID scope=combined eosEvaluations=512001 scalarAttempts=512003 scalarAccepted=512001 scalarFallbacks=2 scalarIterations=0
REACTIVE_BATCH workers=1 capacity=4096 scratchBytes=6420824 batches=8625 cells=35328000 failures=0 scope=bounded_scratch_excludes_Cantera_CVODE_worker_allocations
REACTIVE_TRANSPORT_V21 layoutTiles=4900 layoutLaunches=4900 memcpyCalls=7698 payloadBytes=27026971768 nasaValidationEvaluations=0 nasaFaceEvaluations=0 detailedGasCounters=0 temperatureBasisBuilds=0 temperatureBasisBytes=0 pinnedBytes=1048536 deviceStagingBytes=1048536 slotCells=14563 slots=1 blockThreads=256 eventWaits=4900 failedCalls=0 stageBarrier=full closureDownloadsPerRK=2 overlapValidated=0
REACTIVE_MEMORY liveBytes=742011840 peakBytes=742011840 bridgeBytes=1048536 conservedWorkspaceBytes=77419008 gasWorkspaceBytes=0 rhsWorkspaceBytes=0 d2dBytes=1845504 synchronizations=1108
REACTIVE_CAPILLARY_PROFILE enabled=1 geometryBuilds=244 geometryKernels=488 faceFluxBuilds=105753600 workspaceBytes=41165060 closureIterations=69
REACTIVE_WALE gradientBuilds=139 viscosityBuilds=139 cellsEvaluated=71168000 workspaceBytes=4096004
REACTIVE_WALE_SCALARS fieldUploads=0 fieldUploadBytes=0 workspaceBytes=21505280 hostEnthalpyCells=0 hostPropertySeconds=0 propertyStageSeconds=1.8478589790000008 fluxBackend=cuda
REACTIVE_WALE_PR backend=device-pr builds=139 cells=71168000 kernels=278 failures=0 inputUploadBytes=13640753840 scratchBytes=127023456 wallSeconds=1.1438409700000003
REACTIVE_TRANSPORT allocatedBytes=742011840 uploadedBytes=22507229636 downloadedBytes=4517896628 kernelLaunches=6624 stages=68 stepQueries=68
REACTIVE_TRANSFER conservedUploads=68 conservedUploadBytes=2506752000 conservedDownloadBytes=2506752000 stateUploadBytes=3985408000 primitiveUploadBytes=1163264000 gasUploadBytes=0 boundaryPartitions=150
REACTIVE_DEVICE_PROPERTIES builds=0 cells=0 partitionUploadBytes=0 thermoTableBytes=0 gasStatusChecks=0 cflFaceLaunches=68 transportFaceLaunches=68 faceWorkspaceBytes=223948800
End
