{"spec": "uniform:8:2", "mode": "main", "passed": true, "error": null, "wall_seconds": 0.8489836429998832}
{"spec": "uniform:8:2", "mode": "cpu", "passed": true, "error": null, "wall_seconds": 0.8570919429994319}
{"spec": "uniform:8:2", "mode": "cuda", "passed": true, "error": null, "wall_seconds": 0.8561948869992193}
{"spec": "uniform:8:2", "mode": "cuda-workers", "passed": true, "error": null, "wall_seconds": 0.8540046039997833}
{"spec": "acoustic:32:2", "mode": "main", "passed": true, "error": null, "wall_seconds": 8.201779759000601}
{"spec": "acoustic:32:2", "mode": "cpu", "passed": true, "error": null, "wall_seconds": 8.222263069000292}
{"spec": "acoustic:32:2", "mode": "cuda", "passed": true, "error": null, "wall_seconds": 8.229527735000374}
{"spec": "acoustic:32:2", "mode": "cuda-workers", "passed": true, "error": null, "wall_seconds": 6.32353522899939}
{"spec": "acoustic:64:2", "mode": "main", "passed": true, "error": null, "wall_seconds": 29.76760238299994}
{"spec": "acoustic:64:2", "mode": "cpu", "passed": true, "error": null, "wall_seconds": 30.379720233000626}
{"spec": "acoustic:64:2", "mode": "cuda", "passed": true, "error": null, "wall_seconds": 30.73825068899987}
{"spec": "acoustic:64:2", "mode": "cuda-workers", "passed": true, "error": null, "wall_seconds": 21.701566574000026}
{"spec": "shock:64:2", "mode": "main", "passed": true, "error": null, "wall_seconds": 0.796058866999374}
{"spec": "shock:64:2", "mode": "cpu", "passed": true, "error": null, "wall_seconds": 0.7949083970006541}
{"spec": "shock:64:2", "mode": "cuda", "passed": true, "error": null, "wall_seconds": 0.8496758569999656}
{"spec": "shock:64:2", "mode": "cuda-workers", "passed": true, "error": null, "wall_seconds": 0.8397468310004115}
{"spec": "release:32:0", "mode": "main", "passed": true, "error": null, "wall_seconds": 2.6966704110000137}
{"spec": "release:32:0", "mode": "cpu", "passed": true, "error": null, "wall_seconds": 2.755798376999337}
{"spec": "release:32:0", "mode": "cuda", "passed": true, "error": null, "wall_seconds": 2.752468716000294}
{"spec": "release:32:0", "mode": "cuda-workers", "passed": true, "error": null, "wall_seconds": 2.196692391000397}
{"spec": "contact:32:2", "mode": "main", "passed": true, "error": null, "wall_seconds": 7.732395715000166}
{"spec": "contact:32:2", "mode": "cpu", "passed": true, "error": null, "wall_seconds": 7.785757396000008}
{"spec": "contact:32:2", "mode": "cuda", "passed": true, "error": null, "wall_seconds": 7.784351744999185}
{"spec": "contact:32:2", "mode": "cuda-workers", "passed": true, "error": null, "wall_seconds": 5.781870130000243}
{"spec": "viscous:64:2", "mode": "main", "passed": true, "error": null, "wall_seconds": 0.8638575469994976}
{"spec": "viscous:64:2", "mode": "cpu", "passed": true, "error": null, "wall_seconds": 0.8617428770003244}
{"spec": "viscous:64:2", "mode": "cuda", "passed": true, "error": null, "wall_seconds": 0.8621512869995058}
{"spec": "viscous:64:2", "mode": "cuda-workers", "passed": true, "error": null, "wall_seconds": 0.865081881000151}
{"spec": "viscous-zero:64:2", "mode": "main", "passed": true, "error": null, "wall_seconds": 0.8766821150002215}
{"spec": "viscous-zero:64:2", "mode": "cpu", "passed": true, "error": null, "wall_seconds": 0.859046457999284}
{"spec": "viscous-zero:64:2", "mode": "cuda", "passed": true, "error": null, "wall_seconds": 0.8604588830003195}
{"spec": "viscous-zero:64:2", "mode": "cuda-workers", "passed": true, "error": null, "wall_seconds": 0.869423096999526}
{"spec": "conduction:64:2", "mode": "main", "passed": true, "error": null, "wall_seconds": 0.9132676069993977}
{"spec": "conduction:64:2", "mode": "cpu", "passed": true, "error": null, "wall_seconds": 0.9166134420001981}
{"spec": "conduction:64:2", "mode": "cuda", "passed": true, "error": null, "wall_seconds": 0.9117092430005869}
{"spec": "conduction:64:2", "mode": "cuda-workers", "passed": true, "error": null, "wall_seconds": 0.9206352560004234}
{"spec": "conduction-zero:64:2", "mode": "main", "passed": true, "error": null, "wall_seconds": 0.861071334999906}
{"spec": "conduction-zero:64:2", "mode": "cpu", "passed": true, "error": null, "wall_seconds": 0.8656145539998761}
{"spec": "conduction-zero:64:2", "mode": "cuda", "passed": true, "error": null, "wall_seconds": 0.857051367999702}
{"spec": "conduction-zero:64:2", "mode": "cuda-workers", "passed": true, "error": null, "wall_seconds": 0.8626015350000671}
{"spec": "diffusion:64:2", "mode": "main", "passed": true, "error": null, "wall_seconds": 2.329502706999847}
{"spec": "diffusion:64:2", "mode": "cpu", "passed": true, "error": null, "wall_seconds": 2.06740475999959}
{"spec": "diffusion:64:2", "mode": "cuda", "passed": true, "error": null, "wall_seconds": 2.1794952499994906}
{"spec": "diffusion:64:2", "mode": "cuda-workers", "passed": true, "error": null, "wall_seconds": 2.568002557}
{"spec": "diffusion:64:2", "mode": "cuda-host", "passed": true, "error": null, "wall_seconds": 2.2241300269997737}
{"spec": "diffusion-zero:64:2", "mode": "main", "passed": true, "error": null, "wall_seconds": 1.7730318410003747}
{"spec": "diffusion-zero:64:2", "mode": "cpu", "passed": true, "error": null, "wall_seconds": 1.7598327830000926}
{"spec": "diffusion-zero:64:2", "mode": "cuda", "passed": true, "error": null, "wall_seconds": 1.8827005650000501}
{"spec": "diffusion-zero:64:2", "mode": "cuda-workers", "passed": true, "error": null, "wall_seconds": 2.138673089999429}
{"spec": "chemistry:4:2", "mode": "main", "passed": true, "error": null, "wall_seconds": 60.2060181830002}
{"spec": "chemistry:4:2", "mode": "cpu", "passed": true, "error": null, "wall_seconds": 46.773768149000716}
{"spec": "chemistry:4:2", "mode": "cuda", "passed": true, "error": null, "wall_seconds": 46.30073350699968}
{"spec": "chemistry:4:2", "mode": "cuda-workers", "passed": true, "error": null, "wall_seconds": 40.25975218599979}
{"spec": "chemistry:4:2", "mode": "cpu-auto", "passed": true, "error": null, "wall_seconds": 35.15266070100006}
{"spec": "chemistry:4:2", "mode": "cuda-auto", "passed": true, "error": null, "wall_seconds": 33.04389647500011}
{"spec": "coupled:4:2", "mode": "main", "passed": true, "error": null, "wall_seconds": 12.421826595999846}
{"spec": "coupled:4:2", "mode": "cpu", "passed": true, "error": null, "wall_seconds": 10.3796713239999}
{"spec": "coupled:4:2", "mode": "cuda", "passed": true, "error": null, "wall_seconds": 10.959901193000405}
{"spec": "coupled:4:2", "mode": "cuda-workers", "passed": true, "error": null, "wall_seconds": 9.01415621599972}
{"spec": "reacting-shock:8:2", "mode": "main", "passed": true, "error": null, "wall_seconds": 13.323508643999958}
{"spec": "reacting-shock:8:2", "mode": "cpu", "passed": true, "error": null, "wall_seconds": 12.75973017600063}
{"spec": "reacting-shock:8:2", "mode": "cuda", "passed": true, "error": null, "wall_seconds": 12.746464289999494}
{"spec": "reacting-shock:8:2", "mode": "cuda-workers", "passed": true, "error": null, "wall_seconds": 8.955530123000244}
{"spec": "reacting-shock:8:2", "mode": "cpu-auto", "passed": true, "error": null, "wall_seconds": 11.255495112000062}
{"spec": "reacting-shock:8:2", "mode": "cuda-auto", "passed": true, "error": null, "wall_seconds": 8.19540944900018}
{"spec": "pr-chemistry:4:2", "mode": "main", "passed": true, "error": null, "wall_seconds": 0.8557835109995722}
{"spec": "pr-chemistry:4:2", "mode": "cpu", "passed": true, "error": null, "wall_seconds": 0.8518153129998609}
{"spec": "pr-chemistry:4:2", "mode": "cuda", "passed": true, "error": null, "wall_seconds": 0.8593119790002675}
{"spec": "pr-chemistry:4:2", "mode": "cuda-workers", "passed": true, "error": null, "wall_seconds": 0.8628419619999477}
{"spec": "pr-chemistry:4:2", "mode": "cpu-matrixFree", "passed": true, "error": null, "wall_seconds": 0.9065614459996141}
{"spec": "pr-chemistry:4:2", "mode": "cpu-matrixFreeWoodbury", "passed": true, "error": null, "wall_seconds": 0.9159682119998251}
{"spec": "pr-chemistry:4:2", "mode": "cuda-matrixFree", "passed": true, "error": null, "wall_seconds": 0.9197988659998373}
{"spec": "pr-chemistry:4:2", "mode": "cuda-matrixFreeWoodbury", "passed": true, "error": null, "wall_seconds": 0.9141352519991415}
