ptxas info    : 296 bytes gmem
ptxas info    : Compiling entry function '_ZN51_GLOBAL__N__b1320dc0_18_pintleGpuHemFma_cu_c130191b17hemReduceCountersEPKN17PintleDeviceFlash8CountersEmPNS_16HemCounterTotalsE' for 'sm_120'
ptxas info    : Function properties for _ZN51_GLOBAL__N__b1320dc0_18_pintleGpuHemFma_cu_c130191b17hemReduceCountersEPKN17PintleDeviceFlash8CountersEmPNS_16HemCounterTotalsE
    0 bytes stack frame, 0 bytes spill stores, 0 bytes spill loads
ptxas info    : Used 27 registers, used 0 barriers
ptxas info    : Compile time = 5.459 ms
ptxas info    : Compiling entry function '_ZN51_GLOBAL__N__b1320dc0_18_pintleGpuHemFma_cu_c130191b9hemKernelEPKN17PintleDeviceFlash5ModelEPKdS5_PK17PintleThermoStatePK28PintleGpuHemCapillaryInputV2PKjmPNS_16HemCompactOutputEPNS0_8CountersEPKN28PintleDevicePRPurePhaseCache22PureReportedPhaseCacheE' for 'sm_120'
ptxas info    : Function properties for _ZN51_GLOBAL__N__b1320dc0_18_pintleGpuHemFma_cu_c130191b9hemKernelEPKN17PintleDeviceFlash5ModelEPKdS5_PK17PintleThermoStatePK28PintleGpuHemCapillaryInputV2PKjmPNS_16HemCompactOutputEPNS0_8CountersEPKN28PintleDevicePRPurePhaseCache22PureReportedPhaseCacheE
    6928 bytes stack frame, 48 bytes spill stores, 32 bytes spill loads
ptxas info    : Used 255 registers, used 0 barriers, 6928 bytes cumulative stack size
ptxas info    : Compile time = 14303.262 ms
ptxas info    : Function properties for _ZN14PintleDevicePR17evaluateTPTrustedILi16ELi8EEENS_6StatusERKNS_5TableIXT_EXT0_EEEddPKdNS_10RootChoiceERNS_5StateEb
    0 bytes stack frame, 0 bytes spill stores, 0 bytes spill loads
ptxas info    : Function properties for _ZN14PintleDevicePR23evaluateTPTrustedFixed4ILi16ELi8EEENS_6StatusERKNS_5TableIXT_EXT0_EEEddPKdNS_10RootChoiceERNS_5StateEb
    0 bytes stack frame, 0 bytes spill stores, 0 bytes spill loads
ptxas info    : Function properties for _ZN14PintleDevicePR6detail19reportedPhaseCachedILi1ELi16ELi8EEENS_6StatusERKNS_5TableIXT0_EXT1_EEEdPKdddddRi
    0 bytes stack frame, 0 bytes spill stores, 0 bytes spill loads
ptxas info    : Function properties for _ZN17PintleDeviceFlash5Flash11activeFlashEPKiidRNS_10EvaluationEdPK17PintleThermoState
    0 bytes stack frame, 232 bytes spill stores, 500 bytes spill loads
ptxas info    : Function properties for _ZN17PintleDeviceFlash5Flash11phaseStatusEiddPKdRN14PintleDevicePR5StateEb
    0 bytes stack frame, 0 bytes spill stores, 0 bytes spill loads
ptxas info    : Function properties for _ZN17PintleDeviceFlash5Flash17temperatureSearchERNS_10EvaluationE
    0 bytes stack frame, 232 bytes spill stores, 384 bytes spill loads
ptxas info    : Function properties for _ZN17PintleDeviceFlash5Flash3runERNS_10EvaluationEb
    0 bytes stack frame, 86 bytes spill stores, 120 bytes spill loads
ptxas info    : Function properties for _ZN17PintleDeviceFlash5Flash6frozenEPKdRNS_10EvaluationE
    0 bytes stack frame, 24 bytes spill stores, 8 bytes spill loads
ptxas info    : Function properties for _ZN17PintleDeviceFlash5Flash6searchERNS_10EvaluationE
    0 bytes stack frame, 324 bytes spill stores, 940 bytes spill loads
ptxas info    : Function properties for _ZN17PintleDeviceFlash5Flash6stableERNS_10EvaluationE
    0 bytes stack frame, 8 bytes spill stores, 0 bytes spill loads
ptxas info    : Function properties for _ZN17PintleDeviceFlash5Flash7tangentEddPKiiPKdd
    0 bytes stack frame, 0 bytes spill stores, 0 bytes spill loads
ptxas info    : Function properties for _ZN17PintleDeviceFlash5Flash8evaluateEPKdddRNS_10EvaluationEbS2_
    0 bytes stack frame, 20 bytes spill stores, 44 bytes spill loads
ptxas info    : Function properties for _ZN17PintleDeviceFlash5Flash8gasProbeEdRdS1_S1_Pd
    0 bytes stack frame, 0 bytes spill stores, 0 bytes spill loads
ptxas info    : Function properties for _ZN17PintleDeviceFlash5Flash8jacobianEPKiiPKddS4_PA4_dPKNS_10EvaluationE
    0 bytes stack frame, 792 bytes spill stores, 660 bytes spill loads
ptxas info    : Function properties for _ZN17PintleDeviceFlash5Flash8residualEPKiiPKddPdPNS_10EvaluationE
    0 bytes stack frame, 28 bytes spill stores, 36 bytes spill loads
ptxas info    : Function properties for _ZN17PintleDeviceFlash5Flash9scalarGasERNS_10EvaluationE
    0 bytes stack frame, 16 bytes spill stores, 8 bytes spill loads
ptxas info    : Function properties for _ZN24PintleDevicePRSelectedMu23evaluateTPTrustedFixed4ILi16ELi8EEEN14PintleDevicePR6StatusERKNS1_5TableIXT_EXT0_EEEddPKdNS1_10RootChoiceEjRNS1_5StateE
    0 bytes stack frame, 0 bytes spill stores, 0 bytes spill loads
ptxas info    : Function properties for _ZN25PintleDeviceFlashJacobian11buildCachedILi16ELi8EEEbPKN14PintleDevicePR5TableIXT_EXT0_EEEiiPKiPKdS7_ibS9_dddddddddS9_bS9_S9_jPA4_d
    0 bytes stack frame, 0 bytes spill stores, 4 bytes spill loads
ptxas info    : Function properties for _ZN25PintleDeviceFlashJacobian5buildILi16ELi8EEEbPKN14PintleDevicePR5TableIXT_EXT0_EEEiiPKiPKdS7_ibS9_dddddddPA4_dPm
    0 bytes stack frame, 0 bytes spill stores, 0 bytes spill loads
ptxas info    : Function properties for _ZN28PintleDevicePRPurePhaseCache31reportedPhaseCachedWithFallbackILi16ELi8EEEN14PintleDevicePR6StatusERKNS1_5TableIXT_EXT0_EEEdPKdddddRKNS_22PureReportedPhaseCacheERi
    0 bytes stack frame, 0 bytes spill stores, 0 bytes spill loads
ptxas info    : Function properties for __internal_accurate_pow
    0 bytes stack frame, 0 bytes spill stores, 0 bytes spill loads
ptxas info    : Function properties for __internal_trig_reduction_slowpathd
    0 bytes stack frame, 0 bytes spill stores, 0 bytes spill loads
ptxas info    : Compiling entry function '_ZN51_GLOBAL__N__b1320dc0_18_pintleGpuHemFma_cu_c130191b21hemInitializeTPKernelEPKN17PintleDeviceFlash5ModelEPdS4_PK17PintleThermoStatePK28PintleGpuHemCapillaryInputV2mPNS_16HemCompactOutputEPNS0_8CountersEPKN28PintleDevicePRPurePhaseCache22PureReportedPhaseCacheE' for 'sm_120'
ptxas info    : Function properties for _ZN51_GLOBAL__N__b1320dc0_18_pintleGpuHemFma_cu_c130191b21hemInitializeTPKernelEPKN17PintleDeviceFlash5ModelEPdS4_PK17PintleThermoStatePK28PintleGpuHemCapillaryInputV2mPNS_16HemCompactOutputEPNS0_8CountersEPKN28PintleDevicePRPurePhaseCache22PureReportedPhaseCacheE
    3904 bytes stack frame, 0 bytes spill stores, 0 bytes spill loads
ptxas info    : Used 246 registers, used 0 barriers, 3904 bytes cumulative stack size
ptxas info    : Compile time = 3169.400 ms
ptxas info    : Function properties for _ZN14PintleDevicePR17evaluateTPTrustedILi16ELi8EEENS_6StatusERKNS_5TableIXT_EXT0_EEEddPKdNS_10RootChoiceERNS_5StateEb
    0 bytes stack frame, 0 bytes spill stores, 0 bytes spill loads
ptxas info    : Function properties for _ZN14PintleDevicePR23evaluateTPTrustedFixed4ILi16ELi8EEENS_6StatusERKNS_5TableIXT_EXT0_EEEddPKdNS_10RootChoiceERNS_5StateEb
    0 bytes stack frame, 0 bytes spill stores, 0 bytes spill loads
ptxas info    : Function properties for _ZN14PintleDevicePR6detail19reportedPhaseCachedILi1ELi16ELi8EEENS_6StatusERKNS_5TableIXT0_EXT1_EEEdPKdddddRi
    0 bytes stack frame, 0 bytes spill stores, 0 bytes spill loads
ptxas info    : Function properties for _ZN17PintleDeviceFlash5Flash11phaseStatusEiddPKdRN14PintleDevicePR5StateEb
    0 bytes stack frame, 0 bytes spill stores, 0 bytes spill loads
ptxas info    : Function properties for _ZN17PintleDeviceFlash5Flash8evaluateEPKdddRNS_10EvaluationEbS2_
    0 bytes stack frame, 0 bytes spill stores, 0 bytes spill loads
ptxas info    : Function properties for _ZN24PintleDevicePRSelectedMu23evaluateTPTrustedFixed4ILi16ELi8EEEN14PintleDevicePR6StatusERKNS1_5TableIXT_EXT0_EEEddPKdNS1_10RootChoiceEjRNS1_5StateE
    0 bytes stack frame, 0 bytes spill stores, 0 bytes spill loads
ptxas info    : Function properties for _ZN28PintleDevicePRPurePhaseCache31reportedPhaseCachedWithFallbackILi16ELi8EEEN14PintleDevicePR6StatusERKNS1_5TableIXT_EXT0_EEEdPKdddddRKNS_22PureReportedPhaseCacheERi
    0 bytes stack frame, 0 bytes spill stores, 0 bytes spill loads
ptxas info    : Function properties for __internal_accurate_pow
    0 bytes stack frame, 0 bytes spill stores, 0 bytes spill loads
ptxas info    : Function properties for __internal_trig_reduction_slowpathd
    0 bytes stack frame, 0 bytes spill stores, 0 bytes spill loads
ptxas info    : Compiling entry function '_ZN51_GLOBAL__N__b1320dc0_18_pintleGpuHemFma_cu_c130191b23initializeHemPhaseCacheEPKN17PintleDeviceFlash5ModelEPN28PintleDevicePRPurePhaseCache22PureReportedPhaseCacheE' for 'sm_120'
ptxas info    : Function properties for _ZN51_GLOBAL__N__b1320dc0_18_pintleGpuHemFma_cu_c130191b23initializeHemPhaseCacheEPKN17PintleDeviceFlash5ModelEPN28PintleDevicePRPurePhaseCache22PureReportedPhaseCacheE
    176 bytes stack frame, 0 bytes spill stores, 0 bytes spill loads
ptxas info    : Used 62 registers, used 0 barriers, 176 bytes cumulative stack size
ptxas info    : Compile time = 68.816 ms
ptxas info    : Function properties for __internal_accurate_pow
    0 bytes stack frame, 0 bytes spill stores, 0 bytes spill loads
ptxas info    : Function properties for __internal_trig_reduction_slowpathd
    0 bytes stack frame, 0 bytes spill stores, 0 bytes spill loads
