/*---------------------------------------------------------------------------*\
| =========                 |                                                 |
| \\      /  F ield         | OpenFOAM: The Open Source CFD Toolbox           |
|  \\    /   O peration     | Version:  2512                                  |
|   \\  /    A nd           | Website:  www.openfoam.com                      |
|    \\/     M anipulation  |                                                 |
\*---------------------------------------------------------------------------*/
Build  : 5916a466-20260728 OPENFOAM=2512 version=v2512
Arch   : "LSB;label=32;scalar=64"
Exec   : /home/jsw/문서/analysis/spuma-multiphysics-spray-physics/bin/ReactiveFoam -case /home/jsw/문서/analysis/runs/precision_revisit_20260924/full-1atm-fp32-linear
Date   : Sep 24 2026
Time   : 02:26:14
Host   : jsw-ubuntu
PID    : 86432
I/O    : uncollated
Case   : /home/jsw/문서/analysis/runs/precision_revisit_20260924/full-1atm-fp32-linear
nProcs : 1
memory pool : not available
fileModificationChecking : Monitoring run-time modified files using timeStampMaster (fileModificationSkew 5, maxFileModificationPolls 20)
allowSystemOperations : Allowing user-supplied system call operations

// * * * * * * * * * * * * * * * * * * * * * * * * * * * * * * * * * * * * * //
Initializing CUDA devices

CUDA Driver Version / Runtime Version:  13.2 / 13.2
Number of threads per block: 128

Create dummyMemoryPool
 
Create time

Create mesh for time = 0

REACTIVE_RECOVERY mode=reference baseline=reference_candidate_search fallback=none
REACTIVE_CLOSURE_ACCELERATION exactBatchReuse=1 scalarBackend=cpu fullBackend=cuda deviceFullClosure=1 closureJacobian=finiteDifference requestedClosureJacobian=finiteDifference
REACTIVE_RUNTIME runId="86432-10041643038518" solverSha256="e81fbb426117ef566d61ad9b6286abbf398c1c8629c7e0e887abcf325a21cc71" manifest={"schema":1,"backendPath":"/home/jsw/문서/analysis/spuma-multiphysics-spray-physics/lib/libpintleReactiveBackend.so","backendSha256":"29a61f1012aa1892493583e5e0be92f533456b0f3e6acd35e7a81030fb55afc2","thermoConfiguration":"/home/jsw/문서/analysis/runs/impinging_n2o_cube80_z40_counters_1us_20260923/n160/base/thermo/cold-pr-config.yaml","physicalModelHash":"e8a14864dd2082dde742598dbbcc5f0f2454bc521d93b9a3bd0befc47d4c9c4e","numericalPolicyHash":"89d10c3a2d26eafd0cf80b6c4a31d0c167aa7e9f7db596734732fc6b6b2978dc","modelFingerprint":"86843f73688e246995634977344ab1b56b1c0d5b17fb5620310e34555e990f4f","eos":"Peng-Robinson","closureBackend":"cuda","chemistryBackend":"cpu","deviceFullClosure":true,"deviceChemistryIntegration":false,"closureCpuFallback":false,"closureJacobian":"finiteDifference","solidN2O":false,"enforceSpeciesTemperatureBounds":true,"exactBatchReuse":true,"deviceCaloricCandidates":false,"deviceCaloricScope":"no-condensable-inventory; NASA/PR-alpha single interval; host branch/residual/stability approval","hemLibrary":"/home/jsw/문서/analysis/runs/precision_revisit_20260924/variants-v2/libHem-fp32-linear.so","hemLibrarySha256":"bb4ef82b6dd1b44c570d0f04e26c2ec00e06adcc8c1eb0f716f2630976ae18e8","hemNumericalPolicy":"fp32-newton-step-fp64-accept-v2:experimental","deviceHemScope":"PR; nonreacting HEM; all reference candidates and boundary fallback; experimental"}
REACTIVE_TURBULENCE model=WALE-stress-v1 backend=cuda Cw=0.32500000000000001 filter=cubeRootVolume stressWork=1 sgsHeatFlux=1 sgsSpeciesMixing=1 Prt=0.84999999999999998 Sct=0.69999999999999996 scalarPropertyBackend=device-pr scalarFluxBackend=cuda sgsK=none TCI=0
REACTIVE_PHYSICS chemistry=0 combustion=0 phaseChange=equilibrium viscosity=1 heatConduction=1 speciesDiffusion=0 turbulence=WALE-stress-v1 turbulentHeatFlux=1 turbulentSpeciesMixing=1 surfaceTension=1 interfaceModel=diffuse-liquid-inventory-v1 totalEnergy=1 thermodynamicRecovery=1 frozenLiquidFields=0 transportedLiquidFields=1
REACTIVE_CAPILLARY sigma=0.0020577273399028486 geometryBackend=cuda tractionBackend=cuda closureBackend=cuda pressureModel=curved-phase-split surfaceEnergyInTotal=1 capillaryCfl=0.25 geometryScheme=Gauss-diffuse noPLIC=1
REACTIVE_PHYSICAL_MODEL hash=e8a14864dd2082dde742598dbbcc5f0f2454bc521d93b9a3bd0befc47d4c9c4e numericalPolicyHash=89d10c3a2d26eafd0cf80b6c4a31d0c167aa7e9f7db596734732fc6b6b2978dc eos=Peng-Robinson realEOS=1 phaseEquilibrium=1 nonidealDiffusion=0 deviceClosure=1 deviceKinetics=0 mixtureLiquid=0
REACTIVE_BACKENDS transport=cuda thermodynamics=cuda chemistry=cpu chemicalLinearSolver=dense transportGasProperties=disabled
REACTIVE_MODEL cells=4096000 species=4 reactions=0 liquids=1 estimatedHostBytes=14223651840 chemistry=0
REACTIVE_SPECIES index=0 name=N2
REACTIVE_SPECIES index=1 name=O2
REACTIVE_SPECIES index=2 name=N2O
REACTIVE_SPECIES index=3 name=IC3H7OH
REACTIVE_CHECKPOINT time=0 acceptedSteps=0 complete=1 schema=3
REACTIVE_ATTEMPT_PROFILE attempt=2 accepted=0 retry=0 sourceCalls=0 fullPhaseEvaluations=0 scalarProbes=0 rootChecks=0 matrixFreeProducts=0 factorBuilds=0 workerJobElapsedSeconds=0
REACTIVE_RETRY dt=5.174920411489206e-08 reason=RK stage wave/diffusion CFL requires a smaller step
REACTIVE_ATTEMPT_PROFILE attempt=3 accepted=1 retry=1 sourceCalls=0 fullPhaseEvaluations=0 scalarProbes=0 rootChecks=0 matrixFreeProducts=0 factorBuilds=0 workerJobElapsedSeconds=0
REACTIVE_STEP time=2.587460205744603e-08 dt=2.587460205744603e-08 retries=1 massResidual=8.1676656472190433e-15 energyResidual=-9.4803182127318394e-14 momentumResidual=7.1400678334735746e-21 globalElementResidual=5.7959379449959788e-15 frozenLiquidResidual=0 speciesResidual=5.6279008978068535e-15 elementDrift=0 minP=85199.709575813482 maxP=101324.99999999994 minT=181.23505199354437 maxT=293.14999999999998 maxMach=0.026559808193346517 minAlphaGas=0.99999999999999956 maxAlphaGas=1.0000000000000002 maxVolumeResidual=4.4408920985006262e-16 maxUVResidual=3.2781590060134588e-10 maxMuResidual=0 maxMechanicalResidual=0 seconds=5.3032822419999999
REACTIVE_CAPILLARY_STEP time=2.587460205744603e-08 area=3.9999999999999949e-05 surfaceEnergy=8.2309093596113842e-08 liquidMass=0 closureResidual=0 recoveryCalls=4 outerIterations=5
REACTIVE_STEP_TIMINGS time=2.587460205744603e-08 cflSeconds=0.85757743100000006 backupSeconds=0.29289564800000001 transportSeconds=1.246783722 recoverySeconds=2.808290639 sourceSeconds=0 conservationSeconds=0.018194835999999999 diagnosticsSeconds=0.028631436999999999 nestedBatchPackSeconds=0.20719342500000001 nestedBatchCallSeconds=1.2430819320000002 nestedBatchScatterSeconds=0 nestedScalarPropertySeconds=0.63324617000000005 otherSeconds=0.050908528999999744
REACTIVE_GPU_HEM_STEP time=2.587460205744603e-08 batches=16 submitted=795 succeeded=795 cpuFallbacks=0 deviceFailures=0 phaseEvaluations=252016 residualEvaluations=116108 analyticJacobians=0 finiteDifferenceJacobians=15772 wallSeconds=0.46278098400000006 kernelSeconds=0.4621154614388942 copySeconds=0.00051526399701833743
REACTIVE_CHECKPOINT time=2.587460205744603e-08 acceptedSteps=1 complete=1 schema=3
REACTIVE_ATTEMPT_PROFILE attempt=4 accepted=1 retry=0 sourceCalls=0 fullPhaseEvaluations=0 scalarProbes=0 rootChecks=0 matrixFreeProducts=0 factorBuilds=0 workerJobElapsedSeconds=0
REACTIVE_STEP time=6.0870616421544342e-08 dt=3.4996014364098319e-08 retries=0 massResidual=1.9602635994640929e-14 energyResidual=-2.1520632108138278e-13 momentumResidual=1.9791766976996924e-20 globalElementResidual=1.7595960621885312e-14 frozenLiquidResidual=0 speciesResidual=1.7085667762927245e-14 elementDrift=0 minP=96748.977138703471 maxP=101324.99999999994 minT=169.46979358500582 maxT=293.14999999999998 maxMach=0.051898015905537644 minAlphaGas=0.99973143262806141 maxAlphaGas=1.0000000000000002 maxVolumeResidual=8.8369833672885534e-10 maxUVResidual=4.5268604054372536e-10 maxMuResidual=8.4390414656354551e-09 maxMechanicalResidual=0 seconds=4.1764884350000004
REACTIVE_CAPILLARY_STEP time=6.0870616421544342e-08 area=4.0002257538352048e-05 surfaceEnergy=8.2313738994501828e-08 liquidMass=7.0523976653827133e-09 closureResidual=1.3497608033433833e-11 recoveryCalls=6 outerIterations=9
REACTIVE_STEP_TIMINGS time=6.0870616421544342e-08 cflSeconds=0.56943472399999995 backupSeconds=0.28937522199999999 transportSeconds=0.79678717200000004 recoverySeconds=2.47185275 sourceSeconds=0 conservationSeconds=0.020525333 diagnosticsSeconds=0.028465738000000001 nestedBatchPackSeconds=0.20666886900000006 nestedBatchCallSeconds=1.106934238 nestedBatchScatterSeconds=0 nestedScalarPropertySeconds=0.42335927500000003 otherSeconds=4.7496000000642885e-05
REACTIVE_GPU_HEM_STEP time=6.0870616421544342e-08 batches=16 submitted=3159 succeeded=3159 cpuFallbacks=0 deviceFailures=0 phaseEvaluations=304832 residualEvaluations=131445 analyticJacobians=0 finiteDifferenceJacobians=16776 wallSeconds=0.32535314200000004 kernelSeconds=0.32455766430497174 copySeconds=0.00061830400675535221
REACTIVE_ATTEMPT_PROFILE attempt=5 accepted=1 retry=0 sourceCalls=0 fullPhaseEvaluations=0 scalarProbes=0 rootChecks=0 matrixFreeProducts=0 factorBuilds=0 workerJobElapsedSeconds=0
REACTIVE_STEP time=9.7746432812652263e-08 dt=3.6875816391107927e-08 retries=0 massResidual=3.5239733811250268e-14 energyResidual=-3.4475798049286265e-13 momentumResidual=4.3842521784486861e-20 globalElementResidual=3.0124603168372793e-14 frozenLiquidResidual=0 speciesResidual=2.9250964658379965e-14 elementDrift=0 minP=101121.82953143747 maxP=117306.17270260736 minT=174.97321079121065 maxT=293.14999999999998 maxMach=0.066216998182983516 minAlphaGas=0.99938410112632148 maxAlphaGas=1.0000000000000004 maxVolumeResidual=1.0471279399126843e-10 maxUVResidual=3.0282400216641524e-11 maxMuResidual=5.0831516773541807e-10 maxMechanicalResidual=0 seconds=4.1974942080000002
REACTIVE_CAPILLARY_STEP time=9.7746432812652263e-08 area=4.0005248601233702e-05 surfaceEnergy=8.2319893786368786e-08 liquidMass=1.6063953798459045e-08 closureResidual=1.5688443382941286e-12 recoveryCalls=8 outerIterations=13
REACTIVE_STEP_TIMINGS time=9.7746432812652263e-08 cflSeconds=0.572628476 backupSeconds=0.28978267599999996 transportSeconds=0.79557253300000008 recoverySeconds=2.4903485029999999 sourceSeconds=0 conservationSeconds=0.020594990000000001 diagnosticsSeconds=0.028522338000000001 nestedBatchPackSeconds=0.20948371499999999 nestedBatchCallSeconds=1.1272595779999999 nestedBatchScatterSeconds=0 nestedScalarPropertySeconds=0.42290879599999998 otherSeconds=4.4692000000248755e-05
REACTIVE_GPU_HEM_STEP time=9.7746432812652263e-08 batches=16 submitted=7216 succeeded=7216 cpuFallbacks=0 deviceFailures=0 phaseEvaluations=383216 residualEvaluations=171216 analyticJacobians=0 finiteDifferenceJacobians=19368 wallSeconds=0.34311888400000023 kernelSeconds=0.34214620190858802 copySeconds=0.00074912001751363316
REACTIVE_ATTEMPT_PROFILE attempt=6 accepted=1 retry=0 sourceCalls=0 fullPhaseEvaluations=0 scalarProbes=0 rootChecks=0 matrixFreeProducts=0 factorBuilds=0 workerJobElapsedSeconds=0
REACTIVE_STEP time=1.3707234225111705e-07 dt=3.9325909438464784e-08 retries=0 massResidual=4.0806478748097012e-14 energyResidual=-4.9052990987187168e-13 momentumResidual=4.910362439862528e-20 globalElementResidual=3.4116734454288011e-14 frozenLiquidResidual=0 speciesResidual=3.3127396637910726e-14 elementDrift=0 minP=101192.19418022296 maxP=137575.10532271751 minT=179.52949715756199 maxT=293.151563820685 maxMach=0.077290532252754021 minAlphaGas=0.99900824514242781 maxAlphaGas=1.0000000000000004 maxVolumeResidual=1.9516810390030059e-10 maxUVResidual=5.3034493916099922e-10 maxMuResidual=2.3371171664621215e-10 maxMechanicalResidual=0 seconds=4.1898644269999998
REACTIVE_CAPILLARY_STEP time=1.3707234225111705e-07 area=4.0008505264843982e-05 surfaceEnergy=8.2326595112116517e-08 liquidMass=2.5675126430905983e-08 closureResidual=1.6187568863471058e-12 recoveryCalls=10 outerIterations=17
REACTIVE_STEP_TIMINGS time=1.3707234225111705e-07 cflSeconds=0.56784335900000005 backupSeconds=0.29084847999999996 transportSeconds=0.79650170799999997 recoverySeconds=2.4876864530000002 sourceSeconds=0 conservationSeconds=0.018503532999999999 diagnosticsSeconds=0.028436876999999999 nestedBatchPackSeconds=0.20656313800000001 nestedBatchCallSeconds=1.125119762 nestedBatchScatterSeconds=0 nestedScalarPropertySeconds=0.42254342300000003 otherSeconds=4.4016999999053202e-05
REACTIVE_GPU_HEM_STEP time=1.3707234225111705e-07 batches=16 submitted=12474 succeeded=12474 cpuFallbacks=0 deviceFailures=0 phaseEvaluations=414896 residualEvaluations=193810 analyticJacobians=0 finiteDifferenceJacobians=18880 wallSeconds=0.34126919400000033 kernelSeconds=0.34005653986334772 copySeconds=0.000923616010695696
REACTIVE_ATTEMPT_PROFILE attempt=7 accepted=1 retry=0 sourceCalls=0 fullPhaseEvaluations=0 scalarProbes=0 rootChecks=0 matrixFreeProducts=0 factorBuilds=0 workerJobElapsedSeconds=0
REACTIVE_STEP time=1.7766927638779243e-07 dt=4.0596934136675398e-08 retries=0 massResidual=4.2773862339519463e-14 energyResidual=-6.3448232138775242e-13 momentumResidual=7.1651207030647089e-20 globalElementResidual=3.7816568349894549e-14 frozenLiquidResidual=0 speciesResidual=3.6720254338491409e-14 elementDrift=0 minP=101212.88561927175 maxP=157958.97346678295 minT=183.37583920169553 maxT=293.1596103157587 maxMach=0.086395836910482748 minAlphaGas=0.99861611536358297 maxAlphaGas=1.0000000000000004 maxVolumeResidual=7.8712369955269423e-11 maxUVResidual=9.9584849777594787e-10 maxMuResidual=2.071018911919964e-10 maxMechanicalResidual=0 seconds=4.210253496
REACTIVE_CAPILLARY_STEP time=1.7766927638779243e-07 area=4.0011912032997959e-05 surfaceEnergy=8.2333605312087673e-08 liquidMass=3.5571523868590246e-08 closureResidual=1.1112590882211837e-12 recoveryCalls=12 outerIterations=21
REACTIVE_STEP_TIMINGS time=1.7766927638779243e-07 cflSeconds=0.575186537 backupSeconds=0.28897764300000001 transportSeconds=0.80060952399999996 recoverySeconds=2.4969597070000003 sourceSeconds=0 conservationSeconds=0.020186834000000001 diagnosticsSeconds=0.028290197999999999 nestedBatchPackSeconds=0.20660236000000001 nestedBatchCallSeconds=1.114652985 nestedBatchScatterSeconds=0 nestedScalarPropertySeconds=0.42087460799999998 otherSeconds=4.3052999999824287e-05
REACTIVE_GPU_HEM_STEP time=1.7766927638779243e-07 batches=16 submitted=18764 succeeded=18764 cpuFallbacks=0 deviceFailures=0 phaseEvaluations=457228 residualEvaluations=224124 analyticJacobians=0 finiteDifferenceJacobians=18672 wallSeconds=0.33117575100000018 kernelSeconds=0.329688961237669 copySeconds=0.0011189439892768851
REACTIVE_ATTEMPT_PROFILE attempt=8 accepted=1 retry=0 sourceCalls=0 fullPhaseEvaluations=0 scalarProbes=0 rootChecks=0 matrixFreeProducts=0 factorBuilds=0 workerJobElapsedSeconds=0
REACTIVE_STEP time=2.1891001786879722e-07 dt=4.1240741481004797e-08 retries=0 massResidual=5.784682696922093e-14 energyResidual=-7.8100274657093315e-13 momentumResidual=8.7183986177151005e-20 globalElementResidual=4.5231193761199056e-14 frozenLiquidResidual=0 speciesResidual=4.3919218592209543e-14 elementDrift=0 minP=101127.73338931166 maxP=178288.177784495 minT=186.68557751736986 maxT=293.17317853754656 maxMach=0.094464711477820359 minAlphaGas=0.99821417163915716 maxAlphaGas=1.0000000000000004 maxVolumeResidual=1.0333067734791257e-10 maxUVResidual=6.1252071147446705e-10 maxMuResidual=4.5110226665201481e-10 maxMechanicalResidual=0 seconds=4.1757560720000004
REACTIVE_CAPILLARY_STEP time=2.1891001786879722e-07 area=4.0015398988238806e-05 surfaceEnergy=8.2340780515219773e-08 liquidMass=4.5587616411772753e-08 closureResidual=1.5368979960211915e-12 recoveryCalls=14 outerIterations=25
REACTIVE_STEP_TIMINGS time=2.1891001786879722e-07 cflSeconds=0.56959627899999998 backupSeconds=0.289899766 transportSeconds=0.79714188399999997 recoverySeconds=2.4696479490000001 sourceSeconds=0 conservationSeconds=0.020205002999999999 diagnosticsSeconds=0.029222128999999999 nestedBatchPackSeconds=0.20651277400000001 nestedBatchCallSeconds=1.1101245930000001 nestedBatchScatterSeconds=0 nestedScalarPropertySeconds=0.42161679200000002 otherSeconds=4.3062000000856915e-05
REACTIVE_GPU_HEM_STEP time=2.1891001786879722e-07 batches=16 submitted=25878 succeeded=25878 cpuFallbacks=0 deviceFailures=0 phaseEvaluations=509564 residualEvaluations=260014 analyticJacobians=0 finiteDifferenceJacobians=18672 wallSeconds=0.32658839199999989 kernelSeconds=0.32477064999938032 copySeconds=0.0013562240321189174
REACTIVE_ATTEMPT_PROFILE attempt=9 accepted=1 retry=0 sourceCalls=0 fullPhaseEvaluations=0 scalarProbes=0 rootChecks=0 matrixFreeProducts=0 factorBuilds=0 workerJobElapsedSeconds=0
REACTIVE_STEP time=2.6061142944953928e-07 dt=4.1701411580742054e-08 retries=0 massResidual=5.3795040539741779e-14 energyResidual=-9.2700369669388602e-13 momentumResidual=1.1123474098464094e-19 globalElementResidual=4.7715954854009558e-14 frozenLiquidResidual=0 speciesResidual=4.6331992622052674e-14 elementDrift=0 minP=100910.26219976773 maxP=198615.44470414208 minT=189.59207563983259 maxT=293.19216057726641 maxMach=0.10183091723005396 minAlphaGas=0.99780493695414663 maxAlphaGas=1.0000000000000004 maxVolumeResidual=7.9259510066265193e-10 maxUVResidual=9.3221248269598605e-10 maxMuResidual=2.1426984631034429e-09 maxMechanicalResidual=0 seconds=4.4580016789999997
REACTIVE_CAPILLARY_STEP time=2.6061142944953928e-07 area=4.0018932064695968e-05 surfaceEnergy=8.2348050623239643e-08 liquidMass=5.5659289967737741e-08 closureResidual=1.606459756886558e-12 recoveryCalls=16 outerIterations=29
REACTIVE_STEP_TIMINGS time=2.6061142944953928e-07 cflSeconds=0.5652149500000001 backupSeconds=0.29051441 transportSeconds=0.79572243899999995 recoverySeconds=2.7578103409999999 sourceSeconds=0 conservationSeconds=0.020332583000000001 diagnosticsSeconds=0.028364118000000001 nestedBatchPackSeconds=0.20628427099999999 nestedBatchCallSeconds=1.398372315 nestedBatchScatterSeconds=0 nestedScalarPropertySeconds=0.421089039 otherSeconds=4.2837999999607856e-05
REACTIVE_GPU_HEM_STEP time=2.6061142944953928e-07 batches=16 submitted=33242 succeeded=33242 cpuFallbacks=0 deviceFailures=0 phaseEvaluations=824333 residualEvaluations=563116 analyticJacobians=0 finiteDifferenceJacobians=30461 wallSeconds=0.61529139399999977 kernelSeconds=0.6131372146010392 copySeconds=0.0015847039911896007
REACTIVE_ATTEMPT_PROFILE attempt=10 accepted=1 retry=0 sourceCalls=0 fullPhaseEvaluations=0 scalarProbes=0 rootChecks=0 matrixFreeProducts=0 factorBuilds=0 workerJobElapsedSeconds=0
REACTIVE_STEP time=3.0289977683392577e-07 dt=4.2288347384386492e-08 retries=0 massResidual=5.6698316600442116e-14 energyResidual=-1.0764977778087879e-12 momentumResidual=6.2131116586015663e-20 globalElementResidual=4.6188898037644978e-14 frozenLiquidResidual=0 speciesResidual=4.4849109263294957e-14 elementDrift=0 minP=100550.21662364113 maxP=219705.89170980666 minT=192.13765232053211 maxT=293.2160801016181 maxMach=0.1087954870867609 minAlphaGas=0.99738786922074973 maxAlphaGas=1.0000000000000004 maxVolumeResidual=8.6753804140471402e-10 maxUVResidual=9.9128821600929415e-10 maxMuResidual=5.5749183047737461e-10 maxMechanicalResidual=0 seconds=4.738674616
REACTIVE_CAPILLARY_STEP time=3.0289977683392577e-07 area=4.0022507469413866e-05 surfaceEnergy=8.2355407831278882e-08 liquidMass=6.5800359129334148e-08 closureResidual=1.5342922245198398e-12 recoveryCalls=18 outerIterations=33
REACTIVE_STEP_TIMINGS time=3.0289977683392577e-07 cflSeconds=0.56990481400000004 backupSeconds=0.28959183999999999 transportSeconds=0.79758726300000005 recoverySeconds=3.033623473 sourceSeconds=0 conservationSeconds=0.019682850000000002 diagnosticsSeconds=0.028239402 nestedBatchPackSeconds=0.20669498800000002 nestedBatchCallSeconds=1.6768135799999999 nestedBatchScatterSeconds=0 nestedScalarPropertySeconds=0.42146258700000006 otherSeconds=4.4973999999916442e-05
REACTIVE_GPU_HEM_STEP time=3.0289977683392577e-07 batches=16 submitted=39606 succeeded=39606 cpuFallbacks=0 deviceFailures=0 phaseEvaluations=1694596 residualEvaluations=1521883 analyticJacobians=0 finiteDifferenceJacobians=72459 wallSeconds=0.89217821800000019 kernelSeconds=0.88976259958744031 copySeconds=0.0017559680081903938
REACTIVE_ATTEMPT_PROFILE attempt=11 accepted=1 retry=0 sourceCalls=0 fullPhaseEvaluations=0 scalarProbes=0 rootChecks=0 matrixFreeProducts=0 factorBuilds=0 workerJobElapsedSeconds=0
REACTIVE_STEP time=3.4601184049102189e-07 dt=4.3112063657096125e-08 retries=0 massResidual=6.1670205987496143e-14 energyResidual=-1.2321568985949839e-12 momentumResidual=1.5833413581597539e-19 globalElementResidual=5.0711193434719112e-14 frozenLiquidResidual=0 speciesResidual=4.9240948060563698e-14 elementDrift=0 minP=100044.64126795428 maxP=241023.10620178809 minT=194.44200183982616 maxT=293.24414985204845 maxMach=0.11555824623578737 minAlphaGas=0.9969613865028395 maxAlphaGas=1.0000000000000004 maxVolumeResidual=8.9550589166265127e-13 maxUVResidual=8.5729001147897235e-10 maxMuResidual=2.5224267119483557e-13 maxMechanicalResidual=0 seconds=4.8772966630000001
REACTIVE_CAPILLARY_STEP time=3.4601184049102189e-07 area=4.0026134188168924e-05 surfaceEnergy=8.2362870629615299e-08 liquidMass=7.6050828171288639e-08 closureResidual=1.6614192660524552e-12 recoveryCalls=20 outerIterations=37
REACTIVE_STEP_TIMINGS time=3.4601184049102189e-07 cflSeconds=0.56532822699999996 backupSeconds=0.291187001 transportSeconds=0.79984019899999992 recoverySeconds=3.1737045430000004 sourceSeconds=0 conservationSeconds=0.018709511000000002 diagnosticsSeconds=0.028482901000000001 nestedBatchPackSeconds=0.20617883000000001 nestedBatchCallSeconds=1.8166445680000001 nestedBatchScatterSeconds=0 nestedScalarPropertySeconds=0.42288977000000005 otherSeconds=4.4280999999438131e-05
REACTIVE_GPU_HEM_STEP time=3.4601184049102189e-07 batches=16 submitted=44742 succeeded=44742 cpuFallbacks=0 deviceFailures=0 phaseEvaluations=2077264 residualEvaluations=1947214 analyticJacobians=0 finiteDifferenceJacobians=91266 wallSeconds=1.0327729849999998 kernelSeconds=1.0301266966462128 copySeconds=0.0019226239863783124
REACTIVE_ATTEMPT_PROFILE attempt=12 accepted=1 retry=0 sourceCalls=0 fullPhaseEvaluations=0 scalarProbes=0 rootChecks=0 matrixFreeProducts=0 factorBuilds=0 workerJobElapsedSeconds=0
REACTIVE_STEP time=3.902135374429748e-07 dt=4.4201696951952923e-08 retries=0 massResidual=6.5475440697819645e-14 energyResidual=-1.3768844572442134e-12 momentumResidual=2.5253292547864429e-19 globalElementResidual=5.2721262357651297e-14 frozenLiquidResidual=0 speciesResidual=5.1191959225772434e-14 elementDrift=0 minP=99392.595668225898 maxP=262679.86106582556 minT=196.57464666011001 maxT=293.27558351889877 maxMach=0.12225448950217477 minAlphaGas=0.99652366132159331 maxAlphaGas=1.0000000000000004 maxVolumeResidual=2.6074697956346427e-12 maxUVResidual=9.9979893329583207e-10 maxMuResidual=6.0040861171728466e-13 maxMechanicalResidual=0 seconds=4.8165068179999997
REACTIVE_CAPILLARY_STEP time=3.902135374429748e-07 area=4.0029826264194203e-05 surfaceEnergy=8.2370467915393524e-08 liquidMass=8.6456464393568081e-08 closureResidual=1.7899063307902363e-12 recoveryCalls=22 outerIterations=41
REACTIVE_STEP_TIMINGS time=3.902135374429748e-07 cflSeconds=0.56534115500000004 backupSeconds=0.28947701799999997 transportSeconds=0.79757569400000006 recoverySeconds=3.1153025049999998 sourceSeconds=0 conservationSeconds=0.020335056000000001 diagnosticsSeconds=0.02841699 nestedBatchPackSeconds=0.20651083299999998 nestedBatchCallSeconds=1.7611730630000002 nestedBatchScatterSeconds=0 nestedScalarPropertySeconds=0.42210292999999999 otherSeconds=5.8400000000062569e-05
REACTIVE_GPU_HEM_STEP time=3.902135374429748e-07 batches=16 submitted=48660 succeeded=48660 cpuFallbacks=0 deviceFailures=0 phaseEvaluations=1924976 residualEvaluations=1974940 analyticJacobians=0 finiteDifferenceJacobians=93543 wallSeconds=0.97598835500000014 kernelSeconds=0.97313231736421546 copySeconds=0.0020577919725328648
REACTIVE_ATTEMPT_PROFILE attempt=13 accepted=1 retry=0 sourceCalls=0 fullPhaseEvaluations=0 scalarProbes=0 rootChecks=0 matrixFreeProducts=0 factorBuilds=0 workerJobElapsedSeconds=0
REACTIVE_STEP time=4.3575588349603988e-07 dt=4.5542346053065088e-08 retries=0 massResidual=7.3378720243681925e-14 energyResidual=-1.5436612477541711e-12 momentumResidual=1.7035951321972037e-19 globalElementResidual=6.0284372416953547e-14 frozenLiquidResidual=0 speciesResidual=5.8537583693405033e-14 elementDrift=0 minP=98591.501345523793 maxP=284779.41828058235 minT=198.56955695700148 maxT=293.31023884036978 maxMach=0.12897423766140648 minAlphaGas=0.99607308607702405 maxAlphaGas=1.0000000000000004 maxVolumeResidual=4.5490278210991164e-12 maxUVResidual=9.740131385817686e-10 maxMuResidual=5.3645976549887564e-13 maxMechanicalResidual=0 seconds=4.608416514
REACTIVE_CAPILLARY_STEP time=4.3575588349603988e-07 area=4.0033597965695522e-05 surfaceEnergy=8.2378229048690731e-08 liquidMass=9.7057270579515412e-08 closureResidual=1.9069277407135488e-12 recoveryCalls=24 outerIterations=45
REACTIVE_STEP_TIMINGS time=4.3575588349603988e-07 cflSeconds=0.56590291100000001 backupSeconds=0.29031900099999997 transportSeconds=0.79819768299999994 recoverySeconds=2.9068679610000001 sourceSeconds=0 conservationSeconds=0.018182132 diagnosticsSeconds=0.028902212 nestedBatchPackSeconds=0.20628582899999998 nestedBatchCallSeconds=1.5455775880000002 nestedBatchScatterSeconds=0 nestedScalarPropertySeconds=0.42103635899999997 otherSeconds=4.4613999999609799e-05
REACTIVE_GPU_HEM_STEP time=4.3575588349603988e-07 batches=16 submitted=50706 succeeded=50706 cpuFallbacks=0 deviceFailures=0 phaseEvaluations=1709358 residualEvaluations=1958724 analyticJacobians=0 finiteDifferenceJacobians=93277 wallSeconds=0.75934699499999958 kernelSeconds=0.75645664328336704 copySeconds=0.0020804799534380452
REACTIVE_ATTEMPT_PROFILE attempt=14 accepted=1 retry=0 sourceCalls=0 fullPhaseEvaluations=0 scalarProbes=0 rootChecks=0 matrixFreeProducts=0 factorBuilds=0 workerJobElapsedSeconds=0
REACTIVE_STEP time=4.8285055412390034e-07 dt=4.7094670627860446e-08 retries=0 massResidual=6.8021174851936052e-14 energyResidual=-1.70871428449906e-12 momentumResidual=1.8438912019075617e-19 globalElementResidual=5.6917779123534647e-14 frozenLiquidResidual=0 speciesResidual=5.5267110194870085e-14 elementDrift=0 minP=97633.808445432747 maxP=307403.09814556182 minT=200.44911910945493 maxT=293.34402128489262 maxMach=0.13577201212961998 minAlphaGas=0.99560854364844054 maxAlphaGas=1.0000000000000004 maxVolumeResidual=3.4687808181388391e-12 maxUVResidual=9.8904468163693511e-10 maxMuResidual=2.2915003228263231e-12 maxMechanicalResidual=0 seconds=4.4799352480000003
REACTIVE_CAPILLARY_STEP time=4.8285055412390034e-07 area=4.0037460700268356e-05 surfaceEnergy=8.2386177503228045e-08 liquidMass=1.0788087835685542e-07 closureResidual=2.0088999908018934e-12 recoveryCalls=26 outerIterations=49
REACTIVE_STEP_TIMINGS time=4.8285055412390034e-07 cflSeconds=0.56869225600000006 backupSeconds=0.28990076799999998 transportSeconds=0.79939473500000002 recoverySeconds=2.7740308200000001 sourceSeconds=0 conservationSeconds=0.019488833000000001 diagnosticsSeconds=0.028386149999999999 nestedBatchPackSeconds=0.20708232500000001 nestedBatchCallSeconds=1.4106788869999998 nestedBatchScatterSeconds=0 nestedScalarPropertySeconds=0.42187782699999998 otherSeconds=4.1686000000134421e-05
REACTIVE_GPU_HEM_STEP time=4.8285055412390034e-07 batches=16 submitted=53132 succeeded=53132 cpuFallbacks=0 deviceFailures=0 phaseEvaluations=1677306 residualEvaluations=1958604 analyticJacobians=0 finiteDifferenceJacobians=92400 wallSeconds=0.62518095600000034 kernelSeconds=0.62213261494040584 copySeconds=0.0022000320125371235
REACTIVE_ATTEMPT_PROFILE attempt=15 accepted=1 retry=0 sourceCalls=0 fullPhaseEvaluations=0 scalarProbes=0 rootChecks=0 matrixFreeProducts=0 factorBuilds=0 workerJobElapsedSeconds=0
REACTIVE_STEP time=5.3165638824161934e-07 dt=4.8805834117718959e-08 retries=0 massResidual=7.5557306686071661e-14 energyResidual=-1.8786657452031749e-12 momentumResidual=2.7257522115155261e-19 globalElementResidual=5.8229367622790301e-14 frozenLiquidResidual=0 speciesResidual=5.654148651399465e-14 elementDrift=0 minP=96503.38580345537 maxP=330786.25760013564 minT=202.22777245384444 maxT=293.37227946711687 maxMach=0.1426720310113492 minAlphaGas=0.99512946192182183 maxAlphaGas=1.0000000000000004 maxVolumeResidual=3.1485103413331217e-10 maxUVResidual=8.980464006730566e-10 maxMuResidual=2.7496227517076477e-10 maxMechanicalResidual=0 seconds=4.4691960220000002
REACTIVE_CAPILLARY_STEP time=5.3165638824161934e-07 area=4.0041421026431775e-05 surfaceEnergy=8.239432677464945e-08 liquidMass=1.1893884747390721e-07 closureResidual=2.0884708892832116e-12 recoveryCalls=28 outerIterations=53
REACTIVE_STEP_TIMINGS time=5.3165638824161934e-07 cflSeconds=0.56610401399999999 backupSeconds=0.29218498500000001 transportSeconds=0.80146377400000002 recoverySeconds=2.7626389500000004 sourceSeconds=0 conservationSeconds=0.018346623999999999 diagnosticsSeconds=0.028415686999999999 nestedBatchPackSeconds=0.20713320499999999 nestedBatchCallSeconds=1.4028962090000001 nestedBatchScatterSeconds=0 nestedScalarPropertySeconds=0.42136930800000005 otherSeconds=4.1987999999718723e-05
REACTIVE_GPU_HEM_STEP time=5.3165638824161934e-07 batches=16 submitted=54736 succeeded=54736 cpuFallbacks=0 deviceFailures=0 phaseEvaluations=1684858 residualEvaluations=1958328 analyticJacobians=0 finiteDifferenceJacobians=91974 wallSeconds=0.61721275799999997 kernelSeconds=0.61411056613922099 copySeconds=0.00223836798593402
REACTIVE_ATTEMPT_PROFILE attempt=16 accepted=1 retry=0 sourceCalls=0 fullPhaseEvaluations=0 scalarProbes=0 rootChecks=0 matrixFreeProducts=0 factorBuilds=0 workerJobElapsedSeconds=0
REACTIVE_STEP time=5.8206476656638435e-07 dt=5.040837832476505e-08 retries=0 massResidual=7.9796558691437353e-14 energyResidual=-2.0519915352115516e-12 momentumResidual=1.9240603845991948e-19 globalElementResidual=6.8290864542181804e-14 frozenLiquidResidual=0 speciesResidual=6.6309893842090346e-14 elementDrift=0 minP=95177.44510986915 maxP=354798.81011622661 minT=198.74434751811728 maxT=293.38774258897462 maxMach=0.14964432765100205 minAlphaGas=0.99463813862909145 maxAlphaGas=1.0000000000000004 maxVolumeResidual=6.535771923665834e-11 maxUVResidual=9.8112458560057063e-10 maxMuResidual=1.2416734307407751e-11 maxMechanicalResidual=0 seconds=4.4898384990000002
REACTIVE_CAPILLARY_STEP time=5.8206476656638435e-07 area=4.0045463026275904e-05 surfaceEnergy=8.2402644108236589e-08 liquidMass=1.30179402108511e-07 closureResidual=2.7961070958593126e-12 recoveryCalls=30 outerIterations=57
REACTIVE_STEP_TIMINGS time=5.8206476656638435e-07 cflSeconds=0.56820357300000002 backupSeconds=0.29015307299999998 transportSeconds=0.80015357600000003 recoverySeconds=2.7824727759999996 sourceSeconds=0 conservationSeconds=0.020307235 diagnosticsSeconds=0.028504636999999999 nestedBatchPackSeconds=0.20668977099999997 nestedBatchCallSeconds=1.4199202890000002 nestedBatchScatterSeconds=0 nestedScalarPropertySeconds=0.421924886 otherSeconds=4.362900000069031e-05
REACTIVE_GPU_HEM_STEP time=5.8206476656638435e-07 batches=16 submitted=56298 succeeded=56298 cpuFallbacks=0 deviceFailures=0 phaseEvaluations=1699884 residualEvaluations=1972861 analyticJacobians=0 finiteDifferenceJacobians=92129 wallSeconds=0.63437352200000152 kernelSeconds=0.63122406798601283 copySeconds=0.0022416319679468902
REACTIVE_ATTEMPT_PROFILE attempt=17 accepted=1 retry=0 sourceCalls=0 fullPhaseEvaluations=0 scalarProbes=0 rootChecks=0 matrixFreeProducts=0 factorBuilds=0 workerJobElapsedSeconds=0
REACTIVE_STEP time=6.3252532698611613e-07 dt=5.0460560419731768e-08 retries=0 massResidual=8.4928026815521362e-14 energyResidual=-2.2276680627968201e-12 momentumResidual=2.1645679326740941e-19 globalElementResidual=6.6918888726573046e-14 frozenLiquidResidual=0 speciesResidual=6.4979568499721441e-14 elementDrift=0 minP=93656.339840957648 maxP=378672.61191808432 minT=184.02201359505167 maxT=293.380899136636 maxMach=0.15645324628492571 minAlphaGas=0.99415072741133736 maxAlphaGas=1.0000000000000004 maxVolumeResidual=8.3875795198196101e-11 maxUVResidual=9.9001902620031802e-10 maxMuResidual=1.5088374993865727e-11 maxMechanicalResidual=0 seconds=4.5006658169999998
REACTIVE_CAPILLARY_STEP time=6.3252532698611613e-07 area=4.0049456887199666e-05 surfaceEnergy=8.2410862385051184e-08 liquidMass=1.412371753880159e-07 closureResidual=8.3158740310507184e-13 recoveryCalls=32 outerIterations=61
REACTIVE_STEP_TIMINGS time=6.3252532698611613e-07 cflSeconds=0.57038214199999993 backupSeconds=0.29125449299999995 transportSeconds=0.80492158300000005 recoverySeconds=2.7877741289999998 sourceSeconds=0 conservationSeconds=0.017901612000000001 diagnosticsSeconds=0.028387850999999999 nestedBatchPackSeconds=0.20733261400000003 nestedBatchCallSeconds=1.4244453090000002 nestedBatchScatterSeconds=0 nestedScalarPropertySeconds=0.42422125600000005 otherSeconds=4.4007000000432367e-05
REACTIVE_GPU_HEM_STEP time=6.3252532698611613e-07 batches=16 submitted=58294 succeeded=58294 cpuFallbacks=0 deviceFailures=0 phaseEvaluations=1718932 residualEvaluations=1968995 analyticJacobians=0 finiteDifferenceJacobians=92286 wallSeconds=0.63764139300000444 kernelSeconds=0.63438243404030814 copySeconds=0.0022915840521454713
REACTIVE_ATTEMPT_PROFILE attempt=18 accepted=1 retry=0 sourceCalls=0 fullPhaseEvaluations=0 scalarProbes=0 rootChecks=0 matrixFreeProducts=0 factorBuilds=0 workerJobElapsedSeconds=0
REACTIVE_STEP time=6.8301634036539894e-07 dt=5.0491013379282824e-08 retries=0 massResidual=8.4779614829073285e-14 energyResidual=-2.4052327692966553e-12 momentumResidual=2.2848217067115439e-19 globalElementResidual=7.2081209236358666e-14 frozenLiquidResidual=0 speciesResidual=6.999163843304943e-14 elementDrift=0 minP=91856.232346917182 maxP=402403.5473100057 minT=169.38730726073035 maxT=293.341368022236 maxMach=0.16307393079681778 minAlphaGas=0.99366821584223208 maxAlphaGas=1.0000000000000004 maxVolumeResidual=1.0162648500511295e-10 maxUVResidual=9.959710547328319e-10 maxMuResidual=8.0468964824831346e-11 maxMechanicalResidual=0 seconds=4.6185927339999999
REACTIVE_CAPILLARY_STEP time=6.8301634036539894e-07 area=4.0053397269380679e-05 surfaceEnergy=8.2418970617194728e-08 liquidMass=1.5209666777377246e-07 closureResidual=3.34036617810618e-13 recoveryCalls=34 outerIterations=65
REACTIVE_STEP_TIMINGS time=6.8301634036539894e-07 cflSeconds=0.568982349 backupSeconds=0.28963567099999998 transportSeconds=0.80273855599999999 recoverySeconds=2.909599209 sourceSeconds=0 conservationSeconds=0.019431539000000001 diagnosticsSeconds=0.028161011999999999 nestedBatchPackSeconds=0.206479682 nestedBatchCallSeconds=1.5482593810000003 nestedBatchScatterSeconds=0 nestedScalarPropertySeconds=0.42445519599999998 otherSeconds=4.4398000000150234e-05
REACTIVE_GPU_HEM_STEP time=6.8301634036539894e-07 batches=16 submitted=59930 succeeded=59930 cpuFallbacks=0 deviceFailures=0 phaseEvaluations=1766838 residualEvaluations=2024519 analyticJacobians=0 finiteDifferenceJacobians=94977 wallSeconds=0.76278169499999926 kernelSeconds=0.75948312121629868 copySeconds=0.002334495997056367
REACTIVE_ATTEMPT_PROFILE attempt=19 accepted=1 retry=0 sourceCalls=0 fullPhaseEvaluations=0 scalarProbes=0 rootChecks=0 matrixFreeProducts=0 factorBuilds=0 workerJobElapsedSeconds=0
REACTIVE_STEP time=7.3352179228342623e-07 dt=5.0505451918027281e-08 retries=0 massResidual=8.8156774640462108e-14 energyResidual=-2.5730060484873632e-12 momentumResidual=3.5675286297776736e-19 globalElementResidual=7.4897441398422507e-14 frozenLiquidResidual=0 speciesResidual=7.2726696203055244e-14 elementDrift=0 minP=92836.590121868736 maxP=425987.68204308697 minT=167.37689351513873 maxT=293.28324529697164 maxMach=0.16947787405769948 minAlphaGas=0.99319146173582806 maxAlphaGas=1.0000000000000004 maxVolumeResidual=1.2453882369811708e-10 maxUVResidual=9.5119261293769839e-10 maxMuResidual=2.1167068098293385e-11 maxMechanicalResidual=0 seconds=4.5392580059999998
REACTIVE_CAPILLARY_STEP time=7.3352179228342623e-07 area=4.0057440638877938e-05 surfaceEnergy=8.2427290769154562e-08 liquidMass=1.6285340541008991e-07 closureResidual=3.2892308668430736e-12 recoveryCalls=36 outerIterations=69
REACTIVE_STEP_TIMINGS time=7.3352179228342623e-07 cflSeconds=0.56983382199999999 backupSeconds=0.290958842 transportSeconds=0.80034628899999993 recoverySeconds=2.8311902599999996 sourceSeconds=0 conservationSeconds=0.018491520000000001 diagnosticsSeconds=0.028393916000000002 nestedBatchPackSeconds=0.20603769400000002 nestedBatchCallSeconds=1.4778546220000002 nestedBatchScatterSeconds=0 nestedScalarPropertySeconds=0.42140402300000002 otherSeconds=4.3357000000188162e-05
REACTIVE_GPU_HEM_STEP time=7.3352179228342623e-07 batches=16 submitted=61464 succeeded=61464 cpuFallbacks=0 deviceFailures=0 phaseEvaluations=1744670 residualEvaluations=1935879 analyticJacobians=0 finiteDifferenceJacobians=92074 wallSeconds=0.69290135699999666 kernelSeconds=0.68948541361093696 copySeconds=0.0024011519737541648
REACTIVE_ATTEMPT_PROFILE attempt=20 accepted=1 retry=0 sourceCalls=0 fullPhaseEvaluations=0 scalarProbes=0 rootChecks=0 matrixFreeProducts=0 factorBuilds=0 workerJobElapsedSeconds=0
REACTIVE_STEP time=7.8402659135469275e-07 dt=5.0504799071266527e-08 retries=0 massResidual=1.0067654855574587e-13 energyResidual=-2.7486789623330821e-12 momentumResidual=2.7658368028613425e-19 globalElementResidual=8.2355486381515443e-14 frozenLiquidResidual=0 speciesResidual=7.9967423319774868e-14 elementDrift=0 minP=91328.632663465774 maxP=449421.65675873344 minT=169.04622039203312 maxT=293.28381065099688 maxMach=0.17563522124106695 minAlphaGas=0.99272121449020678 maxAlphaGas=1.0000000000000004 maxVolumeResidual=6.9338490504833317e-10 maxUVResidual=9.9941621716655543e-10 maxMuResidual=2.28243450806076e-08 maxMechanicalResidual=0 seconds=4.6221591860000002
REACTIVE_CAPILLARY_STEP time=7.8402659135469275e-07 area=4.0061493876634523e-05 surfaceEnergy=8.243563122730142e-08 liquidMass=1.7343581351763502e-07 closureResidual=5.1982159895991309e-12 recoveryCalls=38 outerIterations=73
REACTIVE_STEP_TIMINGS time=7.8402659135469275e-07 cflSeconds=0.56419760499999994 backupSeconds=0.29062569799999999 transportSeconds=0.81103188199999998 recoverySeconds=2.909839324 sourceSeconds=0 conservationSeconds=0.018045947999999999 diagnosticsSeconds=0.028376135 nestedBatchPackSeconds=0.20686292000000006 nestedBatchCallSeconds=1.5520987880000001 nestedBatchScatterSeconds=0 nestedScalarPropertySeconds=0.42899263599999993 otherSeconds=4.259400000078753e-05
REACTIVE_GPU_HEM_STEP time=7.8402659135469275e-07 batches=16 submitted=63034 succeeded=63034 cpuFallbacks=0 deviceFailures=0 phaseEvaluations=1771276 residualEvaluations=1938561 analyticJacobians=0 finiteDifferenceJacobians=93060 wallSeconds=0.76625538900000123 kernelSeconds=0.762843064337968 copySeconds=0.0024197759758681076
REACTIVE_ATTEMPT_PROFILE attempt=21 accepted=1 retry=0 sourceCalls=0 fullPhaseEvaluations=0 scalarProbes=0 rootChecks=0 matrixFreeProducts=0 factorBuilds=0 workerJobElapsedSeconds=0
REACTIVE_STEP time=8.3451187526127271e-07 dt=5.0485283906579945e-08 retries=0 massResidual=8.9588643892528851e-14 energyResidual=-2.9288311063502954e-12 momentumResidual=2.2848217067115439e-19 globalElementResidual=7.4529341452278782e-14 frozenLiquidResidual=0 speciesResidual=7.2367735293407949e-14 elementDrift=0 minP=90481.591775711015 maxP=472702.96836047794 minT=166.0594861002414 maxT=293.31811434899606 maxMach=0.19910407069857697 minAlphaGas=0.99225812545483771 maxAlphaGas=1.0000000000000004 maxVolumeResidual=2.2466251081709743e-10 maxUVResidual=9.7662459937334937e-10 maxMuResidual=2.2540728394915277e-08 maxMechanicalResidual=0 seconds=4.7935864490000002
REACTIVE_CAPILLARY_STEP time=8.3451187526127271e-07 area=4.0065506782581818e-05 surfaceEnergy=8.2443888693581624e-08 liquidMass=1.8390981232474893e-07 closureResidual=3.1464258282154489e-12 recoveryCalls=40 outerIterations=77
REACTIVE_STEP_TIMINGS time=8.3451187526127271e-07 cflSeconds=0.564983609 backupSeconds=0.29084410999999999 transportSeconds=0.80162935499999999 recoverySeconds=3.0877456309999998 sourceSeconds=0 conservationSeconds=0.020163068999999999 diagnosticsSeconds=0.028176415999999999 nestedBatchPackSeconds=0.20679493200000001 nestedBatchCallSeconds=1.7337778580000003 nestedBatchScatterSeconds=0 nestedScalarPropertySeconds=0.42223573599999997 otherSeconds=4.4259000000563403e-05
REACTIVE_GPU_HEM_STEP time=8.3451187526127271e-07 batches=16 submitted=64340 succeeded=64340 cpuFallbacks=0 deviceFailures=0 phaseEvaluations=1569144 residualEvaluations=1375438 analyticJacobians=0 finiteDifferenceJacobians=75243 wallSeconds=0.94743889699999961 kernelSeconds=0.9439614053070553 copySeconds=0.0024600640330463726
REACTIVE_ATTEMPT_PROFILE attempt=22 accepted=1 retry=0 sourceCalls=0 fullPhaseEvaluations=0 scalarProbes=0 rootChecks=0 matrixFreeProducts=0 factorBuilds=0 workerJobElapsedSeconds=0
REACTIVE_STEP time=8.849538763483085e-07 dt=5.0442001087035772e-08 retries=0 massResidual=9.7329608250923573e-14 energyResidual=-3.0895395247219057e-12 momentumResidual=4.2088820913107384e-19 globalElementResidual=7.8885195006409431e-14 frozenLiquidResidual=0 speciesResidual=7.659902826077921e-14 elementDrift=0 minP=90926.564299177713 maxP=495849.49594488676 minT=166.92862552992474 maxT=293.35840447449993 maxMach=0.2196157977070676 minAlphaGas=0.99180237534788807 maxAlphaGas=1.0000000000000004 maxVolumeResidual=9.2968766018941551e-10 maxUVResidual=9.8810045716872818e-10 maxMuResidual=7.3002745182293438e-08 maxMechanicalResidual=0 seconds=4.567322216
REACTIVE_CAPILLARY_STEP time=8.849538763483085e-07 area=4.0069662805345458e-05 surfaceEnergy=8.2452440655247626e-08 liquidMass=1.9506537796476092e-07 closureResidual=1.0247374129801479e-11 recoveryCalls=42 outerIterations=81
REACTIVE_STEP_TIMINGS time=8.849538763483085e-07 cflSeconds=0.5656600759999999 backupSeconds=0.29058561399999999 transportSeconds=0.80275365200000004 recoverySeconds=2.8609401390000002 sourceSeconds=0 conservationSeconds=0.019183625999999999 diagnosticsSeconds=0.028154411000000001 nestedBatchPackSeconds=0.20662370399999999 nestedBatchCallSeconds=1.505478957 nestedBatchScatterSeconds=0 nestedScalarPropertySeconds=0.42235486700000002 otherSeconds=4.4698000000231719e-05
REACTIVE_GPU_HEM_STEP time=8.849538763483085e-07 batches=16 submitted=65958 succeeded=65958 cpuFallbacks=0 deviceFailures=0 phaseEvaluations=1398026 residualEvaluations=983704 analyticJacobians=0 finiteDifferenceJacobians=60061 wallSeconds=0.72000873199999837 kernelSeconds=0.71649321743845817 copySeconds=0.0024852480050176276
REACTIVE_ATTEMPT_PROFILE attempt=23 accepted=1 retry=0 sourceCalls=0 fullPhaseEvaluations=0 scalarProbes=0 rootChecks=0 matrixFreeProducts=0 factorBuilds=0 workerJobElapsedSeconds=0
REACTIVE_STEP time=9.352633671305109e-07 dt=5.0309490782202443e-08 retries=0 massResidual=9.4959757359933912e-14 energyResidual=-3.264437291434276e-12 momentumResidual=2.5654138461322599e-19 globalElementResidual=7.5527973234518565e-14 frozenLiquidResidual=0 speciesResidual=7.3339930345651743e-14 elementDrift=0 minP=90463.851240853619 maxP=518842.32170255628 minT=166.20840817363884 maxT=293.40673599961048 maxMach=0.24040274593812067 minAlphaGas=0.99135461592281848 maxAlphaGas=1.0000000000000004 maxVolumeResidual=6.7570826711715881e-10 maxUVResidual=9.9933213013521351e-10 maxMuResidual=5.7534919051249744e-09 maxMechanicalResidual=0 seconds=4.8065875289999997
REACTIVE_CAPILLARY_STEP time=9.352633671305109e-07 area=4.0073878984283004e-05 surfaceEnergy=8.2461116401917329e-08 liquidMass=2.0615312979154382e-07 closureResidual=8.3674300127567491e-12 recoveryCalls=44 outerIterations=85
REACTIVE_STEP_TIMINGS time=9.352633671305109e-07 cflSeconds=0.56553756899999996 backupSeconds=0.291550531 transportSeconds=0.79992462899999994 recoverySeconds=3.1011302349999998 sourceSeconds=0 conservationSeconds=0.020195284000000001 diagnosticsSeconds=0.028205792 nestedBatchPackSeconds=0.20585837299999998 nestedBatchCallSeconds=1.7501656289999998 nestedBatchScatterSeconds=0 nestedScalarPropertySeconds=0.42092104099999994 otherSeconds=4.3489000000049294e-05
REACTIVE_GPU_HEM_STEP time=9.352633671305109e-07 batches=16 submitted=67414 succeeded=67414 cpuFallbacks=0 deviceFailures=0 phaseEvaluations=1406716 residualEvaluations=896096 analyticJacobians=0 finiteDifferenceJacobians=57724 wallSeconds=0.96531142799999969 kernelSeconds=0.96172291913628527 copySeconds=0.0025264321267604861
REACTIVE_ATTEMPT_PROFILE attempt=24 accepted=1 retry=0 sourceCalls=0 fullPhaseEvaluations=0 scalarProbes=0 rootChecks=0 matrixFreeProducts=0 factorBuilds=0 workerJobElapsedSeconds=0
REACTIVE_STEP time=9.8544954436615166e-07 dt=5.0186177235640725e-08 retries=0 massResidual=1.0543654851815948e-13 energyResidual=-3.4397524450646034e-12 momentumResidual=3.1265981249736914e-19 globalElementResidual=8.9055247646333094e-14 frozenLiquidResidual=0 speciesResidual=8.6472294908991295e-14 elementDrift=0 minP=93659.377130997265 maxP=541687.55166884384 minT=167.14671246650943 maxT=293.46494024558706 maxMach=0.26140563223613311 minAlphaGas=0.99091489145685807 maxAlphaGas=1.0000000000000004 maxVolumeResidual=9.998191163873571e-10 maxUVResidual=9.9387086460667916e-10 maxMuResidual=5.0675172502678834e-08 maxMechanicalResidual=0 seconds=4.3292468749999999
REACTIVE_CAPILLARY_STEP time=9.8544954436615166e-07 area=4.0078314424399052e-05 surfaceEnergy=8.2470243328308625e-08 liquidMass=2.1734830820523577e-07 closureResidual=1.3508747939705579e-11 recoveryCalls=46 outerIterations=89
REACTIVE_STEP_TIMINGS time=9.8544954436615166e-07 cflSeconds=0.56704148700000001 backupSeconds=0.29078284300000001 transportSeconds=0.80279301300000006 recoverySeconds=2.621255466 sourceSeconds=0 conservationSeconds=0.018915181999999999 diagnosticsSeconds=0.028412664000000001 nestedBatchPackSeconds=0.21504269600000003 nestedBatchCallSeconds=1.2362049719999999 nestedBatchScatterSeconds=0 nestedScalarPropertySeconds=0.42193813800000002 otherSeconds=4.62199999997151e-05
REACTIVE_GPU_HEM_STEP time=9.8544954436615166e-07 batches=16 submitted=68472 succeeded=68472 cpuFallbacks=0 deviceFailures=0 phaseEvaluations=1309034 residualEvaluations=685032 analyticJacobians=0 finiteDifferenceJacobians=48672 wallSeconds=0.4438339409999994 kernelSeconds=0.43998335862159976 copySeconds=0.0026537279076874198
REACTIVE_ATTEMPT_PROFILE attempt=25 accepted=1 retry=0 sourceCalls=0 fullPhaseEvaluations=0 scalarProbes=0 rootChecks=0 matrixFreeProducts=0 factorBuilds=0 workerJobElapsedSeconds=0
REACTIVE_STEP time=9.9999999999999995e-07 dt=1.4550455633848298e-08 retries=0 massResidual=1.0312725123752629e-13 energyResidual=-3.4881512588498585e-12 momentumResidual=1.1223685576828635e-19 globalElementResidual=8.5262250447056026e-14 frozenLiquidResidual=0 speciesResidual=8.2791045728055154e-14 elementDrift=0 minP=94666.192313622189 maxP=548295.08377030853 minT=167.49135687803823 maxT=293.48400293682795 maxMach=0.26753968406568435 minAlphaGas=0.99078874421092544 maxAlphaGas=1.0000000000000004 maxVolumeResidual=9.34191168866505e-10 maxUVResidual=9.978634610778757e-10 maxMuResidual=1.5160658506374602e-08 maxMechanicalResidual=0 seconds=4.295720931
REACTIVE_CAPILLARY_STEP time=9.9999999999999995e-07 area=4.007961415788316e-05 surfaceEnergy=8.2472917825433465e-08 liquidMass=2.2057790727110678e-07 closureResidual=9.9791494512224688e-12 recoveryCalls=48 outerIterations=93
REACTIVE_STEP_TIMINGS time=9.9999999999999995e-07 cflSeconds=0.565741363 backupSeconds=0.29060926100000001 transportSeconds=0.80229232800000005 recoverySeconds=2.5888818970000003 sourceSeconds=0 conservationSeconds=0.019819218 diagnosticsSeconds=0.028330164000000001 nestedBatchPackSeconds=0.206291695 nestedBatchCallSeconds=1.2276721080000002 nestedBatchScatterSeconds=0 nestedScalarPropertySeconds=0.42070644300000004 otherSeconds=4.669999999958388e-05
REACTIVE_GPU_HEM_STEP time=9.9999999999999995e-07 batches=16 submitted=69934 succeeded=69934 cpuFallbacks=0 deviceFailures=0 phaseEvaluations=1301205 residualEvaluations=684950 analyticJacobians=0 finiteDifferenceJacobians=47616 wallSeconds=0.44012433700000031 kernelSeconds=0.43640553504228308 copySeconds=0.0025851200353354253
REACTIVE_CHECKPOINT time=9.9999999999999995e-07 acceptedSteps=23 complete=1 schema=3
REACTIVE_PROFILE_V21 scope="prototype" jobElapsedSeconds=0 integrationFallbacks=0 chemical_rhsCalls=0 chemical_uvCalls=0 chemical_fixedStateCalls=0 chemical_jacobianCalls=0 chemical_structuredCalls=0 chemical_fallbackCalls=0 sparse_setups=0 sparse_products=0 sparse_preconditioners=0 sparse_preconditionerSolves=0 sparse_sparseIntegrations=0 sparse_denseIntegrations=0 sparse_denseFallbacks=0 sparse_nonzeros=0 timing_jvSetups=0 timing_preconditionerSetups=0 timing_jacobianCacheHits=0 timing_patternBuilds=0 timing_preconditionerReuses=0 timing_symbolicAnalyses=0 timing_numericFactorizations=0 timing_workspaceCreates=0 timing_workspaceReinitializations=0 timing_factorNonzeros=0 timing_thermoSeconds=0 timing_kineticsSeconds=0 timing_csrSeconds=0 timing_symbolicSeconds=0 timing_factorSeconds=0 timing_solveSeconds=0 realFluid_eosEvaluations=4096001 realFluid_referenceEvaluations=0 realFluid_derivativeEvaluations=0 realFluid_scalarAttempts=4096003 realFluid_scalarAccepted=4096001 realFluid_scalarFallbacks=2 realFluid_scalarIterations=0 realFluid_flashResiduals=3238 realFluid_tangentBuilds=0 realFluid_tangentSolves=0 realFluid_sourceJv=0 realFluid_sourceJvFallbacks=0 trhoStateEvaluations=4096003 densityRootChecks=4096003 fullPhaseEvaluations=16489286 energyCvEvaluations=4096003 selectedMuEvaluations=4097821 partialHEvaluations=0 scalarProbes=4096003 bracketRejects=0 branchFallbacks=2 flashCandidates=10 linearizationBuilds=0 linearizationApplies=0 FzFactorizations=0 sourceRhsCalls=0 sourceDirectionProbes=0 RzBuilds=0 JvFallbacks=0 nasaCoefficientVisits=8192004 nasaAggregateBuilds=4096003 nasaAggregateEvaluations=4096003 exactMixingEvaluations=4096003 branchCertificates=4096001 matrixFreeSetups=0 matrixFreeProducts=0 matrixFreeIntegrations=0 matrixFreeIntegrationFallbacks=0 woodburySetups=0 woodburyFactors=0 woodburySolves=0 woodburyFallbacks=0 diagnosticJvCalls=0 oneSidedProbes=0 derivativeRetries=0 sourceAttempts=0 sourceAccepted=0 sourceFailed=0
REACTIVE_PROFILE_V21 scope="worker_0" jobElapsedSeconds=0 integrationFallbacks=0 chemical_rhsCalls=0 chemical_uvCalls=0 chemical_fixedStateCalls=0 chemical_jacobianCalls=0 chemical_structuredCalls=0 chemical_fallbackCalls=0 sparse_setups=0 sparse_products=0 sparse_preconditioners=0 sparse_preconditionerSolves=0 sparse_sparseIntegrations=0 sparse_denseIntegrations=0 sparse_denseFallbacks=0 sparse_nonzeros=0 timing_jvSetups=0 timing_preconditionerSetups=0 timing_jacobianCacheHits=0 timing_patternBuilds=0 timing_preconditionerReuses=0 timing_symbolicAnalyses=0 timing_numericFactorizations=0 timing_workspaceCreates=0 timing_workspaceReinitializations=0 timing_factorNonzeros=0 timing_thermoSeconds=0 timing_kineticsSeconds=0 timing_csrSeconds=0 timing_symbolicSeconds=0 timing_factorSeconds=0 timing_solveSeconds=0 realFluid_eosEvaluations=0 realFluid_referenceEvaluations=0 realFluid_derivativeEvaluations=0 realFluid_scalarAttempts=0 realFluid_scalarAccepted=0 realFluid_scalarFallbacks=0 realFluid_scalarIterations=0 realFluid_flashResiduals=0 realFluid_tangentBuilds=0 realFluid_tangentSolves=0 realFluid_sourceJv=0 realFluid_sourceJvFallbacks=0 trhoStateEvaluations=0 densityRootChecks=0 fullPhaseEvaluations=0 energyCvEvaluations=0 selectedMuEvaluations=0 partialHEvaluations=0 scalarProbes=0 bracketRejects=0 branchFallbacks=0 flashCandidates=0 linearizationBuilds=0 linearizationApplies=0 FzFactorizations=0 sourceRhsCalls=0 sourceDirectionProbes=0 RzBuilds=0 JvFallbacks=0 nasaCoefficientVisits=0 nasaAggregateBuilds=0 nasaAggregateEvaluations=0 exactMixingEvaluations=0 branchCertificates=0 matrixFreeSetups=0 matrixFreeProducts=0 matrixFreeIntegrations=0 matrixFreeIntegrationFallbacks=0 woodburySetups=0 woodburyFactors=0 woodburySolves=0 woodburyFallbacks=0 diagnosticJvCalls=0 oneSidedProbes=0 derivativeRetries=0 sourceAttempts=0 sourceAccepted=0 sourceFailed=0
REACTIVE_PROFILE_V21 scope="workers" jobElapsedSeconds=0 integrationFallbacks=0 chemical_rhsCalls=0 chemical_uvCalls=0 chemical_fixedStateCalls=0 chemical_jacobianCalls=0 chemical_structuredCalls=0 chemical_fallbackCalls=0 sparse_setups=0 sparse_products=0 sparse_preconditioners=0 sparse_preconditionerSolves=0 sparse_sparseIntegrations=0 sparse_denseIntegrations=0 sparse_denseFallbacks=0 sparse_nonzeros=0 timing_jvSetups=0 timing_preconditionerSetups=0 timing_jacobianCacheHits=0 timing_patternBuilds=0 timing_preconditionerReuses=0 timing_symbolicAnalyses=0 timing_numericFactorizations=0 timing_workspaceCreates=0 timing_workspaceReinitializations=0 timing_factorNonzeros=0 timing_thermoSeconds=0 timing_kineticsSeconds=0 timing_csrSeconds=0 timing_symbolicSeconds=0 timing_factorSeconds=0 timing_solveSeconds=0 realFluid_eosEvaluations=0 realFluid_referenceEvaluations=0 realFluid_derivativeEvaluations=0 realFluid_scalarAttempts=0 realFluid_scalarAccepted=0 realFluid_scalarFallbacks=0 realFluid_scalarIterations=0 realFluid_flashResiduals=0 realFluid_tangentBuilds=0 realFluid_tangentSolves=0 realFluid_sourceJv=0 realFluid_sourceJvFallbacks=0 trhoStateEvaluations=0 densityRootChecks=0 fullPhaseEvaluations=0 energyCvEvaluations=0 selectedMuEvaluations=0 partialHEvaluations=0 scalarProbes=0 bracketRejects=0 branchFallbacks=0 flashCandidates=0 linearizationBuilds=0 linearizationApplies=0 FzFactorizations=0 sourceRhsCalls=0 sourceDirectionProbes=0 RzBuilds=0 JvFallbacks=0 nasaCoefficientVisits=0 nasaAggregateBuilds=0 nasaAggregateEvaluations=0 exactMixingEvaluations=0 branchCertificates=0 matrixFreeSetups=0 matrixFreeProducts=0 matrixFreeIntegrations=0 matrixFreeIntegrationFallbacks=0 woodburySetups=0 woodburyFactors=0 woodburySolves=0 woodburyFallbacks=0 diagnosticJvCalls=0 oneSidedProbes=0 derivativeRetries=0 sourceAttempts=0 sourceAccepted=0 sourceFailed=0
REACTIVE_CLOSURE_PROFILE eligibleCells=380928000 uniqueCells=1028290 reusedCells=379899710 failedRepresentativeRetries=0 gpuSubmitted=0 gpuConverged=0 gpuApproved=0 gpuRejected=0 gpuUnsupported=0 gpuLaunches=0 gpuTransferBytes=0 hostBytes=25165824 liquidCacheHits=0 liquidCacheMisses=0 deviceBytes=0 classifySeconds=7.3224881899999978 prepareSeconds=0 gpuWallSeconds=0 gpuKernelSeconds=0 gpuCopySeconds=0
REACTIVE_GPU_HEM batches=372 submitted=1028290 succeeded=1028290 cpuFallbacks=0 deviceFailures=0 phaseEvaluations=29600336 residualEvaluations=27445561 flashCandidates=5138680 stableCandidates=1101499 transferBytes=440131928 analyticJacobians=0 finiteDifferenceJacobians=1427362 hostBytes=859879768 deviceBytes=524335528 wallSeconds=14.661085808000001 kernelSeconds=14.6001734200418 copySeconds=0.043645536039024588
REACTIVE_BATCH_V21 attempted=372 accepted=372 failed=0 batchWallSeconds=32.912454288000035 workerJobSecondsSum=0 workerJobSecondsMax=0 poolScratchBytes=1665186136 flowStagingBytes=226492416 workerOwnedBytesKnownLowerBound=58104 workerInternalBytesUnmeasured=1
REACTIVE_WORKER_TIME metric=thermoSeconds sum=0 max=0
REACTIVE_WORKER_TIME metric=kineticsSeconds sum=0 max=0
REACTIVE_WORKER_TIME metric=csrSeconds sum=0 max=0
REACTIVE_WORKER_TIME metric=symbolicSeconds sum=0 max=0
REACTIVE_WORKER_TIME metric=factorSeconds sum=0 max=0
REACTIVE_WORKER_TIME metric=solveSeconds sum=0 max=0
REACTIVE_PROFILE_V21 scope="combined" jobElapsedSeconds=0 integrationFallbacks=0 chemical_rhsCalls=0 chemical_uvCalls=0 chemical_fixedStateCalls=0 chemical_jacobianCalls=0 chemical_structuredCalls=0 chemical_fallbackCalls=0 sparse_setups=0 sparse_products=0 sparse_preconditioners=0 sparse_preconditionerSolves=0 sparse_sparseIntegrations=0 sparse_denseIntegrations=0 sparse_denseFallbacks=0 sparse_nonzeros=0 timing_jvSetups=0 timing_preconditionerSetups=0 timing_jacobianCacheHits=0 timing_patternBuilds=0 timing_preconditionerReuses=0 timing_symbolicAnalyses=0 timing_numericFactorizations=0 timing_workspaceCreates=0 timing_workspaceReinitializations=0 timing_factorNonzeros=0 timing_thermoSeconds=0 timing_kineticsSeconds=0 timing_csrSeconds=0 timing_symbolicSeconds=0 timing_factorSeconds=0 timing_solveSeconds=0 realFluid_eosEvaluations=4096001 realFluid_referenceEvaluations=0 realFluid_derivativeEvaluations=0 realFluid_scalarAttempts=4096003 realFluid_scalarAccepted=4096001 realFluid_scalarFallbacks=2 realFluid_scalarIterations=0 realFluid_flashResiduals=3238 realFluid_tangentBuilds=0 realFluid_tangentSolves=0 realFluid_sourceJv=0 realFluid_sourceJvFallbacks=0 trhoStateEvaluations=4096003 densityRootChecks=4096003 fullPhaseEvaluations=16489286 energyCvEvaluations=4096003 selectedMuEvaluations=4097821 partialHEvaluations=0 scalarProbes=4096003 bracketRejects=0 branchFallbacks=2 flashCandidates=10 linearizationBuilds=0 linearizationApplies=0 FzFactorizations=0 sourceRhsCalls=0 sourceDirectionProbes=0 RzBuilds=0 JvFallbacks=0 nasaCoefficientVisits=8192004 nasaAggregateBuilds=4096003 nasaAggregateEvaluations=4096003 exactMixingEvaluations=4096003 branchCertificates=4096001 matrixFreeSetups=0 matrixFreeProducts=0 matrixFreeIntegrations=0 matrixFreeIntegrationFallbacks=0 woodburySetups=0 woodburyFactors=0 woodburySolves=0 woodburyFallbacks=0 diagnosticJvCalls=0 oneSidedProbes=0 derivativeRetries=0 sourceAttempts=0 sourceAccepted=0 sourceFailed=0
REACTIVE_CHEMISTRY scope=combined rhsCalls=0 uvCalls=0 fixedStateCalls=0 structuredCalls=0 fallbackCalls=0 integrationFallbacks=0
REACTIVE_SPARSE scope=combined nnzMeaning=last_snapshot_sum setups=0 products=0 nonzeros=0 sparseIntegrations=0 denseIntegrations=0 denseFallbacks=0
REACTIVE_CHEMICAL_PROFILE scope=combined factorNnzMeaning=last_snapshot_sum jvSetups=0 preconditionerSetups=0 jacobianCacheHits=0 preconditionerReuses=0 patternBuilds=0 symbolicAnalyses=0 numericFactorizations=0 factorNonzeros=0 workspaceCreates=0 workspaceReinitializations=0 thermoSeconds=0 kineticsSeconds=0 csrSeconds=0 symbolicSeconds=0 factorSeconds=0 solveSeconds=0
REACTIVE_REAL_FLUID scope=combined eosEvaluations=4096001 scalarAttempts=4096003 scalarAccepted=4096001 scalarFallbacks=2 scalarIterations=0
REACTIVE_BATCH workers=1 capacity=1048576 scratchBytes=1665186136 batches=372 cells=380928000 failures=0 scope=bounded_scratch_excludes_Cantera_CVODE_worker_allocations
REACTIVE_TRANSPORT_V21 layoutTiles=26524 layoutLaunches=26524 memcpyCalls=28755 payloadBytes=155401796636 nasaValidationEvaluations=0 nasaFaceEvaluations=0 detailedGasCounters=0 temperatureBasisBuilds=0 temperatureBasisBytes=0 pinnedBytes=1048536 deviceStagingBytes=1048536 slotCells=14563 slots=1 blockThreads=256 eventWaits=26524 failedCalls=0 stageBarrier=full closureDownloadsPerRK=2 overlapValidated=0
REACTIVE_MEMORY liveBytes=5881223312 peakBytes=5881223312 bridgeBytes=1048536 conservedWorkspaceBytes=604592640 gasWorkspaceBytes=0 rhsWorkspaceBytes=0 d2dBytes=7384320 synchronizationsREACTIVE_GPU_PRECISION linearAttempts=1609357 linearAccepted=1606851 linearFallbacks=2506
=818
REACTIVE_CAPILLARY_PROFILE enabled=1 geometryBuilds=216 geometryKernels=432 faceFluxBuilds=581145600 workspaceBytes=328500484 closureIterations=93
REACTIVE_WALE gradientBuilds=97 viscosityBuilds=97 cellsEvaluated=397312000 workspaceBytes=32768004
REACTIVE_WALE_SCALARS fieldUploads=0 fieldUploadBytes=0 workspaceBytes=167942400 hostEnthalpyCells=0 hostPropertySeconds=0 propertyStageSeconds=10.323203445000006 fluxBackend=cuda
REACTIVE_WALE_PR backend=device-pr builds=97 cells=397312000 kernels=194 failures=0 inputUploadBytes=76091446624 scratchBytes=1015855456 wallSeconds=6.232420005999999
REACTIVE_TRANSPORT allocatedBytes=5881223312 uploadedBytes=127279462152 downloadedBytes=28114950164 kernelLaunches=27814 stages=47 stepQueries=47
REACTIVE_TRANSFER conservedUploads=47 conservedUploadBytes=13860864000 conservedDownloadBytes=13860864000 stateUploadBytes=22249472000 primitiveUploadBytes=6553600000 gasUploadBytes=0 boundaryPartitions=256
REACTIVE_DEVICE_PROPERTIES builds=0 cells=0 partitionUploadBytes=0 thermoTableBytes=0 gasStatusChecks=0 cflFaceLaunches=47 transportFaceLaunches=47 faceWorkspaceBytes=1780531200
End
