/*---------------------------------------------------------------------------*\
| =========                 |                                                 |
| \\      /  F ield         | OpenFOAM: The Open Source CFD Toolbox           |
|  \\    /   O peration     | Version:  2512                                  |
|   \\  /    A nd           | Website:  www.openfoam.com                      |
|    \\/     M anipulation  |                                                 |
\*---------------------------------------------------------------------------*/
Build  : 5916a466-20260728 OPENFOAM=2512 version=v2512
Arch   : "LSB;label=32;scalar=64"
Exec   : /home/jsw/문서/analysis/spuma-multiphysics-spray-physics/bin/ReactiveFoam -case /home/jsw/문서/analysis/runs/precision_revisit_20260924/full-40bar-fp64
Date   : Sep 24 2026
Time   : 02:37:14
Host   : jsw-ubuntu
PID    : 91181
I/O    : uncollated
Case   : /home/jsw/문서/analysis/runs/precision_revisit_20260924/full-40bar-fp64
nProcs : 1
memory pool : not available
fileModificationChecking : Monitoring run-time modified files using timeStampMaster (fileModificationSkew 5, maxFileModificationPolls 20)
allowSystemOperations : Allowing user-supplied system call operations

// * * * * * * * * * * * * * * * * * * * * * * * * * * * * * * * * * * * * * //
Initializing CUDA devices

CUDA Driver Version / Runtime Version:  13.2 / 13.2
Number of threads per block: 128

Create dummyMemoryPool
 
Create time

Create mesh for time = 0

REACTIVE_RECOVERY mode=reference baseline=reference_candidate_search fallback=none
REACTIVE_CLOSURE_ACCELERATION exactBatchReuse=1 scalarBackend=cpu fullBackend=cuda deviceFullClosure=1 closureJacobian=finiteDifference requestedClosureJacobian=finiteDifference
REACTIVE_RUNTIME runId="91181-10701439641467" solverSha256="e81fbb426117ef566d61ad9b6286abbf398c1c8629c7e0e887abcf325a21cc71" manifest={"schema":1,"backendPath":"/home/jsw/문서/analysis/spuma-multiphysics-spray-physics/lib/libpintleReactiveBackend.so","backendSha256":"29a61f1012aa1892493583e5e0be92f533456b0f3e6acd35e7a81030fb55afc2","thermoConfiguration":"/home/jsw/문서/analysis/runs/impinging_n2o_cube80_z40_counters_1us_20260923/n160/base/thermo/cold-pr-config.yaml","physicalModelHash":"e8a14864dd2082dde742598dbbcc5f0f2454bc521d93b9a3bd0befc47d4c9c4e","numericalPolicyHash":"323d5cf20ad21261b796f10c78a16a2e3ccace6d90e106f68a0692fb71b76af3","modelFingerprint":"86843f73688e246995634977344ab1b56b1c0d5b17fb5620310e34555e990f4f","eos":"Peng-Robinson","closureBackend":"cuda","chemistryBackend":"cpu","deviceFullClosure":true,"deviceChemistryIntegration":false,"closureCpuFallback":false,"closureJacobian":"finiteDifference","solidN2O":false,"enforceSpeciesTemperatureBounds":true,"exactBatchReuse":true,"deviceCaloricCandidates":false,"deviceCaloricScope":"no-condensable-inventory; NASA/PR-alpha single interval; host branch/residual/stability approval","hemLibrary":"/home/jsw/문서/analysis/runs/precision_revisit_20260924/variants-v2/libHem-fp64.so","hemLibrarySha256":"b326b078127acd8c6ab28f07fcc131538e7fe848f7fa84e2c0c7a574748b7459","hemNumericalPolicy":"legacy-fp64-separate-rn","deviceHemScope":"PR; nonreacting HEM; all reference candidates and boundary fallback; experimental"}
REACTIVE_TURBULENCE model=WALE-stress-v1 backend=cuda Cw=0.32500000000000001 filter=cubeRootVolume stressWork=1 sgsHeatFlux=1 sgsSpeciesMixing=1 Prt=0.84999999999999998 Sct=0.69999999999999996 scalarPropertyBackend=device-pr scalarFluxBackend=cuda sgsK=none TCI=0
REACTIVE_PHYSICS chemistry=0 combustion=0 phaseChange=equilibrium viscosity=1 heatConduction=1 speciesDiffusion=0 turbulence=WALE-stress-v1 turbulentHeatFlux=1 turbulentSpeciesMixing=1 surfaceTension=1 interfaceModel=diffuse-liquid-inventory-v1 totalEnergy=1 thermodynamicRecovery=1 frozenLiquidFields=0 transportedLiquidFields=1
REACTIVE_CAPILLARY sigma=0.0020577273399028486 geometryBackend=cuda tractionBackend=cuda closureBackend=cuda pressureModel=curved-phase-split surfaceEnergyInTotal=1 capillaryCfl=0.25 geometryScheme=Gauss-diffuse noPLIC=1
REACTIVE_PHYSICAL_MODEL hash=e8a14864dd2082dde742598dbbcc5f0f2454bc521d93b9a3bd0befc47d4c9c4e numericalPolicyHash=323d5cf20ad21261b796f10c78a16a2e3ccace6d90e106f68a0692fb71b76af3 eos=Peng-Robinson realEOS=1 phaseEquilibrium=1 nonidealDiffusion=0 deviceClosure=1 deviceKinetics=0 mixtureLiquid=0
REACTIVE_BACKENDS transport=cuda thermodynamics=cuda chemistry=cpu chemicalLinearSolver=dense transportGasProperties=disabled
REACTIVE_MODEL cells=4096000 species=4 reactions=0 liquids=1 estimatedHostBytes=14223651840 chemistry=0
REACTIVE_SPECIES index=0 name=N2
REACTIVE_SPECIES index=1 name=O2
REACTIVE_SPECIES index=2 name=N2O
REACTIVE_SPECIES index=3 name=IC3H7OH
REACTIVE_CHECKPOINT time=0 acceptedSteps=0 complete=1 schema=3
REACTIVE_ATTEMPT_PROFILE attempt=2 accepted=1 retry=0 sourceCalls=0 fullPhaseEvaluations=0 scalarProbes=0 rootChecks=0 matrixFreeProducts=0 factorBuilds=0 workerJobElapsedSeconds=0
REACTIVE_STEP time=5.1271939499775744e-08 dt=5.1271939499775744e-08 retries=0 massResidual=-5.0754361187376839e-15 energyResidual=-1.4439384876046917e-14 momentumResidual=3.5261487827682074e-21 globalElementResidual=6.9053229935157624e-15 frozenLiquidResidual=0 speciesResidual=6.705075718214906e-15 elementDrift=0 minP=3990269.9179397281 maxP=3999999.9999999967 minT=291.34912040939452 maxT=293.14999999999998 maxMach=0.0006721250581892674 minAlphaGas=0.99999999999999967 maxAlphaGas=1.0000000000000004 maxVolumeResidual=4.4408920985006262e-16 maxUVResidual=3.2355762452958877e-11 maxMuResidual=0 maxMechanicalResidual=0 seconds=3.3323876819999998
REACTIVE_CAPILLARY_STEP time=5.1271939499775744e-08 area=3.9999999999999949e-05 surfaceEnergy=8.2309093596113842e-08 liquidMass=0 closureResidual=0 recoveryCalls=3 outerIterations=3
REACTIVE_STEP_TIMINGS time=5.1271939499775744e-08 cflSeconds=0.57115573899999994 backupSeconds=0.29263762700000001 transportSeconds=0.80125190199999996 recoverySeconds=1.6208827920000002 sourceSeconds=0 conservationSeconds=0.0179238 diagnosticsSeconds=0.028479767999999999 nestedBatchPackSeconds=0.10468460499999999 nestedBatchCallSeconds=0.74499235100000005 nestedBatchScatterSeconds=0 nestedScalarPropertySeconds=0.43688103899999997 otherSeconds=5.6053999999756965e-05
REACTIVE_GPU_HEM_STEP time=5.1271939499775744e-08 batches=8 submitted=357 succeeded=357 cpuFallbacks=0 deviceFailures=0 phaseEvaluations=325513 residualEvaluations=529961 analyticJacobians=0 finiteDifferenceJacobians=24777 wallSeconds=0.35328766300000003 kernelSeconds=0.35296283495426173 copySeconds=0.00025094400718808174
REACTIVE_CHECKPOINT time=5.1271939499775744e-08 acceptedSteps=1 complete=1 schema=3
REACTIVE_ATTEMPT_PROFILE attempt=3 accepted=1 retry=0 sourceCalls=0 fullPhaseEvaluations=0 scalarProbes=0 rootChecks=0 matrixFreeProducts=0 factorBuilds=0 workerJobElapsedSeconds=0
REACTIVE_STEP time=1.0259787308542332e-07 dt=5.1325933585647574e-08 retries=0 massResidual=-1.0742491593276136e-14 energyResidual=-9.4210549855466848e-15 momentumResidual=7.4310890941656628e-21 globalElementResidual=1.3627858738521178e-14 frozenLiquidResidual=0 speciesResidual=1.3232663643662332e-14 elementDrift=0 minP=3979373.5490676975 maxP=3999999.9999999967 minT=289.48353156926203 maxT=293.14999999999998 maxMach=0.0012857125516817492 minAlphaGas=0.99999999999999956 maxAlphaGas=1.0000000000000004 maxVolumeResidual=4.4408920985006262e-16 maxUVResidual=2.5019485328088514e-12 maxMuResidual=0 maxMechanicalResidual=0 seconds=3.4225845189999999
REACTIVE_CAPILLARY_STEP time=1.0259787308542332e-07 area=3.9999999999999949e-05 surfaceEnergy=8.2309093596113842e-08 liquidMass=0 closureResidual=0 recoveryCalls=5 outerIterations=5
REACTIVE_STEP_TIMINGS time=1.0259787308542332e-07 cflSeconds=0.5727929169999999 backupSeconds=0.28952857399999998 transportSeconds=0.79856170900000001 recoverySeconds=1.7129018069999999 sourceSeconds=0 conservationSeconds=0.020167997999999999 diagnosticsSeconds=0.028583909000000001 nestedBatchPackSeconds=0.10407493499999999 nestedBatchCallSeconds=0.83610242800000001 nestedBatchScatterSeconds=0 nestedScalarPropertySeconds=0.43721728100000001 otherSeconds=4.7604999999766723e-05
REACTIVE_GPU_HEM_STEP time=1.0259787308542332e-07 batches=8 submitted=1505 succeeded=1505 cpuFallbacks=0 deviceFailures=0 phaseEvaluations=1454433 residualEvaluations=2404797 analyticJacobians=0 finiteDifferenceJacobians=110933 wallSeconds=0.44461823000000006 kernelSeconds=0.44422754985094071 copySeconds=0.00030336000584065931
REACTIVE_ATTEMPT_PROFILE attempt=4 accepted=1 retry=0 sourceCalls=0 fullPhaseEvaluations=0 scalarProbes=0 rootChecks=0 matrixFreeProducts=0 factorBuilds=0 workerJobElapsedSeconds=0
REACTIVE_STEP time=1.5398366274014883e-07 dt=5.1385789654725502e-08 retries=0 massResidual=-4.200421185872949e-15 energyResidual=-1.2566492634395919e-14 momentumResidual=1.1517726155068206e-20 globalElementResidual=9.9859865732220552e-15 frozenLiquidResidual=0 speciesResidual=9.6964046382613012e-15 elementDrift=0 minP=3967529.0114875073 maxP=3999999.9999999967 minT=287.56733544158828 maxT=293.14999999999998 maxMach=0.001845788526585903 minAlphaGas=0.99999999999999956 maxAlphaGas=1.0000000000000004 maxVolumeResidual=4.4408920985006262e-16 maxUVResidual=6.4643862788943863e-10 maxMuResidual=0 maxMechanicalResidual=0 seconds=3.6594460080000002
REACTIVE_CAPILLARY_STEP time=1.5398366274014883e-07 area=3.9999999999999949e-05 surfaceEnergy=8.2309093596113842e-08 liquidMass=0 closureResidual=0 recoveryCalls=7 outerIterations=7
REACTIVE_STEP_TIMINGS time=1.5398366274014883e-07 cflSeconds=0.57413937599999998 backupSeconds=0.289893974 transportSeconds=0.79930183399999999 recoverySeconds=1.949031191 sourceSeconds=0 conservationSeconds=0.018459691 diagnosticsSeconds=0.028575845999999998 nestedBatchPackSeconds=0.10414718000000001 nestedBatchCallSeconds=1.0701747389999998 nestedBatchScatterSeconds=0 nestedScalarPropertySeconds=0.435544663 otherSeconds=4.4096000000066332e-05
REACTIVE_GPU_HEM_STEP time=1.5398366274014883e-07 batches=8 submitted=3446 succeeded=3446 cpuFallbacks=0 deviceFailures=0 phaseEvaluations=3270500 residualEvaluations=5495405 analyticJacobians=0 finiteDifferenceJacobians=250393 wallSeconds=0.67794423300000028 kernelSeconds=0.67746599498391136 copySeconds=0.00036774400062859053
REACTIVE_ATTEMPT_PROFILE attempt=5 accepted=1 retry=0 sourceCalls=0 fullPhaseEvaluations=0 scalarProbes=0 rootChecks=0 matrixFreeProducts=0 factorBuilds=0 workerJobElapsedSeconds=0
REACTIVE_STEP time=2.0543538613551136e-07 dt=5.1451723395362532e-08 retries=0 massResidual=-2.1034147306904301e-14 energyResidual=-1.6495288382620645e-14 momentumResidual=1.5884607355037917e-20 globalElementResidual=2.7714400058105114e-14 frozenLiquidResidual=0 speciesResidual=2.6910708357095724e-14 elementDrift=0 minP=3954947.4012868549 maxP=3999999.9999999967 minT=285.6142225303023 maxT=293.14999999999998 maxMach=0.0023583331279902445 minAlphaGas=0.99999999999999967 maxAlphaGas=1.0000000000000004 maxVolumeResidual=4.4408920985006262e-16 maxUVResidual=9.1279497363436321e-10 maxMuResidual=0 maxMechanicalResidual=0 seconds=3.6692551369999999
REACTIVE_CAPILLARY_STEP time=2.0543538613551136e-07 area=3.9999999999999949e-05 surfaceEnergy=8.2309093596113842e-08 liquidMass=0 closureResidual=0 recoveryCalls=9 outerIterations=9
REACTIVE_STEP_TIMINGS time=2.0543538613551136e-07 cflSeconds=0.57258577600000005 backupSeconds=0.28916024599999995 transportSeconds=0.79756875800000004 recoverySeconds=1.963371771 sourceSeconds=0 conservationSeconds=0.017989684999999998 diagnosticsSeconds=0.028534561 nestedBatchPackSeconds=0.104046109 nestedBatchCallSeconds=1.086900923 nestedBatchScatterSeconds=0 nestedScalarPropertySeconds=0.43382586700000003 otherSeconds=4.4340000000024637e-05
REACTIVE_GPU_HEM_STEP time=2.0543538613551136e-07 batches=8 submitted=6080 succeeded=6080 cpuFallbacks=0 deviceFailures=0 phaseEvaluations=5719086 residualEvaluations=9615514 analyticJacobians=0 finiteDifferenceJacobians=438127 wallSeconds=0.69479497300000026 kernelSeconds=0.69420723986625643 copySeconds=0.00044620800018310551
REACTIVE_ATTEMPT_PROFILE attempt=6 accepted=1 retry=0 sourceCalls=0 fullPhaseEvaluations=0 scalarProbes=0 rootChecks=0 matrixFreeProducts=0 factorBuilds=0 workerJobElapsedSeconds=0
REACTIVE_STEP time=2.5695919508196773e-07 dt=5.1523808946456375e-08 retries=0 massResidual=-2.0976288770755391e-14 energyResidual=-2.6475904931313982e-14 momentumResidual=3.2619185945048781e-20 globalElementResidual=2.7284161008585328e-14 frozenLiquidResidual=0 speciesResidual=2.6492947860138359e-14 elementDrift=0 minP=3941830.6806356627 maxP=3999999.9999999967 minT=283.637316596549 maxT=293.14999999999998 maxMach=0.0028300739906587202 minAlphaGas=0.99999999999999956 maxAlphaGas=1.0000000000000004 maxVolumeResidual=4.4408920985006262e-16 maxUVResidual=4.7768515920674483e-10 maxMuResidual=0 maxMechanicalResidual=0 seconds=3.681960723
REACTIVE_CAPILLARY_STEP time=2.5695919508196773e-07 area=3.9999999999999949e-05 surfaceEnergy=8.2309093596113842e-08 liquidMass=0 closureResidual=0 recoveryCalls=11 outerIterations=11
REACTIVE_STEP_TIMINGS time=2.5695919508196773e-07 cflSeconds=0.57045990800000002 backupSeconds=0.292695019 transportSeconds=0.80765611900000001 recoverySeconds=1.963677975 sourceSeconds=0 conservationSeconds=0.018901513000000002 diagnosticsSeconds=0.028524743000000002 nestedBatchPackSeconds=0.104596799 nestedBatchCallSeconds=1.084225489 nestedBatchScatterSeconds=0 nestedScalarPropertySeconds=0.43793557399999999 otherSeconds=4.5445999999723513e-05
REACTIVE_GPU_HEM_STEP time=2.5695919508196773e-07 batches=8 submitted=9259 succeeded=9259 cpuFallbacks=0 deviceFailures=0 phaseEvaluations=8713315 residualEvaluations=14701974 analyticJacobians=0 finiteDifferenceJacobians=668133 wallSeconds=0.69191808199999993 kernelSeconds=0.69117327824234964 copySeconds=0.0005623040050268173
REACTIVE_ATTEMPT_PROFILE attempt=7 accepted=1 retry=0 sourceCalls=0 fullPhaseEvaluations=0 scalarProbes=0 rootChecks=0 matrixFreeProducts=0 factorBuilds=0 workerJobElapsedSeconds=0
REACTIVE_STEP time=3.085612194622158e-07 dt=5.1602024380248048e-08 retries=0 massResidual=-1.6171392357656869e-14 energyResidual=-2.5092986490320833e-14 momentumResidual=3.7238594830771324e-20 globalElementResidual=2.5177096241968033e-14 frozenLiquidResidual=0 speciesResidual=2.444698571541265e-14 elementDrift=0 minP=3928369.9383886824 maxP=3999999.9999999967 minT=281.64904415684163 maxT=293.14999999999998 maxMach=0.0032681741193413029 minAlphaGas=0.99999999999999956 maxAlphaGas=1.0000000000000004 maxVolumeResidual=4.4408920985006262e-16 maxUVResidual=9.871994638167761e-10 maxMuResidual=0 maxMechanicalResidual=0 seconds=3.6696616660000001
REACTIVE_CAPILLARY_STEP time=3.085612194622158e-07 area=3.9999999999999949e-05 surfaceEnergy=8.2309093596113842e-08 liquidMass=0 closureResidual=0 recoveryCalls=13 outerIterations=13
REACTIVE_STEP_TIMINGS time=3.085612194622158e-07 cflSeconds=0.57198458000000008 backupSeconds=0.29109462799999997 transportSeconds=0.80337752600000001 recoverySeconds=1.955061342 sourceSeconds=0 conservationSeconds=0.019571733000000001 diagnosticsSeconds=0.028528560000000001 nestedBatchPackSeconds=0.10395687800000002 nestedBatchCallSeconds=1.0785219590000001 nestedBatchScatterSeconds=0 nestedScalarPropertySeconds=0.43546586799999998 otherSeconds=4.3297000000011576e-05
REACTIVE_GPU_HEM_STEP time=3.085612194622158e-07 batches=8 submitted=12849 succeeded=12849 cpuFallbacks=0 deviceFailures=0 phaseEvaluations=12072313 residualEvaluations=20374438 analyticJacobians=0 finiteDifferenceJacobians=925915 wallSeconds=0.68620047700000031 kernelSeconds=0.68530704298615452 copySeconds=0.00065372800268232801
REACTIVE_ATTEMPT_PROFILE attempt=8 accepted=1 retry=0 sourceCalls=0 fullPhaseEvaluations=0 scalarProbes=0 rootChecks=0 matrixFreeProducts=0 factorBuilds=0 workerJobElapsedSeconds=0
REACTIVE_STEP time=3.6024736279202321e-07 dt=5.1686143329807405e-08 retries=0 massResidual=-3.1081747188722406e-14 energyResidual=-1.6908000497841457e-14 momentumResidual=2.9921451155786813e-20 globalElementResidual=4.0079353732454966e-14 frozenLiquidResidual=0 speciesResidual=3.891709385482498e-14 elementDrift=0 minP=3914744.0401798226 maxP=3999999.9999999967 minT=279.66103380584519 maxT=293.14999999999998 maxMach=0.0036798371068206439 minAlphaGas=0.99999999999999967 maxAlphaGas=1.0000000000000004 maxVolumeResidual=4.4408920985006262e-16 maxUVResidual=7.9144418145808555e-10 maxMuResidual=0 maxMechanicalResidual=0 seconds=3.6973465060000001
REACTIVE_CAPILLARY_STEP time=3.6024736279202321e-07 area=3.9999999999999949e-05 surfaceEnergy=8.2309093596113842e-08 liquidMass=0 closureResidual=0 recoveryCalls=15 outerIterations=15
REACTIVE_STEP_TIMINGS time=3.6024736279202321e-07 cflSeconds=0.57180614000000007 backupSeconds=0.28954737899999999 transportSeconds=0.79908889100000002 recoverySeconds=1.989266443 sourceSeconds=0 conservationSeconds=0.019157932999999999 diagnosticsSeconds=0.028435660000000001 nestedBatchPackSeconds=0.104459469 nestedBatchCallSeconds=1.1167918960000001 nestedBatchScatterSeconds=0 nestedScalarPropertySeconds=0.435415675 otherSeconds=4.405999999977997e-05
REACTIVE_GPU_HEM_STEP time=3.6024736279202321e-07 batches=8 submitted=16302 succeeded=16302 cpuFallbacks=0 deviceFailures=0 phaseEvaluations=15410008 residualEvaluations=25912853 analyticJacobians=0 finiteDifferenceJacobians=1181267 wallSeconds=0.72371759399999958 kernelSeconds=0.72265572342276618 copySeconds=0.00077785600721836084
REACTIVE_ATTEMPT_PROFILE attempt=9 accepted=1 retry=0 sourceCalls=0 fullPhaseEvaluations=0 scalarProbes=0 rootChecks=0 matrixFreeProducts=0 factorBuilds=0 workerJobElapsedSeconds=0
REACTIVE_STEP time=4.119406301475042e-07 dt=5.1693267355480975e-08 retries=0 massResidual=-3.3168668123988688e-14 energyResidual=-3.429378415739665e-14 momentumResidual=3.5045915413015021e-20 globalElementResidual=4.2324617214530513e-14 frozenLiquidResidual=0 speciesResidual=4.1097241462481672e-14 elementDrift=0 minP=3901140.2927643307 maxP=3999999.9999999967 minT=277.6871765234842 maxT=293.14999999999998 maxMach=0.0040712879645590254 minAlphaGas=0.99999999999999956 maxAlphaGas=1.0000000000000004 maxVolumeResidual=4.4408920985006262e-16 maxUVResidual=5.1672278248218365e-10 maxMuResidual=0 maxMechanicalResidual=0 seconds=3.7015486329999998
REACTIVE_CAPILLARY_STEP time=4.119406301475042e-07 area=3.9999999999999949e-05 surfaceEnergy=8.2309093596113842e-08 liquidMass=0 closureResidual=0 recoveryCalls=17 outerIterations=17
REACTIVE_STEP_TIMINGS time=4.119406301475042e-07 cflSeconds=0.56984796100000001 backupSeconds=0.28969069999999997 transportSeconds=0.80319984499999997 recoverySeconds=1.9901780870000001 sourceSeconds=0 conservationSeconds=0.019564891000000001 diagnosticsSeconds=0.029025760000000001 nestedBatchPackSeconds=0.10429331900000001 nestedBatchCallSeconds=1.1162246950000001 nestedBatchScatterSeconds=0 nestedScalarPropertySeconds=0.43778666700000002 otherSeconds=4.1388999999985437e-05
REACTIVE_GPU_HEM_STEP time=4.119406301475042e-07 batches=8 submitted=19252 succeeded=19252 cpuFallbacks=0 deviceFailures=0 phaseEvaluations=18174996 residualEvaluations=30623186 analyticJacobians=0 finiteDifferenceJacobians=1393752 wallSeconds=0.72388911100000009 kernelSeconds=0.7227157766520973 copySeconds=0.00085379199683666184
REACTIVE_ATTEMPT_PROFILE attempt=10 accepted=1 retry=0 sourceCalls=0 fullPhaseEvaluations=0 scalarProbes=0 rootChecks=0 matrixFreeProducts=0 factorBuilds=0 workerJobElapsedSeconds=0
REACTIVE_STEP time=4.6363091238199947e-07 dt=5.16902822344953e-08 retries=0 massResidual=-3.2261444928994685e-14 energyResidual=-2.727044246455988e-14 momentumResidual=6.257759237192138e-20 globalElementResidual=4.129070477139045e-14 frozenLiquidResidual=0 speciesResidual=4.0093315889763408e-14 elementDrift=0 minP=3887713.0415848573 maxP=3999999.9999999967 minT=275.73771929538105 maxT=293.14999999999998 maxMach=0.0044486220611129048 minAlphaGas=0.99999999999999956 maxAlphaGas=1.0000000000000004 maxVolumeResidual=4.4408920985006262e-16 maxUVResidual=9.9898041921652162e-10 maxMuResidual=0 maxMechanicalResidual=0 seconds=3.7194858530000001
REACTIVE_CAPILLARY_STEP time=4.6363091238199947e-07 area=3.9999999999999949e-05 surfaceEnergy=8.2309093596113842e-08 liquidMass=0 closureResidual=0 recoveryCalls=19 outerIterations=19
REACTIVE_STEP_TIMINGS time=4.6363091238199947e-07 cflSeconds=0.57546879100000004 backupSeconds=0.29019217799999997 transportSeconds=0.800874478 recoverySeconds=2.004559736 sourceSeconds=0 conservationSeconds=0.019792489 diagnosticsSeconds=0.028555839 nestedBatchPackSeconds=0.10388853200000001 nestedBatchCallSeconds=1.1212740839999999 nestedBatchScatterSeconds=0 nestedScalarPropertySeconds=0.436223003 otherSeconds=4.234200000030261e-05
REACTIVE_GPU_HEM_STEP time=4.6363091238199947e-07 batches=8 submitted=21610 succeeded=21610 cpuFallbacks=0 deviceFailures=0 phaseEvaluations=20152726 residualEvaluations=33969317 analyticJacobians=0 finiteDifferenceJacobians=1545450 wallSeconds=0.72839305699999901 kernelSeconds=0.7271056779921059 copySeconds=0.00092464000917971169
REACTIVE_ATTEMPT_PROFILE attempt=11 accepted=1 retry=0 sourceCalls=0 fullPhaseEvaluations=0 scalarProbes=0 rootChecks=0 matrixFreeProducts=0 factorBuilds=0 workerJobElapsedSeconds=0
REACTIVE_STEP time=5.1531403808314355e-07 dt=5.1683125701144079e-08 retries=0 massResidual=-3.359227905359613e-14 energyResidual=-1.6612414019185522e-14 momentumResidual=6.6482532683318832e-20 globalElementResidual=4.2759202927453881e-14 frozenLiquidResidual=0 speciesResidual=4.1519225301948221e-14 elementDrift=0 minP=3874598.8881654916 maxP=3999999.9999999967 minT=273.82157533031597 maxT=293.14999999999998 maxMach=0.0048171205772776365 minAlphaGas=0.99999999999999956 maxAlphaGas=1.0000000000000004 maxVolumeResidual=4.4408920985006262e-16 maxUVResidual=9.9741310807681166e-10 maxMuResidual=0 maxMechanicalResidual=0 seconds=3.7075140900000001
REACTIVE_CAPILLARY_STEP time=5.1531403808314355e-07 area=3.9999999999999949e-05 surfaceEnergy=8.2309093596113842e-08 liquidMass=0 closureResidual=0 recoveryCalls=21 outerIterations=21
REACTIVE_STEP_TIMINGS time=5.1531403808314355e-07 cflSeconds=0.57125525700000002 backupSeconds=0.290148711 transportSeconds=0.80018107999999999 recoverySeconds=1.996202348 sourceSeconds=0 conservationSeconds=0.019866121 diagnosticsSeconds=0.029816124999999999 nestedBatchPackSeconds=0.103953267 nestedBatchCallSeconds=1.1190562479999997 nestedBatchScatterSeconds=0 nestedScalarPropertySeconds=0.43455794599999997 otherSeconds=4.4448000000071874e-05
REACTIVE_GPU_HEM_STEP time=5.1531403808314355e-07 batches=8 submitted=23240 succeeded=23240 cpuFallbacks=0 deviceFailures=0 phaseEvaluations=21514686 residualEvaluations=36232848 analyticJacobians=0 finiteDifferenceJacobians=1649664 wallSeconds=0.72601019599999894 kernelSeconds=0.72465448984503755 copySeconds=0.00097231999225914478
REACTIVE_ATTEMPT_PROFILE attempt=12 accepted=1 retry=0 sourceCalls=0 fullPhaseEvaluations=0 scalarProbes=0 rootChecks=0 matrixFreeProducts=0 factorBuilds=0 workerJobElapsedSeconds=0
REACTIVE_STEP time=5.669890027850069e-07 dt=5.1674964701863312e-08 retries=0 massResidual=-3.050774585917564e-14 energyResidual=-3.4158136614565071e-14 momentumResidual=7.0079512402334781e-20 globalElementResidual=4.4302059784675594e-14 frozenLiquidResidual=0 speciesResidual=4.3017338450588024e-14 elementDrift=0 minP=3861917.3957012519 maxP=3999999.9999999967 minT=271.9464272956597 maxT=293.14999999999998 maxMach=0.0051812852451368725 minAlphaGas=0.99999999999999956 maxAlphaGas=1.0000000000000004 maxVolumeResidual=4.4408920985006262e-16 maxUVResidual=9.9918582343181058e-10 maxMuResidual=0 maxMechanicalResidual=0 seconds=3.7190278280000002
REACTIVE_CAPILLARY_STEP time=5.669890027850069e-07 area=3.9999999999999949e-05 surfaceEnergy=8.2309093596113842e-08 liquidMass=0 closureResidual=0 recoveryCalls=23 outerIterations=23
REACTIVE_STEP_TIMINGS time=5.669890027850069e-07 cflSeconds=0.57163018499999996 backupSeconds=0.28983620499999996 transportSeconds=0.8006143830000001 recoverySeconds=2.0102665740000001 sourceSeconds=0 conservationSeconds=0.018187482000000001 diagnosticsSeconds=0.028450083000000001 nestedBatchPackSeconds=0.104448972 nestedBatchCallSeconds=1.1316953109999999 nestedBatchScatterSeconds=0 nestedScalarPropertySeconds=0.434429014 otherSeconds=4.2916000000104565e-05
REACTIVE_GPU_HEM_STEP time=5.669890027850069e-07 batches=8 submitted=24702 succeeded=24702 cpuFallbacks=0 deviceFailures=0 phaseEvaluations=22740786 residualEvaluations=38284457 analyticJacobians=0 finiteDifferenceJacobians=1743603 wallSeconds=0.7385780939999993 kernelSeconds=0.73715228649973863 copySeconds=0.0010169920027256014
REACTIVE_ATTEMPT_PROFILE attempt=13 accepted=1 retry=0 sourceCalls=0 fullPhaseEvaluations=0 scalarProbes=0 rootChecks=0 matrixFreeProducts=0 factorBuilds=0 workerJobElapsedSeconds=0
REACTIVE_STEP time=6.1865518306900021e-07 dt=5.1666180283993265e-08 retries=0 massResidual=-3.4323127248588207e-14 energyResidual=-3.3643736593571281e-14 momentumResidual=6.3242787251465426e-20 globalElementResidual=4.5758677652996632e-14 frozenLiquidResidual=0 speciesResidual=4.4431711409604004e-14 elementDrift=0 minP=3849772.175460469 maxP=3999999.9999999967 minT=270.11885245221532 maxT=293.14999999999998 maxMach=0.0055449770754679335 minAlphaGas=0.99999999999999944 maxAlphaGas=1.0000000000000004 maxVolumeResidual=5.5511151231257827e-16 maxUVResidual=9.9797149132229684e-10 maxMuResidual=0 maxMechanicalResidual=0 seconds=3.7293488849999998
REACTIVE_CAPILLARY_STEP time=6.1865518306900021e-07 area=3.9999999999999949e-05 surfaceEnergy=8.2309093596113842e-08 liquidMass=0 closureResidual=0 recoveryCalls=25 outerIterations=25
REACTIVE_STEP_TIMINGS time=6.1865518306900021e-07 cflSeconds=0.57502020999999992 backupSeconds=0.29069551500000002 transportSeconds=0.80288397200000006 recoverySeconds=2.0131740970000003 sourceSeconds=0 conservationSeconds=0.018928160999999999 diagnosticsSeconds=0.028604053000000001 nestedBatchPackSeconds=0.10454299499999999 nestedBatchCallSeconds=1.133127596 nestedBatchScatterSeconds=0 nestedScalarPropertySeconds=0.43673481999999997 otherSeconds=4.2876999999681004e-05
REACTIVE_GPU_HEM_STEP time=6.1865518306900021e-07 batches=8 submitted=25482 succeeded=25482 cpuFallbacks=0 deviceFailures=0 phaseEvaluations=23572762 residualEvaluations=39670181 analyticJacobians=0 finiteDifferenceJacobians=1807346 wallSeconds=0.73479603000000004 kernelSeconds=0.73332101309299347 copySeconds=0.0010352320130914425
REACTIVE_ATTEMPT_PROFILE attempt=14 accepted=1 retry=0 sourceCalls=0 fullPhaseEvaluations=0 scalarProbes=0 rootChecks=0 matrixFreeProducts=0 factorBuilds=0 workerJobElapsedSeconds=0
REACTIVE_STEP time=6.7031229381813438e-07 dt=5.1657110749134149e-08 retries=0 massResidual=-3.5491755205612444e-14 energyResidual=-2.8769200064551919e-14 momentumResidual=7.8221990464901719e-20 globalElementResidual=4.9458832512432287e-14 frozenLiquidResidual=0 speciesResidual=4.8024573966124151e-14 elementDrift=0 minP=3838251.6549899043 maxP=3999999.9999999967 minT=268.34436776662778 maxT=293.14999999999998 maxMach=0.0059115798151306229 minAlphaGas=0.99999999999999967 maxAlphaGas=1.0000000000000004 maxVolumeResidual=4.4408920985006262e-16 maxUVResidual=9.6534335240229249e-10 maxMuResidual=0 maxMechanicalResidual=0 seconds=3.7149069130000001
REACTIVE_CAPILLARY_STEP time=6.7031229381813438e-07 area=3.9999999999999949e-05 surfaceEnergy=8.2309093596113842e-08 liquidMass=0 closureResidual=0 recoveryCalls=27 outerIterations=27
REACTIVE_STEP_TIMINGS time=6.7031229381813438e-07 cflSeconds=0.57084898699999997 backupSeconds=0.29202458100000001 transportSeconds=0.80234471500000004 recoverySeconds=2.0005203790000001 sourceSeconds=0 conservationSeconds=0.02010758 diagnosticsSeconds=0.029016196000000001 nestedBatchPackSeconds=0.10417237699999998 nestedBatchCallSeconds=1.122983099 nestedBatchScatterSeconds=0 nestedScalarPropertySeconds=0.43605095299999996 otherSeconds=4.4475000000217257e-05
REACTIVE_GPU_HEM_STEP time=6.7031229381813438e-07 batches=8 submitted=26733 succeeded=26733 cpuFallbacks=0 deviceFailures=0 phaseEvaluations=24381555 residualEvaluations=41052385 analyticJacobians=0 finiteDifferenceJacobians=1869429 wallSeconds=0.72902770900000036 kernelSeconds=0.7275028566122046 copySeconds=0.0010880639981478459
REACTIVE_ATTEMPT_PROFILE attempt=15 accepted=1 retry=0 sourceCalls=0 fullPhaseEvaluations=0 scalarProbes=0 rootChecks=0 matrixFreeProducts=0 factorBuilds=0 workerJobElapsedSeconds=0
REACTIVE_STEP time=7.2196027494187811e-07 dt=5.1647981123743769e-08 retries=0 massResidual=-3.5089747055026412e-14 energyResidual=-4.1471250356883969e-14 momentumResidual=8.2151567623689691e-20 globalElementResidual=4.8916580844766353e-14 frozenLiquidResidual=0 speciesResidual=4.749803785289181e-14 elementDrift=0 minP=3827430.4623545487 maxP=3999999.9999999967 minT=266.62751168678489 maxT=293.14999999999998 maxMach=0.0062841638470652952 minAlphaGas=0.99999999999999956 maxAlphaGas=1.0000000000000004 maxVolumeResidual=4.4408920985006262e-16 maxUVResidual=9.9742426623577364e-10 maxMuResidual=0 maxMechanicalResidual=0 seconds=3.758762742
REACTIVE_CAPILLARY_STEP time=7.2196027494187811e-07 area=3.9999999999999949e-05 surfaceEnergy=8.2309093596113842e-08 liquidMass=0 closureResidual=0 recoveryCalls=29 outerIterations=29
REACTIVE_STEP_TIMINGS time=7.2196027494187811e-07 cflSeconds=0.57290538099999999 backupSeconds=0.29015898600000001 transportSeconds=0.80117112999999995 recoverySeconds=2.045694095 sourceSeconds=0 conservationSeconds=0.020288752 diagnosticsSeconds=0.028501160000000001 nestedBatchPackSeconds=0.10448202600000001 nestedBatchCallSeconds=1.1715180719999998 nestedBatchScatterSeconds=0 nestedScalarPropertySeconds=0.43603818299999997 otherSeconds=4.3238000000101612e-05
REACTIVE_GPU_HEM_STEP time=7.2196027494187811e-07 batches=8 submitted=27515 succeeded=27515 cpuFallbacks=0 deviceFailures=0 phaseEvaluations=25263089 residualEvaluations=42537424 analyticJacobians=0 finiteDifferenceJacobians=1936910 wallSeconds=0.77825840200000052 kernelSeconds=0.77670312801003405 copySeconds=0.0011155200302600862
REACTIVE_ATTEMPT_PROFILE attempt=16 accepted=1 retry=0 sourceCalls=0 fullPhaseEvaluations=0 scalarProbes=0 rootChecks=0 matrixFreeProducts=0 factorBuilds=0 workerJobElapsedSeconds=0
REACTIVE_STEP time=7.7359918513821132e-07 dt=5.1638910196333159e-08 retries=0 massResidual=-4.5950022271831382e-14 energyResidual=-3.9324742875706263e-14 momentumResidual=8.5323561725219179e-20 globalElementResidual=5.7595199058259652e-14 frozenLiquidResidual=0 speciesResidual=5.5924987798428268e-14 elementDrift=0 minP=3817372.0324714975 maxP=3999999.9999999967 minT=264.97199313054642 maxT=293.14999999999998 maxMach=0.0066656749072488333 minAlphaGas=0.99999999999999944 maxAlphaGas=1.0000000000000004 maxVolumeResidual=5.5511151231257827e-16 maxUVResidual=9.9641799977873368e-10 maxMuResidual=0 maxMechanicalResidual=0 seconds=3.7397190239999998
REACTIVE_CAPILLARY_STEP time=7.7359918513821132e-07 area=3.9999999999999949e-05 surfaceEnergy=8.2309093596113842e-08 liquidMass=0 closureResidual=0 recoveryCalls=31 outerIterations=31
REACTIVE_STEP_TIMINGS time=7.7359918513821132e-07 cflSeconds=0.57131503800000005 backupSeconds=0.29330560999999999 transportSeconds=0.80324232699999998 recoverySeconds=2.02185646 sourceSeconds=0 conservationSeconds=0.020229331999999999 diagnosticsSeconds=0.029710383 nestedBatchPackSeconds=0.103837597 nestedBatchCallSeconds=1.1463662999999999 nestedBatchScatterSeconds=0 nestedScalarPropertySeconds=0.43474206700000001 otherSeconds=5.9873999999567745e-05
REACTIVE_GPU_HEM_STEP time=7.7359918513821132e-07 batches=8 submitted=28298 succeeded=28298 cpuFallbacks=0 deviceFailures=0 phaseEvaluations=26043152 residualEvaluations=43903817 analyticJacobians=0 finiteDifferenceJacobians=1997146 wallSeconds=0.75399784800000091 kernelSeconds=0.7524124840199935 copySeconds=0.0011225920151919106
REACTIVE_ATTEMPT_PROFILE attempt=17 accepted=1 retry=0 sourceCalls=0 fullPhaseEvaluations=0 scalarProbes=0 rootChecks=0 matrixFreeProducts=0 factorBuilds=0 workerJobElapsedSeconds=0
REACTIVE_STEP time=8.2522913422634094e-07 dt=5.1629949088129583e-08 retries=0 massResidual=-4.2847679851795158e-14 energyResidual=-4.4495955737738776e-14 momentumResidual=8.8575625580767845e-20 globalElementResidual=5.5185669896906665e-14 frozenLiquidResidual=0 speciesResidual=5.3585335325540923e-14 elementDrift=0 minP=3808134.5408395967 maxP=3999999.9999999967 minT=263.38102595053419 maxT=293.14999999999998 maxMach=0.0070591012777552371 minAlphaGas=0.99999999999999956 maxAlphaGas=1.0000000000000004 maxVolumeResidual=4.4408920985006262e-16 maxUVResidual=9.8289797185060883e-10 maxMuResidual=0 maxMechanicalResidual=0 seconds=3.7685549049999998
REACTIVE_CAPILLARY_STEP time=8.2522913422634094e-07 area=3.9999999999999949e-05 surfaceEnergy=8.2309093596113842e-08 liquidMass=0 closureResidual=0 recoveryCalls=33 outerIterations=33
REACTIVE_STEP_TIMINGS time=8.2522913422634094e-07 cflSeconds=0.59118214099999999 backupSeconds=0.295265324 transportSeconds=0.80473273400000001 recoverySeconds=2.028843427 sourceSeconds=0 conservationSeconds=0.019663330999999999 diagnosticsSeconds=0.028818012 nestedBatchPackSeconds=0.10425654400000001 nestedBatchCallSeconds=1.1520170439999997 nestedBatchScatterSeconds=0 nestedScalarPropertySeconds=0.44440257999999999 otherSeconds=4.99360000000941e-05
REACTIVE_GPU_HEM_STEP time=8.2522913422634094e-07 batches=8 submitted=29378 succeeded=29378 cpuFallbacks=0 deviceFailures=0 phaseEvaluations=26825890 residualEvaluations=45199063 analyticJacobians=0 finiteDifferenceJacobians=2057008 wallSeconds=0.75693064800000087 kernelSeconds=0.75529373091459462 copySeconds=0.0011504000090062604
REACTIVE_ATTEMPT_PROFILE attempt=18 accepted=1 retry=0 sourceCalls=0 fullPhaseEvaluations=0 scalarProbes=0 rootChecks=0 matrixFreeProducts=0 factorBuilds=0 workerJobElapsedSeconds=0
REACTIVE_STEP time=8.7685025274000312e-07 dt=5.1621118513662214e-08 retries=0 massResidual=-5.5191505420190324e-14 energyResidual=-4.537153573983618e-14 momentumResidual=9.2147968452393274e-20 globalElementResidual=6.9105668996703431e-14 frozenLiquidResidual=0 speciesResidual=6.7101668913219843e-14 elementDrift=0 minP=3799788.3703867858 maxP=3999999.9999999967 minT=261.85832678145397 maxT=293.14999999999998 maxMach=0.0074675500066098402 minAlphaGas=0.99999999999999956 maxAlphaGas=1.0000000000000004 maxVolumeResidual=4.4408920985006262e-16 maxUVResidual=9.9618713863622229e-10 maxMuResidual=0 maxMechanicalResidual=0 seconds=3.7114941570000002
REACTIVE_CAPILLARY_STEP time=8.7685025274000312e-07 area=3.9999999999999949e-05 surfaceEnergy=8.2309093596113842e-08 liquidMass=0 closureResidual=0 recoveryCalls=35 outerIterations=35
REACTIVE_STEP_TIMINGS time=8.7685025274000312e-07 cflSeconds=0.57226222500000001 backupSeconds=0.290597459 transportSeconds=0.80412532699999995 recoverySeconds=1.99887251 sourceSeconds=0 conservationSeconds=0.017008582000000001 diagnosticsSeconds=0.028584390000000001 nestedBatchPackSeconds=0.104257697 nestedBatchCallSeconds=1.1221506779999999 nestedBatchScatterSeconds=0 nestedScalarPropertySeconds=0.43560432599999999 otherSeconds=4.3664000000671888e-05
REACTIVE_GPU_HEM_STEP time=8.7685025274000312e-07 batches=8 submitted=30186 succeeded=30186 cpuFallbacks=0 deviceFailures=0 phaseEvaluations=27448290 residualEvaluations=46200620 analyticJacobians=0 finiteDifferenceJacobians=2104337 wallSeconds=0.72929807100000055 kernelSeconds=0.72763820710778049 copySeconds=0.0011703679990023395
REACTIVE_ATTEMPT_PROFILE attempt=19 accepted=1 retry=0 sourceCalls=0 fullPhaseEvaluations=0 scalarProbes=0 rootChecks=0 matrixFreeProducts=0 factorBuilds=0 workerJobElapsedSeconds=0
REACTIVE_STEP time=9.2846268852740681e-07 dt=5.1612435787403749e-08 retries=0 massResidual=-4.9707306209825429e-14 energyResidual=-5.216574398077733e-14 momentumResidual=9.5233733588055929e-20 globalElementResidual=6.5279913724615048e-14 frozenLiquidResidual=0 speciesResidual=6.3386843798611481e-14 elementDrift=0 minP=3792463.6414110032 maxP=3999999.9999999967 minT=260.41094358385408 maxT=293.14999999999998 maxMach=0.007894205938407799 minAlphaGas=0.99999999999999944 maxAlphaGas=1.0000000000000004 maxVolumeResidual=5.5511151231257827e-16 maxUVResidual=9.8294869297051824e-10 maxMuResidual=0 maxMechanicalResidual=0 seconds=3.7241187650000001
REACTIVE_CAPILLARY_STEP time=9.2846268852740681e-07 area=3.9999999999999949e-05 surfaceEnergy=8.2309093596113842e-08 liquidMass=0 closureResidual=0 recoveryCalls=37 outerIterations=37
REACTIVE_STEP_TIMINGS time=9.2846268852740681e-07 cflSeconds=0.57310140300000001 backupSeconds=0.29143715000000003 transportSeconds=0.80295892699999993 recoverySeconds=2.0075367709999998 sourceSeconds=0 conservationSeconds=0.020139519000000002 diagnosticsSeconds=0.028900886000000001 nestedBatchPackSeconds=0.10396756499999998 nestedBatchCallSeconds=1.1306795669999998 nestedBatchScatterSeconds=0 nestedScalarPropertySeconds=0.43491375100000007 otherSeconds=4.4109000000465415e-05
REACTIVE_GPU_HEM_STEP time=9.2846268852740681e-07 batches=8 submitted=30871 succeeded=30871 cpuFallbacks=0 deviceFailures=0 phaseEvaluations=28379795 residualEvaluations=47794957 analyticJacobians=0 finiteDifferenceJacobians=2175810 wallSeconds=0.73594379300000234 kernelSeconds=0.73419709140062395 copySeconds=0.0012519359737634666
REACTIVE_ATTEMPT_PROFILE attempt=20 accepted=1 retry=0 sourceCalls=0 fullPhaseEvaluations=0 scalarProbes=0 rootChecks=0 matrixFreeProducts=0 factorBuilds=0 workerJobElapsedSeconds=0
REACTIVE_STEP time=9.8006661889612356e-07 dt=5.1603930368716791e-08 retries=0 massResidual=-5.397591251765551e-14 energyResidual=-5.3559027273775956e-14 momentumResidual=1.0136137947496689e-19 globalElementResidual=6.8335636936280649e-14 frozenLiquidResidual=0 speciesResidual=6.6353967020274749e-14 elementDrift=0 minP=3785812.0690040067 maxP=3999999.9999999967 minT=259.01960528345217 maxT=293.14999999999998 maxMach=0.008342183596212107 minAlphaGas=0.99999999999999956 maxAlphaGas=1.0000000000000004 maxVolumeResidual=4.4408920985006262e-16 maxUVResidual=9.8360004226737399e-10 maxMuResidual=0 maxMechanicalResidual=0 seconds=3.726157674
REACTIVE_CAPILLARY_STEP time=9.8006661889612356e-07 area=3.9999999999999949e-05 surfaceEnergy=8.2309093596113842e-08 liquidMass=0 closureResidual=0 recoveryCalls=39 outerIterations=39
REACTIVE_STEP_TIMINGS time=9.8006661889612356e-07 cflSeconds=0.57716585600000003 backupSeconds=0.29134577699999997 transportSeconds=0.80199209100000002 recoverySeconds=2.0078825679999999 sourceSeconds=0 conservationSeconds=0.019319728000000001 diagnosticsSeconds=0.02840999 nestedBatchPackSeconds=0.10428193999999999 nestedBatchCallSeconds=1.1300779950000002 nestedBatchScatterSeconds=0 nestedScalarPropertySeconds=0.43659707799999997 otherSeconds=4.1664000000083551e-05
REACTIVE_GPU_HEM_STEP time=9.8006661889612356e-07 batches=8 submitted=31822 succeeded=31822 cpuFallbacks=0 deviceFailures=0 phaseEvaluations=29214328 residualEvaluations=49208522 analyticJacobians=0 finiteDifferenceJacobians=2239856 wallSeconds=0.73630824299999986 kernelSeconds=0.73459729045629629 copySeconds=0.001198495972901583
REACTIVE_ATTEMPT_PROFILE attempt=21 accepted=1 retry=0 sourceCalls=0 fullPhaseEvaluations=0 scalarProbes=0 rootChecks=0 matrixFreeProducts=0 factorBuilds=0 workerJobElapsedSeconds=0
REACTIVE_STEP time=9.9999999999999995e-07 dt=1.9933381103876391e-08 retries=0 massResidual=-4.9399136801678419e-14 energyResidual=-5.5233549168995835e-14 momentumResidual=1.0245608314319801e-19 globalElementResidual=6.623425717941048e-14 frozenLiquidResidual=0 speciesResidual=6.4313523150112754e-14 elementDrift=0 minP=3783274.2444110783 maxP=3999999.9999999967 minT=258.48871606519134 maxT=293.14999999999998 maxMach=0.0085216472919265335 minAlphaGas=0.99999999999999956 maxAlphaGas=1.0000000000000004 maxVolumeResidual=4.4408920985006262e-16 maxUVResidual=9.9099349619650235e-10 maxMuResidual=0 maxMechanicalResidual=0 seconds=3.7342649360000002
REACTIVE_CAPILLARY_STEP time=9.9999999999999995e-07 area=3.9999999999999949e-05 surfaceEnergy=8.2309093596113842e-08 liquidMass=0 closureResidual=0 recoveryCalls=41 outerIterations=41
REACTIVE_STEP_TIMINGS time=9.9999999999999995e-07 cflSeconds=0.58439310799999999 backupSeconds=0.29394129799999996 transportSeconds=0.80442022700000004 recoverySeconds=2.005081841 sourceSeconds=0 conservationSeconds=0.017697544999999999 diagnosticsSeconds=0.028687325999999999 nestedBatchPackSeconds=0.10417636199999999 nestedBatchCallSeconds=1.1315734689999999 nestedBatchScatterSeconds=0 nestedScalarPropertySeconds=0.44140211500000004 otherSeconds=4.3591000000172547e-05
REACTIVE_GPU_HEM_STEP time=9.9999999999999995e-07 batches=8 submitted=32510 succeeded=32510 cpuFallbacks=0 deviceFailures=0 phaseEvaluations=29693850 residualEvaluations=49984911 analyticJacobians=0 finiteDifferenceJacobians=2276507 wallSeconds=0.73712136600000022 kernelSeconds=0.73536333781480856 copySeconds=0.0012326719891279994
REACTIVE_CHECKPOINT time=9.9999999999999995e-07 acceptedSteps=20 complete=1 schema=3
REACTIVE_PROFILE_V21 scope="prototype" jobElapsedSeconds=0 integrationFallbacks=0 chemical_rhsCalls=0 chemical_uvCalls=0 chemical_fixedStateCalls=0 chemical_jacobianCalls=0 chemical_structuredCalls=0 chemical_fallbackCalls=0 sparse_setups=0 sparse_products=0 sparse_preconditioners=0 sparse_preconditionerSolves=0 sparse_sparseIntegrations=0 sparse_denseIntegrations=0 sparse_denseFallbacks=0 sparse_nonzeros=0 timing_jvSetups=0 timing_preconditionerSetups=0 timing_jacobianCacheHits=0 timing_patternBuilds=0 timing_preconditionerReuses=0 timing_symbolicAnalyses=0 timing_numericFactorizations=0 timing_workspaceCreates=0 timing_workspaceReinitializations=0 timing_factorNonzeros=0 timing_thermoSeconds=0 timing_kineticsSeconds=0 timing_csrSeconds=0 timing_symbolicSeconds=0 timing_factorSeconds=0 timing_solveSeconds=0 realFluid_eosEvaluations=4096001 realFluid_referenceEvaluations=0 realFluid_derivativeEvaluations=0 realFluid_scalarAttempts=4096003 realFluid_scalarAccepted=4096001 realFluid_scalarFallbacks=2 realFluid_scalarIterations=0 realFluid_flashResiduals=3238 realFluid_tangentBuilds=0 realFluid_tangentSolves=0 realFluid_sourceJv=0 realFluid_sourceJvFallbacks=0 trhoStateEvaluations=4096003 densityRootChecks=4096003 fullPhaseEvaluations=16489286 energyCvEvaluations=4096003 selectedMuEvaluations=4097821 partialHEvaluations=0 scalarProbes=4096003 bracketRejects=0 branchFallbacks=2 flashCandidates=10 linearizationBuilds=0 linearizationApplies=0 FzFactorizations=0 sourceRhsCalls=0 sourceDirectionProbes=0 RzBuilds=0 JvFallbacks=0 nasaCoefficientVisits=8192004 nasaAggregateBuilds=4096003 nasaAggregateEvaluations=4096003 exactMixingEvaluations=4096003 branchCertificates=4096001 matrixFreeSetups=0 matrixFreeProducts=0 matrixFreeIntegrations=0 matrixFreeIntegrationFallbacks=0 woodburySetups=0 woodburyFactors=0 woodburySolves=0 woodburyFallbacks=0 diagnosticJvCalls=0 oneSidedProbes=0 derivativeRetries=0 sourceAttempts=0 sourceAccepted=0 sourceFailed=0
REACTIVE_PROFILE_V21 scope="worker_0" jobElapsedSeconds=0 integrationFallbacks=0 chemical_rhsCalls=0 chemical_uvCalls=0 chemical_fixedStateCalls=0 chemical_jacobianCalls=0 chemical_structuredCalls=0 chemical_fallbackCalls=0 sparse_setups=0 sparse_products=0 sparse_preconditioners=0 sparse_preconditionerSolves=0 sparse_sparseIntegrations=0 sparse_denseIntegrations=0 sparse_denseFallbacks=0 sparse_nonzeros=0 timing_jvSetups=0 timing_preconditionerSetups=0 timing_jacobianCacheHits=0 timing_patternBuilds=0 timing_preconditionerReuses=0 timing_symbolicAnalyses=0 timing_numericFactorizations=0 timing_workspaceCreates=0 timing_workspaceReinitializations=0 timing_factorNonzeros=0 timing_thermoSeconds=0 timing_kineticsSeconds=0 timing_csrSeconds=0 timing_symbolicSeconds=0 timing_factorSeconds=0 timing_solveSeconds=0 realFluid_eosEvaluations=0 realFluid_referenceEvaluations=0 realFluid_derivativeEvaluations=0 realFluid_scalarAttempts=0 realFluid_scalarAccepted=0 realFluid_scalarFallbacks=0 realFluid_scalarIterations=0 realFluid_flashResiduals=0 realFluid_tangentBuilds=0 realFluid_tangentSolves=0 realFluid_sourceJv=0 realFluid_sourceJvFallbacks=0 trhoStateEvaluations=0 densityRootChecks=0 fullPhaseEvaluations=0 energyCvEvaluations=0 selectedMuEvaluations=0 partialHEvaluations=0 scalarProbes=0 bracketRejects=0 branchFallbacks=0 flashCandidates=0 linearizationBuilds=0 linearizationApplies=0 FzFactorizations=0 sourceRhsCalls=0 sourceDirectionProbes=0 RzBuilds=0 JvFallbacks=0 nasaCoefficientVisits=0 nasaAggregateBuilds=0 nasaAggregateEvaluations=0 exactMixingEvaluations=0 branchCertificates=0 matrixFreeSetups=0 matrixFreeProducts=0 matrixFreeIntegrations=0 matrixFreeIntegrationFallbacks=0 woodburySetups=0 woodburyFactors=0 woodburySolves=0 woodburyFallbacks=0 diagnosticJvCalls=0 oneSidedProbes=0 derivativeRetries=0 sourceAttempts=0 sourceAccepted=0 sourceFailed=0
REACTIVE_PROFILE_V21 scope="workers" jobElapsedSeconds=0 integrationFallbacks=0 chemical_rhsCalls=0 chemical_uvCalls=0 chemical_fixedStateCalls=0 chemical_jacobianCalls=0 chemical_structuredCalls=0 chemical_fallbackCalls=0 sparse_setups=0 sparse_products=0 sparse_preconditioners=0 sparse_preconditionerSolves=0 sparse_sparseIntegrations=0 sparse_denseIntegrations=0 sparse_denseFallbacks=0 sparse_nonzeros=0 timing_jvSetups=0 timing_preconditionerSetups=0 timing_jacobianCacheHits=0 timing_patternBuilds=0 timing_preconditionerReuses=0 timing_symbolicAnalyses=0 timing_numericFactorizations=0 timing_workspaceCreates=0 timing_workspaceReinitializations=0 timing_factorNonzeros=0 timing_thermoSeconds=0 timing_kineticsSeconds=0 timing_csrSeconds=0 timing_symbolicSeconds=0 timing_factorSeconds=0 timing_solveSeconds=0 realFluid_eosEvaluations=0 realFluid_referenceEvaluations=0 realFluid_derivativeEvaluations=0 realFluid_scalarAttempts=0 realFluid_scalarAccepted=0 realFluid_scalarFallbacks=0 realFluid_scalarIterations=0 realFluid_flashResiduals=0 realFluid_tangentBuilds=0 realFluid_tangentSolves=0 realFluid_sourceJv=0 realFluid_sourceJvFallbacks=0 trhoStateEvaluations=0 densityRootChecks=0 fullPhaseEvaluations=0 energyCvEvaluations=0 selectedMuEvaluations=0 partialHEvaluations=0 scalarProbes=0 bracketRejects=0 branchFallbacks=0 flashCandidates=0 linearizationBuilds=0 linearizationApplies=0 FzFactorizations=0 sourceRhsCalls=0 sourceDirectionProbes=0 RzBuilds=0 JvFallbacks=0 nasaCoefficientVisits=0 nasaAggregateBuilds=0 nasaAggregateEvaluations=0 exactMixingEvaluations=0 branchCertificates=0 matrixFreeSetups=0 matrixFreeProducts=0 matrixFreeIntegrations=0 matrixFreeIntegrationFallbacks=0 woodburySetups=0 woodburyFactors=0 woodburySolves=0 woodburyFallbacks=0 diagnosticJvCalls=0 oneSidedProbes=0 derivativeRetries=0 sourceAttempts=0 sourceAccepted=0 sourceFailed=0
REACTIVE_CLOSURE_PROFILE eligibleCells=167936000 uniqueCells=401439 reusedCells=167534561 failedRepresentativeRetries=0 gpuSubmitted=0 gpuConverged=0 gpuApproved=0 gpuRejected=0 gpuUnsupported=0 gpuLaunches=0 gpuTransferBytes=0 hostBytes=25165824 liquidCacheHits=0 liquidCacheMisses=0 deviceBytes=0 classifySeconds=3.241169951999999 prepareSeconds=0 gpuWallSeconds=0 gpuKernelSeconds=0 gpuCopySeconds=0
REACTIVE_GPU_HEM batches=164 submitted=401439 succeeded=401439 cpuFallbacks=0 deviceFailures=0 phaseEvaluations=370371241 residualEvaluations=623696630 flashCandidates=2005775 stableCandidates=401439 transferBytes=171826388 analyticJacobians=0 finiteDifferenceJacobians=28396363 hostBytes=859879768 deviceBytes=524335528 wallSeconds=13.883218371000003 kernelSeconds=13.858664650708436 copySeconds=0.017633568029850725
REACTIVE_BATCH_V21 attempted=164 accepted=164 failed=0 batchWallSeconds=21.943974262999998 workerJobSecondsSum=0 workerJobSecondsMax=0 poolScratchBytes=1665186136 flowStagingBytes=226492416 workerOwnedBytesKnownLowerBound=58104 workerInternalBytesUnmeasured=1
REACTIVE_WORKER_TIME metric=thermoSeconds sum=0 max=0
REACTIVE_WORKER_TIME metric=kineticsSeconds sum=0 max=0
REACTIVE_WORKER_TIME metric=csrSeconds sum=0 max=0
REACTIVE_WORKER_TIME metric=symbolicSeconds sum=0 max=0
REACTIVE_WORKER_TIME metric=factorSeconds sum=0 max=0
REACTIVE_WORKER_TIME metric=solveSeconds sum=0 max=0
REACTIVE_PROFILE_V21 scope="combined" jobElapsedSeconds=0 integrationFallbacks=0 chemical_rhsCalls=0 chemical_uvCalls=0 chemical_fixedStateCalls=0 chemical_jacobianCalls=0 chemical_structuredCalls=0 chemical_fallbackCalls=0 sparse_setups=0 sparse_products=0 sparse_preconditioners=0 sparse_preconditionerSolves=0 sparse_sparseIntegrations=0 sparse_denseIntegrations=0 sparse_denseFallbacks=0 sparse_nonzeros=0 timing_jvSetups=0 timing_preconditionerSetups=0 timing_jacobianCacheHits=0 timing_patternBuilds=0 timing_preconditionerReuses=0 timing_symbolicAnalyses=0 timing_numericFactorizations=0 timing_workspaceCreates=0 timing_workspaceReinitializations=0 timing_factorNonzeros=0 timing_thermoSeconds=0 timing_kineticsSeconds=0 timing_csrSeconds=0 timing_symbolicSeconds=0 timing_factorSeconds=0 timing_solveSeconds=0 realFluid_eosEvaluations=4096001 realFluid_referenceEvaluations=0 realFluid_derivativeEvaluations=0 realFluid_scalarAttempts=4096003 realFluid_scalarAccepted=4096001 realFluid_scalarFallbacks=2 realFluid_scalarIterations=0 realFluid_flashResiduals=3238 realFluid_tangentBuilds=0 realFluid_tangentSolves=0 realFluid_sourceJv=0 realFluid_sourceJvFallbacks=0 trhoStateEvaluations=4096003 densityRootChecks=4096003 fullPhaseEvaluations=16489286 energyCvEvaluations=4096003 selectedMuEvaluations=4097821 partialHEvaluations=0 scalarProbes=4096003 bracketRejects=0 branchFallbacks=2 flashCandidates=10 linearizationBuilds=0 linearizationApplies=0 FzFactorizations=0 sourceRhsCalls=0 sourceDirectionProbes=0 RzBuilds=0 JvFallbacks=0 nasaCoefficientVisits=8192004 nasaAggregateBuilds=4096003 nasaAggregateEvaluations=4096003 exactMixingEvaluations=4096003 branchCertificates=4096001 matrixFreeSetups=0 matrixFreeProducts=0 matrixFreeIntegrations=0 matrixFreeIntegrationFallbacks=0 woodburySetups=0 woodburyFactors=0 woodburySolves=0 woodburyFallbacks=0 diagnosticJvCalls=0 oneSidedProbes=0 derivativeRetries=0 sourceAttempts=0 sourceAccepted=0 sourceFailed=0
REACTIVE_CHEMISTRY scope=combined rhsCalls=0 uvCalls=0 fixedStateCalls=0 structuredCalls=0 fallbackCalls=0 integrationFallbacks=0
REACTIVE_SPARSE scope=combined nnzMeaning=last_snapshot_sum setups=0 products=0 nonzeros=0 sparseIntegrations=0 denseIntegrations=0 denseFallbacks=0
REACTIVE_CHEMICAL_PROFILE scope=combined factorNnzMeaning=last_snapshot_sum jvSetups=0 preconditionerSetups=0 jacobianCacheHits=0 preconditionerReuses=0 patternBuilds=0 symbolicAnalyses=0 numericFactorizations=0 factorNonzeros=0 workspaceCreates=0 workspaceReinitializations=0 thermoSeconds=0 kineticsSeconds=0 csrSeconds=0 symbolicSeconds=0 factorSeconds=0 solveSeconds=0
REACTIVE_REAL_FLUID scope=combined eosEvaluations=4096001 scalarAttempts=4096003 scalarAccepted=4096001 scalarFallbacks=2 scalarIterations=0
REACTIVE_BATCH workers=1 capacity=1048576 scratchBytes=1665186136 batches=164 cells=167936000 failures=0 scope=bounded_scratch_excludes_Cantera_CVODE_worker_allocations
REACTIVE_TRANSPORT_V21 layoutTiles=22576 layoutLaunches=22576 memcpyCalls=24254 payloadBytes=129195497496 nasaValidationEvaluations=0 nasaFaceEvaluations=0 detailedGasCounters=0 temperatureBasisBuilds=0 temperatureBasisBytes=0 pinnedBytes=1048536 deviceStagingBytes=1048536 slotCells=14563 slots=1 blockThreads=256 eventWaits=22576 failedCalls=0 stageBarrier=full closureDownloadsPerRK=2 overlapValidated=0
REACTIVE_MEMORY liveBytes=5881223312 peakBytes=5881223312 bridgeBytes=1048536 conservedWorkspaceBytes=604592640 gasWorkspaceBytes=0 rhsWorkspaceBytes=0 d2dBytes=7384320 synchronizations=660
REACTIVE_CAPILLARY_PROFILE enabled=1 geometryBuilds=146 geometryKernels=292 faceFluxBuilds=494592000 workspaceBytes=328500484 closureIterations=41
REACTIVE_WALE gradientBuilds=83 viscosityBuilds=83 cellsEvaluated=339968000 workspaceBytes=32768004
REACTIVE_WALE_SCALARS fieldUploads=0 fieldUploadBytes=0 workspaceBytes=167942400 hostEnthalpyCells=0 hostPropertySeconds=0 propertyStageSeconds=9.1393408879999978 fluxBackend=cuda
REACTIVE_WALE_PR backend=device-pr builds=83 cells=339968000 kernels=166 failures=0 inputUploadBytes=65081398512 scratchBytes=1015855456 wallSeconds=5.3242743160000021
REACTIVE_TRANSPORT allocatedBytes=5881223312 uploadedBytes=107725068076 downloadedBytes=21463045100 kernelLaunches=23600 stages=40 stepQueries=40
REACTIVE_TRANSFER conservedUploads=40 conservedUploadBytes=11796480000 conservedDownloadBytes=11796480000 stateUploadBytes=19038208000 primitiveUploadBytes=5636096000 gasUploadBytes=0 boundaryPartitions=256
REACTIVE_DEVICE_PROPERTIES builds=0 cells=0 partitionUploadBytes=0 thermoTableBytes=0 gasStatusChecks=0 cflFaceLaunches=40 transportFaceLaunches=40 faceWorkspaceBytes=1780531200
End
