/*---------------------------------------------------------------------------*\
| =========                 |                                                 |
| \\      /  F ield         | OpenFOAM: The Open Source CFD Toolbox           |
|  \\    /   O peration     | Version:  2512                                  |
|   \\  /    A nd           | Website:  www.openfoam.com                      |
|    \\/     M anipulation  |                                                 |
\*---------------------------------------------------------------------------*/
Build  : 5916a466-20260728 OPENFOAM=2512 version=v2512
Arch   : "LSB;label=32;scalar=64"
Exec   : /home/jsw/문서/analysis/spuma-multiphysics-spray-physics/bin/ReactiveFoam -case /home/jsw/문서/analysis/runs/hem_utilization_optimization_20260924/full-optimized-1atm
Date   : Sep 24 2026
Time   : 01:33:33
Host   : jsw-ubuntu
PID    : 54403
I/O    : uncollated
Case   : /home/jsw/문서/analysis/runs/hem_utilization_optimization_20260924/full-optimized-1atm
nProcs : 1
memory pool : not available
fileModificationChecking : Monitoring run-time modified files using timeStampMaster (fileModificationSkew 5, maxFileModificationPolls 20)
allowSystemOperations : Allowing user-supplied system call operations

// * * * * * * * * * * * * * * * * * * * * * * * * * * * * * * * * * * * * * //
Initializing CUDA devices

CUDA Driver Version / Runtime Version:  13.2 / 13.2
Number of threads per block: 128

Create dummyMemoryPool
 
Create time

Create mesh for time = 0

REACTIVE_RECOVERY mode=reference baseline=reference_candidate_search fallback=none
REACTIVE_CLOSURE_ACCELERATION exactBatchReuse=1 scalarBackend=cpu fullBackend=cuda deviceFullClosure=1 closureJacobian=finiteDifference requestedClosureJacobian=finiteDifference
REACTIVE_RUNTIME runId="54403-6880818904058" solverSha256="e81fbb426117ef566d61ad9b6286abbf398c1c8629c7e0e887abcf325a21cc71" manifest={"schema":1,"backendPath":"/home/jsw/문서/analysis/spuma-multiphysics-spray-physics/lib/libpintleReactiveBackend.so","backendSha256":"17a97196ee500e693a6b865336713f00e13ab15c2a58701ef68cf24a52b591c9","thermoConfiguration":"/home/jsw/문서/analysis/runs/impinging_n2o_cube80_z40_counters_1us_20260923/n160/base/thermo/cold-pr-config.yaml","physicalModelHash":"e8a14864dd2082dde742598dbbcc5f0f2454bc521d93b9a3bd0befc47d4c9c4e","numericalPolicyHash":"323d5cf20ad21261b796f10c78a16a2e3ccace6d90e106f68a0692fb71b76af3","modelFingerprint":"86843f73688e246995634977344ab1b56b1c0d5b17fb5620310e34555e990f4f","eos":"Peng-Robinson","closureBackend":"cuda","chemistryBackend":"cpu","deviceFullClosure":true,"deviceChemistryIntegration":false,"closureCpuFallback":false,"closureJacobian":"finiteDifference","solidN2O":false,"enforceSpeciesTemperatureBounds":true,"exactBatchReuse":true,"deviceCaloricCandidates":false,"deviceCaloricScope":"no-condensable-inventory; NASA/PR-alpha single interval; host branch/residual/stability approval","hemLibrary":"/home/jsw/문서/analysis/spuma-multiphysics-spray-physics/lib/libpintleReactiveTransport.so","hemLibrarySha256":"07434f8a9624d00bce8c9694ecaa997da227b6acb0cc4c1878d294ebfcf8e15f","hemNumericalPolicy":"legacy-fp64-separate-rn","deviceHemScope":"PR; nonreacting HEM; all reference candidates and boundary fallback; experimental"}
REACTIVE_TURBULENCE model=WALE-stress-v1 backend=cuda Cw=0.32500000000000001 filter=cubeRootVolume stressWork=1 sgsHeatFlux=1 sgsSpeciesMixing=1 Prt=0.84999999999999998 Sct=0.69999999999999996 scalarPropertyBackend=device-pr scalarFluxBackend=cuda sgsK=none TCI=0
REACTIVE_PHYSICS chemistry=0 combustion=0 phaseChange=equilibrium viscosity=1 heatConduction=1 speciesDiffusion=0 turbulence=WALE-stress-v1 turbulentHeatFlux=1 turbulentSpeciesMixing=1 surfaceTension=1 interfaceModel=diffuse-liquid-inventory-v1 totalEnergy=1 thermodynamicRecovery=1 frozenLiquidFields=0 transportedLiquidFields=1
REACTIVE_CAPILLARY sigma=0.0020577273399028486 geometryBackend=cuda tractionBackend=cuda closureBackend=cuda pressureModel=curved-phase-split surfaceEnergyInTotal=1 capillaryCfl=0.25 geometryScheme=Gauss-diffuse noPLIC=1
REACTIVE_PHYSICAL_MODEL hash=e8a14864dd2082dde742598dbbcc5f0f2454bc521d93b9a3bd0befc47d4c9c4e numericalPolicyHash=323d5cf20ad21261b796f10c78a16a2e3ccace6d90e106f68a0692fb71b76af3 eos=Peng-Robinson realEOS=1 phaseEquilibrium=1 nonidealDiffusion=0 deviceClosure=1 deviceKinetics=0 mixtureLiquid=0
REACTIVE_BACKENDS transport=cuda thermodynamics=cuda chemistry=cpu chemicalLinearSolver=dense transportGasProperties=disabled
REACTIVE_MODEL cells=4096000 species=4 reactions=0 liquids=1 estimatedHostBytes=14223651840 chemistry=0
REACTIVE_SPECIES index=0 name=N2
REACTIVE_SPECIES index=1 name=O2
REACTIVE_SPECIES index=2 name=N2O
REACTIVE_SPECIES index=3 name=IC3H7OH
REACTIVE_CHECKPOINT time=0 acceptedSteps=0 complete=1 schema=3
REACTIVE_ATTEMPT_PROFILE attempt=2 accepted=0 retry=0 sourceCalls=0 fullPhaseEvaluations=0 scalarProbes=0 rootChecks=0 matrixFreeProducts=0 factorBuilds=0 workerJobElapsedSeconds=0
REACTIVE_RETRY dt=5.174920411489206e-08 reason=RK stage wave/diffusion CFL requires a smaller step
REACTIVE_ATTEMPT_PROFILE attempt=3 accepted=1 retry=1 sourceCalls=0 fullPhaseEvaluations=0 scalarProbes=0 rootChecks=0 matrixFreeProducts=0 factorBuilds=0 workerJobElapsedSeconds=0
REACTIVE_STEP time=2.587460205744603e-08 dt=2.587460205744603e-08 retries=1 massResidual=8.1676656472190433e-15 energyResidual=-9.4803182127318394e-14 momentumResidual=7.1400678334735746e-21 globalElementResidual=5.7959379449959788e-15 frozenLiquidResidual=0 speciesResidual=5.6279008978068535e-15 elementDrift=0 minP=85199.709575813482 maxP=101324.99999999994 minT=181.23505199354437 maxT=293.14999999999998 maxMach=0.026559808193346517 minAlphaGas=0.99999999999999956 maxAlphaGas=1.0000000000000002 maxVolumeResidual=4.4408920985006262e-16 maxUVResidual=3.2781590060134588e-10 maxMuResidual=0 maxMechanicalResidual=0 seconds=5.2622297050000002
REACTIVE_CAPILLARY_STEP time=2.587460205744603e-08 area=3.9999999999999949e-05 surfaceEnergy=8.2309093596113842e-08 liquidMass=0 closureResidual=0 recoveryCalls=4 outerIterations=5
REACTIVE_STEP_TIMINGS time=2.587460205744603e-08 cflSeconds=0.84423988199999989 backupSeconds=0.30818100599999998 transportSeconds=1.2418800109999999 recoverySeconds=2.767184775 sourceSeconds=0 conservationSeconds=0.020005676 diagnosticsSeconds=0.030110604999999999 nestedBatchPackSeconds=0.20527030400000001 nestedBatchCallSeconds=1.2690746209999999 nestedBatchScatterSeconds=0 nestedScalarPropertySeconds=0.63320387600000005 otherSeconds=0.050627750000000069
REACTIVE_GPU_HEM_STEP time=2.587460205744603e-08 batches=16 submitted=798 succeeded=798 cpuFallbacks=0 deviceFailures=0 phaseEvaluations=253515 residualEvaluations=116498 analyticJacobians=0 finiteDifferenceJacobians=15826 wallSeconds=0.45903867399999998 kernelSeconds=0.45837531298398965 copySeconds=0.00051545599289238447
REACTIVE_CHECKPOINT time=2.587460205744603e-08 acceptedSteps=1 complete=1 schema=3
REACTIVE_ATTEMPT_PROFILE attempt=4 accepted=1 retry=0 sourceCalls=0 fullPhaseEvaluations=0 scalarProbes=0 rootChecks=0 matrixFreeProducts=0 factorBuilds=0 workerJobElapsedSeconds=0
REACTIVE_STEP time=6.0870616421544342e-08 dt=3.4996014364098319e-08 retries=0 massResidual=1.9602614455074715e-14 energyResidual=-2.1520925724476668e-13 momentumResidual=1.9541238281085571e-20 globalElementResidual=1.7595946502641665e-14 frozenLiquidResidual=0 speciesResidual=1.7085667762927245e-14 elementDrift=0 minP=96748.977139084323 maxP=101324.99999999994 minT=169.46979358549123 maxT=293.14999999999998 maxMach=0.051898015908067606 minAlphaGas=0.99973143263203756 maxAlphaGas=1.0000000000000002 maxVolumeResidual=8.8385387897460532e-10 maxUVResidual=4.5202203514809906e-10 maxMuResidual=8.4267632871615206e-09 maxMechanicalResidual=0 seconds=4.1605266990000001
REACTIVE_CAPILLARY_STEP time=6.0870616421544342e-08 area=4.0002257538352102e-05 surfaceEnergy=8.2313738994501947e-08 liquidMass=7.0523976653540846e-09 closureResidual=1.3495142937164362e-11 recoveryCalls=6 outerIterations=9
REACTIVE_STEP_TIMINGS time=6.0870616421544342e-08 cflSeconds=0.563573302 backupSeconds=0.30782954999999995 transportSeconds=0.79057604400000003 recoverySeconds=2.4511288599999999 sourceSeconds=0 conservationSeconds=0.017474503999999998 diagnosticsSeconds=0.029896063 nestedBatchPackSeconds=0.20386038100000003 nestedBatchCallSeconds=1.1314944170000001 nestedBatchScatterSeconds=0 nestedScalarPropertySeconds=0.41967470400000001 otherSeconds=4.8376000000269898e-05
REACTIVE_GPU_HEM_STEP time=6.0870616421544342e-08 batches=16 submitted=3139 succeeded=3139 cpuFallbacks=0 deviceFailures=0 phaseEvaluations=292960 residualEvaluations=126378 analyticJacobians=0 finiteDifferenceJacobians=16055 wallSeconds=0.32303204699999988 kernelSeconds=0.32225014084577563 copySeconds=0.00061241599731147271
REACTIVE_ATTEMPT_PROFILE attempt=5 accepted=1 retry=0 sourceCalls=0 fullPhaseEvaluations=0 scalarProbes=0 rootChecks=0 matrixFreeProducts=0 factorBuilds=0 workerJobElapsedSeconds=0
REACTIVE_STEP time=9.7746432812682147e-08 dt=3.6875816391137812e-08 retries=0 massResidual=3.5240068557985379e-14 energyResidual=-3.4423398825819814e-13 momentumResidual=4.4343579176309567e-20 globalElementResidual=3.0124871926247313e-14 frozenLiquidResidual=0 speciesResidual=2.9251246187241511e-14 elementDrift=0 minP=101121.8295314412 maxP=117306.17270247755 minT=174.97321079133155 maxT=293.14999999999998 maxMach=0.066216998185960468 minAlphaGas=0.99938410112757325 maxAlphaGas=1.0000000000000004 maxVolumeResidual=1.0400702521451421e-10 maxUVResidual=2.9728619797602412e-11 maxMuResidual=5.0162185516455793e-10 maxMechanicalResidual=0 seconds=4.2600232780000002
REACTIVE_CAPILLARY_STEP time=9.7746432812682147e-08 area=4.0005248601233723e-05 surfaceEnergy=8.2319893786368826e-08 liquidMass=1.606395379844939e-08 closureResidual=1.5619862174520716e-12 recoveryCalls=8 outerIterations=13
REACTIVE_STEP_TIMINGS time=9.7746432812682147e-08 cflSeconds=0.57923276499999998 backupSeconds=0.31081628700000002 transportSeconds=0.80422280699999993 recoverySeconds=2.517021696 sourceSeconds=0 conservationSeconds=0.018324500000000001 diagnosticsSeconds=0.030360730999999998 nestedBatchPackSeconds=0.21410819700000003 nestedBatchCallSeconds=1.1626101059999998 nestedBatchScatterSeconds=0 nestedScalarPropertySeconds=0.43053666499999999 otherSeconds=4.4492000000114634e-05
REACTIVE_GPU_HEM_STEP time=9.7746432812682147e-08 batches=16 submitted=7106 succeeded=7106 cpuFallbacks=0 deviceFailures=0 phaseEvaluations=380542 residualEvaluations=169993 analyticJacobians=0 finiteDifferenceJacobians=19272 wallSeconds=0.33854017099999989 kernelSeconds=0.33755378794670088 copySeconds=0.00075785601139068581
REACTIVE_ATTEMPT_PROFILE attempt=6 accepted=1 retry=0 sourceCalls=0 fullPhaseEvaluations=0 scalarProbes=0 rootChecks=0 matrixFreeProducts=0 factorBuilds=0 workerJobElapsedSeconds=0
REACTIVE_STEP time=1.3707234225116962e-07 dt=3.9325909438487468e-08 retries=0 massResidual=4.080705282802001e-14 energyResidual=-4.8984036319409972e-13 momentumResidual=5.261102614138423e-20 globalElementResidual=3.4117190854021698e-14 frozenLiquidResidual=0 speciesResidual=3.3127853512303496e-14 elementDrift=0 minP=101192.1941802385 maxP=137575.10532248046 minT=179.52949715761812 maxT=293.15156382068494 maxMach=0.077290532257268896 minAlphaGas=0.99900824514376574 maxAlphaGas=1.0000000000000004 maxVolumeResidual=1.92696747447485e-10 maxUVResidual=5.3034493916099922e-10 maxMuResidual=2.2881607719682506e-10 maxMechanicalResidual=0 seconds=4.1835354039999997
REACTIVE_CAPILLARY_STEP time=1.3707234225116962e-07 area=4.0008505264844125e-05 surfaceEnergy=8.2326595112116808e-08 liquidMass=2.5675126430888354e-08 closureResidual=1.6158782211589395e-12 recoveryCalls=10 outerIterations=17
REACTIVE_STEP_TIMINGS time=1.3707234225116962e-07 cflSeconds=0.56402450400000004 backupSeconds=0.30740531300000001 transportSeconds=0.79420989799999997 recoverySeconds=2.4692300190000003 sourceSeconds=0 conservationSeconds=0.018541483000000001 diagnosticsSeconds=0.030080445000000001 nestedBatchPackSeconds=0.20424245200000002 nestedBatchCallSeconds=1.149133559 nestedBatchScatterSeconds=0 nestedScalarPropertySeconds=0.42038691100000003 otherSeconds=4.3741999999659387e-05
REACTIVE_GPU_HEM_STEP time=1.3707234225116962e-07 batches=16 submitted=12414 succeeded=12414 cpuFallbacks=0 deviceFailures=0 phaseEvaluations=413375 residualEvaluations=193120 analyticJacobians=0 finiteDifferenceJacobians=18824 wallSeconds=0.33641451200000039 kernelSeconds=0.33521648645400992 copySeconds=0.00091481598839163744
REACTIVE_ATTEMPT_PROFILE attempt=7 accepted=1 retry=0 sourceCalls=0 fullPhaseEvaluations=0 scalarProbes=0 rootChecks=0 matrixFreeProducts=0 factorBuilds=0 workerJobElapsedSeconds=0
REACTIVE_STEP time=1.7766927638785405e-07 dt=4.0596934136684431e-08 retries=0 massResidual=4.2775240577270987e-14 energyResidual=-6.3440372255255274e-13 momentumResidual=7.4156493989760629e-20 globalElementResidual=3.7817680305017863e-14 frozenLiquidResidual=0 speciesResidual=3.6721443726413363e-14 elementDrift=0 minP=101212.8856192876 maxP=157958.97346662302 minT=183.37583920176473 maxT=293.1596103157587 maxMach=0.086395836910804311 minAlphaGas=0.99861611536370321 maxAlphaGas=1.0000000000000002 maxVolumeResidual=7.6593509312772312e-11 maxUVResidual=9.9584849777594787e-10 maxMuResidual=2.0278889678593259e-10 maxMechanicalResidual=0 seconds=4.1772854690000001
REACTIVE_CAPILLARY_STEP time=1.7766927638785405e-07 area=4.0011912032997979e-05 surfaceEnergy=8.2333605312087712e-08 liquidMass=3.5571523868627218e-08 closureResidual=1.0914227421138234e-12 recoveryCalls=12 outerIterations=21
REACTIVE_STEP_TIMINGS time=1.7766927638785405e-07 cflSeconds=0.56271053799999993 backupSeconds=0.30753221600000002 transportSeconds=0.79485143600000008 recoverySeconds=2.4622314650000003 sourceSeconds=0 conservationSeconds=0.019884331000000002 diagnosticsSeconds=0.030030352999999999 nestedBatchPackSeconds=0.20406165500000001 nestedBatchCallSeconds=1.1411336429999999 nestedBatchScatterSeconds=0 nestedScalarPropertySeconds=0.41962280299999999 otherSeconds=4.5129999999268811e-05
REACTIVE_GPU_HEM_STEP time=1.7766927638785405e-07 batches=16 submitted=18701 succeeded=18701 cpuFallbacks=0 deviceFailures=0 phaseEvaluations=455088 residualEvaluations=223181 analyticJacobians=0 finiteDifferenceJacobians=18582 wallSeconds=0.32762936099999984 kernelSeconds=0.32616979107260669 copySeconds=0.0010950400102883572
REACTIVE_ATTEMPT_PROFILE attempt=8 accepted=1 retry=0 sourceCalls=0 fullPhaseEvaluations=0 scalarProbes=0 rootChecks=0 matrixFreeProducts=0 factorBuilds=0 workerJobElapsedSeconds=0
REACTIVE_STEP time=2.1891001786893764e-07 dt=4.1240741481083597e-08 retries=0 massResidual=5.7849412642695007e-14 energyResidual=-7.7794597462957549e-13 momentumResidual=8.9188215744441839e-20 globalElementResidual=4.5233259578735352e-14 frozenLiquidResidual=0 speciesResidual=4.3921334181478755e-14 elementDrift=0 minP=101127.73338932413 maxP=178288.1777848817 minT=186.68557751738908 maxT=293.17317853754662 maxMach=0.094464711480014896 minAlphaGas=0.99821417163980164 maxAlphaGas=1.0000000000000002 maxVolumeResidual=1.0196732347367288e-10 maxUVResidual=6.1252071147446705e-10 maxMuResidual=4.4769521423404512e-10 maxMechanicalResidual=0 seconds=4.1852288419999999
REACTIVE_CAPILLARY_STEP time=2.1891001786893764e-07 area=4.0015398988238799e-05 surfaceEnergy=8.234078051521976e-08 liquidMass=4.5587616411837201e-08 closureResidual=1.5222241869783382e-12 recoveryCalls=14 outerIterations=25
REACTIVE_STEP_TIMINGS time=2.1891001786893764e-07 cflSeconds=0.56353180300000005 backupSeconds=0.30769871900000001 transportSeconds=0.80359753600000006 recoverySeconds=2.4625530480000002 sourceSeconds=0 conservationSeconds=0.017464041999999999 diagnosticsSeconds=0.030335445999999999 nestedBatchPackSeconds=0.20568683900000004 nestedBatchCallSeconds=1.1391701989999998 nestedBatchScatterSeconds=0 nestedScalarPropertySeconds=0.419665065 otherSeconds=4.8247999999587871e-05
REACTIVE_GPU_HEM_STEP time=2.1891001786893764e-07 batches=16 submitted=25846 succeeded=25846 cpuFallbacks=0 deviceFailures=0 phaseEvaluations=508736 residualEvaluations=259637 analyticJacobians=0 finiteDifferenceJacobians=18641 wallSeconds=0.32254372599999948 kernelSeconds=0.32069756802916483 copySeconds=0.0013652799818664784
REACTIVE_ATTEMPT_PROFILE attempt=9 accepted=1 retry=0 sourceCalls=0 fullPhaseEvaluations=0 scalarProbes=0 rootChecks=0 matrixFreeProducts=0 factorBuilds=0 workerJobElapsedSeconds=0
REACTIVE_STEP time=2.6061142944971091e-07 dt=4.1701411580773268e-08 retries=0 massResidual=5.3797895626071407e-14 energyResidual=-9.2726388594144355e-13 momentumResidual=1.2025377403744966e-19 globalElementResidual=4.7718262479823902e-14 frozenLiquidResidual=0 speciesResidual=4.6334480105394825e-14 elementDrift=0 minP=100910.26219977681 maxP=198615.44470370142 minT=189.59207564023302 maxT=293.19216057726652 maxMach=0.10183091722953293 minAlphaGas=0.99780493695887063 maxAlphaGas=1.0000000000000004 maxVolumeResidual=7.8627238053741166e-10 maxUVResidual=9.3221248269598605e-10 maxMuResidual=2.1311770126430929e-09 maxMechanicalResidual=0 seconds=4.4352673830000002
REACTIVE_CAPILLARY_STEP time=2.6061142944971091e-07 area=4.0018932064696002e-05 surfaceEnergy=8.2348050623239709e-08 liquidMass=5.5659289967825932e-08 closureResidual=1.5703757738627644e-12 recoveryCalls=16 outerIterations=29
REACTIVE_STEP_TIMINGS time=2.6061142944971091e-07 cflSeconds=0.56147719299999999 backupSeconds=0.30745156899999998 transportSeconds=0.79451756000000007 recoverySeconds=2.7216211130000003 sourceSeconds=0 conservationSeconds=0.020167956000000001 diagnosticsSeconds=0.029988504999999999 nestedBatchPackSeconds=0.20436732500000002 nestedBatchCallSeconds=1.40945535 nestedBatchScatterSeconds=0 nestedScalarPropertySeconds=0.42211169100000001 otherSeconds=4.3486999999939324e-05
REACTIVE_GPU_HEM_STEP time=2.6061142944971091e-07 batches=16 submitted=33219 succeeded=33219 cpuFallbacks=0 deviceFailures=0 phaseEvaluations=821801 residualEvaluations=560171 analyticJacobians=0 finiteDifferenceJacobians=30330 wallSeconds=0.59410958200000064 kernelSeconds=0.59194545799493792 copySeconds=0.0015985920187085844
REACTIVE_ATTEMPT_PROFILE attempt=10 accepted=1 retry=0 sourceCalls=0 fullPhaseEvaluations=0 scalarProbes=0 rootChecks=0 matrixFreeProducts=0 factorBuilds=0 workerJobElapsedSeconds=0
REACTIVE_STEP time=3.0289977683412086e-07 dt=4.2288347384409964e-08 retries=0 massResidual=5.6701728518213986e-14 energyResidual=-1.0773036417283063e-12 momentumResidual=6.3133231369661074e-20 globalElementResidual=4.6191605058133582e-14 frozenLiquidResidual=0 speciesResidual=4.4851792622067379e-14 elementDrift=0 minP=100550.21662364597 maxP=219705.89170995768 minT=192.13765233731547 maxT=293.21608010161822 maxMach=0.10879548709473326 minAlphaGas=0.99738786922076239 maxAlphaGas=1.0000000000000004 maxVolumeResidual=8.64371907383088e-10 maxUVResidual=9.9128821600929415e-10 maxMuResidual=5.5040771940184641e-10 maxMechanicalResidual=0 seconds=4.7565274520000003
REACTIVE_CAPILLARY_STEP time=3.0289977683412086e-07 area=4.0022507469415459e-05 surfaceEnergy=8.2355407831282164e-08 liquidMass=6.580035912946029e-08 closureResidual=1.5276499683303246e-12 recoveryCalls=18 outerIterations=33
REACTIVE_STEP_TIMINGS time=3.0289977683412086e-07 cflSeconds=0.56761358900000003 backupSeconds=0.306730165 transportSeconds=0.79445005699999993 recoverySeconds=3.0376705729999998 sourceSeconds=0 conservationSeconds=0.019919345000000001 diagnosticsSeconds=0.030099260999999999 nestedBatchPackSeconds=0.20646387600000002 nestedBatchCallSeconds=1.7190061110000001 nestedBatchScatterSeconds=0 nestedScalarPropertySeconds=0.42066345300000002 otherSeconds=4.4462000000043689e-05
REACTIVE_GPU_HEM_STEP time=3.0289977683412086e-07 batches=16 submitted=39586 succeeded=39586 cpuFallbacks=0 deviceFailures=0 phaseEvaluations=1691908 residualEvaluations=1520542 analyticJacobians=0 finiteDifferenceJacobians=72409 wallSeconds=0.90521977500000039 kernelSeconds=0.90283027189969989 copySeconds=0.0017401599790900927
REACTIVE_ATTEMPT_PROFILE attempt=11 accepted=1 retry=0 sourceCalls=0 fullPhaseEvaluations=0 scalarProbes=0 rootChecks=0 matrixFreeProducts=0 factorBuilds=0 workerJobElapsedSeconds=0
REACTIVE_STEP time=3.4601184049171577e-07 dt=4.3112063657594888e-08 retries=0 massResidual=6.1677121618613087e-14 energyResidual=-1.2299624552536046e-12 momentumResidual=1.5432567668139375e-19 globalElementResidual=5.0716645195967137e-14 frozenLiquidResidual=0 speciesResidual=4.9246186886934135e-14 elementDrift=0 minP=100044.64126794859 maxP=241023.10620205183 minT=194.44200183986328 maxT=293.24414985204885 maxMach=0.11555824623514115 minAlphaGas=0.99696138650329724 maxAlphaGas=1.0000000000000004 maxVolumeResidual=8.2134299361769081e-13 maxUVResidual=8.5729001147897235e-10 maxMuResidual=1.8118839761882555e-13 maxMechanicalResidual=0 seconds=4.870662823
REACTIVE_CAPILLARY_STEP time=3.4601184049171577e-07 area=4.0026134188169032e-05 surfaceEnergy=8.2362870629615524e-08 liquidMass=7.6050828171451428e-08 closureResidual=1.6576614213226204e-12 recoveryCalls=20 outerIterations=37
REACTIVE_STEP_TIMINGS time=3.4601184049171577e-07 cflSeconds=0.56247412500000005 backupSeconds=0.30704966299999997 transportSeconds=0.79879453700000003 recoverySeconds=3.151836114 sourceSeconds=0 conservationSeconds=0.018013832 diagnosticsSeconds=0.032450060000000003 nestedBatchPackSeconds=0.20543434400000002 nestedBatchCallSeconds=1.8372678870000003 nestedBatchScatterSeconds=0 nestedScalarPropertySeconds=0.42051824799999998 otherSeconds=4.449200000045811e-05
REACTIVE_GPU_HEM_STEP time=3.4601184049171577e-07 batches=16 submitted=44726 succeeded=44726 cpuFallbacks=0 deviceFailures=0 phaseEvaluations=2086596 residualEvaluations=1945901 analyticJacobians=0 finiteDifferenceJacobians=91168 wallSeconds=1.0219781089999991 kernelSeconds=1.019341474711895 copySeconds=0.001894975993782284
REACTIVE_ATTEMPT_PROFILE attempt=12 accepted=1 retry=0 sourceCalls=0 fullPhaseEvaluations=0 scalarProbes=0 rootChecks=0 matrixFreeProducts=0 factorBuilds=0 workerJobElapsedSeconds=0
REACTIVE_STEP time=3.9021353744369361e-07 dt=4.4201696951977825e-08 retries=0 massResidual=6.5481797141604294e-14 energyResidual=-1.3760551040176236e-12 momentumResidual=2.3449485937302685e-19 globalElementResidual=5.2726318720187048e-14 frozenLiquidResidual=0 speciesResidual=5.1197033476394757e-14 elementDrift=0 minP=99392.595668215028 maxP=262679.86106616573 minT=196.57464666014735 maxT=293.275583518899 maxMach=0.12225448949939972 minAlphaGas=0.99652366132161618 maxAlphaGas=1.0000000000000004 maxVolumeResidual=2.3527846337856317e-12 maxUVResidual=9.9979893329583207e-10 maxMuResidual=3.5882408155885059e-13 maxMechanicalResidual=0 seconds=4.7985339270000003
REACTIVE_CAPILLARY_STEP time=3.9021353744369361e-07 area=4.0029826264194345e-05 surfaceEnergy=8.2370467915393816e-08 liquidMass=8.6456464393734642e-08 closureResidual=1.7825875324450902e-12 recoveryCalls=22 outerIterations=41
REACTIVE_STEP_TIMINGS time=3.9021353744369361e-07 cflSeconds=0.56699149599999998 backupSeconds=0.30732127300000001 transportSeconds=0.794492317 recoverySeconds=3.0804982220000001 sourceSeconds=0 conservationSeconds=0.018637384 diagnosticsSeconds=0.030526095999999999 nestedBatchPackSeconds=0.20625965100000002 nestedBatchCallSeconds=1.7594962889999999 nestedBatchScatterSeconds=0 nestedScalarPropertySeconds=0.42217139700000006 otherSeconds=6.7139000000254051e-05
REACTIVE_GPU_HEM_STEP time=3.9021353744369361e-07 batches=16 submitted=48645 succeeded=48645 cpuFallbacks=0 deviceFailures=0 phaseEvaluations=1917483 residualEvaluations=1965517 analyticJacobians=0 finiteDifferenceJacobians=93227 wallSeconds=0.94686608499999902 kernelSeconds=0.94407661589980041 copySeconds=0.0019999999757856109
REACTIVE_ATTEMPT_PROFILE attempt=13 accepted=1 retry=0 sourceCalls=0 fullPhaseEvaluations=0 scalarProbes=0 rootChecks=0 matrixFreeProducts=0 factorBuilds=0 workerJobElapsedSeconds=0
REACTIVE_STEP time=4.3575588349685701e-07 dt=4.5542346053163404e-08 retries=0 massResidual=7.3384984723615505e-14 energyResidual=-1.5443605063569819e-12 momentumResidual=1.8839757932533781e-19 globalElementResidual=6.0289396788215373e-14 frozenLiquidResidual=0 speciesResidual=5.8542818817662526e-14 elementDrift=0 minP=98591.501345508528 maxP=284779.41828095971 minT=198.56955695703854 maxT=293.31023884037006 maxMach=0.12897423766459096 minAlphaGas=0.99607308607731493 maxAlphaGas=1.0000000000000004 maxVolumeResidual=4.2286174561922962e-12 maxUVResidual=9.740131385817686e-10 maxMuResidual=3.5882408155885059e-13 maxMechanicalResidual=0 seconds=4.6281007900000004
REACTIVE_CAPILLARY_STEP time=4.3575588349685701e-07 area=4.003359796569561e-05 surfaceEnergy=8.2378229048690916e-08 liquidMass=9.7057270579711129e-08 closureResidual=1.9020436267669361e-12 recoveryCalls=24 outerIterations=45
REACTIVE_STEP_TIMINGS time=4.3575588349685701e-07 cflSeconds=0.56666601600000011 backupSeconds=0.30796217599999998 transportSeconds=0.79440161400000009 recoverySeconds=2.9106142830000001 sourceSeconds=0 conservationSeconds=0.018434250999999999 diagnosticsSeconds=0.029975642 nestedBatchPackSeconds=0.20556328399999996 nestedBatchCallSeconds=1.5882856300000001 nestedBatchScatterSeconds=0 nestedScalarPropertySeconds=0.42008837799999998 otherSeconds=4.6808000000102962e-05
REACTIVE_GPU_HEM_STEP time=4.3575588349685701e-07 batches=16 submitted=50699 succeeded=50699 cpuFallbacks=0 deviceFailures=0 phaseEvaluations=1711105 residualEvaluations=1965129 analyticJacobians=0 finiteDifferenceJacobians=93418 wallSeconds=0.77405188600000052 kernelSeconds=0.77115518948435735 copySeconds=0.0020798720158636558
REACTIVE_ATTEMPT_PROFILE attempt=14 accepted=1 retry=0 sourceCalls=0 fullPhaseEvaluations=0 scalarProbes=0 rootChecks=0 matrixFreeProducts=0 factorBuilds=0 workerJobElapsedSeconds=0
REACTIVE_STEP time=4.8285055412489613e-07 dt=4.7094670628039137e-08 retries=0 massResidual=6.8027664824203444e-14 energyResidual=-1.7086519474918326e-12 momentumResidual=2.1445256370011859e-19 globalElementResidual=5.6923045362964697e-14 frozenLiquidResidual=0 speciesResidual=5.5272881788948632e-14 elementDrift=0 minP=97633.808445411094 maxP=307403.09814604779 minT=200.44911910949801 maxT=293.34402128489302 maxMach=0.13577201214633636 minAlphaGas=0.99560854364858509 maxAlphaGas=1.0000000000000004 maxVolumeResidual=3.2867042421003134e-12 maxUVResidual=9.8904468163693511e-10 maxMuResidual=2.0463630789890885e-12 maxMechanicalResidual=0 seconds=4.4823062460000003
REACTIVE_CAPILLARY_STEP time=4.8285055412489613e-07 area=4.0037460700268458e-05 surfaceEnergy=8.2386177503228257e-08 liquidMass=1.0788087835708312e-07 closureResidual=2.0042422582688957e-12 recoveryCalls=26 outerIterations=49
REACTIVE_STEP_TIMINGS time=4.8285055412489613e-07 cflSeconds=0.56599354199999996 backupSeconds=0.30693788 transportSeconds=0.79893431700000006 recoverySeconds=2.760721915 sourceSeconds=0 conservationSeconds=0.019939657999999999 diagnosticsSeconds=0.029734047999999999 nestedBatchPackSeconds=0.20563673300000002 nestedBatchCallSeconds=1.427555415 nestedBatchScatterSeconds=0 nestedScalarPropertySeconds=0.420093308 otherSeconds=4.4886000000063375e-05
REACTIVE_GPU_HEM_STEP time=4.8285055412489613e-07 batches=16 submitted=53105 succeeded=53105 cpuFallbacks=0 deviceFailures=0 phaseEvaluations=1676927 residualEvaluations=1957792 analyticJacobians=0 finiteDifferenceJacobians=92392 wallSeconds=0.61425035699999952 kernelSeconds=0.6112549226582038 copySeconds=0.0021400640159845389
REACTIVE_ATTEMPT_PROFILE attempt=15 accepted=1 retry=0 sourceCalls=0 fullPhaseEvaluations=0 scalarProbes=0 rootChecks=0 matrixFreeProducts=0 factorBuilds=0 workerJobElapsedSeconds=0
REACTIVE_STEP time=5.3165638824282752e-07 dt=4.8805834117931339e-08 retries=0 massResidual=7.5565896597767196e-14 energyResidual=-1.8774723077169818e-12 momentumResidual=2.6656253244968009e-19 globalElementResidual=5.8236130578285811e-14 frozenLiquidResidual=0 speciesResidual=5.6547943672079143e-14 elementDrift=0 minP=96503.385803425364 maxP=330786.25760042592 minT=202.2277724538913 maxT=293.37227946711715 maxMach=0.14267203099011186 minAlphaGas=0.99512946192246099 maxAlphaGas=1.0000000000000004 maxVolumeResidual=3.1373681430579836e-10 maxUVResidual=8.980464006730566e-10 maxMuResidual=2.7055335749537335e-10 maxMechanicalResidual=0 seconds=4.4775237880000001
REACTIVE_CAPILLARY_STEP time=5.3165638824282752e-07 area=4.0041421026431877e-05 surfaceEnergy=8.2394326774649649e-08 liquidMass=1.1893884747423774e-07 closureResidual=2.0742860554201492e-12 recoveryCalls=28 outerIterations=53
REACTIVE_STEP_TIMINGS time=5.3165638824282752e-07 cflSeconds=0.56597449299999991 backupSeconds=0.30757299399999993 transportSeconds=0.8006924740000001 recoverySeconds=2.755203641 sourceSeconds=0 conservationSeconds=0.018105045 diagnosticsSeconds=0.029929849000000001 nestedBatchPackSeconds=0.20500612500000001 nestedBatchCallSeconds=1.4311555699999998 nestedBatchScatterSeconds=0 nestedScalarPropertySeconds=0.42323974399999997 otherSeconds=4.5292000000411725e-05
REACTIVE_GPU_HEM_STEP time=5.3165638824282752e-07 batches=16 submitted=54730 succeeded=54730 cpuFallbacks=0 deviceFailures=0 phaseEvaluations=1686600 residualEvaluations=1961294 analyticJacobians=0 finiteDifferenceJacobians=92117 wallSeconds=0.61856471699999904 kernelSeconds=0.61547839733958298 copySeconds=0.0022052480131387643
REACTIVE_ATTEMPT_PROFILE attempt=16 accepted=1 retry=0 sourceCalls=0 fullPhaseEvaluations=0 scalarProbes=0 rootChecks=0 matrixFreeProducts=0 factorBuilds=0 workerJobElapsedSeconds=0
REACTIVE_STEP time=5.8206476656762048e-07 dt=5.0408378324792989e-08 retries=0 massResidual=7.9804484242137433e-14 energyResidual=-2.0542681911276802e-12 momentumResidual=1.9040180889262866e-19 globalElementResidual=6.8297160717890236e-14 frozenLiquidResidual=0 speciesResidual=6.6316171952530677e-14 elementDrift=0 minP=95177.445109834996 maxP=354798.81011652725 minT=198.74434751776118 maxT=293.38774258897462 maxMach=0.1496443276463871 minAlphaGas=0.99463813863001127 maxAlphaGas=1.0000000000000004 maxVolumeResidual=6.4723559844992451e-11 maxUVResidual=9.8112458560057063e-10 maxMuResidual=1.148592332356202e-11 maxMechanicalResidual=0 seconds=4.4965523799999998
REACTIVE_CAPILLARY_STEP time=5.8206476656762048e-07 area=4.0045463026276006e-05 surfaceEnergy=8.2402644108236801e-08 liquidMass=1.3017940210877464e-07 closureResidual=2.7794372706169135e-12 recoveryCalls=30 outerIterations=57
REACTIVE_STEP_TIMINGS time=5.8206476656762048e-07 cflSeconds=0.56676481300000003 backupSeconds=0.30821471100000003 transportSeconds=0.79738342899999992 recoverySeconds=2.776274844 sourceSeconds=0 conservationSeconds=0.017795937000000001 diagnosticsSeconds=0.030073107000000002 nestedBatchPackSeconds=0.206090352 nestedBatchCallSeconds=1.4508288220000003 nestedBatchScatterSeconds=0 nestedScalarPropertySeconds=0.41944997100000003 otherSeconds=4.5538999999841095e-05
REACTIVE_GPU_HEM_STEP time=5.8206476656762048e-07 batches=16 submitted=56298 succeeded=56298 cpuFallbacks=0 deviceFailures=0 phaseEvaluations=1702236 residualEvaluations=1979321 analyticJacobians=0 finiteDifferenceJacobians=92324 wallSeconds=0.6350934910000019 kernelSeconds=0.63197686865925817 copySeconds=0.0022321919277310358
REACTIVE_ATTEMPT_PROFILE attempt=17 accepted=1 retry=0 sourceCalls=0 fullPhaseEvaluations=0 scalarProbes=0 rootChecks=0 matrixFreeProducts=0 factorBuilds=0 workerJobElapsedSeconds=0
REACTIVE_STEP time=6.3252532698736179e-07 dt=5.0460560419741357e-08 retries=0 massResidual=8.4936711635930533e-14 energyResidual=-2.2278451360347413e-12 momentumResidual=2.4451600720948101e-19 globalElementResidual=6.6925645650006145e-14 frozenLiquidResidual=0 speciesResidual=6.4985635926279723e-14 elementDrift=0 minP=93656.339840917295 maxP=378672.61191842466 minT=184.02201359469362 maxT=293.38089913663549 maxMach=0.15645324628163426 minAlphaGas=0.9941507274118816 maxAlphaGas=1.0000000000000004 maxVolumeResidual=8.273448592888144e-11 maxUVResidual=9.9001902620031802e-10 maxMuResidual=1.4175327578413999e-11 maxMechanicalResidual=0 seconds=4.494365298
REACTIVE_CAPILLARY_STEP time=6.3252532698736179e-07 area=4.0049456887199591e-05 surfaceEnergy=8.2410862385051038e-08 liquidMass=1.4123717538831303e-07 closureResidual=8.1127986273354935e-13 recoveryCalls=32 outerIterations=61
REACTIVE_STEP_TIMINGS time=6.3252532698736179e-07 cflSeconds=0.56919849099999997 backupSeconds=0.30849178499999996 transportSeconds=0.80001060999999996 recoverySeconds=2.7672077850000001 sourceSeconds=0 conservationSeconds=0.019496507 diagnosticsSeconds=0.029912985 nestedBatchPackSeconds=0.20432165800000002 nestedBatchCallSeconds=1.4495374510000001 nestedBatchScatterSeconds=0 nestedScalarPropertySeconds=0.42226290599999999 otherSeconds=4.7134999999642879e-05
REACTIVE_GPU_HEM_STEP time=6.3252532698736179e-07 batches=16 submitted=58276 succeeded=58276 cpuFallbacks=0 deviceFailures=0 phaseEvaluations=1724004 residualEvaluations=1984130 analyticJacobians=0 finiteDifferenceJacobians=92720 wallSeconds=0.63488316799999822 kernelSeconds=0.631686122059822 copySeconds=0.0022804799433797616
REACTIVE_ATTEMPT_PROFILE attempt=18 accepted=1 retry=0 sourceCalls=0 fullPhaseEvaluations=0 scalarProbes=0 rootChecks=0 matrixFreeProducts=0 factorBuilds=0 workerJobElapsedSeconds=0
REACTIVE_STEP time=6.8301634036665732e-07 dt=5.0491013379295556e-08 retries=0 massResidual=8.4786814260802896e-14 energyResidual=-2.4037005437277054e-12 momentumResidual=2.5253292547864429e-19 globalElementResidual=7.2086966498101091e-14 frozenLiquidResidual=0 speciesResidual=6.999755777508999e-14 elementDrift=0 minP=91856.232346868244 maxP=402403.54731014941 minT=169.38730726036991 maxT=293.34136802223446 maxMach=0.16307393076504378 minAlphaGas=0.99366821584273646 maxAlphaGas=1.0000000000000004 maxVolumeResidual=1.0072853662279613e-10 maxUVResidual=9.959710547328319e-10 maxMuResidual=7.8571815720351879e-11 maxMechanicalResidual=0 seconds=4.6202329170000001
REACTIVE_CAPILLARY_STEP time=6.8301634036665732e-07 area=4.005339726938072e-05 surfaceEnergy=8.2418970617194807e-08 liquidMass=1.5209666777402127e-07 closureResidual=3.1675790462815101e-13 recoveryCalls=34 outerIterations=65
REACTIVE_STEP_TIMINGS time=6.8301634036665732e-07 cflSeconds=0.56642071000000005 backupSeconds=0.307725729 transportSeconds=0.79749898000000008 recoverySeconds=2.8984260490000002 sourceSeconds=0 conservationSeconds=0.020125694999999999 diagnosticsSeconds=0.029990002000000002 nestedBatchPackSeconds=0.20536608499999998 nestedBatchCallSeconds=1.5745975539999997 nestedBatchScatterSeconds=0 nestedScalarPropertySeconds=0.41938939900000005 otherSeconds=4.5751999999968374e-05
REACTIVE_GPU_HEM_STEP time=6.8301634036665732e-07 batches=16 submitted=59912 succeeded=59912 cpuFallbacks=0 deviceFailures=0 phaseEvaluations=1769764 residualEvaluations=2031281 analyticJacobians=0 finiteDifferenceJacobians=95238 wallSeconds=0.76067425399999955 kernelSeconds=0.75735685837268818 copySeconds=0.0023589439857751131
REACTIVE_ATTEMPT_PROFILE attempt=19 accepted=1 retry=0 sourceCalls=0 fullPhaseEvaluations=0 scalarProbes=0 rootChecks=0 matrixFreeProducts=0 factorBuilds=0 workerJobElapsedSeconds=0
REACTIVE_STEP time=7.3352179228469572e-07 dt=5.0505451918038432e-08 retries=0 massResidual=8.8163649127642029e-14 energyResidual=-2.5720574418556427e-12 momentumResidual=3.9282899518900224e-19 globalElementResidual=7.4902965086986207e-14 frozenLiquidResidual=0 speciesResidual=7.2732498423704501e-14 elementDrift=0 minP=92836.590121833593 maxP=425987.68204313848 minT=167.37689351524696 maxT=293.28324529697079 maxMach=0.16947787405096101 minAlphaGas=0.9931914617365597 maxAlphaGas=1.0000000000000004 maxVolumeResidual=1.2302980856304657e-10 maxUVResidual=9.5119261293769839e-10 maxMuResidual=1.9518608951329952e-11 maxMechanicalResidual=0 seconds=4.537598676
REACTIVE_CAPILLARY_STEP time=7.3352179228469572e-07 area=4.0057440638877999e-05 surfaceEnergy=8.2427290769154681e-08 liquidMass=1.6285340541029264e-07 closureResidual=3.2696241547558458e-12 recoveryCalls=36 outerIterations=69
REACTIVE_STEP_TIMINGS time=7.3352179228469572e-07 cflSeconds=0.56768602300000004 backupSeconds=0.30746989799999996 transportSeconds=0.79882750899999999 recoverySeconds=2.8137998409999998 sourceSeconds=0 conservationSeconds=0.019711916999999999 diagnosticsSeconds=0.030057259999999999 nestedBatchPackSeconds=0.20406468300000002 nestedBatchCallSeconds=1.4960100839999999 nestedBatchScatterSeconds=0 nestedScalarPropertySeconds=0.42764745500000001 otherSeconds=4.6227999999925995e-05
REACTIVE_GPU_HEM_STEP time=7.3352179228469572e-07 batches=16 submitted=61442 succeeded=61442 cpuFallbacks=0 deviceFailures=0 phaseEvaluations=1735806 residualEvaluations=1912352 analyticJacobians=0 finiteDifferenceJacobians=91355 wallSeconds=0.68289869000000181 kernelSeconds=0.67946632096171022 copySeconds=0.0024451839011162546
REACTIVE_ATTEMPT_PROFILE attempt=20 accepted=1 retry=0 sourceCalls=0 fullPhaseEvaluations=0 scalarProbes=0 rootChecks=0 matrixFreeProducts=0 factorBuilds=0 workerJobElapsedSeconds=0
REACTIVE_STEP time=7.8402659135598236e-07 dt=5.050479907128663e-08 retries=0 massResidual=1.0068362009630107e-13 energyResidual=-2.7442449039059554e-12 momentumResidual=3.2869364903569576e-19 globalElementResidual=8.2361130976025501e-14 frozenLiquidResidual=0 speciesResidual=7.9973178422623024e-14 elementDrift=0 minP=91328.632663424796 maxP=449421.65675839095 minT=169.0462203921229 maxT=293.28381065099757 maxMach=0.17563522123543415 minAlphaGas=0.99272121449113937 maxAlphaGas=1.0000000000000004 maxVolumeResidual=6.734066637648084e-10 maxUVResidual=9.9941621716655543e-10 maxMuResidual=2.2826355916549801e-08 maxMechanicalResidual=0 seconds=4.6051103050000002
REACTIVE_CAPILLARY_STEP time=7.8402659135598236e-07 area=4.0061493876634652e-05 surfaceEnergy=8.2435631227301684e-08 liquidMass=1.7343581351795917e-07 closureResidual=5.1564481851062993e-12 recoveryCalls=38 outerIterations=73
REACTIVE_STEP_TIMINGS time=7.8402659135598236e-07 cflSeconds=0.56830257799999995 backupSeconds=0.30862652499999998 transportSeconds=0.79993620099999996 recoverySeconds=2.878805185 sourceSeconds=0 conservationSeconds=0.017856517999999998 diagnosticsSeconds=0.031536531 nestedBatchPackSeconds=0.20721461600000002 nestedBatchCallSeconds=1.5566529330000001 nestedBatchScatterSeconds=0 nestedScalarPropertySeconds=0.42211695199999999 otherSeconds=4.6767000000023928e-05
REACTIVE_GPU_HEM_STEP time=7.8402659135598236e-07 batches=16 submitted=63012 succeeded=63012 cpuFallbacks=0 deviceFailures=0 phaseEvaluations=1774646 residualEvaluations=1947684 analyticJacobians=0 finiteDifferenceJacobians=93355 wallSeconds=0.74294289699999716 kernelSeconds=0.7395237453281851 copySeconds=0.0024231039658188791
REACTIVE_ATTEMPT_PROFILE attempt=21 accepted=1 retry=0 sourceCalls=0 fullPhaseEvaluations=0 scalarProbes=0 rootChecks=0 matrixFreeProducts=0 factorBuilds=0 workerJobElapsedSeconds=0
REACTIVE_STEP time=8.3451187526258572e-07 dt=5.0485283906603338e-08 retries=0 massResidual=8.9597588365677631e-14 energyResidual=-2.9268887213424872e-12 momentumResidual=2.5654138461322599e-19 globalElementResidual=7.4536210516666751e-14 frozenLiquidResidual=0 speciesResidual=7.2373472895358558e-14 elementDrift=0 minP=90481.591775847468 maxP=472702.96836064756 minT=166.05948610028699 maxT=293.31811434899697 maxMach=0.19910407071862679 minAlphaGas=0.99225812545509962 maxAlphaGas=1.0000000000000004 maxVolumeResidual=2.2380763908813606e-10 maxUVResidual=9.7662459937334937e-10 maxMuResidual=2.2547105515968724e-08 maxMechanicalResidual=0 seconds=4.7873873209999998
REACTIVE_CAPILLARY_STEP time=8.3451187526258572e-07 area=4.006550678258192e-05 surfaceEnergy=8.2443888693581836e-08 liquidMass=1.8390981232504404e-07 closureResidual=3.1179928430824511e-12 recoveryCalls=40 outerIterations=77
REACTIVE_STEP_TIMINGS time=8.3451187526258572e-07 cflSeconds=0.56526117399999998 backupSeconds=0.30771473199999999 transportSeconds=0.79859084499999999 recoverySeconds=3.0633426510000001 sourceSeconds=0 conservationSeconds=0.019998846000000001 diagnosticsSeconds=0.032430725000000001 nestedBatchPackSeconds=0.205159494 nestedBatchCallSeconds=1.746576546 nestedBatchScatterSeconds=0 nestedScalarPropertySeconds=0.420193129 otherSeconds=4.8347999999760749e-05
REACTIVE_GPU_HEM_STEP time=8.3451187526258572e-07 batches=16 submitted=64336 succeeded=64336 cpuFallbacks=0 deviceFailures=0 phaseEvaluations=1568612 residualEvaluations=1375105 analyticJacobians=0 finiteDifferenceJacobians=75210 wallSeconds=0.93310070499999931 kernelSeconds=0.92960252550244782 copySeconds=0.002466911952942609
REACTIVE_ATTEMPT_PROFILE attempt=22 accepted=1 retry=0 sourceCalls=0 fullPhaseEvaluations=0 scalarProbes=0 rootChecks=0 matrixFreeProducts=0 factorBuilds=0 workerJobElapsedSeconds=0
REACTIVE_STEP time=8.8495387634962616e-07 dt=5.0442001087040424e-08 retries=0 massResidual=9.7292592842938224e-14 energyResidual=-3.0887878668956283e-12 momentumResidual=4.2890512740023717e-19 globalElementResidual=7.8890836788136876e-14 frozenLiquidResidual=0 speciesResidual=7.6604670954016182e-14 elementDrift=0 minP=90926.564299138277 maxP=495849.49594547867 minT=166.92862553028903 maxT=293.35840447450107 maxMach=0.21961579767881234 minAlphaGas=0.99180237534787641 maxAlphaGas=1.0000000000000004 maxVolumeResidual=9.2940677376418535e-10 maxUVResidual=9.8810045716872818e-10 maxMuResidual=7.2991664268329259e-08 maxMechanicalResidual=0 seconds=4.5521039270000001
REACTIVE_CAPILLARY_STEP time=8.8495387634962616e-07 area=4.0069662805345187e-05 surfaceEnergy=8.245244065524707e-08 liquidMass=1.9506537796501211e-07 closureResidual=1.0206816294933141e-11 recoveryCalls=42 outerIterations=81
REACTIVE_STEP_TIMINGS time=8.8495387634962616e-07 cflSeconds=0.56378815799999993 backupSeconds=0.30798619900000002 transportSeconds=0.79826429300000001 recoverySeconds=2.8340684359999999 sourceSeconds=0 conservationSeconds=0.018099579000000001 diagnosticsSeconds=0.029851625 nestedBatchPackSeconds=0.20449191899999997 nestedBatchCallSeconds=1.5095593150000002 nestedBatchScatterSeconds=0 nestedScalarPropertySeconds=0.41943301900000002 otherSeconds=4.5637000000233602e-05
REACTIVE_GPU_HEM_STEP time=8.8495387634962616e-07 batches=16 submitted=65937 succeeded=65937 cpuFallbacks=0 deviceFailures=0 phaseEvaluations=1392875 residualEvaluations=969842 analyticJacobians=0 finiteDifferenceJacobians=59648 wallSeconds=0.6950642250000012 kernelSeconds=0.69147530058026163 copySeconds=0.0025439680293202621
REACTIVE_ATTEMPT_PROFILE attempt=23 accepted=1 retry=0 sourceCalls=0 fullPhaseEvaluations=0 scalarProbes=0 rootChecks=0 matrixFreeProducts=0 factorBuilds=0 workerJobElapsedSeconds=0
REACTIVE_STEP time=9.3526336713184498e-07 dt=5.0309490782218854e-08 retries=0 massResidual=9.5319982204595615e-14 energyResidual=-3.2622871164023766e-12 momentumResidual=1.8438912019075617e-19 globalElementResidual=7.5897153955615964e-14 frozenLiquidResidual=0 speciesResidual=7.3698185834505479e-14 elementDrift=0 minP=90463.851240818767 maxP=518842.32170316827 minT=166.20840817388611 maxT=293.40673599961167 maxMach=0.24040274594006933 minAlphaGas=0.99135461592280638 maxAlphaGas=1.0000000000000004 maxVolumeResidual=6.7300520711910394e-10 maxUVResidual=9.9933213013521351e-10 maxMuResidual=5.7342859349773789e-09 maxMechanicalResidual=0 seconds=4.817107611
REACTIVE_CAPILLARY_STEP time=9.3526336713184498e-07 area=4.007387898429056e-05 surfaceEnergy=8.246111640193288e-08 liquidMass=2.0615312979213041e-07 closureResidual=8.301019593925929e-12 recoveryCalls=44 outerIterations=85
REACTIVE_STEP_TIMINGS time=9.3526336713184498e-07 cflSeconds=0.56870141600000002 backupSeconds=0.30854435900000005 transportSeconds=0.80123898500000001 recoverySeconds=3.0899457579999998 sourceSeconds=0 conservationSeconds=0.018513528000000001 diagnosticsSeconds=0.030117122999999999 nestedBatchPackSeconds=0.20397372 nestedBatchCallSeconds=1.7736745739999999 nestedBatchScatterSeconds=0 nestedScalarPropertySeconds=0.42527439899999997 otherSeconds=4.6442000000670308e-05
REACTIVE_GPU_HEM_STEP time=9.3526336713184498e-07 batches=16 submitted=67402 succeeded=67402 cpuFallbacks=0 deviceFailures=0 phaseEvaluations=1408710 residualEvaluations=900861 analyticJacobians=0 finiteDifferenceJacobians=57890 wallSeconds=0.96175067900000144 kernelSeconds=0.95813641598820709 copySeconds=0.0025521919932216253
REACTIVE_ATTEMPT_PROFILE attempt=24 accepted=1 retry=0 sourceCalls=0 fullPhaseEvaluations=0 scalarProbes=0 rootChecks=0 matrixFreeProducts=0 factorBuilds=0 workerJobElapsedSeconds=0
REACTIVE_STEP time=9.8544954436751813e-07 dt=5.0186177235673091e-08 retries=0 massResidual=1.051801967170705e-13 energyResidual=-3.4409811165114031e-12 momentumResidual=3.2869364903569576e-19 globalElementResidual=8.8788987883262974e-14 frozenLiquidResidual=0 speciesResidual=8.6212549953111952e-14 elementDrift=0 minP=93659.377131641973 maxP=541687.55166892079 minT=167.14671246673169 maxT=293.46494024559075 maxMach=0.26140563220131979 minAlphaGas=0.99091489145742873 maxAlphaGas=1.0000000000000004 maxVolumeResidual=9.9159724875619304e-10 maxUVResidual=9.9387086460667916e-10 maxMuResidual=5.0674351825819031e-08 maxMechanicalResidual=0 seconds=4.30540974
REACTIVE_CAPILLARY_STEP time=9.8544954436751813e-07 area=4.0078314424399086e-05 surfaceEnergy=8.2470243328308691e-08 liquidMass=2.1734830820570089e-07 closureResidual=1.3386536670823013e-11 recoveryCalls=46 outerIterations=89
REACTIVE_STEP_TIMINGS time=9.8544954436751813e-07 cflSeconds=0.57019965699999997 backupSeconds=0.30758798800000003 transportSeconds=0.79992239700000001 recoverySeconds=2.5802066740000003 sourceSeconds=0 conservationSeconds=0.017612976999999998 diagnosticsSeconds=0.029835150000000001 nestedBatchPackSeconds=0.20742893199999998 nestedBatchCallSeconds=1.2535253980000001 nestedBatchScatterSeconds=0 nestedScalarPropertySeconds=0.42449907100000001 otherSeconds=4.4896999999995135e-05
REACTIVE_GPU_HEM_STEP time=9.8544954436751813e-07 batches=16 submitted=68458 succeeded=68458 cpuFallbacks=0 deviceFailures=0 phaseEvaluations=1308698 residualEvaluations=684962 analyticJacobians=0 finiteDifferenceJacobians=48672 wallSeconds=0.43873980000000401 kernelSeconds=0.43511593118309833 copySeconds=0.0025604800004512124
REACTIVE_ATTEMPT_PROFILE attempt=25 accepted=1 retry=0 sourceCalls=0 fullPhaseEvaluations=0 scalarProbes=0 rootChecks=0 matrixFreeProducts=0 factorBuilds=0 workerJobElapsedSeconds=0
REACTIVE_STEP time=9.9999999999999995e-07 dt=1.4550455632481822e-08 retries=0 massResidual=1.0286004282195334e-13 energyResidual=-3.4882271473803961e-12 momentumResidual=1.362876105757763e-19 globalElementResidual=8.4987877413085457e-14 frozenLiquidResidual=0 speciesResidual=8.2525616346029302e-14 elementDrift=0 minP=94666.192314711196 maxP=548295.0837722487 minT=167.49135687819668 maxT=293.48400293683039 maxMach=0.26753968405767392 minAlphaGas=0.99078874420794483 maxAlphaGas=1.0000000000000004 maxVolumeResidual=9.2607677082412465e-10 maxUVResidual=9.978634610778757e-10 maxMuResidual=1.5154011379081567e-08 maxMechanicalResidual=0 seconds=4.2953587469999999
REACTIVE_CAPILLARY_STEP time=9.9999999999999995e-07 area=4.0079614157882903e-05 surfaceEnergy=8.2472917825432936e-08 liquidMass=2.2057790727093133e-07 closureResidual=9.8643038182189002e-12 recoveryCalls=48 outerIterations=93
REACTIVE_STEP_TIMINGS time=9.9999999999999995e-07 cflSeconds=0.56939036700000001 backupSeconds=0.30724248700000001 transportSeconds=0.79742609099999995 recoverySeconds=2.5725674429999996 sourceSeconds=0 conservationSeconds=0.018632694000000002 diagnosticsSeconds=0.030058439999999999 nestedBatchPackSeconds=0.20513539400000003 nestedBatchCallSeconds=1.2469281049999998 nestedBatchScatterSeconds=0 nestedScalarPropertySeconds=0.41929181599999998 otherSeconds=4.1225000000612994e-05
REACTIVE_GPU_HEM_STEP time=9.9999999999999995e-07 batches=16 submitted=69936 succeeded=69936 cpuFallbacks=0 deviceFailures=0 phaseEvaluations=1300926 residualEvaluations=684960 analyticJacobians=0 finiteDifferenceJacobians=47616 wallSeconds=0.43403649299999891 kernelSeconds=0.43032067123055562 copySeconds=0.002620608005672688
REACTIVE_CHECKPOINT time=9.9999999999999995e-07 acceptedSteps=23 complete=1 schema=3
REACTIVE_PROFILE_V21 scope="prototype" jobElapsedSeconds=0 integrationFallbacks=0 chemical_rhsCalls=0 chemical_uvCalls=0 chemical_fixedStateCalls=0 chemical_jacobianCalls=0 chemical_structuredCalls=0 chemical_fallbackCalls=0 sparse_setups=0 sparse_products=0 sparse_preconditioners=0 sparse_preconditionerSolves=0 sparse_sparseIntegrations=0 sparse_denseIntegrations=0 sparse_denseFallbacks=0 sparse_nonzeros=0 timing_jvSetups=0 timing_preconditionerSetups=0 timing_jacobianCacheHits=0 timing_patternBuilds=0 timing_preconditionerReuses=0 timing_symbolicAnalyses=0 timing_numericFactorizations=0 timing_workspaceCreates=0 timing_workspaceReinitializations=0 timing_factorNonzeros=0 timing_thermoSeconds=0 timing_kineticsSeconds=0 timing_csrSeconds=0 timing_symbolicSeconds=0 timing_factorSeconds=0 timing_solveSeconds=0 realFluid_eosEvaluations=4096001 realFluid_referenceEvaluations=0 realFluid_derivativeEvaluations=0 realFluid_scalarAttempts=4096003 realFluid_scalarAccepted=4096001 realFluid_scalarFallbacks=2 realFluid_scalarIterations=0 realFluid_flashResiduals=3238 realFluid_tangentBuilds=0 realFluid_tangentSolves=0 realFluid_sourceJv=0 realFluid_sourceJvFallbacks=0 trhoStateEvaluations=4096003 densityRootChecks=4096003 fullPhaseEvaluations=16489286 energyCvEvaluations=4096003 selectedMuEvaluations=4097821 partialHEvaluations=0 scalarProbes=4096003 bracketRejects=0 branchFallbacks=2 flashCandidates=10 linearizationBuilds=0 linearizationApplies=0 FzFactorizations=0 sourceRhsCalls=0 sourceDirectionProbes=0 RzBuilds=0 JvFallbacks=0 nasaCoefficientVisits=8192004 nasaAggregateBuilds=4096003 nasaAggregateEvaluations=4096003 exactMixingEvaluations=4096003 branchCertificates=4096001 matrixFreeSetups=0 matrixFreeProducts=0 matrixFreeIntegrations=0 matrixFreeIntegrationFallbacks=0 woodburySetups=0 woodburyFactors=0 woodburySolves=0 woodburyFallbacks=0 diagnosticJvCalls=0 oneSidedProbes=0 derivativeRetries=0 sourceAttempts=0 sourceAccepted=0 sourceFailed=0
REACTIVE_PROFILE_V21 scope="worker_0" jobElapsedSeconds=0 integrationFallbacks=0 chemical_rhsCalls=0 chemical_uvCalls=0 chemical_fixedStateCalls=0 chemical_jacobianCalls=0 chemical_structuredCalls=0 chemical_fallbackCalls=0 sparse_setups=0 sparse_products=0 sparse_preconditioners=0 sparse_preconditionerSolves=0 sparse_sparseIntegrations=0 sparse_denseIntegrations=0 sparse_denseFallbacks=0 sparse_nonzeros=0 timing_jvSetups=0 timing_preconditionerSetups=0 timing_jacobianCacheHits=0 timing_patternBuilds=0 timing_preconditionerReuses=0 timing_symbolicAnalyses=0 timing_numericFactorizations=0 timing_workspaceCreates=0 timing_workspaceReinitializations=0 timing_factorNonzeros=0 timing_thermoSeconds=0 timing_kineticsSeconds=0 timing_csrSeconds=0 timing_symbolicSeconds=0 timing_factorSeconds=0 timing_solveSeconds=0 realFluid_eosEvaluations=0 realFluid_referenceEvaluations=0 realFluid_derivativeEvaluations=0 realFluid_scalarAttempts=0 realFluid_scalarAccepted=0 realFluid_scalarFallbacks=0 realFluid_scalarIterations=0 realFluid_flashResiduals=0 realFluid_tangentBuilds=0 realFluid_tangentSolves=0 realFluid_sourceJv=0 realFluid_sourceJvFallbacks=0 trhoStateEvaluations=0 densityRootChecks=0 fullPhaseEvaluations=0 energyCvEvaluations=0 selectedMuEvaluations=0 partialHEvaluations=0 scalarProbes=0 bracketRejects=0 branchFallbacks=0 flashCandidates=0 linearizationBuilds=0 linearizationApplies=0 FzFactorizations=0 sourceRhsCalls=0 sourceDirectionProbes=0 RzBuilds=0 JvFallbacks=0 nasaCoefficientVisits=0 nasaAggregateBuilds=0 nasaAggregateEvaluations=0 exactMixingEvaluations=0 branchCertificates=0 matrixFreeSetups=0 matrixFreeProducts=0 matrixFreeIntegrations=0 matrixFreeIntegrationFallbacks=0 woodburySetups=0 woodburyFactors=0 woodburySolves=0 woodburyFallbacks=0 diagnosticJvCalls=0 oneSidedProbes=0 derivativeRetries=0 sourceAttempts=0 sourceAccepted=0 sourceFailed=0
REACTIVE_PROFILE_V21 scope="workers" jobElapsedSeconds=0 integrationFallbacks=0 chemical_rhsCalls=0 chemical_uvCalls=0 chemical_fixedStateCalls=0 chemical_jacobianCalls=0 chemical_structuredCalls=0 chemical_fallbackCalls=0 sparse_setups=0 sparse_products=0 sparse_preconditioners=0 sparse_preconditionerSolves=0 sparse_sparseIntegrations=0 sparse_denseIntegrations=0 sparse_denseFallbacks=0 sparse_nonzeros=0 timing_jvSetups=0 timing_preconditionerSetups=0 timing_jacobianCacheHits=0 timing_patternBuilds=0 timing_preconditionerReuses=0 timing_symbolicAnalyses=0 timing_numericFactorizations=0 timing_workspaceCreates=0 timing_workspaceReinitializations=0 timing_factorNonzeros=0 timing_thermoSeconds=0 timing_kineticsSeconds=0 timing_csrSeconds=0 timing_symbolicSeconds=0 timing_factorSeconds=0 timing_solveSeconds=0 realFluid_eosEvaluations=0 realFluid_referenceEvaluations=0 realFluid_derivativeEvaluations=0 realFluid_scalarAttempts=0 realFluid_scalarAccepted=0 realFluid_scalarFallbacks=0 realFluid_scalarIterations=0 realFluid_flashResiduals=0 realFluid_tangentBuilds=0 realFluid_tangentSolves=0 realFluid_sourceJv=0 realFluid_sourceJvFallbacks=0 trhoStateEvaluations=0 densityRootChecks=0 fullPhaseEvaluations=0 energyCvEvaluations=0 selectedMuEvaluations=0 partialHEvaluations=0 scalarProbes=0 bracketRejects=0 branchFallbacks=0 flashCandidates=0 linearizationBuilds=0 linearizationApplies=0 FzFactorizations=0 sourceRhsCalls=0 sourceDirectionProbes=0 RzBuilds=0 JvFallbacks=0 nasaCoefficientVisits=0 nasaAggregateBuilds=0 nasaAggregateEvaluations=0 exactMixingEvaluations=0 branchCertificates=0 matrixFreeSetups=0 matrixFreeProducts=0 matrixFreeIntegrations=0 matrixFreeIntegrationFallbacks=0 woodburySetups=0 woodburyFactors=0 woodburySolves=0 woodburyFallbacks=0 diagnosticJvCalls=0 oneSidedProbes=0 derivativeRetries=0 sourceAttempts=0 sourceAccepted=0 sourceFailed=0
REACTIVE_CLOSURE_PROFILE eligibleCells=380928000 uniqueCells=1027765 reusedCells=379900235 failedRepresentativeRetries=0 gpuSubmitted=0 gpuConverged=0 gpuApproved=0 gpuRejected=0 gpuUnsupported=0 gpuLaunches=0 gpuTransferBytes=0 hostBytes=25165824 liquidCacheHits=0 liquidCacheMisses=0 deviceBytes=0 classifySeconds=7.9634464250000008 prepareSeconds=0 gpuWallSeconds=0 gpuKernelSeconds=0 gpuCopySeconds=0
REACTIVE_GPU_HEM batches=372 submitted=1027765 succeeded=1027765 cpuFallbacks=0 deviceFailures=0 phaseEvaluations=29583081 residualEvaluations=27435651 flashCandidates=5136050 stableCandidates=1100854 transferBytes=439901276 analyticJacobians=0 finiteDifferenceJacobians=1426289 hostBytes=843102552 deviceBytes=507558312 wallSeconds=14.504294532000001 kernelSeconds=14.443710177153342 copySeconds=0.043532127700746055
REACTIVE_BATCH_V21 attempted=372 accepted=372 failed=0 batchWallSeconds=33.426211031000008 workerJobSecondsSum=0 workerJobSecondsMax=0 poolScratchBytes=1648408920 flowStagingBytes=226492416 workerOwnedBytesKnownLowerBound=58104 workerInternalBytesUnmeasured=1
REACTIVE_WORKER_TIME metric=thermoSeconds sum=0 max=0
REACTIVE_WORKER_TIME metric=kineticsSeconds sum=0 max=0
REACTIVE_WORKER_TIME metric=csrSeconds sum=0 max=0
REACTIVE_WORKER_TIME metric=symbolicSeconds sum=0 max=0
REACTIVE_WORKER_TIME metric=factorSeconds sum=0 max=0
REACTIVE_WORKER_TIME metric=solveSeconds sum=0 max=0
REACTIVE_PROFILE_V21 scope="combined" jobElapsedSeconds=0 integrationFallbacks=0 chemical_rhsCalls=0 chemical_uvCalls=0 chemical_fixedStateCalls=0 chemical_jacobianCalls=0 chemical_structuredCalls=0 chemical_fallbackCalls=0 sparse_setups=0 sparse_products=0 sparse_preconditioners=0 sparse_preconditionerSolves=0 sparse_sparseIntegrations=0 sparse_denseIntegrations=0 sparse_denseFallbacks=0 sparse_nonzeros=0 timing_jvSetups=0 timing_preconditionerSetups=0 timing_jacobianCacheHits=0 timing_patternBuilds=0 timing_preconditionerReuses=0 timing_symbolicAnalyses=0 timing_numericFactorizations=0 timing_workspaceCreates=0 timing_workspaceReinitializations=0 timing_factorNonzeros=0 timing_thermoSeconds=0 timing_kineticsSeconds=0 timing_csrSeconds=0 timing_symbolicSeconds=0 timing_factorSeconds=0 timing_solveSeconds=0 realFluid_eosEvaluations=4096001 realFluid_referenceEvaluations=0 realFluid_derivativeEvaluations=0 realFluid_scalarAttempts=4096003 realFluid_scalarAccepted=4096001 realFluid_scalarFallbacks=2 realFluid_scalarIterations=0 realFluid_flashResiduals=3238 realFluid_tangentBuilds=0 realFluid_tangentSolves=0 realFluid_sourceJv=0 realFluid_sourceJvFallbacks=0 trhoStateEvaluations=4096003 densityRootChecks=4096003 fullPhaseEvaluations=16489286 energyCvEvaluations=4096003 selectedMuEvaluations=4097821 partialHEvaluations=0 scalarProbes=4096003 bracketRejects=0 branchFallbacks=2 flashCandidates=10 linearizationBuilds=0 linearizationApplies=0 FzFactorizations=0 sourceRhsCalls=0 sourceDirectionProbes=0 RzBuilds=0 JvFallbacks=0 nasaCoefficientVisits=8192004 nasaAggregateBuilds=4096003 nasaAggregateEvaluations=4096003 exactMixingEvaluations=4096003 branchCertificates=4096001 matrixFreeSetups=0 matrixFreeProducts=0 matrixFreeIntegrations=0 matrixFreeIntegrationFallbacks=0 woodburySetups=0 woodburyFactors=0 woodburySolves=0 woodburyFallbacks=0 diagnosticJvCalls=0 oneSidedProbes=0 derivativeRetries=0 sourceAttempts=0 sourceAccepted=0 sourceFailed=0
REACTIVE_CHEMISTRY scope=combined rhsCalls=0 uvCalls=0 fixedStateCalls=0 structuredCalls=0 fallbackCalls=0 integrationFallbacks=0
REACTIVE_SPARSE scope=combined nnzMeaning=last_snapshot_sum setups=0 products=0 nonzeros=0 sparseIntegrations=0 denseIntegrations=0 denseFallbacks=0
REACTIVE_CHEMICAL_PROFILE scope=combined factorNnzMeaning=last_snapshot_sum jvSetups=0 preconditionerSetups=0 jacobianCacheHits=0 preconditionerReuses=0 patternBuilds=0 symbolicAnalyses=0 numericFactorizations=0 factorNonzeros=0 workspaceCreates=0 workspaceReinitializations=0 thermoSeconds=0 kineticsSeconds=0 csrSeconds=0 symbolicSeconds=0 factorSeconds=0 solveSeconds=0
REACTIVE_REAL_FLUID scope=combined eosEvaluations=4096001 scalarAttempts=4096003 scalarAccepted=4096001 scalarFallbacks=2 scalarIterations=0
REACTIVE_BATCH workers=1 capacity=1048576 scratchBytes=1648408920 batches=372 cells=380928000 failures=0 scope=bounded_scratch_excludes_Cantera_CVODE_worker_allocations
REACTIVE_TRANSPORT_V21 layoutTiles=26524 layoutLaunches=26524 memcpyCalls=28755 payloadBytes=155401796636 nasaValidationEvaluations=0 nasaFaceEvaluations=0 detailedGasCounters=0 temperatureBasisBuilds=0 temperatureBasisBytes=0 pinnedBytes=1048536 deviceStagingBytes=1048536 slotCells=14563 slots=1 blockThreads=256 eventWaits=26524 failedCalls=0 stageBarrier=full closureDownloadsPerRK=2 overlapValidated=0
REACTIVE_MEMORY liveBytes=5881223312 peakBytes=5881223312 bridgeBytes=1048536 conservedWorkspaceBytes=604592640 gasWorkspaceBytes=0 rhsWorkspaceBytes=0 d2dBytes=7384320 synchronizations=818
REACTIVE_CAPILLARY_PROFILE enabled=1 geometryBuilds=216 geometryKernels=432 faceFluxBuilds=581145600 workspaceBytes=328500484 closureIterations=93
REACTIVE_WALE gradientBuilds=97 viscosityBuilds=97 cellsEvaluated=397312000 workspaceBytes=32768004
REACTIVE_WALE_SCALARS fieldUploads=0 fieldUploadBytes=0 workspaceBytes=167942400 hostEnthalpyCells=0 hostPropertySeconds=0 propertyStageSeconds=10.308902659999999 fluxBackend=cuda
REACTIVE_WALE_PR backend=device-pr builds=97 cells=397312000 kernels=194 failures=0 inputUploadBytes=76091446624 scratchBytes=1015855456 wallSeconds=6.2024696220000006
REACTIVE_TRANSPORT allocatedBytes=5881223312 uploadedBytes=127279462152 downloadedBytes=28114950164 kernelLaunches=27814 stages=47 stepQueries=47
REACTIVE_TRANSFER conservedUploads=47 conservedUploadBytes=13860864000 conservedDownloadBytes=13860864000 stateUploadBytes=22249472000 primitiveUploadBytes=6553600000 gasUploadBytes=0 boundaryPartitions=256
REACTIVE_DEVICE_PROPERTIES builds=0 cells=0 partitionUploadBytes=0 thermoTableBytes=0 gasStatusChecks=0 cflFaceLaunches=47 transportFaceLaunches=47 faceWorkspaceBytes=1780531200
End
