{"spec": "uniform:8:2", "mode": "main", "passed": true, "error": null, "wall_seconds": 0.8618526569998721}
{"spec": "uniform:8:2", "mode": "cpu", "passed": true, "error": null, "wall_seconds": 0.867541921999873}
{"spec": "uniform:8:2", "mode": "cuda", "passed": true, "error": null, "wall_seconds": 0.8640157109998654}
{"spec": "uniform:8:2", "mode": "cuda-workers", "passed": true, "error": null, "wall_seconds": 0.8566400139998223}
{"spec": "acoustic:32:2", "mode": "main", "passed": true, "error": null, "wall_seconds": 8.145617949000098}
{"spec": "acoustic:32:2", "mode": "cpu", "passed": true, "error": null, "wall_seconds": 8.373429221000151}
{"spec": "acoustic:32:2", "mode": "cuda", "passed": true, "error": null, "wall_seconds": 8.516703919000065}
{"spec": "acoustic:32:2", "mode": "cuda-workers", "passed": true, "error": null, "wall_seconds": 6.37887683200006}
{"spec": "acoustic:64:2", "mode": "main", "passed": true, "error": null, "wall_seconds": 30.135877760000312}
{"spec": "acoustic:64:2", "mode": "cpu", "passed": true, "error": null, "wall_seconds": 30.853046342000198}
{"spec": "acoustic:64:2", "mode": "cuda", "passed": true, "error": null, "wall_seconds": 31.08432060999985}
{"spec": "acoustic:64:2", "mode": "cuda-workers", "passed": true, "error": null, "wall_seconds": 22.6085944309998}
{"spec": "shock:64:2", "mode": "main", "passed": true, "error": null, "wall_seconds": 0.7893070089999128}
{"spec": "shock:64:2", "mode": "cpu", "passed": true, "error": null, "wall_seconds": 0.7917532390001725}
{"spec": "shock:64:2", "mode": "cuda", "passed": true, "error": null, "wall_seconds": 0.8455715039999632}
{"spec": "shock:64:2", "mode": "cuda-workers", "passed": true, "error": null, "wall_seconds": 0.896536413999911}
{"spec": "release:32:0", "mode": "main", "passed": true, "error": null, "wall_seconds": 2.749948187999962}
{"spec": "release:32:0", "mode": "cpu", "passed": true, "error": null, "wall_seconds": 2.7669211730003553}
{"spec": "release:32:0", "mode": "cuda", "passed": true, "error": null, "wall_seconds": 2.7489267330001894}
{"spec": "release:32:0", "mode": "cuda-workers", "passed": true, "error": null, "wall_seconds": 2.2521815350000907}
{"spec": "contact:32:2", "mode": "main", "passed": true, "error": null, "wall_seconds": 7.628793315000166}
{"spec": "contact:32:2", "mode": "cpu", "passed": true, "error": null, "wall_seconds": 7.9261699040002895}
{"spec": "contact:32:2", "mode": "cuda", "passed": true, "error": null, "wall_seconds": 7.888542760999826}
{"spec": "contact:32:2", "mode": "cuda-workers", "passed": true, "error": null, "wall_seconds": 5.824132824000117}
{"spec": "viscous:64:2", "mode": "main", "passed": true, "error": null, "wall_seconds": 0.8600693920002414}
{"spec": "viscous:64:2", "mode": "cpu", "passed": true, "error": null, "wall_seconds": 0.8538206690000152}
{"spec": "viscous:64:2", "mode": "cuda", "passed": true, "error": null, "wall_seconds": 0.8580913440000586}
{"spec": "viscous:64:2", "mode": "cuda-workers", "passed": true, "error": null, "wall_seconds": 0.8595956919998571}
{"spec": "viscous-zero:64:2", "mode": "main", "passed": true, "error": null, "wall_seconds": 0.8601727899999787}
{"spec": "viscous-zero:64:2", "mode": "cpu", "passed": true, "error": null, "wall_seconds": 0.8546224709998569}
{"spec": "viscous-zero:64:2", "mode": "cuda", "passed": true, "error": null, "wall_seconds": 0.8648245480003425}
{"spec": "viscous-zero:64:2", "mode": "cuda-workers", "passed": true, "error": null, "wall_seconds": 0.8622797650000393}
{"spec": "conduction:64:2", "mode": "main", "passed": true, "error": null, "wall_seconds": 0.9083382439998786}
{"spec": "conduction:64:2", "mode": "cpu", "passed": true, "error": null, "wall_seconds": 0.9071059859998059}
{"spec": "conduction:64:2", "mode": "cuda", "passed": true, "error": null, "wall_seconds": 0.9050731729998915}
{"spec": "conduction:64:2", "mode": "cuda-workers", "passed": true, "error": null, "wall_seconds": 0.9034148700002333}
{"spec": "conduction-zero:64:2", "mode": "main", "passed": true, "error": null, "wall_seconds": 0.8686545629998363}
{"spec": "conduction-zero:64:2", "mode": "cpu", "passed": true, "error": null, "wall_seconds": 0.8621554579999611}
{"spec": "conduction-zero:64:2", "mode": "cuda", "passed": true, "error": null, "wall_seconds": 0.8634079039998142}
{"spec": "conduction-zero:64:2", "mode": "cuda-workers", "passed": true, "error": null, "wall_seconds": 0.8581754710003224}
{"spec": "diffusion:64:2", "mode": "main", "passed": true, "error": null, "wall_seconds": 2.3107895210000606}
{"spec": "diffusion:64:2", "mode": "cpu", "passed": true, "error": null, "wall_seconds": 2.0610523880000073}
{"spec": "diffusion:64:2", "mode": "cuda", "passed": true, "error": null, "wall_seconds": 2.1625307039998916}
{"spec": "diffusion:64:2", "mode": "cuda-workers", "passed": true, "error": null, "wall_seconds": 2.5671449149999717}
{"spec": "diffusion:64:2", "mode": "cuda-host", "passed": true, "error": null, "wall_seconds": 2.213986393000141}
{"spec": "diffusion-zero:64:2", "mode": "main", "passed": true, "error": null, "wall_seconds": 1.7708212910001748}
{"spec": "diffusion-zero:64:2", "mode": "cpu", "passed": true, "error": null, "wall_seconds": 1.7753222870001082}
{"spec": "diffusion-zero:64:2", "mode": "cuda", "passed": true, "error": null, "wall_seconds": 1.8710585280000487}
{"spec": "diffusion-zero:64:2", "mode": "cuda-workers", "passed": true, "error": null, "wall_seconds": 2.1647273969997514}
{"spec": "chemistry:4:2", "mode": "main", "passed": true, "error": null, "wall_seconds": 60.01863759700018}
{"spec": "chemistry:4:2", "mode": "cpu", "passed": true, "error": null, "wall_seconds": 45.20290120400023}
{"spec": "chemistry:4:2", "mode": "cuda", "passed": true, "error": null, "wall_seconds": 46.421420485}
{"spec": "chemistry:4:2", "mode": "cuda-workers", "passed": true, "error": null, "wall_seconds": 40.46873373100016}
{"spec": "chemistry:4:2", "mode": "cpu-auto", "passed": true, "error": null, "wall_seconds": 35.56574112499993}
{"spec": "chemistry:4:2", "mode": "cuda-auto", "passed": true, "error": null, "wall_seconds": 33.10249453000006}
{"spec": "coupled:4:2", "mode": "main", "passed": true, "error": null, "wall_seconds": 10.447771661999923}
{"spec": "coupled:4:2", "mode": "cpu", "passed": true, "error": null, "wall_seconds": 57.2291237469999}
{"spec": "coupled:4:2", "mode": "cuda", "passed": true, "error": null, "wall_seconds": 73.09004842599961}
{"spec": "coupled:4:2", "mode": "cuda-workers", "passed": true, "error": null, "wall_seconds": 43.61943772299992}
{"spec": "reacting-shock:8:2", "mode": "main", "passed": true, "error": null, "wall_seconds": 13.788484748999963}
{"spec": "reacting-shock:8:2", "mode": "cpu", "passed": true, "error": null, "wall_seconds": 12.79806624999992}
{"spec": "reacting-shock:8:2", "mode": "cuda", "passed": true, "error": null, "wall_seconds": 13.313997304000168}
{"spec": "reacting-shock:8:2", "mode": "cuda-workers", "passed": true, "error": null, "wall_seconds": 8.90395816199998}
{"spec": "reacting-shock:8:2", "mode": "cpu-auto", "passed": true, "error": null, "wall_seconds": 13.062036988000273}
{"spec": "reacting-shock:8:2", "mode": "cuda-auto", "passed": true, "error": null, "wall_seconds": 8.260864066000067}
{"spec": "pr-chemistry:4:2", "mode": "main", "passed": true, "error": null, "wall_seconds": 0.8769389069998397}
{"spec": "pr-chemistry:4:2", "mode": "cpu", "passed": true, "error": null, "wall_seconds": 0.8578953199998978}
{"spec": "pr-chemistry:4:2", "mode": "cuda", "passed": true, "error": null, "wall_seconds": 0.8514507099998809}
{"spec": "pr-chemistry:4:2", "mode": "cuda-workers", "passed": true, "error": null, "wall_seconds": 0.8537829709998732}
{"spec": "pr-chemistry:4:2", "mode": "cpu-matrixFree", "passed": true, "error": null, "wall_seconds": 0.9091463439999643}
{"spec": "pr-chemistry:4:2", "mode": "cpu-matrixFreeWoodbury", "passed": true, "error": null, "wall_seconds": 0.8993374450001284}
{"spec": "pr-chemistry:4:2", "mode": "cuda-matrixFree", "passed": true, "error": null, "wall_seconds": 0.9000589669999499}
{"spec": "pr-chemistry:4:2", "mode": "cuda-matrixFreeWoodbury", "passed": true, "error": null, "wall_seconds": 0.9047695730000669}
