/*---------------------------------------------------------------------------*\
| =========                 |                                                 |
| \\      /  F ield         | OpenFOAM: The Open Source CFD Toolbox           |
|  \\    /   O peration     | Version:  2512                                  |
|   \\  /    A nd           | Website:  www.openfoam.com                      |
|    \\/     M anipulation  |                                                 |
\*---------------------------------------------------------------------------*/
Build  : 5916a466-20260728 OPENFOAM=2512 version=v2512
Arch   : "LSB;label=32;scalar=64"
Exec   : /home/jsw/문서/analysis/spuma-multiphysics-spray-physics/bin/ReactiveFoam -case /home/jsw/문서/analysis/runs/impinging_n2o_cube80_z40_counters_1us_20260923/n160/full-physics/ambient_1atm
Date   : Sep 23 2026
Time   : 23:49:17
Host   : jsw-ubuntu
PID    : 11999
I/O    : uncollated
Case   : /home/jsw/문서/analysis/runs/impinging_n2o_cube80_z40_counters_1us_20260923/n160/full-physics/ambient_1atm
nProcs : 1
memory pool : not available
fileModificationChecking : Monitoring run-time modified files using timeStampMaster (fileModificationSkew 5, maxFileModificationPolls 20)
allowSystemOperations : Allowing user-supplied system call operations

// * * * * * * * * * * * * * * * * * * * * * * * * * * * * * * * * * * * * * //
Initializing CUDA devices

CUDA Driver Version / Runtime Version:  13.2 / 13.2
Number of threads per block: 128

Create dummyMemoryPool
 
Create time

Create mesh for time = 0

REACTIVE_RECOVERY mode=reference baseline=reference_candidate_search fallback=none
REACTIVE_CLOSURE_ACCELERATION exactBatchReuse=0 scalarBackend=cpu fullBackend=cuda deviceFullClosure=1 closureJacobian=finiteDifference requestedClosureJacobian=finiteDifference
REACTIVE_RUNTIME runId="11999-624396851576" solverSha256="4f59195d821988335697c8a515a55ffc960da7442f77f91dadd8d1b803b44858" manifest={"schema":1,"backendPath":"/home/jsw/문서/analysis/spuma-multiphysics-spray-physics/lib/libpintleReactiveBackend.so","backendSha256":"7d3308ad0bf05428d25829ee9be55afd0f1149494573143bb9845ddbd760ad25","thermoConfiguration":"/home/jsw/문서/analysis/runs/impinging_n2o_cube80_z40_counters_1us_20260923/n160/base/thermo/cold-pr-config.yaml","physicalModelHash":"e8a14864dd2082dde742598dbbcc5f0f2454bc521d93b9a3bd0befc47d4c9c4e","numericalPolicyHash":"84a6d15bb9da7f2463c14bf7ebc679532d122ce30a0d49e997b139830a94d781","modelFingerprint":"86843f73688e246995634977344ab1b56b1c0d5b17fb5620310e34555e990f4f","eos":"Peng-Robinson","closureBackend":"cuda","chemistryBackend":"cpu","deviceFullClosure":true,"deviceChemistryIntegration":false,"closureCpuFallback":false,"closureJacobian":"finiteDifference","solidN2O":false,"enforceSpeciesTemperatureBounds":true,"exactBatchReuse":false,"deviceCaloricCandidates":false,"deviceCaloricScope":"no-condensable-inventory; NASA/PR-alpha single interval; host branch/residual/stability approval","hemLibrary":"/home/jsw/문서/analysis/spuma-multiphysics-spray-physics/lib/libpintleReactiveTransport.so","hemLibrarySha256":"07434f8a9624d00bce8c9694ecaa997da227b6acb0cc4c1878d294ebfcf8e15f","hemNumericalPolicy":"legacy-fp64-separate-rn","deviceHemScope":"PR; nonreacting HEM; all reference candidates and boundary fallback; experimental"}
REACTIVE_TURBULENCE model=WALE-stress-v1 backend=cuda Cw=0.32500000000000001 filter=cubeRootVolume stressWork=1 sgsHeatFlux=1 sgsSpeciesMixing=1 Prt=0.84999999999999998 Sct=0.69999999999999996 scalarPropertyBackend=device-pr scalarFluxBackend=cuda sgsK=none TCI=0
REACTIVE_PHYSICS chemistry=0 combustion=0 phaseChange=equilibrium viscosity=1 heatConduction=1 speciesDiffusion=0 turbulence=WALE-stress-v1 turbulentHeatFlux=1 turbulentSpeciesMixing=1 surfaceTension=1 interfaceModel=diffuse-liquid-inventory-v1 totalEnergy=1 thermodynamicRecovery=1 frozenLiquidFields=0 transportedLiquidFields=1
REACTIVE_CAPILLARY sigma=0.0020577273399028486 geometryBackend=cuda tractionBackend=cuda closureBackend=cuda pressureModel=curved-phase-split surfaceEnergyInTotal=1 capillaryCfl=0.25 geometryScheme=Gauss-diffuse noPLIC=1
REACTIVE_PHYSICAL_MODEL hash=e8a14864dd2082dde742598dbbcc5f0f2454bc521d93b9a3bd0befc47d4c9c4e numericalPolicyHash=84a6d15bb9da7f2463c14bf7ebc679532d122ce30a0d49e997b139830a94d781 eos=Peng-Robinson realEOS=1 phaseEquilibrium=1 nonidealDiffusion=0 deviceClosure=1 deviceKinetics=0 mixtureLiquid=0
REACTIVE_BACKENDS transport=cuda thermodynamics=cuda chemistry=cpu chemicalLinearSolver=dense transportGasProperties=disabled
REACTIVE_MODEL cells=4096000 species=4 reactions=0 liquids=1 estimatedHostBytes=11048301568 chemistry=0
REACTIVE_SPECIES index=0 name=N2
REACTIVE_SPECIES index=1 name=O2
REACTIVE_SPECIES index=2 name=N2O
REACTIVE_SPECIES index=3 name=IC3H7OH
REACTIVE_CHECKPOINT time=0 acceptedSteps=0 complete=1 schema=3
REACTIVE_ATTEMPT_PROFILE attempt=2 accepted=0 retry=0 sourceCalls=0 fullPhaseEvaluations=0 scalarProbes=0 rootChecks=0 matrixFreeProducts=0 factorBuilds=0 workerJobElapsedSeconds=0
REACTIVE_RETRY dt=5.174920411489206e-08 reason=RK stage wave/diffusion CFL requires a smaller step
REACTIVE_ATTEMPT_PROFILE attempt=3 accepted=1 retry=1 sourceCalls=0 fullPhaseEvaluations=0 scalarProbes=0 rootChecks=0 matrixFreeProducts=0 factorBuilds=0 workerJobElapsedSeconds=0
REACTIVE_STEP time=2.587460205744603e-08 dt=2.587460205744603e-08 retries=1 massResidual=8.1677072959896544e-15 energyResidual=-9.4803182127318394e-14 momentumResidual=3.9710815349221952e-21 globalElementResidual=5.7959708509962817e-15 frozenLiquidResidual=0 speciesResidual=5.627932849565722e-15 elementDrift=0 minP=85199.709575813511 maxP=101324.99999999997 minT=181.23505199354426 maxT=293.14999999999998 maxMach=0.026559808193346513 minAlphaGas=0.99999999999999967 maxAlphaGas=1.0000000000000002 maxVolumeResidual=3.3306690738754696e-16 maxUVResidual=3.2781590060134572e-10 maxMuResidual=0 maxMechanicalResidual=0 seconds=9.4331487939999992
REACTIVE_CAPILLARY_STEP time=2.587460205744603e-08 area=3.9999999999999949e-05 surfaceEnergy=8.2309093596113842e-08 liquidMass=0 closureResidual=0 recoveryCalls=4 outerIterations=5
REACTIVE_STEP_TIMINGS time=2.587460205744603e-08 cflSeconds=0.85061523000000006 backupSeconds=0.28519760899999996 transportSeconds=1.2410066870000001 recoverySeconds=6.9610239629999997 sourceSeconds=0 conservationSeconds=0.015566211 diagnosticsSeconds=0.028163476999999999 nestedBatchPackSeconds=0.1547457709999995 nestedBatchCallSeconds=5.5205046739999846 nestedBatchScatterSeconds=0 nestedScalarPropertySeconds=0.63042577499999997 otherSeconds=0.051575616999997458
REACTIVE_GPU_HEM_STEP time=2.587460205744603e-08 batches=4000 submitted=16384000 succeeded=16384000 cpuFallbacks=0 deviceFailures=0 phaseEvaluations=66055792 residualEvaluations=246312 analyticJacobians=0 finiteDifferenceJacobians=33496 wallSeconds=5.1095436250000041 kernelSeconds=4.3676439260244617 copySeconds=0.54481040123850333
REACTIVE_CHECKPOINT time=2.587460205744603e-08 acceptedSteps=1 complete=1 schema=3
REACTIVE_ATTEMPT_PROFILE attempt=4 accepted=1 retry=0 sourceCalls=0 fullPhaseEvaluations=0 scalarProbes=0 rootChecks=0 matrixFreeProducts=0 factorBuilds=0 workerJobElapsedSeconds=0
REACTIVE_STEP time=6.0870616421544342e-08 dt=3.4996014364098319e-08 retries=0 massResidual=1.9602713002797096e-14 energyResidual=-2.1520925724476668e-13 momentumResidual=9.2697141388864716e-21 globalElementResidual=1.7596024359234876e-14 frozenLiquidResidual=0 speciesResidual=1.7085743361756325e-14 elementDrift=0 minP=96748.977139085342 maxP=101324.99999999997 minT=169.46979358549169 maxT=293.14999999999998 maxMach=0.051898015908378746 minAlphaGas=0.99973143263203901 maxAlphaGas=1.0000000000000002 maxVolumeResidual=8.8385510021993241e-10 maxUVResidual=4.5201973050354635e-10 maxMuResidual=8.4268165778667026e-09 maxMechanicalResidual=0 seconds=7.4218187010000003
REACTIVE_CAPILLARY_STEP time=6.0870616421544342e-08 area=4.0002257538352102e-05 surfaceEnergy=8.2313738994501947e-08 liquidMass=7.0523976653541408e-09 closureResidual=1.3495145485039467e-11 recoveryCalls=6 outerIterations=9
REACTIVE_STEP_TIMINGS time=6.0870616421544342e-08 cflSeconds=0.57609938399999994 backupSeconds=0.28795385899999998 transportSeconds=0.79440294599999994 recoverySeconds=5.7157872629999993 sourceSeconds=0 conservationSeconds=0.019385643000000001 diagnosticsSeconds=0.028129946999999999 nestedBatchPackSeconds=0.15332267699999994 nestedBatchCallSeconds=4.4687356679999848 nestedBatchScatterSeconds=0 nestedScalarPropertySeconds=0.42104707799999996 otherSeconds=5.9659000001207468e-05
REACTIVE_GPU_HEM_STEP time=6.0870616421544342e-08 batches=4000 submitted=16384000 succeeded=16384000 cpuFallbacks=0 deviceFailures=0 phaseEvaluations=65869264 residualEvaluations=149992 analyticJacobians=0 finiteDifferenceJacobians=19176 wallSeconds=4.05329774199999 kernelSeconds=3.3108378033638699 copySeconds=0.54443629022687456
REACTIVE_ATTEMPT_PROFILE attempt=5 accepted=1 retry=0 sourceCalls=0 fullPhaseEvaluations=0 scalarProbes=0 rootChecks=0 matrixFreeProducts=0 factorBuilds=0 workerJobElapsedSeconds=0
REACTIVE_STEP time=9.7746432812682346e-08 dt=3.6875816391138004e-08 retries=0 massResidual=3.524027305765603e-14 energyResidual=-3.4423647270413834e-13 momentumResidual=1.6284365234237977e-20 globalElementResidual=3.012502771610379e-14 frozenLiquidResidual=0 speciesResidual=2.925137003974725e-14 elementDrift=0 minP=101121.8295314412 maxP=117306.17270247755 minT=174.97321079133172 maxT=293.14999999999998 maxMach=0.066216998182404813 minAlphaGas=0.99938410112757248 maxAlphaGas=1.0000000000000004 maxVolumeResidual=1.0400746930372406e-10 maxUVResidual=2.9729090999830695e-11 maxMuResidual=5.0158632802776992e-10 maxMechanicalResidual=0 seconds=7.472062749
REACTIVE_CAPILLARY_STEP time=9.7746432812682346e-08 area=4.0005248601233723e-05 surfaceEnergy=8.2319893786368826e-08 liquidMass=1.6063953798449486e-08 closureResidual=1.5619812301220781e-12 recoveryCalls=8 outerIterations=13
REACTIVE_STEP_TIMINGS time=9.7746432812682346e-08 cflSeconds=0.56683305300000009 backupSeconds=0.28664113499999999 transportSeconds=0.79032286600000001 recoverySeconds=5.7828405949999997 sourceSeconds=0 conservationSeconds=0.017370746999999999 diagnosticsSeconds=0.027996376 nestedBatchPackSeconds=0.15252741500000044 nestedBatchCallSeconds=4.5437413180000057 nestedBatchScatterSeconds=0 nestedScalarPropertySeconds=0.41930524799999996 otherSeconds=5.7977000000108275e-05
REACTIVE_GPU_HEM_STEP time=9.7746432812682346e-08 batches=4000 submitted=16384000 succeeded=16384000 cpuFallbacks=0 deviceFailures=0 phaseEvaluations=65890744 residualEvaluations=171576 analyticJacobians=0 finiteDifferenceJacobians=19368 wallSeconds=4.1323606049999793 kernelSeconds=3.3912869412303772 copySeconds=0.54421769822388533
REACTIVE_ATTEMPT_PROFILE attempt=6 accepted=1 retry=0 sourceCalls=0 fullPhaseEvaluations=0 scalarProbes=0 rootChecks=0 matrixFreeProducts=0 factorBuilds=0 workerJobElapsedSeconds=0
REACTIVE_STEP time=1.3707234225116985e-07 dt=3.9325909438487515e-08 retries=0 massResidual=4.0807345126664666e-14 energyResidual=-4.8984329935748367e-13 momentumResidual=2.0899708718238594e-20 globalElementResidual=3.4117413100776018e-14 frozenLiquidResidual=0 speciesResidual=3.3128028184723275e-14 elementDrift=0 minP=101192.19418023853 maxP=137575.1053224807 minT=179.52949715761795 maxT=293.15156382068494 maxMach=0.077290532266097417 minAlphaGas=0.99900824514376541 maxAlphaGas=1.0000000000000004 maxVolumeResidual=1.926976356259047e-10 maxUVResidual=5.3034489826546477e-10 maxMuResidual=2.2882673533786146e-10 maxMechanicalResidual=0 seconds=7.4493643690000004
REACTIVE_CAPILLARY_STEP time=1.3707234225116985e-07 area=4.0008505264844125e-05 surfaceEnergy=8.2326595112116808e-08 liquidMass=2.5675126430888347e-08 closureResidual=1.6158930747287026e-12 recoveryCalls=10 outerIterations=17
REACTIVE_STEP_TIMINGS time=1.3707234225116985e-07 cflSeconds=0.56413532500000008 backupSeconds=0.284160568 transportSeconds=0.79242416700000007 recoverySeconds=5.76305975 sourceSeconds=0 conservationSeconds=0.017427986999999999 diagnosticsSeconds=0.028098768 nestedBatchPackSeconds=0.15229980899999981 nestedBatchCallSeconds=4.5238254160000011 nestedBatchScatterSeconds=0 nestedScalarPropertySeconds=0.42121132100000003 otherSeconds=5.7804000000803019e-05
REACTIVE_GPU_HEM_STEP time=1.3707234225116985e-07 batches=4000 submitted=16384000 succeeded=16384000 cpuFallbacks=0 deviceFailures=0 phaseEvaluations=65901088 residualEvaluations=193840 analyticJacobians=0 finiteDifferenceJacobians=18880 wallSeconds=4.112621367999898 kernelSeconds=3.3728006244898463 copySeconds=0.54282377768307777
REACTIVE_ATTEMPT_PROFILE attempt=7 accepted=1 retry=0 sourceCalls=0 fullPhaseEvaluations=0 scalarProbes=0 rootChecks=0 matrixFreeProducts=0 factorBuilds=0 workerJobElapsedSeconds=0
REACTIVE_STEP time=1.7766927638785429e-07 dt=4.0596934136684431e-08 retries=0 massResidual=4.2775494087868672e-14 energyResidual=-6.3440643285721484e-13 momentumResidual=2.7168902408657267e-20 globalElementResidual=3.7817886372850038e-14 frozenLiquidResidual=0 speciesResidual=3.6721671238081512e-14 elementDrift=0 minP=101212.88561928763 maxP=157958.97346662302 minT=183.3758392017649 maxT=293.1596103157587 maxMach=0.086395836922757374 minAlphaGas=0.99861611536370321 maxAlphaGas=1.0000000000000002 maxVolumeResidual=7.6593176245864925e-11 maxUVResidual=9.9584845688041363e-10 maxMuResidual=2.0278534407225379e-10 maxMechanicalResidual=0 seconds=7.4178049220000002
REACTIVE_CAPILLARY_STEP time=1.7766927638785429e-07 area=4.0011912032997979e-05 surfaceEnergy=8.2333605312087712e-08 liquidMass=3.5571523868627251e-08 closureResidual=1.0914285968055548e-12 recoveryCalls=12 outerIterations=21
REACTIVE_STEP_TIMINGS time=1.7766927638785429e-07 cflSeconds=0.56382928399999999 backupSeconds=0.28564931799999999 transportSeconds=0.79240227900000004 recoverySeconds=5.7293341039999994 sourceSeconds=0 conservationSeconds=0.018485274999999999 diagnosticsSeconds=0.028048943999999999 nestedBatchPackSeconds=0.15258473900000072 nestedBatchCallSeconds=4.4871881300000034 nestedBatchScatterSeconds=0 nestedScalarPropertySeconds=0.41874197599999996 otherSeconds=5.5718000001137719e-05
REACTIVE_GPU_HEM_STEP time=1.7766927638785429e-07 batches=4000 submitted=16384000 succeeded=16384000 cpuFallbacks=0 deviceFailures=0 phaseEvaluations=65918316 residualEvaluations=224124 analyticJacobians=0 finiteDifferenceJacobians=18672 wallSeconds=4.0754797090000245 kernelSeconds=3.3354097762706019 copySeconds=0.54310425810516838
REACTIVE_ATTEMPT_PROFILE attempt=8 accepted=1 retry=0 sourceCalls=0 fullPhaseEvaluations=0 scalarProbes=0 rootChecks=0 matrixFreeProducts=0 factorBuilds=0 workerJobElapsedSeconds=0
REACTIVE_STEP time=2.1891001786893791e-07 dt=4.1240741481083617e-08 retries=0 massResidual=5.784980186938763e-14 energyResidual=-7.7794913665168119e-13 momentumResidual=3.3607994067008449e-20 globalElementResidual=4.5233564154629456e-14 frozenLiquidResidual=0 speciesResidual=4.3921616215173888e-14 elementDrift=0 minP=101127.73338932413 maxP=178288.17778488202 minT=186.68557751738925 maxT=293.17317853754656 maxMach=0.09446471148085149 minAlphaGas=0.99821417163980208 maxAlphaGas=1.0000000000000004 maxVolumeResidual=1.0196765654058026e-10 maxUVResidual=6.1252071147446674e-10 maxMuResidual=4.4772008322979673e-10 maxMechanicalResidual=0 seconds=7.4009152870000001
REACTIVE_CAPILLARY_STEP time=2.1891001786893791e-07 area=4.0015398988238799e-05 surfaceEnergy=8.234078051521976e-08 liquidMass=4.5587616411837306e-08 closureResidual=1.5222205006909517e-12 recoveryCalls=14 outerIterations=25
REACTIVE_STEP_TIMINGS time=2.1891001786893791e-07 cflSeconds=0.56530901499999997 backupSeconds=0.284420846 transportSeconds=0.792711791 recoverySeconds=5.7103924819999996 sourceSeconds=0 conservationSeconds=0.019790937000000001 diagnosticsSeconds=0.028230754 nestedBatchPackSeconds=0.15257587999999958 nestedBatchCallSeconds=4.4747794060000077 nestedBatchScatterSeconds=0 nestedScalarPropertySeconds=0.41895755599999995 otherSeconds=5.9462000000041343e-05
REACTIVE_GPU_HEM_STEP time=2.1891001786893791e-07 batches=4000 submitted=16384000 succeeded=16384000 cpuFallbacks=0 deviceFailures=0 phaseEvaluations=65941960 residualEvaluations=260024 analyticJacobians=0 finiteDifferenceJacobians=18672 wallSeconds=4.0633776929999428 kernelSeconds=3.3232492595019636 copySeconds=0.54336893014610288
REACTIVE_ATTEMPT_PROFILE attempt=9 accepted=1 retry=0 sourceCalls=0 fullPhaseEvaluations=0 scalarProbes=0 rootChecks=0 matrixFreeProducts=0 factorBuilds=0 workerJobElapsedSeconds=0
REACTIVE_STEP time=2.6061142944971123e-07 dt=4.1701411580773301e-08 retries=0 massResidual=5.3798207360809021e-14 energyResidual=-9.2726749968099295e-13 momentumResidual=5.0105739182270697e-20 globalElementResidual=4.7718526104378381e-14 frozenLiquidResidual=0 speciesResidual=4.633481834389555e-14 elementDrift=0 minP=100910.26219977686 maxP=198615.44470370212 minT=189.59207564023234 maxT=293.19216057726641 maxMach=0.10183091722850893 minAlphaGas=0.99780493695887096 maxAlphaGas=1.0000000000000004 maxVolumeResidual=7.8627193644820181e-10 maxUVResidual=9.3221244180045098e-10 maxMuResidual=2.1310881948011229e-09 maxMechanicalResidual=0 seconds=8.8132225430000002
REACTIVE_CAPILLARY_STEP time=2.6061142944971123e-07 area=4.0018932064696002e-05 surfaceEnergy=8.2348050623239709e-08 liquidMass=5.5659289967826164e-08 closureResidual=1.5703991926296901e-12 recoveryCalls=16 outerIterations=29
REACTIVE_STEP_TIMINGS time=2.6061142944971123e-07 cflSeconds=0.56972544699999994 backupSeconds=0.28615805 transportSeconds=0.79182957300000001 recoverySeconds=7.1176503330000003 sourceSeconds=0 conservationSeconds=0.019597460000000001 diagnosticsSeconds=0.028205112000000001 nestedBatchPackSeconds=0.15267548700000011 nestedBatchCallSeconds=5.8802599359999919 nestedBatchScatterSeconds=0 nestedScalarPropertySeconds=0.41906609900000003 otherSeconds=5.6567999999909691e-05
REACTIVE_GPU_HEM_STEP time=2.6061142944971123e-07 batches=4000 submitted=16384000 succeeded=16384000 cpuFallbacks=0 deviceFailures=0 phaseEvaluations=66228106 residualEvaluations=563926 analyticJacobians=0 finiteDifferenceJacobians=30464 wallSeconds=5.4677998270000252 kernelSeconds=4.7256530579032869 copySeconds=0.54482678637653592
REACTIVE_ATTEMPT_PROFILE attempt=10 accepted=1 retry=0 sourceCalls=0 fullPhaseEvaluations=0 scalarProbes=0 rootChecks=0 matrixFreeProducts=0 factorBuilds=0 workerJobElapsedSeconds=0
REACTIVE_STEP time=3.0289977683412107e-07 dt=4.2288347384409858e-08 retries=0 massResidual=5.6702243700885611e-14 energyResidual=-1.0773054485980811e-12 momentumResidual=6.0126887018724829e-20 globalElementResidual=4.6192011974729826e-14 frozenLiquidResidual=0 speciesResidual=4.4852187738485141e-14 elementDrift=0 minP=100550.21662364603 maxP=219705.89170995806 minT=192.13765233731527 maxT=293.21608010161816 maxMach=0.1087954870865231 minAlphaGas=0.99738786922076228 maxAlphaGas=1.0000000000000002 maxVolumeResidual=8.643736837399274e-10 maxUVResidual=9.9128829780036346e-10 maxMuResidual=5.5050364267117402e-10 maxMechanicalResidual=0 seconds=11.680183846
REACTIVE_CAPILLARY_STEP time=3.0289977683412107e-07 area=4.0022507469415472e-05 surfaceEnergy=8.235540783128219e-08 liquidMass=6.580035912946025e-08 closureResidual=1.527625682201661e-12 recoveryCalls=18 outerIterations=33
REACTIVE_STEP_TIMINGS time=3.0289977683412107e-07 cflSeconds=0.56489361100000002 backupSeconds=0.28559384200000004 transportSeconds=0.79389328399999992 recoverySeconds=9.9887867210000003 sourceSeconds=0 conservationSeconds=0.018693049 diagnosticsSeconds=0.028266672 nestedBatchPackSeconds=0.15259433200000005 nestedBatchCallSeconds=8.7481230320000112 nestedBatchScatterSeconds=0 nestedScalarPropertySeconds=0.42078581800000003 otherSeconds=5.6666999999410023e-05
REACTIVE_GPU_HEM_STEP time=3.0289977683412107e-07 batches=4000 submitted=16384000 succeeded=16384000 cpuFallbacks=0 deviceFailures=0 phaseEvaluations=67071630 residualEvaluations=1522528 analyticJacobians=0 finiteDifferenceJacobians=72426 wallSeconds=8.3359522859999871 kernelSeconds=7.5960340216162514 copySeconds=0.54303110530974186
REACTIVE_ATTEMPT_PROFILE attempt=11 accepted=1 retry=0 sourceCalls=0 fullPhaseEvaluations=0 scalarProbes=0 rootChecks=0 matrixFreeProducts=0 factorBuilds=0 workerJobElapsedSeconds=0
REACTIVE_STEP time=3.4601184049171593e-07 dt=4.3112063657594868e-08 retries=0 massResidual=6.1677757456511094e-14 energyResidual=-1.2299642621233792e-12 momentumResidual=5.6118427884143174e-20 globalElementResidual=5.0717141700486384e-14 frozenLiquidResidual=0 speciesResidual=4.924664157371471e-14 elementDrift=0 minP=100044.64126794859 maxP=241023.10620205183 minT=194.44200183986348 maxT=293.24414985204885 maxMach=0.11555824624761041 minAlphaGas=0.99696138650329758 maxAlphaGas=1.0000000000000004 maxVolumeResidual=8.220091274324659e-13 maxUVResidual=8.5729001147897235e-10 maxMuResidual=1.7763568394002505e-13 maxMechanicalResidual=0 seconds=13.428246911
REACTIVE_CAPILLARY_STEP time=3.4601184049171593e-07 area=4.0026134188169032e-05 surfaceEnergy=8.2362870629615524e-08 liquidMass=7.6050828171451455e-08 closureResidual=1.6576787685573802e-12 recoveryCalls=20 outerIterations=37
REACTIVE_STEP_TIMINGS time=3.4601184049171593e-07 cflSeconds=0.56633748300000009 backupSeconds=0.28452796199999997 transportSeconds=0.79292215899999996 recoverySeconds=11.737540436 sourceSeconds=0 conservationSeconds=0.018660823 diagnosticsSeconds=0.028200764999999999 nestedBatchPackSeconds=0.1524633560000006 nestedBatchCallSeconds=10.496316342000011 nestedBatchScatterSeconds=0 nestedScalarPropertySeconds=0.42026913999999999 otherSeconds=5.7283000000806633e-05
REACTIVE_GPU_HEM_STEP time=3.4601184049171593e-07 batches=4000 submitted=16384000 succeeded=16384000 cpuFallbacks=0 deviceFailures=0 phaseEvaluations=67447636 residualEvaluations=1949043 analyticJacobians=0 finiteDifferenceJacobians=91216 wallSeconds=10.083956960000023 kernelSeconds=9.3427984746991655 copySeconds=0.54362409806253797
REACTIVE_ATTEMPT_PROFILE attempt=12 accepted=1 retry=0 sourceCalls=0 fullPhaseEvaluations=0 scalarProbes=0 rootChecks=0 matrixFreeProducts=0 factorBuilds=0 workerJobElapsedSeconds=0
REACTIVE_STEP time=3.9021353744369377e-07 dt=4.4201696951977825e-08 retries=0 massResidual=6.5482471010298894e-14 energyResidual=-1.3760569108873984e-12 momentumResidual=1.1424108533557719e-19 globalElementResidual=5.2726851108510574e-14 frozenLiquidResidual=0 speciesResidual=5.1197550425983928e-14 elementDrift=0 minP=99392.595668215057 maxP=262679.86106616573 minT=196.57464666014752 maxT=293.275583518899 maxMach=0.12225448950127109 minAlphaGas=0.99652366132161641 maxAlphaGas=1.0000000000000004 maxVolumeResidual=2.3530066783905568e-12 maxUVResidual=9.9979893329583187e-10 maxMuResidual=3.5171865420124959e-13 maxMechanicalResidual=0 seconds=12.818467477
REACTIVE_CAPILLARY_STEP time=3.9021353744369377e-07 area=4.0029826264194345e-05 surfaceEnergy=8.2370467915393816e-08 liquidMass=8.6456464393734708e-08 closureResidual=1.7826061807224569e-12 recoveryCalls=22 outerIterations=41
REACTIVE_STEP_TIMINGS time=3.9021353744369377e-07 cflSeconds=0.56627600199999995 backupSeconds=0.285231597 transportSeconds=0.79337801000000008 recoverySeconds=11.126564115000001 sourceSeconds=0 conservationSeconds=0.017588995999999999 diagnosticsSeconds=0.029369222 nestedBatchPackSeconds=0.15232007599999975 nestedBatchCallSeconds=9.8754530249999561 nestedBatchScatterSeconds=0 nestedScalarPropertySeconds=0.42218554500000005 otherSeconds=5.9535000000440069e-05
REACTIVE_GPU_HEM_STEP time=3.9021353744369377e-07 batches=4000 submitted=16384000 succeeded=16384000 cpuFallbacks=0 deviceFailures=0 phaseEvaluations=67266076 residualEvaluations=1971510 analyticJacobians=0 finiteDifferenceJacobians=93364 wallSeconds=9.4627324500002672 kernelSeconds=8.7236193735595364 copySeconds=0.54202640239893807
REACTIVE_ATTEMPT_PROFILE attempt=13 accepted=1 retry=0 sourceCalls=0 fullPhaseEvaluations=0 scalarProbes=0 rootChecks=0 matrixFreeProducts=0 factorBuilds=0 workerJobElapsedSeconds=0
REACTIVE_STEP time=4.3575588349685717e-07 dt=4.5542346053163417e-08 retries=0 massResidual=7.3385614082815865e-14 energyResidual=-1.5443623132267567e-12 momentumResidual=6.4963580017534192e-20 globalElementResidual=6.0289911356224428e-14 frozenLiquidResidual=0 speciesResidual=5.8543400722506068e-14 elementDrift=0 minP=98591.501345508543 maxP=284779.41828095919 minT=198.56955695703834 maxT=293.31023884037006 maxMach=0.12897423767621524 minAlphaGas=0.99607308607731471 maxAlphaGas=1.0000000000000004 maxVolumeResidual=4.2281733669824462e-12 maxUVResidual=9.7401309768623436e-10 maxMuResidual=3.5882408155885059e-13 maxMechanicalResidual=0 seconds=11.171063833
REACTIVE_CAPILLARY_STEP time=4.3575588349685717e-07 area=4.003359796569561e-05 surfaceEnergy=8.2378229048690916e-08 liquidMass=9.7057270579711169e-08 closureResidual=1.9020661781721238e-12 recoveryCalls=24 outerIterations=45
REACTIVE_STEP_TIMINGS time=4.3575588349685717e-07 cflSeconds=0.5653405170000001 backupSeconds=0.28450995000000001 transportSeconds=0.79317947299999991 recoverySeconds=9.4822003800000001 sourceSeconds=0 conservationSeconds=0.017517577999999999 diagnosticsSeconds=0.028260773999999999 nestedBatchPackSeconds=0.15249636599999983 nestedBatchCallSeconds=8.2352596159999969 nestedBatchScatterSeconds=0 nestedScalarPropertySeconds=0.41881258799999999 otherSeconds=5.5160999998051657e-05
REACTIVE_GPU_HEM_STEP time=4.3575588349685717e-07 batches=4000 submitted=16384000 succeeded=16384000 cpuFallbacks=0 deviceFailures=0 phaseEvaluations=67047890 residualEvaluations=1969595 analyticJacobians=0 finiteDifferenceJacobians=93439 wallSeconds=7.8229209410000848 kernelSeconds=7.0833098452684737 copySeconds=0.54250435373933659
REACTIVE_ATTEMPT_PROFILE attempt=14 accepted=1 retry=0 sourceCalls=0 fullPhaseEvaluations=0 scalarProbes=0 rootChecks=0 matrixFreeProducts=0 factorBuilds=0 workerJobElapsedSeconds=0
REACTIVE_STEP time=4.8285055412489634e-07 dt=4.7094670628039137e-08 retries=0 massResidual=6.8028512103233876e-14 energyResidual=-1.7086537543616072e-12 momentumResidual=7.3824459442710171e-20 globalElementResidual=5.6923714661045899e-14 frozenLiquidResidual=0 speciesResidual=5.5273531678048032e-14 elementDrift=0 minP=97633.808445411181 maxP=307403.09814604837 minT=200.44911910949818 maxT=293.34402128489307 maxMach=0.13577201212177309 minAlphaGas=0.99560854364858509 maxAlphaGas=1.0000000000000002 maxVolumeResidual=3.2867042421003134e-12 maxUVResidual=9.8904472253246976e-10 maxMuResidual=2.035704937952687e-12 maxMechanicalResidual=0 seconds=10.435870414
REACTIVE_CAPILLARY_STEP time=4.8285055412489634e-07 area=4.0037460700268458e-05 surfaceEnergy=8.2386177503228257e-08 liquidMass=1.078808783570832e-07 closureResidual=2.0042474624393236e-12 recoveryCalls=26 outerIterations=49
REACTIVE_STEP_TIMINGS time=4.8285055412489634e-07 cflSeconds=0.56656483099999999 backupSeconds=0.284774103 transportSeconds=0.79375741199999994 recoverySeconds=8.7466642350000008 sourceSeconds=0 conservationSeconds=0.015806110000000002 diagnosticsSeconds=0.028247603 nestedBatchPackSeconds=0.15289551200000001 nestedBatchCallSeconds=7.49459580600002 nestedBatchScatterSeconds=0 nestedScalarPropertySeconds=0.422055607 otherSeconds=5.6119999998487102e-05
REACTIVE_GPU_HEM_STEP time=4.8285055412489634e-07 batches=4000 submitted=16384000 succeeded=16384000 cpuFallbacks=0 deviceFailures=0 phaseEvaluations=67003444 residualEvaluations=1962671 analyticJacobians=0 finiteDifferenceJacobians=92393 wallSeconds=7.0822552849999312 kernelSeconds=6.3412264924939024 copySeconds=0.54369120165706875
REACTIVE_ATTEMPT_PROFILE attempt=15 accepted=1 retry=0 sourceCalls=0 fullPhaseEvaluations=0 scalarProbes=0 rootChecks=0 matrixFreeProducts=0 factorBuilds=0 workerJobElapsedSeconds=0
REACTIVE_STEP time=5.3165638824282773e-07 dt=4.8805834117931359e-08 retries=0 massResidual=7.5566923429275365e-14 energyResidual=-1.877475018021644e-12 momentumResidual=9.019033052808725e-20 globalElementResidual=5.8236930180628659e-14 frozenLiquidResidual=0 speciesResidual=5.6548665247547357e-14 elementDrift=0 minP=96503.385803425335 maxP=330786.25760042475 minT=202.22777245389167 maxT=293.37227946711715 maxMach=0.14267203099102535 minAlphaGas=0.99512946192246121 maxAlphaGas=1.0000000000000004 maxVolumeResidual=3.137375914619156e-10 maxUVResidual=8.9804648246412612e-10 maxMuResidual=2.7054625206801575e-10 maxMechanicalResidual=0 seconds=10.430707532
REACTIVE_CAPILLARY_STEP time=5.3165638824282773e-07 area=4.0041421026431877e-05 surfaceEnergy=8.2394326774649649e-08 liquidMass=1.1893884747423771e-07 closureResidual=2.0742834533349352e-12 recoveryCalls=28 outerIterations=53
REACTIVE_STEP_TIMINGS time=5.3165638824282773e-07 cflSeconds=0.56500247599999998 backupSeconds=0.286130518 transportSeconds=0.79055280999999999 recoverySeconds=8.7390433339999998 sourceSeconds=0 conservationSeconds=0.019526888999999999 diagnosticsSeconds=0.030394060000000001 nestedBatchPackSeconds=0.15264455000000052 nestedBatchCallSeconds=7.5174482019999944 nestedBatchScatterSeconds=0 nestedScalarPropertySeconds=0.42033709899999999 otherSeconds=5.7445000000037882e-05
REACTIVE_GPU_HEM_STEP time=5.3165638824282773e-07 batches=4000 submitted=16384000 succeeded=16384000 cpuFallbacks=0 deviceFailures=0 phaseEvaluations=67006006 residualEvaluations=1965488 analyticJacobians=0 finiteDifferenceJacobians=92126 wallSeconds=7.1058290060002776 kernelSeconds=6.3671132663188672 copySeconds=0.54209750488401376
REACTIVE_ATTEMPT_PROFILE attempt=16 accepted=1 retry=0 sourceCalls=0 fullPhaseEvaluations=0 scalarProbes=0 rootChecks=0 matrixFreeProducts=0 factorBuilds=0 workerJobElapsedSeconds=0
REACTIVE_STEP time=5.820647665676207e-07 dt=5.0408378324792969e-08 retries=0 massResidual=7.9805436189997431e-14 energyResidual=-2.0542709014323424e-12 momentumResidual=8.911234140162398e-20 globalElementResidual=6.8297924313033795e-14 frozenLiquidResidual=0 speciesResidual=6.6316968243369198e-14 elementDrift=0 minP=95177.445109834996 maxP=354798.81011652783 minT=198.74434751776133 maxT=293.38774258897456 maxMach=0.1496443276624328 minAlphaGas=0.99463813863001138 maxAlphaGas=1.0000000000000004 maxVolumeResidual=6.4724448023412151e-11 maxUVResidual=9.8112458560057042e-10 maxMuResidual=1.1493028750919621e-11 maxMechanicalResidual=0 seconds=10.442057606000001
REACTIVE_CAPILLARY_STEP time=5.820647665676207e-07 area=4.0045463026276006e-05 surfaceEnergy=8.2402644108236801e-08 liquidMass=1.3017940210877469e-07 closureResidual=2.7794632914690531e-12 recoveryCalls=30 outerIterations=57
REACTIVE_STEP_TIMINGS time=5.820647665676207e-07 cflSeconds=0.56940069100000001 backupSeconds=0.284987096 transportSeconds=0.80466333899999998 recoverySeconds=8.7340863209999995 sourceSeconds=0 conservationSeconds=0.020132084000000001 diagnosticsSeconds=0.028732825 nestedBatchPackSeconds=0.15262345900000007 nestedBatchCallSeconds=7.5198135360000045 nestedBatchScatterSeconds=0 nestedScalarPropertySeconds=0.43400310199999997 otherSeconds=5.5250000001460381e-05
REACTIVE_GPU_HEM_STEP time=5.820647665676207e-07 batches=4000 submitted=16384000 succeeded=16384000 cpuFallbacks=0 deviceFailures=0 phaseEvaluations=67015326 residualEvaluations=1983215 analyticJacobians=0 finiteDifferenceJacobians=92325 wallSeconds=7.1081355870000777 kernelSeconds=6.3686361049411744 copySeconds=0.54247385761142297
REACTIVE_ATTEMPT_PROFILE attempt=17 accepted=1 retry=0 sourceCalls=0 fullPhaseEvaluations=0 scalarProbes=0 rootChecks=0 matrixFreeProducts=0 factorBuilds=0 workerJobElapsedSeconds=0
REACTIVE_STEP time=6.3252532698736211e-07 dt=5.0460560419741403e-08 retries=0 massResidual=8.4937763540840002e-14 energyResidual=-2.2278487497742905e-12 momentumResidual=9.7968639752438903e-20 globalElementResidual=6.6926488271541473e-14 frozenLiquidResidual=0 speciesResidual=6.4986508951822889e-14 elementDrift=0 minP=93656.339840917368 maxP=378672.61191842466 minT=184.02201359469368 maxT=293.38089913663549 maxMach=0.15645324626165485 minAlphaGas=0.99415072741188204 maxAlphaGas=1.0000000000000004 maxVolumeResidual=8.2734263884276515e-11 maxUVResidual=9.9001902620031761e-10 maxMuResidual=1.4139800441625994e-11 maxMechanicalResidual=0 seconds=10.485822974
REACTIVE_CAPILLARY_STEP time=6.3252532698736211e-07 area=4.0049456887199591e-05 surfaceEnergy=8.2410862385051038e-08 liquidMass=1.4123717538831303e-07 closureResidual=8.1135011903432641e-13 recoveryCalls=32 outerIterations=61
REACTIVE_STEP_TIMINGS time=6.3252532698736211e-07 cflSeconds=0.56673363200000004 backupSeconds=0.287003442 transportSeconds=0.80049071999999999 recoverySeconds=8.7828627160000003 sourceSeconds=0 conservationSeconds=0.020475467000000001 diagnosticsSeconds=0.028202234 nestedBatchPackSeconds=0.15340339999999988 nestedBatchCallSeconds=7.5578336679999776 nestedBatchScatterSeconds=0 nestedScalarPropertySeconds=0.42373552800000003 otherSeconds=5.4763000000419143e-05
REACTIVE_GPU_HEM_STEP time=6.3252532698736211e-07 batches=4000 submitted=16384000 succeeded=16384000 cpuFallbacks=0 deviceFailures=0 phaseEvaluations=67030284 residualEvaluations=1989898 analyticJacobians=0 finiteDifferenceJacobians=92722 wallSeconds=7.1439577359995354 kernelSeconds=6.4005669686490592 copySeconds=0.54482713779808911
REACTIVE_ATTEMPT_PROFILE attempt=18 accepted=1 retry=0 sourceCalls=0 fullPhaseEvaluations=0 scalarProbes=0 rootChecks=0 matrixFreeProducts=0 factorBuilds=0 workerJobElapsedSeconds=0
REACTIVE_STEP time=6.8301634036665785e-07 dt=5.0491013379295728e-08 retries=0 massResidual=8.4787968142096174e-14 energyResidual=-2.4037059643370294e-12 momentumResidual=1.0215444522678183e-19 globalElementResidual=7.2087889532456114e-14 frozenLiquidResidual=0 speciesResidual=6.9998508881560678e-14 elementDrift=0 minP=91856.232346868303 maxP=402403.54731015011 minT=169.38730726036974 maxT=293.34136802223446 maxMach=0.16307393079012761 minAlphaGas=0.99366821584273735 maxAlphaGas=1.0000000000000004 maxVolumeResidual=1.0072787048898135e-10 maxUVResidual=9.9597101383729807e-10 maxMuResidual=7.8596684716103482e-11 maxMechanicalResidual=0 seconds=11.034096437000001
REACTIVE_CAPILLARY_STEP time=6.8301634036665785e-07 area=4.0053397269380726e-05 surfaceEnergy=8.2418970617194821e-08 liquidMass=1.5209666777402143e-07 closureResidual=3.167214754351555e-13 recoveryCalls=34 outerIterations=65
REACTIVE_STEP_TIMINGS time=6.8301634036665785e-07 cflSeconds=0.56596559800000001 backupSeconds=0.28678542699999998 transportSeconds=0.79307651400000001 recoverySeconds=9.3444562609999995 sourceSeconds=0 conservationSeconds=0.015670145999999999 diagnosticsSeconds=0.028086112999999999 nestedBatchPackSeconds=0.15249991299999999 nestedBatchCallSeconds=8.1233423890000225 nestedBatchScatterSeconds=0 nestedScalarPropertySeconds=0.42078177900000002 otherSeconds=5.6378000000266437e-05
REACTIVE_GPU_HEM_STEP time=6.8301634036665785e-07 batches=4000 submitted=16384000 succeeded=16384000 cpuFallbacks=0 deviceFailures=0 phaseEvaluations=67068486 residualEvaluations=2035152 analyticJacobians=0 finiteDifferenceJacobians=95245 wallSeconds=7.7111177520004475 kernelSeconds=6.973048071533583 copySeconds=0.54113638573139333
REACTIVE_ATTEMPT_PROFILE attempt=19 accepted=1 retry=0 sourceCalls=0 fullPhaseEvaluations=0 scalarProbes=0 rootChecks=0 matrixFreeProducts=0 factorBuilds=0 workerJobElapsedSeconds=0
REACTIVE_STEP time=7.3352179228469615e-07 dt=5.0505451918038346e-08 retries=0 massResidual=8.8164904817041239e-14 energyResidual=-2.5720610555951923e-12 momentumResidual=1.7637220192159286e-19 globalElementResidual=7.4903968534160937e-14 frozenLiquidResidual=0 speciesResidual=7.2733527611102736e-14 elementDrift=0 minP=92836.590121833549 maxP=425987.68204313924 minT=167.37689351524696 maxT=293.28324529697079 maxMach=0.16947787405772696 minAlphaGas=0.99319146173656003 maxAlphaGas=1.0000000000000004 maxVolumeResidual=1.2303025265225642e-10 maxUVResidual=9.5119253114663073e-10 maxMuResidual=1.9525714378687553e-11 maxMechanicalResidual=0 seconds=10.823534917
REACTIVE_CAPILLARY_STEP time=7.3352179228469615e-07 area=4.0057440638877999e-05 surfaceEnergy=8.2427290769154681e-08 liquidMass=1.6285340541029259e-07 closureResidual=3.2696657881192692e-12 recoveryCalls=36 outerIterations=69
REACTIVE_STEP_TIMINGS time=7.3352179228469615e-07 cflSeconds=0.57538712399999992 backupSeconds=0.28629644900000001 transportSeconds=0.79166687999999996 recoverySeconds=9.1233917640000008 sourceSeconds=0 conservationSeconds=0.017617424999999999 diagnosticsSeconds=0.029120553 nestedBatchPackSeconds=0.15272259600000024 nestedBatchCallSeconds=7.9062077849999968 nestedBatchScatterSeconds=0 nestedScalarPropertySeconds=0.423596158 otherSeconds=5.4721999999243764e-05
REACTIVE_GPU_HEM_STEP time=7.3352179228469615e-07 batches=4000 submitted=16384000 succeeded=16384000 cpuFallbacks=0 deviceFailures=0 phaseEvaluations=67028218 residualEvaluations=1915667 analyticJacobians=0 finiteDifferenceJacobians=91336 wallSeconds=7.49304622399994 kernelSeconds=6.7527914000448703 copySeconds=0.5430236820355212
REACTIVE_ATTEMPT_PROFILE attempt=20 accepted=1 retry=0 sourceCalls=0 fullPhaseEvaluations=0 scalarProbes=0 rootChecks=0 matrixFreeProducts=0 factorBuilds=0 workerJobElapsedSeconds=0
REACTIVE_STEP time=7.8402659135598268e-07 dt=5.0504799071286544e-08 retries=0 massResidual=1.0068506543484969e-13 energyResidual=-2.744248517645505e-12 momentumResidual=1.1023272372156008e-19 globalElementResidual=8.2362272699422427e-14 frozenLiquidResidual=0 speciesResidual=7.9974287037171672e-14 elementDrift=0 minP=91328.632663424782 maxP=449421.65675838932 minT=169.04622039213115 maxT=293.28381065099757 maxMach=0.17563522123734751 minAlphaGas=0.99272121449113782 maxAlphaGas=1.0000000000000004 maxVolumeResidual=6.7341221487993153e-10 maxUVResidual=9.994161762710214e-10 maxMuResidual=2.2826718293345039e-08 maxMechanicalResidual=0 seconds=11.280914375
REACTIVE_CAPILLARY_STEP time=7.8402659135598268e-07 area=4.0061493876634652e-05 surfaceEnergy=8.2435631227301684e-08 liquidMass=1.7343581351795927e-07 closureResidual=5.1564811448523429e-12 recoveryCalls=38 outerIterations=73
REACTIVE_STEP_TIMINGS time=7.8402659135598268e-07 cflSeconds=0.56510755199999996 backupSeconds=0.28555139600000001 transportSeconds=0.79174914899999993 recoverySeconds=9.5913882699999995 sourceSeconds=0 conservationSeconds=0.018972607999999998 diagnosticsSeconds=0.028089375 nestedBatchPackSeconds=0.15315611300000059 nestedBatchCallSeconds=8.3764390749999915 nestedBatchScatterSeconds=0 nestedScalarPropertySeconds=0.41981971699999998 otherSeconds=5.6024999999990804e-05
REACTIVE_GPU_HEM_STEP time=7.8402659135598268e-07 batches=4000 submitted=16384000 succeeded=16384000 cpuFallbacks=0 deviceFailures=0 phaseEvaluations=67061246 residualEvaluations=1952346 analyticJacobians=0 finiteDifferenceJacobians=93390 wallSeconds=7.9634186820003521 kernelSeconds=7.2221035984154582 copySeconds=0.54356016168747701
REACTIVE_ATTEMPT_PROFILE attempt=21 accepted=1 retry=0 sourceCalls=0 fullPhaseEvaluations=0 scalarProbes=0 rootChecks=0 matrixFreeProducts=0 factorBuilds=0 workerJobElapsedSeconds=0
REACTIVE_STEP time=8.3451187526258625e-07 dt=5.0485283906603602e-08 retries=0 massResidual=8.9599226718932884e-14 energyResidual=-2.926895948821586e-12 momentumResidual=1.1600044954528927e-19 globalElementResidual=7.453749328914175e-14 frozenLiquidResidual=0 speciesResidual=7.2374663629503402e-14 elementDrift=0 minP=90481.591775847322 maxP=472702.96836064837 minT=166.05948610028685 maxT=293.31811434899691 maxMach=0.19910407071584063 minAlphaGas=0.9922581254550995 maxAlphaGas=1.0000000000000004 maxVolumeResidual=2.2380830522195083e-10 maxUVResidual=9.7662455847781575e-10 maxMuResidual=2.2547141043105512e-08 maxMechanicalResidual=0 seconds=12.378519356
REACTIVE_CAPILLARY_STEP time=8.3451187526258625e-07 area=4.006550678258192e-05 surfaceEnergy=8.2443888693581836e-08 liquidMass=1.8390981232504415e-07 closureResidual=3.117997179891141e-12 recoveryCalls=40 outerIterations=77
REACTIVE_STEP_TIMINGS time=8.3451187526258625e-07 cflSeconds=0.56483492800000001 backupSeconds=0.28599237300000002 transportSeconds=0.80097721399999999 recoverySeconds=10.679193573999999 sourceSeconds=0 conservationSeconds=0.019382554999999999 diagnosticsSeconds=0.028081469000000001 nestedBatchPackSeconds=0.15225361400000018 nestedBatchCallSeconds=9.4694587589999948 nestedBatchScatterSeconds=0 nestedScalarPropertySeconds=0.42015706399999997 otherSeconds=5.7243000000477273e-05
REACTIVE_GPU_HEM_STEP time=8.3451187526258625e-07 batches=4000 submitted=16384000 succeeded=16384000 cpuFallbacks=0 deviceFailures=0 phaseEvaluations=66849518 residualEvaluations=1378118 analyticJacobians=0 finiteDifferenceJacobians=75169 wallSeconds=9.0570648019998004 kernelSeconds=8.3182520352303442 copySeconds=0.54185308972001955
REACTIVE_ATTEMPT_PROFILE attempt=22 accepted=1 retry=0 sourceCalls=0 fullPhaseEvaluations=0 scalarProbes=0 rootChecks=0 matrixFreeProducts=0 factorBuilds=0 workerJobElapsedSeconds=0
REACTIVE_STEP time=8.8495387634962669e-07 dt=5.044200108704041e-08 retries=0 massResidual=9.7294079746118527e-14 energyResidual=-3.0887950943747271e-12 momentumResidual=1.4029606971035795e-19 globalElementResidual=7.8892034701791581e-14 frozenLiquidResidual=0 speciesResidual=7.6605943807757222e-14 elementDrift=0 minP=90926.56429913835 maxP=495849.49594548042 minT=166.92862553028991 maxT=293.35840447450107 maxMach=0.21961579766408262 minAlphaGas=0.99180237534787619 maxAlphaGas=1.0000000000000004 maxVolumeResidual=9.2940610763037057e-10 maxUVResidual=9.8810049806426097e-10 maxMuResidual=7.2991703348179726e-08 maxMechanicalResidual=0 seconds=10.395833035000001
REACTIVE_CAPILLARY_STEP time=8.8495387634962669e-07 area=4.0069662805345187e-05 surfaceEnergy=8.245244065524707e-08 liquidMass=1.9506537796501227e-07 closureResidual=1.020685966302004e-11 recoveryCalls=42 outerIterations=81
REACTIVE_STEP_TIMINGS time=8.8495387634962669e-07 cflSeconds=0.56669441499999995 backupSeconds=0.28517493299999996 transportSeconds=0.79222557900000001 recoverySeconds=8.7077154199999995 sourceSeconds=0 conservationSeconds=0.015819704 diagnosticsSeconds=0.028148335999999999 nestedBatchPackSeconds=0.15266793099999937 nestedBatchCallSeconds=7.5007668979999824 nestedBatchScatterSeconds=0 nestedScalarPropertySeconds=0.419081908 otherSeconds=5.4648000000087626e-05
REACTIVE_GPU_HEM_STEP time=8.8495387634962669e-07 batches=4000 submitted=16384000 succeeded=16384000 cpuFallbacks=0 deviceFailures=0 phaseEvaluations=66667840 residualEvaluations=974152 analyticJacobians=0 finiteDifferenceJacobians=59634 wallSeconds=7.088671528999825 kernelSeconds=6.349478656440624 copySeconds=0.54189980918167535
REACTIVE_ATTEMPT_PROFILE attempt=23 accepted=1 retry=0 sourceCalls=0 fullPhaseEvaluations=0 scalarProbes=0 rootChecks=0 matrixFreeProducts=0 factorBuilds=0 workerJobElapsedSeconds=0
REACTIVE_STEP time=9.3526336713184561e-07 dt=5.0309490782218894e-08 retries=0 massResidual=9.5321576300773413e-14 energyResidual=-3.2622943438814754e-12 momentumResidual=1.5232144711410292e-19 globalElementResidual=7.589843644137414e-14 frozenLiquidResidual=0 speciesResidual=7.3699540807842715e-14 elementDrift=0 minP=90463.851240819029 maxP=518842.3217031692 minT=166.20840817388537 maxT=293.40673599961173 maxMach=0.24040274592976274 minAlphaGas=0.9913546159228066 maxAlphaGas=1.0000000000000004 maxVolumeResidual=6.7300776063206058e-10 maxUVResidual=9.9933200744861244e-10 maxMuResidual=5.7342539605542697e-09 maxMechanicalResidual=0 seconds=11.567584546999999
REACTIVE_CAPILLARY_STEP time=9.3526336713184561e-07 area=4.007387898429056e-05 surfaceEnergy=8.246111640193288e-08 liquidMass=2.061531297921297e-07 closureResidual=8.3012034746143826e-12 recoveryCalls=44 outerIterations=85
REACTIVE_STEP_TIMINGS time=9.3526336713184561e-07 cflSeconds=0.57347225499999999 backupSeconds=0.28507490000000002 transportSeconds=0.79701767099999998 recoverySeconds=9.8644965189999994 sourceSeconds=0 conservationSeconds=0.018008376999999999 diagnosticsSeconds=0.029460559000000001 nestedBatchPackSeconds=0.15300399300000006 nestedBatchCallSeconds=8.6540774349999907 nestedBatchScatterSeconds=0 nestedScalarPropertySeconds=0.42590360199999999 otherSeconds=5.4265999998932141e-05
REACTIVE_GPU_HEM_STEP time=9.3526336713184561e-07 batches=4000 submitted=16384000 succeeded=16384000 cpuFallbacks=0 deviceFailures=0 phaseEvaluations=66677282 residualEvaluations=903808 analyticJacobians=0 finiteDifferenceJacobians=57863 wallSeconds=8.2407814399999495 kernelSeconds=7.5001501715774737 copySeconds=0.54281833803654322
REACTIVE_ATTEMPT_PROFILE attempt=24 accepted=1 retry=0 sourceCalls=0 fullPhaseEvaluations=0 scalarProbes=0 rootChecks=0 matrixFreeProducts=0 factorBuilds=0 workerJobElapsedSeconds=0
REACTIVE_STEP time=9.8544954436751877e-07 dt=5.018617723567321e-08 retries=0 massResidual=1.0518172737249469e-13 energyResidual=-3.4409901508602763e-12 momentumResidual=1.3451294685345019e-19 globalElementResidual=8.8790243373603382e-14 frozenLiquidResidual=0 speciesResidual=8.6213988392268274e-14 elementDrift=0 minP=93659.377131642133 maxP=541687.55166892277 minT=167.14671246673169 maxT=293.4649402455907 maxMach=0.26140563217504043 minAlphaGas=0.99091489145742806 maxAlphaGas=1.0000000000000004 maxVolumeResidual=9.9159924715763736e-10 maxUVResidual=9.9387074192007789e-10 maxMuResidual=5.0674351825819031e-08 maxMechanicalResidual=0 seconds=8.6532123179999996
REACTIVE_CAPILLARY_STEP time=9.8544954436751877e-07 area=4.0078314424399099e-05 surfaceEnergy=8.2470243328308718e-08 liquidMass=2.1734830820570161e-07 closureResidual=1.3386323299835468e-11 recoveryCalls=46 outerIterations=89
REACTIVE_STEP_TIMINGS time=9.8544954436751877e-07 cflSeconds=0.57299353900000005 backupSeconds=0.29126348400000002 transportSeconds=0.7927134039999999 recoverySeconds=6.9476282519999994 sourceSeconds=0 conservationSeconds=0.020589777 diagnosticsSeconds=0.027966762999999999 nestedBatchPackSeconds=0.15378633900000022 nestedBatchCallSeconds=5.7328663790000132 nestedBatchScatterSeconds=0 nestedScalarPropertySeconds=0.42238938999999998 otherSeconds=5.709900000004306e-05
REACTIVE_GPU_HEM_STEP time=9.8544954436751877e-07 batches=4000 submitted=16384000 succeeded=16384000 cpuFallbacks=0 deviceFailures=0 phaseEvaluations=66572894 residualEvaluations=688172 analyticJacobians=0 finiteDifferenceJacobians=48672 wallSeconds=5.319018019000481 kernelSeconds=4.5764317012127265 copySeconds=0.54407510618861998
REACTIVE_ATTEMPT_PROFILE attempt=25 accepted=1 retry=0 sourceCalls=0 fullPhaseEvaluations=0 scalarProbes=0 rootChecks=0 matrixFreeProducts=0 factorBuilds=0 workerJobElapsedSeconds=0
REACTIVE_STEP time=9.9999999999999995e-07 dt=1.4550455632481187e-08 retries=0 massResidual=1.0286211836109161e-13 energyResidual=-3.4882289542501709e-12 momentumResidual=2.6455830288238927e-19 globalElementResidual=8.4989493948120218e-14 frozenLiquidResidual=0 speciesResidual=8.2527076324751845e-14 elementDrift=0 minP=94666.192314710686 maxP=548295.08377225255 minT=167.49135687819577 maxT=293.48400293683034 maxMach=0.26753968406394635 minAlphaGas=0.99078874420794427 maxAlphaGas=1.0000000000000004 maxVolumeResidual=9.2607943535938375e-10 maxUVResidual=9.9786333839127877e-10 maxMuResidual=1.5153993615513173e-08 maxMechanicalResidual=0 seconds=8.5977050300000002
REACTIVE_CAPILLARY_STEP time=9.9999999999999995e-07 area=4.0079614157882903e-05 surfaceEnergy=8.2472917825432936e-08 liquidMass=2.2057790727093086e-07 closureResidual=9.8644009627335549e-12 recoveryCalls=48 outerIterations=93
REACTIVE_STEP_TIMINGS time=9.9999999999999995e-07 cflSeconds=0.56399469700000004 backupSeconds=0.28540703699999997 transportSeconds=0.79287871700000001 recoverySeconds=6.9071758049999996 sourceSeconds=0 conservationSeconds=0.020047217999999999 diagnosticsSeconds=0.028145949999999999 nestedBatchPackSeconds=0.15311446100000034 nestedBatchCallSeconds=5.6962585469999816 nestedBatchScatterSeconds=0 nestedScalarPropertySeconds=0.418649033 otherSeconds=5.5606000001050954e-05
REACTIVE_GPU_HEM_STEP time=9.9999999999999995e-07 batches=4000 submitted=16384000 succeeded=16384000 cpuFallbacks=0 deviceFailures=0 phaseEvaluations=66559760 residualEvaluations=689210 analyticJacobians=0 finiteDifferenceJacobians=47616 wallSeconds=5.2843461399996272 kernelSeconds=4.5444071092889544 copySeconds=0.54258448214830146
REACTIVE_CHECKPOINT time=9.9999999999999995e-07 acceptedSteps=23 complete=1 schema=3
REACTIVE_PROFILE_V21 scope="prototype" jobElapsedSeconds=0 integrationFallbacks=0 chemical_rhsCalls=0 chemical_uvCalls=0 chemical_fixedStateCalls=0 chemical_jacobianCalls=0 chemical_structuredCalls=0 chemical_fallbackCalls=0 sparse_setups=0 sparse_products=0 sparse_preconditioners=0 sparse_preconditionerSolves=0 sparse_sparseIntegrations=0 sparse_denseIntegrations=0 sparse_denseFallbacks=0 sparse_nonzeros=0 timing_jvSetups=0 timing_preconditionerSetups=0 timing_jacobianCacheHits=0 timing_patternBuilds=0 timing_preconditionerReuses=0 timing_symbolicAnalyses=0 timing_numericFactorizations=0 timing_workspaceCreates=0 timing_workspaceReinitializations=0 timing_factorNonzeros=0 timing_thermoSeconds=0 timing_kineticsSeconds=0 timing_csrSeconds=0 timing_symbolicSeconds=0 timing_factorSeconds=0 timing_solveSeconds=0 realFluid_eosEvaluations=4096001 realFluid_referenceEvaluations=0 realFluid_derivativeEvaluations=0 realFluid_scalarAttempts=4096003 realFluid_scalarAccepted=4096001 realFluid_scalarFallbacks=2 realFluid_scalarIterations=0 realFluid_flashResiduals=3238 realFluid_tangentBuilds=0 realFluid_tangentSolves=0 realFluid_sourceJv=0 realFluid_sourceJvFallbacks=0 trhoStateEvaluations=4096003 densityRootChecks=4096003 fullPhaseEvaluations=16489286 energyCvEvaluations=4096003 selectedMuEvaluations=4098037 partialHEvaluations=0 scalarProbes=4096003 bracketRejects=0 branchFallbacks=2 flashCandidates=10 linearizationBuilds=0 linearizationApplies=0 FzFactorizations=0 sourceRhsCalls=0 sourceDirectionProbes=0 RzBuilds=0 JvFallbacks=0 nasaCoefficientVisits=8192004 nasaAggregateBuilds=4096003 nasaAggregateEvaluations=4096003 exactMixingEvaluations=4096003 branchCertificates=4096001 matrixFreeSetups=0 matrixFreeProducts=0 matrixFreeIntegrations=0 matrixFreeIntegrationFallbacks=0 woodburySetups=0 woodburyFactors=0 woodburySolves=0 woodburyFallbacks=0 diagnosticJvCalls=0 oneSidedProbes=0 derivativeRetries=0 sourceAttempts=0 sourceAccepted=0 sourceFailed=0
REACTIVE_PROFILE_V21 scope="worker_0" jobElapsedSeconds=0 integrationFallbacks=0 chemical_rhsCalls=0 chemical_uvCalls=0 chemical_fixedStateCalls=0 chemical_jacobianCalls=0 chemical_structuredCalls=0 chemical_fallbackCalls=0 sparse_setups=0 sparse_products=0 sparse_preconditioners=0 sparse_preconditionerSolves=0 sparse_sparseIntegrations=0 sparse_denseIntegrations=0 sparse_denseFallbacks=0 sparse_nonzeros=0 timing_jvSetups=0 timing_preconditionerSetups=0 timing_jacobianCacheHits=0 timing_patternBuilds=0 timing_preconditionerReuses=0 timing_symbolicAnalyses=0 timing_numericFactorizations=0 timing_workspaceCreates=0 timing_workspaceReinitializations=0 timing_factorNonzeros=0 timing_thermoSeconds=0 timing_kineticsSeconds=0 timing_csrSeconds=0 timing_symbolicSeconds=0 timing_factorSeconds=0 timing_solveSeconds=0 realFluid_eosEvaluations=0 realFluid_referenceEvaluations=0 realFluid_derivativeEvaluations=0 realFluid_scalarAttempts=0 realFluid_scalarAccepted=0 realFluid_scalarFallbacks=0 realFluid_scalarIterations=0 realFluid_flashResiduals=0 realFluid_tangentBuilds=0 realFluid_tangentSolves=0 realFluid_sourceJv=0 realFluid_sourceJvFallbacks=0 trhoStateEvaluations=0 densityRootChecks=0 fullPhaseEvaluations=0 energyCvEvaluations=0 selectedMuEvaluations=0 partialHEvaluations=0 scalarProbes=0 bracketRejects=0 branchFallbacks=0 flashCandidates=0 linearizationBuilds=0 linearizationApplies=0 FzFactorizations=0 sourceRhsCalls=0 sourceDirectionProbes=0 RzBuilds=0 JvFallbacks=0 nasaCoefficientVisits=0 nasaAggregateBuilds=0 nasaAggregateEvaluations=0 exactMixingEvaluations=0 branchCertificates=0 matrixFreeSetups=0 matrixFreeProducts=0 matrixFreeIntegrations=0 matrixFreeIntegrationFallbacks=0 woodburySetups=0 woodburyFactors=0 woodburySolves=0 woodburyFallbacks=0 diagnosticJvCalls=0 oneSidedProbes=0 derivativeRetries=0 sourceAttempts=0 sourceAccepted=0 sourceFailed=0
REACTIVE_PROFILE_V21 scope="workers" jobElapsedSeconds=0 integrationFallbacks=0 chemical_rhsCalls=0 chemical_uvCalls=0 chemical_fixedStateCalls=0 chemical_jacobianCalls=0 chemical_structuredCalls=0 chemical_fallbackCalls=0 sparse_setups=0 sparse_products=0 sparse_preconditioners=0 sparse_preconditionerSolves=0 sparse_sparseIntegrations=0 sparse_denseIntegrations=0 sparse_denseFallbacks=0 sparse_nonzeros=0 timing_jvSetups=0 timing_preconditionerSetups=0 timing_jacobianCacheHits=0 timing_patternBuilds=0 timing_preconditionerReuses=0 timing_symbolicAnalyses=0 timing_numericFactorizations=0 timing_workspaceCreates=0 timing_workspaceReinitializations=0 timing_factorNonzeros=0 timing_thermoSeconds=0 timing_kineticsSeconds=0 timing_csrSeconds=0 timing_symbolicSeconds=0 timing_factorSeconds=0 timing_solveSeconds=0 realFluid_eosEvaluations=0 realFluid_referenceEvaluations=0 realFluid_derivativeEvaluations=0 realFluid_scalarAttempts=0 realFluid_scalarAccepted=0 realFluid_scalarFallbacks=0 realFluid_scalarIterations=0 realFluid_flashResiduals=0 realFluid_tangentBuilds=0 realFluid_tangentSolves=0 realFluid_sourceJv=0 realFluid_sourceJvFallbacks=0 trhoStateEvaluations=0 densityRootChecks=0 fullPhaseEvaluations=0 energyCvEvaluations=0 selectedMuEvaluations=0 partialHEvaluations=0 scalarProbes=0 bracketRejects=0 branchFallbacks=0 flashCandidates=0 linearizationBuilds=0 linearizationApplies=0 FzFactorizations=0 sourceRhsCalls=0 sourceDirectionProbes=0 RzBuilds=0 JvFallbacks=0 nasaCoefficientVisits=0 nasaAggregateBuilds=0 nasaAggregateEvaluations=0 exactMixingEvaluations=0 branchCertificates=0 matrixFreeSetups=0 matrixFreeProducts=0 matrixFreeIntegrations=0 matrixFreeIntegrationFallbacks=0 woodburySetups=0 woodburyFactors=0 woodburySolves=0 woodburyFallbacks=0 diagnosticJvCalls=0 oneSidedProbes=0 derivativeRetries=0 sourceAttempts=0 sourceAccepted=0 sourceFailed=0
REACTIVE_CLOSURE_PROFILE eligibleCells=0 uniqueCells=0 reusedCells=0 failedRepresentativeRetries=0 gpuSubmitted=0 gpuConverged=0 gpuApproved=0 gpuRejected=0 gpuUnsupported=0 gpuLaunches=0 gpuTransferBytes=0 hostBytes=32768 liquidCacheHits=0 liquidCacheMisses=0 deviceBytes=0 classifySeconds=0.34584403599999486 prepareSeconds=0 gpuWallSeconds=0 gpuKernelSeconds=0 gpuCopySeconds=0
REACTIVE_GPU_HEM batches=93000 submitted=380928000 succeeded=380928000 cpuFallbacks=0 deviceFailures=0 phaseEvaluations=1549562806 residualEvaluations=27660367 flashCandidates=5203360 stableCandidates=381003384 transferBytes=163041648000 analyticJacobians=0 finiteDifferenceJacobians=1447664 hostBytes=3340632 deviceBytes=2029992 wallSeconds=153.76467471200047 kernelSeconds=136.54931165498084 copySeconds=12.628330762647225
REACTIVE_BATCH_V21 attempted=93000 accepted=93000 failed=0 batchWallSeconds=163.32162743300034 workerJobSecondsSum=0 workerJobSecondsMax=0 poolScratchBytes=6420824 flowStagingBytes=884736 workerOwnedBytesKnownLowerBound=58104 workerInternalBytesUnmeasured=1
REACTIVE_WORKER_TIME metric=thermoSeconds sum=0 max=0
REACTIVE_WORKER_TIME metric=kineticsSeconds sum=0 max=0
REACTIVE_WORKER_TIME metric=csrSeconds sum=0 max=0
REACTIVE_WORKER_TIME metric=symbolicSeconds sum=0 max=0
REACTIVE_WORKER_TIME metric=factorSeconds sum=0 max=0
REACTIVE_WORKER_TIME metric=solveSeconds sum=0 max=0
REACTIVE_PROFILE_V21 scope="combined" jobElapsedSeconds=0 integrationFallbacks=0 chemical_rhsCalls=0 chemical_uvCalls=0 chemical_fixedStateCalls=0 chemical_jacobianCalls=0 chemical_structuredCalls=0 chemical_fallbackCalls=0 sparse_setups=0 sparse_products=0 sparse_preconditioners=0 sparse_preconditionerSolves=0 sparse_sparseIntegrations=0 sparse_denseIntegrations=0 sparse_denseFallbacks=0 sparse_nonzeros=0 timing_jvSetups=0 timing_preconditionerSetups=0 timing_jacobianCacheHits=0 timing_patternBuilds=0 timing_preconditionerReuses=0 timing_symbolicAnalyses=0 timing_numericFactorizations=0 timing_workspaceCreates=0 timing_workspaceReinitializations=0 timing_factorNonzeros=0 timing_thermoSeconds=0 timing_kineticsSeconds=0 timing_csrSeconds=0 timing_symbolicSeconds=0 timing_factorSeconds=0 timing_solveSeconds=0 realFluid_eosEvaluations=4096001 realFluid_referenceEvaluations=0 realFluid_derivativeEvaluations=0 realFluid_scalarAttempts=4096003 realFluid_scalarAccepted=4096001 realFluid_scalarFallbacks=2 realFluid_scalarIterations=0 realFluid_flashResiduals=3238 realFluid_tangentBuilds=0 realFluid_tangentSolves=0 realFluid_sourceJv=0 realFluid_sourceJvFallbacks=0 trhoStateEvaluations=4096003 densityRootChecks=4096003 fullPhaseEvaluations=16489286 energyCvEvaluations=4096003 selectedMuEvaluations=4098037 partialHEvaluations=0 scalarProbes=4096003 bracketRejects=0 branchFallbacks=2 flashCandidates=10 linearizationBuilds=0 linearizationApplies=0 FzFactorizations=0 sourceRhsCalls=0 sourceDirectionProbes=0 RzBuilds=0 JvFallbacks=0 nasaCoefficientVisits=8192004 nasaAggregateBuilds=4096003 nasaAggregateEvaluations=4096003 exactMixingEvaluations=4096003 branchCertificates=4096001 matrixFreeSetups=0 matrixFreeProducts=0 matrixFreeIntegrations=0 matrixFreeIntegrationFallbacks=0 woodburySetups=0 woodburyFactors=0 woodburySolves=0 woodburyFallbacks=0 diagnosticJvCalls=0 oneSidedProbes=0 derivativeRetries=0 sourceAttempts=0 sourceAccepted=0 sourceFailed=0
REACTIVE_CHEMISTRY scope=combined rhsCalls=0 uvCalls=0 fixedStateCalls=0 structuredCalls=0 fallbackCalls=0 integrationFallbacks=0
REACTIVE_SPARSE scope=combined nnzMeaning=last_snapshot_sum setups=0 products=0 nonzeros=0 sparseIntegrations=0 denseIntegrations=0 denseFallbacks=0
REACTIVE_CHEMICAL_PROFILE scope=combined factorNnzMeaning=last_snapshot_sum jvSetups=0 preconditionerSetups=0 jacobianCacheHits=0 preconditionerReuses=0 patternBuilds=0 symbolicAnalyses=0 numericFactorizations=0 factorNonzeros=0 workspaceCreates=0 workspaceReinitializations=0 thermoSeconds=0 kineticsSeconds=0 csrSeconds=0 symbolicSeconds=0 factorSeconds=0 solveSeconds=0
REACTIVE_REAL_FLUID scope=combined eosEvaluations=4096001 scalarAttempts=4096003 scalarAccepted=4096001 scalarFallbacks=2 scalarIterations=0
REACTIVE_BATCH workers=1 capacity=4096 scratchBytes=6420824 batches=93000 cells=380928000 failures=0 scope=bounded_scratch_excludes_Cantera_CVODE_worker_allocations
REACTIVE_TRANSPORT_V21 layoutTiles=26524 layoutLaunches=26524 memcpyCalls=28755 payloadBytes=155401796636 nasaValidationEvaluations=0 nasaFaceEvaluations=0 detailedGasCounters=0 temperatureBasisBuilds=0 temperatureBasisBytes=0 pinnedBytes=1048536 deviceStagingBytes=1048536 slotCells=14563 slots=1 blockThreads=256 eventWaits=26524 failedCalls=0 stageBarrier=full closureDownloadsPerRK=2 overlapValidated=0
REACTIVE_MEMORY liveBytes=5881223312 peakBytes=5881223312 bridgeBytes=1048536 conservedWorkspaceBytes=604592640 gasWorkspaceBytes=0 rhsWorkspaceBytes=0 d2dBytes=7384320 synchronizations=818
REACTIVE_CAPILLARY_PROFILE enabled=1 geometryBuilds=216 geometryKernels=432 faceFluxBuilds=581145600 workspaceBytes=328500484 closureIterations=93
REACTIVE_WALE gradientBuilds=97 viscosityBuilds=97 cellsEvaluated=397312000 workspaceBytes=32768004
REACTIVE_WALE_SCALARS fieldUploads=0 fieldUploadBytes=0 workspaceBytes=167942400 hostEnthalpyCells=0 hostPropertySeconds=0 propertyStageSeconds=10.296986770999993 fluxBackend=cuda
REACTIVE_WALE_PR backend=device-pr builds=97 cells=397312000 kernels=194 failures=0 inputUploadBytes=76091446624 scratchBytes=1015855456 wallSeconds=6.2326649989999998
REACTIVE_TRANSPORT allocatedBytes=5881223312 uploadedBytes=127279462152 downloadedBytes=28114950164 kernelLaunches=27814 stages=47 stepQueries=47
REACTIVE_TRANSFER conservedUploads=47 conservedUploadBytes=13860864000 conservedDownloadBytes=13860864000 stateUploadBytes=22249472000 primitiveUploadBytes=6553600000 gasUploadBytes=0 boundaryPartitions=256
REACTIVE_DEVICE_PROPERTIES builds=0 cells=0 partitionUploadBytes=0 thermoTableBytes=0 gasStatusChecks=0 cflFaceLaunches=47 transportFaceLaunches=47 faceWorkspaceBytes=1780531200
End
Collecting data...
Generating '/tmp/nsys-jsw/nsys-report-f9d3.qdstrm'
Press Ctrl-C to stop symbol files downloading
[1/1] [0%                          ] gpu-trace.nsys-rep[1/1] [0%                          ] gpu-trace.nsys-rep[1/1] [10%                         ] gpu-trace.nsys-rep[1/1] [12%                         ] gpu-trace.nsys-rep[1/1] [14%                         ] gpu-trace.nsys-rep[1/1] [12%                         ] gpu-trace.nsys-rep[1/1] [10%                         ] gpu-trace.nsys-rep[1/1] [11%                         ] gpu-trace.nsys-rep[1/1] [12%                         ] gpu-trace.nsys-rep[1/1] [13%                         ] gpu-trace.nsys-rep[1/1] [14%                         ] gpu-trace.nsys-rep[1/1] [=15%                        ] gpu-trace.nsys-rep[1/1] [=16%                        ] gpu-trace.nsys-rep[1/1] [=17%                        ] gpu-trace.nsys-rep[1/1] [==18%                       ] gpu-trace.nsys-rep[1/1] [==19%                       ] gpu-trace.nsys-rep[1/1] [==20%                       ] gpu-trace.nsys-rep[1/1] [====27%                     ] gpu-trace.nsys-rep[1/1] [====28%                     ] gpu-trace.nsys-rep[1/1] [===24%                      ] gpu-trace.nsys-rep[1/1] [==21%                       ] gpu-trace.nsys-rep[1/1] [===22%                      ] gpu-trace.nsys-rep[1/1] [===23%                      ] gpu-trace.nsys-rep[1/1] [===24%                      ] gpu-trace.nsys-rep[1/1] [====25%                     ] gpu-trace.nsys-rep[1/1] [====26%                     ] gpu-trace.nsys-rep[1/1] [====27%                     ] gpu-trace.nsys-rep[1/1] [=====32%                    ] gpu-trace.nsys-rep[1/1] [======33%                   ] gpu-trace.nsys-rep[1/1] [======34%                   ] gpu-trace.nsys-rep[1/1] [=====30%                    ] gpu-trace.nsys-rep[1/1] [====27%                     ] gpu-trace.nsys-rep[1/1] [=====32%                    ] gpu-trace.nsys-rep[1/1] [=====29%                    ] gpu-trace.nsys-rep[1/1] [====26%                     ] gpu-trace.nsys-rep[1/1] [=====29%                    ] gpu-trace.nsys-rep[1/1] [====27%                     ] gpu-trace.nsys-rep[1/1] [===24%                      ] gpu-trace.nsys-rep[1/1] [====27%                     ] gpu-trace.nsys-rep[1/1] [====26%                     ] gpu-trace.nsys-rep[1/1] [===24%                      ] gpu-trace.nsys-rep[1/1] [====26%                     ] gpu-trace.nsys-rep[1/1] [====25%                     ] gpu-trace.nsys-rep[1/1] [===23%                      ] gpu-trace.nsys-rep[1/1] [===22%                      ] gpu-trace.nsys-rep[1/1] [==20%                       ] gpu-trace.nsys-rep[1/1] [===22%                      ] gpu-trace.nsys-rep[1/1] [===24%                      ] gpu-trace.nsys-rep[1/1] [===23%                      ] gpu-trace.nsys-rep[1/1] [===22%                      ] gpu-trace.nsys-rep[1/1] [===24%                      ] gpu-trace.nsys-rep[1/1] [===23%                      ] gpu-trace.nsys-rep[1/1] [==21%                       ] gpu-trace.nsys-rep[1/1] [===23%                      ] gpu-trace.nsys-rep[1/1] [===22%                      ] gpu-trace.nsys-rep[1/1] [==21%                       ] gpu-trace.nsys-rep[1/1] [===23%                      ] gpu-trace.nsys-rep[1/1] [===22%                      ] gpu-trace.nsys-rep[1/1] [==21%                       ] gpu-trace.nsys-rep[1/1] [===22%                      ] gpu-trace.nsys-rep[1/1] [==21%                       ] gpu-trace.nsys-rep[1/1] [===22%                      ] gpu-trace.nsys-rep[1/1] [==21%                       ] gpu-trace.nsys-rep[1/1] [==20%                       ] gpu-trace.nsys-rep[1/1] [===22%                      ] gpu-trace.nsys-rep[1/1] [==21%                       ] gpu-trace.nsys-rep[1/1] [==20%                       ] gpu-trace.nsys-rep[1/1] [==19%                       ] gpu-trace.nsys-rep[1/1] [==18%                       ] gpu-trace.nsys-rep[1/1] [==19%                       ] gpu-trace.nsys-rep[1/1] [==20%                       ] gpu-trace.nsys-rep[1/1] [==19%                       ] gpu-trace.nsys-rep[1/1] [==20%                       ] gpu-trace.nsys-rep[1/1] [==21%                       ] gpu-trace.nsys-rep[1/1] [==20%                       ] gpu-trace.nsys-rep[1/1] [==21%                       ] gpu-trace.nsys-rep[1/1] [==20%                       ] gpu-trace.nsys-rep[1/1] [==21%                       ] gpu-trace.nsys-rep[1/1] [==20%                       ] gpu-trace.nsys-rep[1/1] [==19%                       ] gpu-trace.nsys-rep[1/1] [==20%                       ] gpu-trace.nsys-rep[1/1] [==19%                       ] gpu-trace.nsys-rep[1/1] [==20%                       ] gpu-trace.nsys-rep[1/1] [==19%                       ] gpu-trace.nsys-rep[1/1] [==20%                       ] gpu-trace.nsys-rep[1/1] [==19%                       ] gpu-trace.nsys-rep[1/1] [==20%                       ] gpu-trace.nsys-rep[1/1] [==19%                       ] gpu-trace.nsys-rep[1/1] [==20%                       ] gpu-trace.nsys-rep[1/1] [==19%                       ] gpu-trace.nsys-rep[1/1] [==20%                       ] gpu-trace.nsys-rep[1/1] [==19%                       ] gpu-trace.nsys-rep[1/1] [==20%                       ] gpu-trace.nsys-rep[1/1] [==19%                       ] gpu-trace.nsys-rep[1/1] [==18%                       ] gpu-trace.nsys-rep[1/1] [==19%                       ] gpu-trace.nsys-rep[1/1] [==18%                       ] gpu-trace.nsys-rep[1/1] [==19%                       ] gpu-trace.nsys-rep[1/1] [==18%                       ] gpu-trace.nsys-rep[1/1] [=17%                        ] gpu-trace.nsys-rep[1/1] [=16%                        ] gpu-trace.nsys-rep[1/1] [=15%                        ] gpu-trace.nsys-rep[1/1] [=16%                        ] gpu-trace.nsys-rep[1/1] [=15%                        ] gpu-trace.nsys-rep[1/1] [=16%                        ] gpu-trace.nsys-rep[1/1] [=17%                        ] gpu-trace.nsys-rep[1/1] [=16%                        ] gpu-trace.nsys-rep[1/1] [=17%                        ] gpu-trace.nsys-rep[1/1] [==18%                       ] gpu-trace.nsys-rep[1/1] [==19%                       ] gpu-trace.nsys-rep[1/1] [==18%                       ] gpu-trace.nsys-rep[1/1] [==19%                       ] gpu-trace.nsys-rep[1/1] [==18%                       ] gpu-trace.nsys-rep[1/1] [==19%                       ] gpu-trace.nsys-rep[1/1] [==20%                       ] gpu-trace.nsys-rep[1/1] [==19%                       ] gpu-trace.nsys-rep[1/1] [==20%                       ] gpu-trace.nsys-rep[1/1] [==19%                       ] gpu-trace.nsys-rep[1/1] [==20%                       ] gpu-trace.nsys-rep[1/1] [==21%                       ] gpu-trace.nsys-rep[1/1] [==20%                       ] gpu-trace.nsys-rep[1/1] [==21%                       ] gpu-trace.nsys-rep[1/1] [==20%                       ] gpu-trace.nsys-rep[1/1] [==21%                       ] gpu-trace.nsys-rep[1/1] [===22%                      ] gpu-trace.nsys-rep[1/1] [==21%                       ] gpu-trace.nsys-rep[1/1] [===22%                      ] gpu-trace.nsys-rep[1/1] [==21%                       ] gpu-trace.nsys-rep[1/1] [===22%                      ] gpu-trace.nsys-rep[1/1] [==21%                       ] gpu-trace.nsys-rep[1/1] [==20%                       ] gpu-trace.nsys-rep[1/1] [==19%                       ] gpu-trace.nsys-rep[1/1] [==18%                       ] gpu-trace.nsys-rep[1/1] [=17%                        ] gpu-trace.nsys-rep[1/1] [=16%                        ] gpu-trace.nsys-rep[1/1] [=15%                        ] gpu-trace.nsys-rep[1/1] [14%                         ] gpu-trace.nsys-rep[1/1] [13%                         ] gpu-trace.nsys-rep[1/1] [12%                         ] gpu-trace.nsys-rep[1/1] [11%                         ] gpu-trace.nsys-rep[1/1] [10%                         ] gpu-trace.nsys-rep[1/1] [9%                          ] gpu-trace.nsys-rep[1/1] [8%                          ] gpu-trace.nsys-rep[1/1] [9%                          ] gpu-trace.nsys-rep[1/1] [10%                         ] gpu-trace.nsys-rep[1/1] [11%                         ] gpu-trace.nsys-rep[1/1] [12%                         ] gpu-trace.nsys-rep[1/1] [13%                         ] gpu-trace.nsys-rep[1/1] [14%                         ] gpu-trace.nsys-rep[1/1] [=15%                        ] gpu-trace.nsys-rep[1/1] [=16%                        ] gpu-trace.nsys-rep[1/1] [=17%                        ] gpu-trace.nsys-rep[1/1] [==18%                       ] gpu-trace.nsys-rep[1/1] [==19%                       ] gpu-trace.nsys-rep[1/1] [==20%                       ] gpu-trace.nsys-rep[1/1] [==21%                       ] gpu-trace.nsys-rep[1/1] [===22%                      ] gpu-trace.nsys-rep[1/1] [===23%                      ] gpu-trace.nsys-rep[1/1] [===24%                      ] gpu-trace.nsys-rep[1/1] [====25%                     ] gpu-trace.nsys-rep[1/1] [====26%                     ] gpu-trace.nsys-rep[1/1] [====27%                     ] gpu-trace.nsys-rep[1/1] [====28%                     ] gpu-trace.nsys-rep[1/1] [=====29%                    ] gpu-trace.nsys-rep[1/1] [=====30%                    ] gpu-trace.nsys-rep[1/1] [=====31%                    ] gpu-trace.nsys-rep[1/1] [=====32%                    ] gpu-trace.nsys-rep[1/1] [======33%                   ] gpu-trace.nsys-rep[1/1] [======34%                   ] gpu-trace.nsys-rep[1/1] [======35%                   ] gpu-trace.nsys-rep[1/1] [=======36%                  ] gpu-trace.nsys-rep[1/1] [=======37%                  ] gpu-trace.nsys-rep[1/1] [=======38%                  ] gpu-trace.nsys-rep[1/1] [=======39%                  ] gpu-trace.nsys-rep[1/1] [========40%                 ] gpu-trace.nsys-rep[1/1] [========41%                 ] gpu-trace.nsys-rep[1/1] [========42%                 ] gpu-trace.nsys-rep[1/1] [=========43%                ] gpu-trace.nsys-rep[1/1] [=========44%                ] gpu-trace.nsys-rep[1/1] [=========45%                ] gpu-trace.nsys-rep[1/1] [=========46%                ] gpu-trace.nsys-rep[1/1] [==========47%               ] gpu-trace.nsys-rep[1/1] [==========48%               ] gpu-trace.nsys-rep[1/1] [==========49%               ] gpu-trace.nsys-rep[1/1] [===========50%              ] gpu-trace.nsys-rep[1/1] [========================100%] gpu-trace.nsys-rep[1/1] [========================100%] gpu-trace.nsys-rep
Generated:
	/home/jsw/문서/analysis/runs/impinging_n2o_cube80_z40_counters_1us_20260923/n160/full-physics/ambient_1atm/gpu-trace.nsys-rep
