/*---------------------------------------------------------------------------*\
| =========                 |                                                 |
| \\      /  F ield         | OpenFOAM: The Open Source CFD Toolbox           |
|  \\    /   O peration     | Version:  2512                                  |
|   \\  /    A nd           | Website:  www.openfoam.com                      |
|    \\/     M anipulation  |                                                 |
\*---------------------------------------------------------------------------*/
Build  : 5916a466-20260728 OPENFOAM=2512 version=v2512
Arch   : "LSB;label=32;scalar=64"
Exec   : /home/jsw/문서/analysis/spuma-multiphysics-spray-physics/bin/ReactiveFoam -case /home/jsw/문서/analysis/runs/impinging_n2o_cube80_z40_counters_1us_20260923/n160/full-physics/ambient_40bar_abs
Date   : Sep 23 2026
Time   : 23:54:38
Host   : jsw-ubuntu
PID    : 15077
I/O    : uncollated
Case   : /home/jsw/문서/analysis/runs/impinging_n2o_cube80_z40_counters_1us_20260923/n160/full-physics/ambient_40bar_abs
nProcs : 1
memory pool : not available
fileModificationChecking : Monitoring run-time modified files using timeStampMaster (fileModificationSkew 5, maxFileModificationPolls 20)
allowSystemOperations : Allowing user-supplied system call operations

// * * * * * * * * * * * * * * * * * * * * * * * * * * * * * * * * * * * * * //
Initializing CUDA devices

CUDA Driver Version / Runtime Version:  13.2 / 13.2
Number of threads per block: 128

Create dummyMemoryPool
 
Create time

Create mesh for time = 0

REACTIVE_RECOVERY mode=reference baseline=reference_candidate_search fallback=none
REACTIVE_CLOSURE_ACCELERATION exactBatchReuse=0 scalarBackend=cpu fullBackend=cuda deviceFullClosure=1 closureJacobian=finiteDifference requestedClosureJacobian=finiteDifference
REACTIVE_RUNTIME runId="15077-946096924684" solverSha256="4f59195d821988335697c8a515a55ffc960da7442f77f91dadd8d1b803b44858" manifest={"schema":1,"backendPath":"/home/jsw/문서/analysis/spuma-multiphysics-spray-physics/lib/libpintleReactiveBackend.so","backendSha256":"7d3308ad0bf05428d25829ee9be55afd0f1149494573143bb9845ddbd760ad25","thermoConfiguration":"/home/jsw/문서/analysis/runs/impinging_n2o_cube80_z40_counters_1us_20260923/n160/base/thermo/cold-pr-config.yaml","physicalModelHash":"e8a14864dd2082dde742598dbbcc5f0f2454bc521d93b9a3bd0befc47d4c9c4e","numericalPolicyHash":"84a6d15bb9da7f2463c14bf7ebc679532d122ce30a0d49e997b139830a94d781","modelFingerprint":"86843f73688e246995634977344ab1b56b1c0d5b17fb5620310e34555e990f4f","eos":"Peng-Robinson","closureBackend":"cuda","chemistryBackend":"cpu","deviceFullClosure":true,"deviceChemistryIntegration":false,"closureCpuFallback":false,"closureJacobian":"finiteDifference","solidN2O":false,"enforceSpeciesTemperatureBounds":true,"exactBatchReuse":false,"deviceCaloricCandidates":false,"deviceCaloricScope":"no-condensable-inventory; NASA/PR-alpha single interval; host branch/residual/stability approval","hemLibrary":"/home/jsw/문서/analysis/spuma-multiphysics-spray-physics/lib/libpintleReactiveTransport.so","hemLibrarySha256":"07434f8a9624d00bce8c9694ecaa997da227b6acb0cc4c1878d294ebfcf8e15f","hemNumericalPolicy":"legacy-fp64-separate-rn","deviceHemScope":"PR; nonreacting HEM; all reference candidates and boundary fallback; experimental"}
REACTIVE_TURBULENCE model=WALE-stress-v1 backend=cuda Cw=0.32500000000000001 filter=cubeRootVolume stressWork=1 sgsHeatFlux=1 sgsSpeciesMixing=1 Prt=0.84999999999999998 Sct=0.69999999999999996 scalarPropertyBackend=device-pr scalarFluxBackend=cuda sgsK=none TCI=0
REACTIVE_PHYSICS chemistry=0 combustion=0 phaseChange=equilibrium viscosity=1 heatConduction=1 speciesDiffusion=0 turbulence=WALE-stress-v1 turbulentHeatFlux=1 turbulentSpeciesMixing=1 surfaceTension=1 interfaceModel=diffuse-liquid-inventory-v1 totalEnergy=1 thermodynamicRecovery=1 frozenLiquidFields=0 transportedLiquidFields=1
REACTIVE_CAPILLARY sigma=0.0020577273399028486 geometryBackend=cuda tractionBackend=cuda closureBackend=cuda pressureModel=curved-phase-split surfaceEnergyInTotal=1 capillaryCfl=0.25 geometryScheme=Gauss-diffuse noPLIC=1
REACTIVE_PHYSICAL_MODEL hash=e8a14864dd2082dde742598dbbcc5f0f2454bc521d93b9a3bd0befc47d4c9c4e numericalPolicyHash=84a6d15bb9da7f2463c14bf7ebc679532d122ce30a0d49e997b139830a94d781 eos=Peng-Robinson realEOS=1 phaseEquilibrium=1 nonidealDiffusion=0 deviceClosure=1 deviceKinetics=0 mixtureLiquid=0
REACTIVE_BACKENDS transport=cuda thermodynamics=cuda chemistry=cpu chemicalLinearSolver=dense transportGasProperties=disabled
REACTIVE_MODEL cells=4096000 species=4 reactions=0 liquids=1 estimatedHostBytes=11048301568 chemistry=0
REACTIVE_SPECIES index=0 name=N2
REACTIVE_SPECIES index=1 name=O2
REACTIVE_SPECIES index=2 name=N2O
REACTIVE_SPECIES index=3 name=IC3H7OH
REACTIVE_CHECKPOINT time=0 acceptedSteps=0 complete=1 schema=3
REACTIVE_ATTEMPT_PROFILE attempt=2 accepted=1 retry=0 sourceCalls=0 fullPhaseEvaluations=0 scalarProbes=0 rootChecks=0 matrixFreeProducts=0 factorBuilds=0 workerJobElapsedSeconds=0
REACTIVE_STEP time=5.1271939499775744e-08 dt=5.1271939499775744e-08 retries=0 massResidual=-5.0753714763136767e-15 energyResidual=-1.4439392600530116e-14 momentumResidual=2.4174906501947973e-21 globalElementResidual=6.9052719079547353e-15 frozenLiquidResidual=0 speciesResidual=6.7050260288332833e-15 elementDrift=0 minP=3990269.9179397291 maxP=3999999.9999999977 minT=291.34912040939452 maxT=293.14999999999998 maxMach=0.0006721250581892674 minAlphaGas=0.99999999999999967 maxAlphaGas=1.0000000000000004 maxVolumeResidual=4.4408920985006262e-16 maxUVResidual=3.235582306050444e-11 maxMuResidual=0 maxMechanicalResidual=0 seconds=6.4016518610000004
REACTIVE_CAPILLARY_STEP time=5.1271939499775744e-08 area=3.9999999999999949e-05 surfaceEnergy=8.2309093596113842e-08 liquidMass=0 closureResidual=0 recoveryCalls=3 outerIterations=3
REACTIVE_STEP_TIMINGS time=5.1271939499775744e-08 cflSeconds=0.59117838700000003 backupSeconds=0.27945763499999998 transportSeconds=0.81813291399999999 recoverySeconds=4.6645494250000006 sourceSeconds=0 conservationSeconds=0.019633641 diagnosticsSeconds=0.028632502000000001 nestedBatchPackSeconds=0.08196315400000008 nestedBatchCallSeconds=3.8488082039999978 nestedBatchScatterSeconds=0 nestedScalarPropertySeconds=0.43364160900000004 otherSeconds=6.7357000000028283e-05
REACTIVE_GPU_HEM_STEP time=5.1271939499775744e-08 batches=2000 submitted=8192000 succeeded=8192000 cpuFallbacks=0 deviceFailures=0 phaseEvaluations=33363216 residualEvaluations=961008 analyticJacobians=0 finiteDifferenceJacobians=45440 wallSeconds=3.6421526870000029 kernelSeconds=3.2667741332650109 copySeconds=0.2763723851889372
REACTIVE_CHECKPOINT time=5.1271939499775744e-08 acceptedSteps=1 complete=1 schema=3
REACTIVE_ATTEMPT_PROFILE attempt=3 accepted=1 retry=0 sourceCalls=0 fullPhaseEvaluations=0 scalarProbes=0 rootChecks=0 matrixFreeProducts=0 factorBuilds=0 workerJobElapsedSeconds=0
REACTIVE_STEP time=1.0259787308542333e-07 dt=5.1325933585647587e-08 retries=0 massResidual=-1.0742361849092142e-14 energyResidual=-9.4210718389645778e-15 momentumResidual=4.4438713480650856e-21 globalElementResidual=1.362775622258259e-14 frozenLiquidResidual=0 speciesResidual=1.3232564015333186e-14 elementDrift=0 minP=3979373.5490676984 maxP=3999999.9999999977 minT=289.48353156926203 maxT=293.14999999999998 maxMach=0.0012857125516817568 minAlphaGas=0.99999999999999956 maxAlphaGas=1.0000000000000004 maxVolumeResidual=4.4408920985006262e-16 maxUVResidual=2.5019485328088514e-12 maxMuResidual=0 maxMechanicalResidual=0 seconds=7.6077896489999999
REACTIVE_CAPILLARY_STEP time=1.0259787308542333e-07 area=3.9999999999999949e-05 surfaceEnergy=8.2309093596113842e-08 liquidMass=0 closureResidual=0 recoveryCalls=5 outerIterations=5
REACTIVE_STEP_TIMINGS time=1.0259787308542333e-07 cflSeconds=0.56419638599999999 backupSeconds=0.27708750399999998 transportSeconds=0.82143076900000001 recoverySeconds=5.896666143 sourceSeconds=0 conservationSeconds=0.020088604999999999 diagnosticsSeconds=0.0282612 nestedBatchPackSeconds=0.081881701999999848 nestedBatchCallSeconds=5.080424456999987 nestedBatchScatterSeconds=0 nestedScalarPropertySeconds=0.42360602199999997 otherSeconds=5.9042000000144451e-05
REACTIVE_GPU_HEM_STEP time=1.0259787308542333e-07 batches=2000 submitted=8192000 succeeded=8192000 cpuFallbacks=0 deviceFailures=0 phaseEvaluations=34492856 residualEvaluations=2860674 analyticJacobians=0 finiteDifferenceJacobians=132096 wallSeconds=4.8737117160000061 kernelSeconds=4.4985410649478315 copySeconds=0.27629804874956476
REACTIVE_ATTEMPT_PROFILE attempt=4 accepted=1 retry=0 sourceCalls=0 fullPhaseEvaluations=0 scalarProbes=0 rootChecks=0 matrixFreeProducts=0 factorBuilds=0 workerJobElapsedSeconds=0
REACTIVE_STEP time=1.5398366274014885e-07 dt=5.1385789654725515e-08 retries=0 massResidual=-4.2002256031176982e-15 energyResidual=-1.2566520723425741e-14 momentumResidual=5.7342262301435826e-21 globalElementResidual=9.98583209881647e-15 frozenLiquidResidual=0 speciesResidual=9.6962548139631501e-15 elementDrift=0 minP=3967529.0114875082 maxP=3999999.9999999977 minT=287.56733544158828 maxT=293.14999999999998 maxMach=0.0018457885265859117 minAlphaGas=0.99999999999999956 maxAlphaGas=1.0000000000000002 maxVolumeResidual=4.4408920985006262e-16 maxUVResidual=6.4643856728189261e-10 maxMuResidual=0 maxMechanicalResidual=0 seconds=11.678435436999999
REACTIVE_CAPILLARY_STEP time=1.5398366274014885e-07 area=3.9999999999999949e-05 surfaceEnergy=8.2309093596113842e-08 liquidMass=0 closureResidual=0 recoveryCalls=7 outerIterations=7
REACTIVE_STEP_TIMINGS time=1.5398366274014885e-07 cflSeconds=0.56456230600000001 backupSeconds=0.27687955199999997 transportSeconds=0.82091726099999995 recoverySeconds=9.9680831120000004 sourceSeconds=0 conservationSeconds=0.019374321 diagnosticsSeconds=0.028563435000000002 nestedBatchPackSeconds=0.082231066999999797 nestedBatchCallSeconds=9.1505224860000016 nestedBatchScatterSeconds=0 nestedScalarPropertySeconds=0.42124017400000002 otherSeconds=5.5449999997455451e-05
REACTIVE_GPU_HEM_STEP time=1.5398366274014885e-07 batches=2000 submitted=8192000 succeeded=8192000 cpuFallbacks=0 deviceFailures=0 phaseEvaluations=36211264 residualEvaluations=5804336 analyticJacobians=0 finiteDifferenceJacobians=264680 wallSeconds=8.9427598629999849 kernelSeconds=8.5654473352730705 copySeconds=0.27727888082712959
REACTIVE_ATTEMPT_PROFILE attempt=5 accepted=1 retry=0 sourceCalls=0 fullPhaseEvaluations=0 scalarProbes=0 rootChecks=0 matrixFreeProducts=0 factorBuilds=0 workerJobElapsedSeconds=0
REACTIVE_STEP time=2.0543538613551139e-07 dt=5.1451723395362532e-08 retries=0 massResidual=-2.1033886212707934e-14 energyResidual=-1.6495324898359414e-14 momentumResidual=8.1055227914811548e-21 globalElementResidual=2.771419379399878e-14 frozenLiquidResidual=0 speciesResidual=2.6910508074444292e-14 elementDrift=0 minP=3954947.4012868558 maxP=3999999.9999999977 minT=285.61422253030224 maxT=293.14999999999998 maxMach=0.0023583331279902597 minAlphaGas=0.99999999999999967 maxAlphaGas=1.0000000000000004 maxVolumeResidual=4.4408920985006262e-16 maxUVResidual=9.127949736343628e-10 maxMuResidual=0 maxMechanicalResidual=0 seconds=13.049034311
REACTIVE_CAPILLARY_STEP time=2.0543538613551139e-07 area=3.9999999999999949e-05 surfaceEnergy=8.2309093596113842e-08 liquidMass=0 closureResidual=0 recoveryCalls=9 outerIterations=9
REACTIVE_STEP_TIMINGS time=2.0543538613551139e-07 cflSeconds=0.56473548100000004 backupSeconds=0.27712070300000002 transportSeconds=0.82610640800000001 recoverySeconds=11.334862827 sourceSeconds=0 conservationSeconds=0.017809993999999999 diagnosticsSeconds=0.028340664000000002 nestedBatchPackSeconds=0.081765680000000202 nestedBatchCallSeconds=10.513535110999989 nestedBatchScatterSeconds=0 nestedScalarPropertySeconds=0.42380572100000002 otherSeconds=5.8234000000999958e-05
REACTIVE_GPU_HEM_STEP time=2.0543538613551139e-07 batches=2000 submitted=8192000 succeeded=8192000 cpuFallbacks=0 deviceFailures=0 phaseEvaluations=38632084 residualEvaluations=9892227 analyticJacobians=0 finiteDifferenceJacobians=451075 wallSeconds=10.305761019999952 kernelSeconds=9.9314543666244717 copySeconds=0.27527836833894859
REACTIVE_ATTEMPT_PROFILE attempt=6 accepted=1 retry=0 sourceCalls=0 fullPhaseEvaluations=0 scalarProbes=0 rootChecks=0 matrixFreeProducts=0 factorBuilds=0 workerJobElapsedSeconds=0
REACTIVE_STEP time=2.5695919508196773e-07 dt=5.1523808946456375e-08 retries=0 massResidual=-2.0975961545388751e-14 energyResidual=-2.6475949873761699e-14 momentumResidual=1.0088789006418032e-20 globalElementResidual=2.7283902501150238e-14 frozenLiquidResidual=0 speciesResidual=2.6492696849162982e-14 elementDrift=0 minP=3941830.6806356637 maxP=3999999.9999999977 minT=283.63731659654906 maxT=293.14999999999998 maxMach=0.0028300739906587402 minAlphaGas=0.99999999999999967 maxAlphaGas=1.0000000000000004 maxVolumeResidual=4.4408920985006262e-16 maxUVResidual=4.7768528042183595e-10 maxMuResidual=0 maxMechanicalResidual=0 seconds=13.996446298
REACTIVE_CAPILLARY_STEP time=2.5695919508196773e-07 area=3.9999999999999949e-05 surfaceEnergy=8.2309093596113842e-08 liquidMass=0 closureResidual=0 recoveryCalls=11 outerIterations=11
REACTIVE_STEP_TIMINGS time=2.5695919508196773e-07 cflSeconds=0.56739891599999992 backupSeconds=0.27732712799999998 transportSeconds=0.82058898899999999 recoverySeconds=12.284792935999999 sourceSeconds=0 conservationSeconds=0.017930891000000001 diagnosticsSeconds=0.028352411000000001 nestedBatchPackSeconds=0.082363864000000009 nestedBatchCallSeconds=11.46497359 nestedBatchScatterSeconds=0 nestedScalarPropertySeconds=0.42286344399999998 otherSeconds=5.5027000001008769e-05
REACTIVE_GPU_HEM_STEP time=2.5695919508196773e-07 batches=2000 submitted=8192000 succeeded=8192000 cpuFallbacks=0 deviceFailures=0 phaseEvaluations=41575398 residualEvaluations=14912563 analyticJacobians=0 finiteDifferenceJacobians=678126 wallSeconds=11.25645143800001 kernelSeconds=10.878713575690963 copySeconds=0.27774505644291958
REACTIVE_ATTEMPT_PROFILE attempt=7 accepted=1 retry=0 sourceCalls=0 fullPhaseEvaluations=0 scalarProbes=0 rootChecks=0 matrixFreeProducts=0 factorBuilds=0 workerJobElapsedSeconds=0
REACTIVE_STEP time=3.085612194622158e-07 dt=5.1602024380248048e-08 retries=0 massResidual=-1.6170998370534419e-14 energyResidual=-2.5093042668380481e-14 momentumResidual=1.1862642018535488e-20 globalElementResidual=2.5176785028954983e-14 frozenLiquidResidual=0 speciesResidual=2.444668369777149e-14 elementDrift=0 minP=3928369.9383886829 maxP=3999999.9999999977 minT=281.64904415684163 maxT=293.14999999999998 maxMach=0.0032681741193413142 minAlphaGas=0.99999999999999956 maxAlphaGas=1.0000000000000004 maxVolumeResidual=4.4408920985006262e-16 maxUVResidual=9.8719940320923007e-10 maxMuResidual=0 maxMechanicalResidual=0 seconds=15.473222311000001
REACTIVE_CAPILLARY_STEP time=3.085612194622158e-07 area=3.9999999999999949e-05 surfaceEnergy=8.2309093596113842e-08 liquidMass=0 closureResidual=0 recoveryCalls=13 outerIterations=13
REACTIVE_STEP_TIMINGS time=3.085612194622158e-07 cflSeconds=0.56637799 backupSeconds=0.279716095 transportSeconds=0.82150643300000004 recoverySeconds=13.754866224000001 sourceSeconds=0 conservationSeconds=0.021267010999999999 diagnosticsSeconds=0.029432544000000001 nestedBatchPackSeconds=0.082820832999999969 nestedBatchCallSeconds=12.92607830899998 nestedBatchScatterSeconds=0 nestedScalarPropertySeconds=0.42382195200000006 otherSeconds=5.6014000001443354e-05
REACTIVE_GPU_HEM_STEP time=3.085612194622158e-07 batches=2000 submitted=8192000 succeeded=8192000 cpuFallbacks=0 deviceFailures=0 phaseEvaluations=44889454 residualEvaluations=20541898 analyticJacobians=0 finiteDifferenceJacobians=933621 wallSeconds=12.715535442999887 kernelSeconds=12.336215865701227 copySeconds=0.27891481709480237
REACTIVE_ATTEMPT_PROFILE attempt=8 accepted=1 retry=0 sourceCalls=0 fullPhaseEvaluations=0 scalarProbes=0 rootChecks=0 matrixFreeProducts=0 factorBuilds=0 workerJobElapsedSeconds=0
REACTIVE_STEP time=3.6024736279202321e-07 dt=5.1686143329807405e-08 retries=0 massResidual=-3.1081286065756896e-14 energyResidual=-1.6908067911513035e-14 momentumResidual=1.1456134036591905e-20 globalElementResidual=4.0078989518588239e-14 frozenLiquidResidual=0 speciesResidual=3.8916740543805013e-14 elementDrift=0 minP=3914744.040179824 maxP=3999999.9999999977 minT=279.66103380584519 maxT=293.14999999999998 maxMach=0.0036798371068206535 minAlphaGas=0.99999999999999956 maxAlphaGas=1.0000000000000004 maxVolumeResidual=4.4408920985006262e-16 maxUVResidual=7.9144424206563106e-10 maxMuResidual=0 maxMechanicalResidual=0 seconds=16.906513165
REACTIVE_CAPILLARY_STEP time=3.6024736279202321e-07 area=3.9999999999999949e-05 surfaceEnergy=8.2309093596113842e-08 liquidMass=0 closureResidual=0 recoveryCalls=15 outerIterations=15
REACTIVE_STEP_TIMINGS time=3.6024736279202321e-07 cflSeconds=0.57289628199999998 backupSeconds=0.278066851 transportSeconds=0.83073061300000006 recoverySeconds=15.175244189000001 sourceSeconds=0 conservationSeconds=0.020449592999999999 diagnosticsSeconds=0.029068335000000001 nestedBatchPackSeconds=0.082814954999999968 nestedBatchCallSeconds=14.35005677100002 nestedBatchScatterSeconds=0 nestedScalarPropertySeconds=0.43183770799999999 otherSeconds=5.7302000002080328e-05
REACTIVE_GPU_HEM_STEP time=3.6024736279202321e-07 batches=2000 submitted=8192000 succeeded=8192000 cpuFallbacks=0 deviceFailures=0 phaseEvaluations=48242012 residualEvaluations=26127674 analyticJacobians=0 finiteDifferenceJacobians=1191174 wallSeconds=14.141048905000055 kernelSeconds=13.761691641956318 copySeconds=0.27852112101018434
REACTIVE_ATTEMPT_PROFILE attempt=9 accepted=1 retry=0 sourceCalls=0 fullPhaseEvaluations=0 scalarProbes=0 rootChecks=0 matrixFreeProducts=0 factorBuilds=0 workerJobElapsedSeconds=0
REACTIVE_STEP time=4.119406301475042e-07 dt=5.1693267355480975e-08 retries=0 massResidual=-3.3168139865703322e-14 energyResidual=-3.4293862806680153e-14 momentumResidual=1.3439400251528783e-20 globalElementResidual=4.2324199964185618e-14 frozenLiquidResidual=0 speciesResidual=4.1096836652988908e-14 elementDrift=0 minP=3901140.2927643312 maxP=3999999.9999999977 minT=277.6871765234842 maxT=293.14999999999998 maxMach=0.0040712879645590262 minAlphaGas=0.99999999999999956 maxAlphaGas=1.0000000000000004 maxVolumeResidual=4.4408920985006262e-16 maxUVResidual=5.1672290369727498e-10 maxMuResidual=0 maxMechanicalResidual=0 seconds=17.790754978999999
REACTIVE_CAPILLARY_STEP time=4.119406301475042e-07 area=3.9999999999999949e-05 surfaceEnergy=8.2309093596113842e-08 liquidMass=0 closureResidual=0 recoveryCalls=17 outerIterations=17
REACTIVE_STEP_TIMINGS time=4.119406301475042e-07 cflSeconds=0.56918015499999997 backupSeconds=0.27787566899999999 transportSeconds=0.82238977600000007 recoverySeconds=16.073041582000002 sourceSeconds=0 conservationSeconds=0.020109506999999999 diagnosticsSeconds=0.028101816000000002 nestedBatchPackSeconds=0.08169562600000016 nestedBatchCallSeconds=15.252313801999991 nestedBatchScatterSeconds=0 nestedScalarPropertySeconds=0.42531712700000002 otherSeconds=5.6473999994061108e-05
REACTIVE_GPU_HEM_STEP time=4.119406301475042e-07 batches=2000 submitted=8192000 succeeded=8192000 cpuFallbacks=0 deviceFailures=0 phaseEvaluations=50989003 residualEvaluations=30821148 analyticJacobians=0 finiteDifferenceJacobians=1403133 wallSeconds=15.04332434100003 kernelSeconds=14.66720368653499 copySeconds=0.27672083306312123
REACTIVE_ATTEMPT_PROFILE attempt=10 accepted=1 retry=0 sourceCalls=0 fullPhaseEvaluations=0 scalarProbes=0 rootChecks=0 matrixFreeProducts=0 factorBuilds=0 workerJobElapsedSeconds=0
REACTIVE_STEP time=4.6363091238199947e-07 dt=5.16902822344953e-08 retries=0 massResidual=-3.2260849277975573e-14 energyResidual=-2.7270526731649352e-14 momentumResidual=1.4486466265625893e-20 globalElementResidual=4.1290234280891793e-14 frozenLiquidResidual=0 speciesResidual=4.0092859384028645e-14 elementDrift=0 minP=3887713.0415848582 maxP=3999999.9999999977 minT=275.73771929538105 maxT=293.14999999999998 maxMach=0.0044486220611129057 minAlphaGas=0.99999999999999956 maxAlphaGas=1.0000000000000004 maxVolumeResidual=4.4408920985006262e-16 maxUVResidual=9.9898047982406764e-10 maxMuResidual=0 maxMechanicalResidual=0 seconds=18.906603294
REACTIVE_CAPILLARY_STEP time=4.6363091238199947e-07 area=3.9999999999999949e-05 surfaceEnergy=8.2309093596113842e-08 liquidMass=0 closureResidual=0 recoveryCalls=19 outerIterations=19
REACTIVE_STEP_TIMINGS time=4.6363091238199947e-07 cflSeconds=0.56874144199999999 backupSeconds=0.27707447399999996 transportSeconds=0.82449368300000003 recoverySeconds=17.188165801 sourceSeconds=0 conservationSeconds=0.018475933999999999 diagnosticsSeconds=0.029593342000000002 nestedBatchPackSeconds=0.081635248999999938 nestedBatchCallSeconds=16.367688016999978 nestedBatchScatterSeconds=0 nestedScalarPropertySeconds=0.42798303599999998 otherSeconds=5.861800000028089e-05
REACTIVE_GPU_HEM_STEP time=4.6363091238199947e-07 batches=2000 submitted=8192000 succeeded=8192000 cpuFallbacks=0 deviceFailures=0 phaseEvaluations=52951290 residualEvaluations=34156208 analyticJacobians=0 finiteDifferenceJacobians=1554397 wallSeconds=16.158918086999947 kernelSeconds=15.78359874641896 copySeconds=0.27556377627700579
REACTIVE_ATTEMPT_PROFILE attempt=11 accepted=1 retry=0 sourceCalls=0 fullPhaseEvaluations=0 scalarProbes=0 rootChecks=0 matrixFreeProducts=0 factorBuilds=0 workerJobElapsedSeconds=0
REACTIVE_STEP time=5.1531403808314355e-07 dt=5.1683125701144086e-08 retries=0 massResidual=-3.3591615238648017e-14 energyResidual=-1.6612503904080959e-14 momentumResidual=1.5927721837971327e-20 globalElementResidual=4.2758678660256588e-14 frozenLiquidResidual=0 speciesResidual=4.151871691999102e-14 elementDrift=0 minP=3874598.8881654926 maxP=3999999.9999999977 minT=273.82157533031597 maxT=293.14999999999998 maxMach=0.0048171205772776279 minAlphaGas=0.99999999999999956 maxAlphaGas=1.0000000000000004 maxVolumeResidual=4.4408920985006262e-16 maxUVResidual=9.9741310807681104e-10 maxMuResidual=0 maxMechanicalResidual=0 seconds=19.745064042999999
REACTIVE_CAPILLARY_STEP time=5.1531403808314355e-07 area=3.9999999999999949e-05 surfaceEnergy=8.2309093596113842e-08 liquidMass=0 closureResidual=0 recoveryCalls=21 outerIterations=21
REACTIVE_STEP_TIMINGS time=5.1531403808314355e-07 cflSeconds=0.56862066700000002 backupSeconds=0.27692233300000002 transportSeconds=0.82043001500000001 recoverySeconds=18.030078121000003 sourceSeconds=0 conservationSeconds=0.020765617 diagnosticsSeconds=0.028185910000000002 nestedBatchPackSeconds=0.081630735999999995 nestedBatchCallSeconds=17.211741457999977 nestedBatchScatterSeconds=0 nestedScalarPropertySeconds=0.42537216099999997 otherSeconds=6.1379999994497225e-05
REACTIVE_GPU_HEM_STEP time=5.1531403808314355e-07 batches=2000 submitted=8192000 succeeded=8192000 cpuFallbacks=0 deviceFailures=0 phaseEvaluations=54373999 residualEvaluations=36537133 analyticJacobians=0 finiteDifferenceJacobians=1663803 wallSeconds=17.003336182999817 kernelSeconds=16.628323942780369 copySeconds=0.27560825680195311
REACTIVE_ATTEMPT_PROFILE attempt=12 accepted=1 retry=0 sourceCalls=0 fullPhaseEvaluations=0 scalarProbes=0 rootChecks=0 matrixFreeProducts=0 factorBuilds=0 workerJobElapsedSeconds=0
REACTIVE_STEP time=5.669890027850069e-07 dt=5.1674964701863312e-08 retries=0 massResidual=-3.0507013641196603e-14 energyResidual=-3.4158237735072435e-14 momentumResidual=1.8194311797899186e-20 globalElementResidual=4.4301481551113491e-14 frozenLiquidResidual=0 speciesResidual=4.3016778008242349e-14 elementDrift=0 minP=3861917.3957012519 maxP=3999999.9999999977 minT=271.94642729565976 maxT=293.14999999999998 maxMach=0.0051812852451368612 minAlphaGas=0.99999999999999956 maxAlphaGas=1.0000000000000004 maxVolumeResidual=4.4408920985006262e-16 maxUVResidual=9.9918588403935619e-10 maxMuResidual=0 maxMechanicalResidual=0 seconds=20.369031425999999
REACTIVE_CAPILLARY_STEP time=5.669890027850069e-07 area=3.9999999999999949e-05 surfaceEnergy=8.2309093596113842e-08 liquidMass=0 closureResidual=0 recoveryCalls=23 outerIterations=23
REACTIVE_STEP_TIMINGS time=5.669890027850069e-07 cflSeconds=0.56906959899999998 backupSeconds=0.28163920600000003 transportSeconds=0.83270091400000001 recoverySeconds=18.634360045999998 sourceSeconds=0 conservationSeconds=0.021021956000000001 diagnosticsSeconds=0.030179742999999998 nestedBatchPackSeconds=0.082894859999999945 nestedBatchCallSeconds=17.811465069000029 nestedBatchScatterSeconds=0 nestedScalarPropertySeconds=0.43236599799999997 otherSeconds=5.9962000001623911e-05
REACTIVE_GPU_HEM_STEP time=5.669890027850069e-07 batches=2000 submitted=8192000 succeeded=8192000 cpuFallbacks=0 deviceFailures=0 phaseEvaluations=55577308 residualEvaluations=38559584 analyticJacobians=0 finiteDifferenceJacobians=1756468 wallSeconds=17.600060565000248 kernelSeconds=17.221407943725382 copySeconds=0.27801270443199666
REACTIVE_ATTEMPT_PROFILE attempt=13 accepted=1 retry=0 sourceCalls=0 fullPhaseEvaluations=0 scalarProbes=0 rootChecks=0 matrixFreeProducts=0 factorBuilds=0 workerJobElapsedSeconds=0
REACTIVE_STEP time=6.1865518306900021e-07 dt=5.1666180283993271e-08 retries=0 massResidual=-3.4322328002545102e-14 energyResidual=-3.3643848949690576e-14 momentumResidual=1.9918891115235603e-20 globalElementResidual=4.5758046323437418e-14 frozenLiquidResidual=0 speciesResidual=4.4431098728982214e-14 elementDrift=0 minP=3849772.1754604704 maxP=3999999.9999999977 minT=270.11885245221526 maxT=293.14999999999998 maxMach=0.0055449770754679197 minAlphaGas=0.99999999999999956 maxAlphaGas=1.0000000000000004 maxVolumeResidual=4.4408920985006262e-16 maxUVResidual=9.9797149132229622e-10 maxMuResidual=0 maxMechanicalResidual=0 seconds=20.632024380000001
REACTIVE_CAPILLARY_STEP time=6.1865518306900021e-07 area=3.9999999999999949e-05 surfaceEnergy=8.2309093596113842e-08 liquidMass=0 closureResidual=0 recoveryCalls=25 outerIterations=25
REACTIVE_STEP_TIMINGS time=6.1865518306900021e-07 cflSeconds=0.57676904100000004 backupSeconds=0.28481473400000001 transportSeconds=0.84955806 recoverySeconds=18.870187413 sourceSeconds=0 conservationSeconds=0.021142055 diagnosticsSeconds=0.029491361000000001 nestedBatchPackSeconds=0.084344856000000079 nestedBatchCallSeconds=18.039399406999987 nestedBatchScatterSeconds=0 nestedScalarPropertySeconds=0.44125499100000004 otherSeconds=6.1716000001307836e-05
REACTIVE_GPU_HEM_STEP time=6.1865518306900021e-07 batches=2000 submitted=8192000 succeeded=8192000 cpuFallbacks=0 deviceFailures=0 phaseEvaluations=56416262 residualEvaluations=39956670 analyticJacobians=0 finiteDifferenceJacobians=1820908 wallSeconds=17.827998201999833 kernelSeconds=17.443039153157912 copySeconds=0.28235968011617807
REACTIVE_ATTEMPT_PROFILE attempt=14 accepted=1 retry=0 sourceCalls=0 fullPhaseEvaluations=0 scalarProbes=0 rootChecks=0 matrixFreeProducts=0 factorBuilds=0 workerJobElapsedSeconds=0
REACTIVE_STEP time=6.7031229381813438e-07 dt=5.1657110749134169e-08 retries=0 massResidual=-3.549088923077506e-14 energyResidual=-2.8769323656283145e-14 momentumResidual=2.1606515161486239e-20 globalElementResidual=4.9458148250554413e-14 frozenLiquidResidual=0 speciesResidual=4.802390886515301e-14 elementDrift=0 minP=3838251.6549899061 maxP=3999999.9999999977 minT=268.34436776662778 maxT=293.14999999999998 maxMach=0.0059115798151306168 minAlphaGas=0.99999999999999956 maxAlphaGas=1.0000000000000004 maxVolumeResidual=4.4408920985006262e-16 maxUVResidual=9.653434736173837e-10 maxMuResidual=0 maxMechanicalResidual=0 seconds=20.770822026000001
REACTIVE_CAPILLARY_STEP time=6.7031229381813438e-07 area=3.9999999999999949e-05 surfaceEnergy=8.2309093596113842e-08 liquidMass=0 closureResidual=0 recoveryCalls=27 outerIterations=27
REACTIVE_STEP_TIMINGS time=6.7031229381813438e-07 cflSeconds=0.56846931100000009 backupSeconds=0.27829089900000004 transportSeconds=0.82646945999999999 recoverySeconds=19.051179759 sourceSeconds=0 conservationSeconds=0.018086300999999999 diagnosticsSeconds=0.028267339999999998 nestedBatchPackSeconds=0.082607965999999963 nestedBatchCallSeconds=18.228057074999981 nestedBatchScatterSeconds=0 nestedScalarPropertySeconds=0.428147787 otherSeconds=5.8955999999780323e-05
REACTIVE_GPU_HEM_STEP time=6.7031229381813438e-07 batches=2000 submitted=8192000 succeeded=8192000 cpuFallbacks=0 deviceFailures=0 phaseEvaluations=57243378 residualEvaluations=41380216 analyticJacobians=0 finiteDifferenceJacobians=1884836 wallSeconds=18.016945870000058 kernelSeconds=17.636976330756767 copySeconds=0.27925728110968828
REACTIVE_ATTEMPT_PROFILE attempt=15 accepted=1 retry=0 sourceCalls=0 fullPhaseEvaluations=0 scalarProbes=0 rootChecks=0 matrixFreeProducts=0 factorBuilds=0 workerJobElapsedSeconds=0
REACTIVE_STEP time=7.2196027494187811e-07 dt=5.1647981123743782e-08 retries=0 massResidual=-3.5088812049319367e-14 energyResidual=-4.1471385184227126e-14 momentumResidual=2.3084726004917451e-20 globalElementResidual=4.89158421208053e-14 frozenLiquidResidual=0 speciesResidual=4.7497320210189163e-14 elementDrift=0 minP=3827430.4623545492 maxP=3999999.9999999977 minT=266.62751168678489 maxT=293.14999999999998 maxMach=0.0062841638470652935 minAlphaGas=0.99999999999999956 maxAlphaGas=1.0000000000000004 maxVolumeResidual=4.4408920985006262e-16 maxUVResidual=9.9742414502068056e-10 maxMuResidual=0 maxMechanicalResidual=0 seconds=21.480929797000002
REACTIVE_CAPILLARY_STEP time=7.2196027494187811e-07 area=3.9999999999999949e-05 surfaceEnergy=8.2309093596113842e-08 liquidMass=0 closureResidual=0 recoveryCalls=29 outerIterations=29
REACTIVE_STEP_TIMINGS time=7.2196027494187811e-07 cflSeconds=0.56356414999999993 backupSeconds=0.28171428799999998 transportSeconds=0.81857330400000006 recoverySeconds=19.769004053 sourceSeconds=0 conservationSeconds=0.019360808 diagnosticsSeconds=0.028655966000000001 nestedBatchPackSeconds=0.081719495999999961 nestedBatchCallSeconds=18.953728543 nestedBatchScatterSeconds=0 nestedScalarPropertySeconds=0.42219382599999999 otherSeconds=5.7227999999891893e-05
REACTIVE_GPU_HEM_STEP time=7.2196027494187811e-07 batches=2000 submitted=8192000 succeeded=8192000 cpuFallbacks=0 deviceFailures=0 phaseEvaluations=58066353 residualEvaluations=42777077 analyticJacobians=0 finiteDifferenceJacobians=1948058 wallSeconds=18.745295454000086 kernelSeconds=18.369662090867934 copySeconds=0.27621120059489801
REACTIVE_ATTEMPT_PROFILE attempt=16 accepted=1 retry=0 sourceCalls=0 fullPhaseEvaluations=0 scalarProbes=0 rootChecks=0 matrixFreeProducts=0 factorBuilds=0 workerJobElapsedSeconds=0
REACTIVE_STEP time=7.7359918513821132e-07 dt=5.1638910196333172e-08 retries=0 massResidual=-4.6089461081258604e-14 energyResidual=-3.932488893866135e-14 momentumResidual=2.5277405422673752e-20 globalElementResidual=5.7739043893275283e-14 frozenLiquidResidual=0 speciesResidual=5.6064662639644877e-14 elementDrift=0 minP=3817372.0324714975 maxP=3999999.9999999977 minT=264.97199313054642 maxT=293.14999999999998 maxMach=0.0066656749072488289 minAlphaGas=0.99999999999999944 maxAlphaGas=1.0000000000000004 maxVolumeResidual=5.5511151231257827e-16 maxUVResidual=9.9641812099382593e-10 maxMuResidual=0 maxMechanicalResidual=0 seconds=21.300439790999999
REACTIVE_CAPILLARY_STEP time=7.7359918513821132e-07 area=3.9999999999999949e-05 surfaceEnergy=8.2309093596113842e-08 liquidMass=0 closureResidual=0 recoveryCalls=31 outerIterations=31
REACTIVE_STEP_TIMINGS time=7.7359918513821132e-07 cflSeconds=0.56522530299999996 backupSeconds=0.27861630100000001 transportSeconds=0.82072351200000004 recoverySeconds=19.589469739000002 sourceSeconds=0 conservationSeconds=0.017924249999999999 diagnosticsSeconds=0.028423397 nestedBatchPackSeconds=0.081955337000000128 nestedBatchCallSeconds=18.766362833000017 nestedBatchScatterSeconds=0 nestedScalarPropertySeconds=0.42402502600000003 otherSeconds=5.7288999998288126e-05
REACTIVE_GPU_HEM_STEP time=7.7359918513821132e-07 batches=2000 submitted=8192000 succeeded=8192000 cpuFallbacks=0 deviceFailures=0 phaseEvaluations=58847392 residualEvaluations=44148640 analyticJacobians=0 finiteDifferenceJacobians=2008595 wallSeconds=18.557942718000106 kernelSeconds=18.182978203475329 copySeconds=0.27547840055077355
REACTIVE_ATTEMPT_PROFILE attempt=17 accepted=1 retry=0 sourceCalls=0 fullPhaseEvaluations=0 scalarProbes=0 rootChecks=0 matrixFreeProducts=0 factorBuilds=0 workerJobElapsedSeconds=0
REACTIVE_STEP time=8.2522913422634094e-07 dt=5.1629949088129596e-08 retries=0 massResidual=-4.2846606833529492e-14 energyResidual=-4.4496113036305795e-14 momentumResidual=2.6139695081341959e-20 globalElementResidual=5.5184822214170347e-14 frozenLiquidResidual=0 speciesResidual=5.3584512224764823e-14 elementDrift=0 minP=3808134.5408395962 maxP=3999999.9999999977 minT=263.38102595053414 maxT=293.14999999999998 maxMach=0.0070591012777552302 minAlphaGas=0.99999999999999944 maxAlphaGas=1.0000000000000004 maxVolumeResidual=5.5511151231257827e-16 maxUVResidual=9.8289809306570088e-10 maxMuResidual=0 maxMechanicalResidual=0 seconds=21.677946965
REACTIVE_CAPILLARY_STEP time=8.2522913422634094e-07 area=3.9999999999999949e-05 surfaceEnergy=8.2309093596113842e-08 liquidMass=0 closureResidual=0 recoveryCalls=33 outerIterations=33
REACTIVE_STEP_TIMINGS time=8.2522913422634094e-07 cflSeconds=0.56376823600000003 backupSeconds=0.27911382800000001 transportSeconds=0.82182575400000002 recoverySeconds=19.964249226 sourceSeconds=0 conservationSeconds=0.020416384999999999 diagnosticsSeconds=0.028517503999999999 nestedBatchPackSeconds=0.081793414000000092 nestedBatchCallSeconds=19.143821896999995 nestedBatchScatterSeconds=0 nestedScalarPropertySeconds=0.42286399400000002 otherSeconds=5.6032000000438148e-05
REACTIVE_GPU_HEM_STEP time=8.2522913422634094e-07 batches=2000 submitted=8192000 succeeded=8192000 cpuFallbacks=0 deviceFailures=0 phaseEvaluations=59613895 residualEvaluations=45417858 analyticJacobians=0 finiteDifferenceJacobians=2067513 wallSeconds=18.935643056999993 kernelSeconds=18.560122130126075 copySeconds=0.27616505715996897
REACTIVE_ATTEMPT_PROFILE attempt=18 accepted=1 retry=0 sourceCalls=0 fullPhaseEvaluations=0 scalarProbes=0 rootChecks=0 matrixFreeProducts=0 factorBuilds=0 workerJobElapsedSeconds=0
REACTIVE_STEP time=8.7685025274000312e-07 dt=5.1621118513662214e-08 retries=0 massResidual=-5.5190363416050101e-14 energyResidual=-4.5371704274015123e-14 momentumResidual=2.8837429870603924e-20 globalElementResidual=6.9104766815119728e-14 frozenLiquidResidual=0 speciesResidual=6.7100792894008979e-14 elementDrift=0 minP=3799788.3703867844 maxP=3999999.9999999977 minT=261.85832678145385 maxT=293.14999999999998 maxMach=0.0074675500066098306 minAlphaGas=0.99999999999999956 maxAlphaGas=1.0000000000000004 maxVolumeResidual=4.4408920985006262e-16 maxUVResidual=9.9618713863622208e-10 maxMuResidual=0 maxMechanicalResidual=0 seconds=21.739948521999999
REACTIVE_CAPILLARY_STEP time=8.7685025274000312e-07 area=3.9999999999999949e-05 surfaceEnergy=8.2309093596113842e-08 liquidMass=0 closureResidual=0 recoveryCalls=35 outerIterations=35
REACTIVE_STEP_TIMINGS time=8.7685025274000312e-07 cflSeconds=0.56435935299999995 backupSeconds=0.27966520499999997 transportSeconds=0.81971786599999996 recoverySeconds=20.027107391999998 sourceSeconds=0 conservationSeconds=0.020165288999999999 diagnosticsSeconds=0.028877288000000001 nestedBatchPackSeconds=0.082257095000000002 nestedBatchCallSeconds=19.212324479999971 nestedBatchScatterSeconds=0 nestedScalarPropertySeconds=0.42319657200000005 otherSeconds=5.6128999998770329e-05
REACTIVE_GPU_HEM_STEP time=8.7685025274000312e-07 batches=2000 submitted=8192000 succeeded=8192000 cpuFallbacks=0 deviceFailures=0 phaseEvaluations=60195626 residualEvaluations=46365060 analyticJacobians=0 finiteDifferenceJacobians=2112002 wallSeconds=19.003688007000392 kernelSeconds=18.625839866786777 copySeconds=0.27804291300477857
REACTIVE_ATTEMPT_PROFILE attempt=19 accepted=1 retry=0 sourceCalls=0 fullPhaseEvaluations=0 scalarProbes=0 rootChecks=0 matrixFreeProducts=0 factorBuilds=0 workerJobElapsedSeconds=0
REACTIVE_STEP time=9.2846268852740681e-07 dt=5.1612435787403749e-08 retries=0 massResidual=-4.97060971943635e-14 energyResidual=-5.2165923750568204e-14 momentumResidual=2.9949167609101148e-20 globalElementResidual=6.5278958315312827e-14 frozenLiquidResidual=0 speciesResidual=6.338591473121254e-14 elementDrift=0 minP=3792463.6414110009 maxP=3999999.9999999977 minT=260.41094358385391 maxT=293.14999999999998 maxMach=0.0078942059384077834 minAlphaGas=0.99999999999999944 maxAlphaGas=1.0000000000000004 maxVolumeResidual=5.5511151231257827e-16 maxUVResidual=9.8294869297051762e-10 maxMuResidual=0 maxMechanicalResidual=0 seconds=21.732620695000001
REACTIVE_CAPILLARY_STEP time=9.2846268852740681e-07 area=3.9999999999999949e-05 surfaceEnergy=8.2309093596113842e-08 liquidMass=0 closureResidual=0 recoveryCalls=37 outerIterations=37
REACTIVE_STEP_TIMINGS time=9.2846268852740681e-07 cflSeconds=0.56398775000000001 backupSeconds=0.27891219499999997 transportSeconds=0.82053656600000002 recoverySeconds=20.023018766 sourceSeconds=0 conservationSeconds=0.017803439000000001 diagnosticsSeconds=0.028301489999999999 nestedBatchPackSeconds=0.08166570900000017 nestedBatchCallSeconds=19.210178202999995 nestedBatchScatterSeconds=0 nestedScalarPropertySeconds=0.42534451200000001 otherSeconds=6.0489000001068965e-05
REACTIVE_GPU_HEM_STEP time=9.2846268852740681e-07 batches=2000 submitted=8192000 succeeded=8192000 cpuFallbacks=0 deviceFailures=0 phaseEvaluations=61128252 residualEvaluations=47955224 analyticJacobians=0 finiteDifferenceJacobians=2183710 wallSeconds=19.002108296999921 kernelSeconds=18.626629401653616 copySeconds=0.2761480325311263
REACTIVE_ATTEMPT_PROFILE attempt=20 accepted=1 retry=0 sourceCalls=0 fullPhaseEvaluations=0 scalarProbes=0 rootChecks=0 matrixFreeProducts=0 factorBuilds=0 workerJobElapsedSeconds=0
REACTIVE_STEP time=9.8006661889612356e-07 dt=5.1603930368716791e-08 retries=0 massResidual=-5.3974633117285032e-14 energyResidual=-5.355920704356683e-14 momentumResidual=3.1964769686238088e-20 globalElementResidual=6.8334626067116751e-14 frozenLiquidResidual=0 speciesResidual=6.6352984783305553e-14 elementDrift=0 minP=3785812.0690040067 maxP=3999999.9999999977 minT=259.01960528345211 maxT=293.14999999999998 maxMach=0.0083421835962120879 minAlphaGas=0.99999999999999944 maxAlphaGas=1.0000000000000004 maxVolumeResidual=5.5511151231257827e-16 maxUVResidual=9.8359998165982797e-10 maxMuResidual=0 maxMechanicalResidual=0 seconds=22.287640710000002
REACTIVE_CAPILLARY_STEP time=9.8006661889612356e-07 area=3.9999999999999949e-05 surfaceEnergy=8.2309093596113842e-08 liquidMass=0 closureResidual=0 recoveryCalls=39 outerIterations=39
REACTIVE_STEP_TIMINGS time=9.8006661889612356e-07 cflSeconds=0.56245694299999993 backupSeconds=0.27936672600000001 transportSeconds=0.82931480599999996 recoverySeconds=20.568482080999999 sourceSeconds=0 conservationSeconds=0.019592106000000001 diagnosticsSeconds=0.028373557000000001 nestedBatchPackSeconds=0.081788995999999892 nestedBatchCallSeconds=19.744708518999957 nestedBatchScatterSeconds=0 nestedScalarPropertySeconds=0.425201673 otherSeconds=5.449100000314358e-05
REACTIVE_GPU_HEM_STEP time=9.8006661889612356e-07 batches=2000 submitted=8192000 succeeded=8192000 cpuFallbacks=0 deviceFailures=0 phaseEvaluations=61924535 residualEvaluations=49310617 analyticJacobians=0 finiteDifferenceJacobians=2245107 wallSeconds=19.535791201000052 kernelSeconds=19.158983126729396 copySeconds=0.27694262491911559
REACTIVE_ATTEMPT_PROFILE attempt=21 accepted=1 retry=0 sourceCalls=0 fullPhaseEvaluations=0 scalarProbes=0 rootChecks=0 matrixFreeProducts=0 factorBuilds=0 workerJobElapsedSeconds=0
REACTIVE_STEP time=9.9999999999999995e-07 dt=1.9933381103876391e-08 retries=0 massResidual=-4.9397829511664633e-14 energyResidual=-5.5233728938786709e-14 momentumResidual=3.2284278800833897e-20 globalElementResidual=6.6233224421295545e-14 frozenLiquidResidual=0 speciesResidual=6.4312520340960785e-14 elementDrift=0 minP=3783274.2444110774 maxP=3999999.9999999977 minT=258.48871606519123 maxT=293.14999999999998 maxMach=0.0085216472919265197 minAlphaGas=0.99999999999999956 maxAlphaGas=1.0000000000000004 maxVolumeResidual=4.4408920985006262e-16 maxUVResidual=9.9099349619650173e-10 maxMuResidual=0 maxMechanicalResidual=0 seconds=22.335419337000001
REACTIVE_CAPILLARY_STEP time=9.9999999999999995e-07 area=3.9999999999999949e-05 surfaceEnergy=8.2309093596113842e-08 liquidMass=0 closureResidual=0 recoveryCalls=41 outerIterations=41
REACTIVE_STEP_TIMINGS time=9.9999999999999995e-07 cflSeconds=0.56487219100000008 backupSeconds=0.27941548300000002 transportSeconds=0.82429615899999997 recoverySeconds=20.618204892999998 sourceSeconds=0 conservationSeconds=0.020276749 diagnosticsSeconds=0.028298654999999999 nestedBatchPackSeconds=0.08160289600000005 nestedBatchCallSeconds=19.802594428999985 nestedBatchScatterSeconds=0 nestedScalarPropertySeconds=0.42222009199999999 otherSeconds=5.5207000003654888e-05
REACTIVE_GPU_HEM_STEP time=9.9999999999999995e-07 batches=2000 submitted=8192000 succeeded=8192000 cpuFallbacks=0 deviceFailures=0 phaseEvaluations=62718244 residualEvaluations=50621423 analyticJacobians=0 finiteDifferenceJacobians=2306190 wallSeconds=19.593931661999591 kernelSeconds=19.218873318941121 copySeconds=0.2756869128420858
REACTIVE_CHECKPOINT time=9.9999999999999995e-07 acceptedSteps=20 complete=1 schema=3
REACTIVE_PROFILE_V21 scope="prototype" jobElapsedSeconds=0 integrationFallbacks=0 chemical_rhsCalls=0 chemical_uvCalls=0 chemical_fixedStateCalls=0 chemical_jacobianCalls=0 chemical_structuredCalls=0 chemical_fallbackCalls=0 sparse_setups=0 sparse_products=0 sparse_preconditioners=0 sparse_preconditionerSolves=0 sparse_sparseIntegrations=0 sparse_denseIntegrations=0 sparse_denseFallbacks=0 sparse_nonzeros=0 timing_jvSetups=0 timing_preconditionerSetups=0 timing_jacobianCacheHits=0 timing_patternBuilds=0 timing_preconditionerReuses=0 timing_symbolicAnalyses=0 timing_numericFactorizations=0 timing_workspaceCreates=0 timing_workspaceReinitializations=0 timing_factorNonzeros=0 timing_thermoSeconds=0 timing_kineticsSeconds=0 timing_csrSeconds=0 timing_symbolicSeconds=0 timing_factorSeconds=0 timing_solveSeconds=0 realFluid_eosEvaluations=4096001 realFluid_referenceEvaluations=0 realFluid_derivativeEvaluations=0 realFluid_scalarAttempts=4096003 realFluid_scalarAccepted=4096001 realFluid_scalarFallbacks=2 realFluid_scalarIterations=0 realFluid_flashResiduals=3238 realFluid_tangentBuilds=0 realFluid_tangentSolves=0 realFluid_sourceJv=0 realFluid_sourceJvFallbacks=0 trhoStateEvaluations=4096003 densityRootChecks=4096003 fullPhaseEvaluations=16489286 energyCvEvaluations=4096003 selectedMuEvaluations=4098037 partialHEvaluations=0 scalarProbes=4096003 bracketRejects=0 branchFallbacks=2 flashCandidates=10 linearizationBuilds=0 linearizationApplies=0 FzFactorizations=0 sourceRhsCalls=0 sourceDirectionProbes=0 RzBuilds=0 JvFallbacks=0 nasaCoefficientVisits=8192004 nasaAggregateBuilds=4096003 nasaAggregateEvaluations=4096003 exactMixingEvaluations=4096003 branchCertificates=4096001 matrixFreeSetups=0 matrixFreeProducts=0 matrixFreeIntegrations=0 matrixFreeIntegrationFallbacks=0 woodburySetups=0 woodburyFactors=0 woodburySolves=0 woodburyFallbacks=0 diagnosticJvCalls=0 oneSidedProbes=0 derivativeRetries=0 sourceAttempts=0 sourceAccepted=0 sourceFailed=0
REACTIVE_PROFILE_V21 scope="worker_0" jobElapsedSeconds=0 integrationFallbacks=0 chemical_rhsCalls=0 chemical_uvCalls=0 chemical_fixedStateCalls=0 chemical_jacobianCalls=0 chemical_structuredCalls=0 chemical_fallbackCalls=0 sparse_setups=0 sparse_products=0 sparse_preconditioners=0 sparse_preconditionerSolves=0 sparse_sparseIntegrations=0 sparse_denseIntegrations=0 sparse_denseFallbacks=0 sparse_nonzeros=0 timing_jvSetups=0 timing_preconditionerSetups=0 timing_jacobianCacheHits=0 timing_patternBuilds=0 timing_preconditionerReuses=0 timing_symbolicAnalyses=0 timing_numericFactorizations=0 timing_workspaceCreates=0 timing_workspaceReinitializations=0 timing_factorNonzeros=0 timing_thermoSeconds=0 timing_kineticsSeconds=0 timing_csrSeconds=0 timing_symbolicSeconds=0 timing_factorSeconds=0 timing_solveSeconds=0 realFluid_eosEvaluations=0 realFluid_referenceEvaluations=0 realFluid_derivativeEvaluations=0 realFluid_scalarAttempts=0 realFluid_scalarAccepted=0 realFluid_scalarFallbacks=0 realFluid_scalarIterations=0 realFluid_flashResiduals=0 realFluid_tangentBuilds=0 realFluid_tangentSolves=0 realFluid_sourceJv=0 realFluid_sourceJvFallbacks=0 trhoStateEvaluations=0 densityRootChecks=0 fullPhaseEvaluations=0 energyCvEvaluations=0 selectedMuEvaluations=0 partialHEvaluations=0 scalarProbes=0 bracketRejects=0 branchFallbacks=0 flashCandidates=0 linearizationBuilds=0 linearizationApplies=0 FzFactorizations=0 sourceRhsCalls=0 sourceDirectionProbes=0 RzBuilds=0 JvFallbacks=0 nasaCoefficientVisits=0 nasaAggregateBuilds=0 nasaAggregateEvaluations=0 exactMixingEvaluations=0 branchCertificates=0 matrixFreeSetups=0 matrixFreeProducts=0 matrixFreeIntegrations=0 matrixFreeIntegrationFallbacks=0 woodburySetups=0 woodburyFactors=0 woodburySolves=0 woodburyFallbacks=0 diagnosticJvCalls=0 oneSidedProbes=0 derivativeRetries=0 sourceAttempts=0 sourceAccepted=0 sourceFailed=0
REACTIVE_PROFILE_V21 scope="workers" jobElapsedSeconds=0 integrationFallbacks=0 chemical_rhsCalls=0 chemical_uvCalls=0 chemical_fixedStateCalls=0 chemical_jacobianCalls=0 chemical_structuredCalls=0 chemical_fallbackCalls=0 sparse_setups=0 sparse_products=0 sparse_preconditioners=0 sparse_preconditionerSolves=0 sparse_sparseIntegrations=0 sparse_denseIntegrations=0 sparse_denseFallbacks=0 sparse_nonzeros=0 timing_jvSetups=0 timing_preconditionerSetups=0 timing_jacobianCacheHits=0 timing_patternBuilds=0 timing_preconditionerReuses=0 timing_symbolicAnalyses=0 timing_numericFactorizations=0 timing_workspaceCreates=0 timing_workspaceReinitializations=0 timing_factorNonzeros=0 timing_thermoSeconds=0 timing_kineticsSeconds=0 timing_csrSeconds=0 timing_symbolicSeconds=0 timing_factorSeconds=0 timing_solveSeconds=0 realFluid_eosEvaluations=0 realFluid_referenceEvaluations=0 realFluid_derivativeEvaluations=0 realFluid_scalarAttempts=0 realFluid_scalarAccepted=0 realFluid_scalarFallbacks=0 realFluid_scalarIterations=0 realFluid_flashResiduals=0 realFluid_tangentBuilds=0 realFluid_tangentSolves=0 realFluid_sourceJv=0 realFluid_sourceJvFallbacks=0 trhoStateEvaluations=0 densityRootChecks=0 fullPhaseEvaluations=0 energyCvEvaluations=0 selectedMuEvaluations=0 partialHEvaluations=0 scalarProbes=0 bracketRejects=0 branchFallbacks=0 flashCandidates=0 linearizationBuilds=0 linearizationApplies=0 FzFactorizations=0 sourceRhsCalls=0 sourceDirectionProbes=0 RzBuilds=0 JvFallbacks=0 nasaCoefficientVisits=0 nasaAggregateBuilds=0 nasaAggregateEvaluations=0 exactMixingEvaluations=0 branchCertificates=0 matrixFreeSetups=0 matrixFreeProducts=0 matrixFreeIntegrations=0 matrixFreeIntegrationFallbacks=0 woodburySetups=0 woodburyFactors=0 woodburySolves=0 woodburyFallbacks=0 diagnosticJvCalls=0 oneSidedProbes=0 derivativeRetries=0 sourceAttempts=0 sourceAccepted=0 sourceFailed=0
REACTIVE_CLOSURE_PROFILE eligibleCells=0 uniqueCells=0 reusedCells=0 failedRepresentativeRetries=0 gpuSubmitted=0 gpuConverged=0 gpuApproved=0 gpuRejected=0 gpuUnsupported=0 gpuLaunches=0 gpuTransferBytes=0 hostBytes=32768 liquidCacheHits=0 liquidCacheMisses=0 deviceBytes=0 classifySeconds=0.15252276600000045 prepareSeconds=0 gpuWallSeconds=0 gpuKernelSeconds=0 gpuCopySeconds=0
REACTIVE_GPU_HEM batches=41000 submitted=167936000 succeeded=167936000 cpuFallbacks=0 deviceFailures=0 phaseEvaluations=1043835821 residualEvaluations=629107238 flashCandidates=2027485 stableCandidates=167936000 transferBytes=71878576000 analyticJacobians=0 finiteDifferenceJacobians=28650932 hostBytes=3340632 deviceBytes=2029992 wallSeconds=301.35507894799997 kernelSeconds=293.62495451619998 copySeconds=5.6825637915804696
REACTIVE_BATCH_V21 attempted=41000 accepted=41000 failed=0 batchWallSeconds=305.61973158300378 workerJobSecondsSum=0 workerJobSecondsMax=0 poolScratchBytes=6420824 flowStagingBytes=884736 workerOwnedBytesKnownLowerBound=58104 workerInternalBytesUnmeasured=1
REACTIVE_WORKER_TIME metric=thermoSeconds sum=0 max=0
REACTIVE_WORKER_TIME metric=kineticsSeconds sum=0 max=0
REACTIVE_WORKER_TIME metric=csrSeconds sum=0 max=0
REACTIVE_WORKER_TIME metric=symbolicSeconds sum=0 max=0
REACTIVE_WORKER_TIME metric=factorSeconds sum=0 max=0
REACTIVE_WORKER_TIME metric=solveSeconds sum=0 max=0
REACTIVE_PROFILE_V21 scope="combined" jobElapsedSeconds=0 integrationFallbacks=0 chemical_rhsCalls=0 chemical_uvCalls=0 chemical_fixedStateCalls=0 chemical_jacobianCalls=0 chemical_structuredCalls=0 chemical_fallbackCalls=0 sparse_setups=0 sparse_products=0 sparse_preconditioners=0 sparse_preconditionerSolves=0 sparse_sparseIntegrations=0 sparse_denseIntegrations=0 sparse_denseFallbacks=0 sparse_nonzeros=0 timing_jvSetups=0 timing_preconditionerSetups=0 timing_jacobianCacheHits=0 timing_patternBuilds=0 timing_preconditionerReuses=0 timing_symbolicAnalyses=0 timing_numericFactorizations=0 timing_workspaceCreates=0 timing_workspaceReinitializations=0 timing_factorNonzeros=0 timing_thermoSeconds=0 timing_kineticsSeconds=0 timing_csrSeconds=0 timing_symbolicSeconds=0 timing_factorSeconds=0 timing_solveSeconds=0 realFluid_eosEvaluations=4096001 realFluid_referenceEvaluations=0 realFluid_derivativeEvaluations=0 realFluid_scalarAttempts=4096003 realFluid_scalarAccepted=4096001 realFluid_scalarFallbacks=2 realFluid_scalarIterations=0 realFluid_flashResiduals=3238 realFluid_tangentBuilds=0 realFluid_tangentSolves=0 realFluid_sourceJv=0 realFluid_sourceJvFallbacks=0 trhoStateEvaluations=4096003 densityRootChecks=4096003 fullPhaseEvaluations=16489286 energyCvEvaluations=4096003 selectedMuEvaluations=4098037 partialHEvaluations=0 scalarProbes=4096003 bracketRejects=0 branchFallbacks=2 flashCandidates=10 linearizationBuilds=0 linearizationApplies=0 FzFactorizations=0 sourceRhsCalls=0 sourceDirectionProbes=0 RzBuilds=0 JvFallbacks=0 nasaCoefficientVisits=8192004 nasaAggregateBuilds=4096003 nasaAggregateEvaluations=4096003 exactMixingEvaluations=4096003 branchCertificates=4096001 matrixFreeSetups=0 matrixFreeProducts=0 matrixFreeIntegrations=0 matrixFreeIntegrationFallbacks=0 woodburySetups=0 woodburyFactors=0 woodburySolves=0 woodburyFallbacks=0 diagnosticJvCalls=0 oneSidedProbes=0 derivativeRetries=0 sourceAttempts=0 sourceAccepted=0 sourceFailed=0
REACTIVE_CHEMISTRY scope=combined rhsCalls=0 uvCalls=0 fixedStateCalls=0 structuredCalls=0 fallbackCalls=0 integrationFallbacks=0
REACTIVE_SPARSE scope=combined nnzMeaning=last_snapshot_sum setups=0 products=0 nonzeros=0 sparseIntegrations=0 denseIntegrations=0 denseFallbacks=0
REACTIVE_CHEMICAL_PROFILE scope=combined factorNnzMeaning=last_snapshot_sum jvSetups=0 preconditionerSetups=0 jacobianCacheHits=0 preconditionerReuses=0 patternBuilds=0 symbolicAnalyses=0 numericFactorizations=0 factorNonzeros=0 workspaceCreates=0 workspaceReinitializations=0 thermoSeconds=0 kineticsSeconds=0 csrSeconds=0 symbolicSeconds=0 factorSeconds=0 solveSeconds=0
REACTIVE_REAL_FLUID scope=combined eosEvaluations=4096001 scalarAttempts=4096003 scalarAccepted=4096001 scalarFallbacks=2 scalarIterations=0
REACTIVE_BATCH workers=1 capacity=4096 scratchBytes=6420824 batches=41000 cells=167936000 failures=0 scope=bounded_scratch_excludes_Cantera_CVODE_worker_allocations
REACTIVE_TRANSPORT_V21 layoutTiles=22576 layoutLaunches=22576 memcpyCalls=24254 payloadBytes=129195497496 nasaValidationEvaluations=0 nasaFaceEvaluations=0 detailedGasCounters=0 temperatureBasisBuilds=0 temperatureBasisBytes=0 pinnedBytes=1048536 deviceStagingBytes=1048536 slotCells=14563 slots=1 blockThreads=256 eventWaits=22576 failedCalls=0 stageBarrier=full closureDownloadsPerRK=2 overlapValidated=0
REACTIVE_MEMORY liveBytes=5881223312 peakBytes=5881223312 bridgeBytes=1048536 conservedWorkspaceBytes=604592640 gasWorkspaceBytes=0 rhsWorkspaceBytes=0 d2dBytes=7384320 synchronizations=660
REACTIVE_CAPILLARY_PROFILE enabled=1 geometryBuilds=146 geometryKernels=292 faceFluxBuilds=494592000 workspaceBytes=328500484 closureIterations=41
REACTIVE_WALE gradientBuilds=83 viscosityBuilds=83 cellsEvaluated=339968000 workspaceBytes=32768004
REACTIVE_WALE_SCALARS fieldUploads=0 fieldUploadBytes=0 workspaceBytes=167942400 hostEnthalpyCells=0 hostPropertySeconds=0 propertyStageSeconds=8.9232402489999973 fluxBackend=cuda
REACTIVE_WALE_PR backend=device-pr builds=83 cells=339968000 kernels=166 failures=0 inputUploadBytes=65081398512 scratchBytes=1015855456 wallSeconds=5.3677494900000005
REACTIVE_TRANSPORT allocatedBytes=5881223312 uploadedBytes=107725068076 downloadedBytes=21463045100 kernelLaunches=23600 stages=40 stepQueries=40
REACTIVE_TRANSFER conservedUploads=40 conservedUploadBytes=11796480000 conservedDownloadBytes=11796480000 stateUploadBytes=19038208000 primitiveUploadBytes=5636096000 gasUploadBytes=0 boundaryPartitions=256
REACTIVE_DEVICE_PROPERTIES builds=0 cells=0 partitionUploadBytes=0 thermoTableBytes=0 gasStatusChecks=0 cflFaceLaunches=40 transportFaceLaunches=40 faceWorkspaceBytes=1780531200
End
Collecting data...
Generating '/tmp/nsys-jsw/nsys-report-7bdb.qdstrm'
Press Ctrl-C to stop symbol files downloading
[1/1] [0%                          ] gpu-trace.nsys-rep[1/1] [0%                          ] gpu-trace.nsys-rep[1/1] [13%                         ] gpu-trace.nsys-rep[1/1] [11%                         ] gpu-trace.nsys-rep[1/1] [10%                         ] gpu-trace.nsys-rep[1/1] [11%                         ] gpu-trace.nsys-rep[1/1] [12%                         ] gpu-trace.nsys-rep[1/1] [13%                         ] gpu-trace.nsys-rep[1/1] [14%                         ] gpu-trace.nsys-rep[1/1] [=15%                        ] gpu-trace.nsys-rep[1/1] [=16%                        ] gpu-trace.nsys-rep[1/1] [=17%                        ] gpu-trace.nsys-rep[1/1] [===24%                      ] gpu-trace.nsys-rep[1/1] [====25%                     ] gpu-trace.nsys-rep[1/1] [===22%                      ] gpu-trace.nsys-rep[1/1] [==20%                       ] gpu-trace.nsys-rep[1/1] [==21%                       ] gpu-trace.nsys-rep[1/1] [===22%                      ] gpu-trace.nsys-rep[1/1] [===23%                      ] gpu-trace.nsys-rep[1/1] [===24%                      ] gpu-trace.nsys-rep[1/1] [====25%                     ] gpu-trace.nsys-rep[1/1] [=====30%                    ] gpu-trace.nsys-rep[1/1] [=====31%                    ] gpu-trace.nsys-rep[1/1] [=====32%                    ] gpu-trace.nsys-rep[1/1] [=====29%                    ] gpu-trace.nsys-rep[1/1] [====26%                     ] gpu-trace.nsys-rep[1/1] [====27%                     ] gpu-trace.nsys-rep[1/1] [====28%                     ] gpu-trace.nsys-rep[1/1] [=====29%                    ] gpu-trace.nsys-rep[1/1] [=====30%                    ] gpu-trace.nsys-rep[1/1] [======35%                   ] gpu-trace.nsys-rep[1/1] [=====32%                    ] gpu-trace.nsys-rep[1/1] [====28%                     ] gpu-trace.nsys-rep[1/1] [=====32%                    ] gpu-trace.nsys-rep[1/1] [=====30%                    ] gpu-trace.nsys-rep[1/1] [====27%                     ] gpu-trace.nsys-rep[1/1] [=====30%                    ] gpu-trace.nsys-rep[1/1] [====28%                     ] gpu-trace.nsys-rep[1/1] [====25%                     ] gpu-trace.nsys-rep[1/1] [====28%                     ] gpu-trace.nsys-rep[1/1] [====27%                     ] gpu-trace.nsys-rep[1/1] [====25%                     ] gpu-trace.nsys-rep[1/1] [===23%                      ] gpu-trace.nsys-rep[1/1] [===22%                      ] gpu-trace.nsys-rep[1/1] [===24%                      ] gpu-trace.nsys-rep[1/1] [====26%                     ] gpu-trace.nsys-rep[1/1] [====25%                     ] gpu-trace.nsys-rep[1/1] [===23%                      ] gpu-trace.nsys-rep[1/1] [====25%                     ] gpu-trace.nsys-rep[1/1] [===24%                      ] gpu-trace.nsys-rep[1/1] [===23%                      ] gpu-trace.nsys-rep[1/1] [===24%                      ] gpu-trace.nsys-rep[1/1] [===22%                      ] gpu-trace.nsys-rep[1/1] [===24%                      ] gpu-trace.nsys-rep[1/1] [===23%                      ] gpu-trace.nsys-rep[1/1] [===22%                      ] gpu-trace.nsys-rep[1/1] [===23%                      ] gpu-trace.nsys-rep[1/1] [===22%                      ] gpu-trace.nsys-rep[1/1] [===23%                      ] gpu-trace.nsys-rep[1/1] [===22%                      ] gpu-trace.nsys-rep[1/1] [==21%                       ] gpu-trace.nsys-rep[1/1] [===23%                      ] gpu-trace.nsys-rep[1/1] [===22%                      ] gpu-trace.nsys-rep[1/1] [==21%                       ] gpu-trace.nsys-rep[1/1] [==20%                       ] gpu-trace.nsys-rep[1/1] [==21%                       ] gpu-trace.nsys-rep[1/1] [==20%                       ] gpu-trace.nsys-rep[1/1] [==21%                       ] gpu-trace.nsys-rep[1/1] [===22%                      ] gpu-trace.nsys-rep[1/1] [==21%                       ] gpu-trace.nsys-rep[1/1] [===22%                      ] gpu-trace.nsys-rep[1/1] [==21%                       ] gpu-trace.nsys-rep[1/1] [==20%                       ] gpu-trace.nsys-rep[1/1] [==21%                       ] gpu-trace.nsys-rep[1/1] [==20%                       ] gpu-trace.nsys-rep[1/1] [==21%                       ] gpu-trace.nsys-rep[1/1] [==20%                       ] gpu-trace.nsys-rep[1/1] [==21%                       ] gpu-trace.nsys-rep[1/1] [==20%                       ] gpu-trace.nsys-rep[1/1] [==21%                       ] gpu-trace.nsys-rep[1/1] [==20%                       ] gpu-trace.nsys-rep[1/1] [==21%                       ] gpu-trace.nsys-rep[1/1] [==20%                       ] gpu-trace.nsys-rep[1/1] [==21%                       ] gpu-trace.nsys-rep[1/1] [==20%                       ] gpu-trace.nsys-rep[1/1] [==21%                       ] gpu-trace.nsys-rep[1/1] [==20%                       ] gpu-trace.nsys-rep[1/1] [==19%                       ] gpu-trace.nsys-rep[1/1] [==18%                       ] gpu-trace.nsys-rep[1/1] [==19%                       ] gpu-trace.nsys-rep[1/1] [==18%                       ] gpu-trace.nsys-rep[1/1] [==19%                       ] gpu-trace.nsys-rep[1/1] [==20%                       ] gpu-trace.nsys-rep[1/1] [==19%                       ] gpu-trace.nsys-rep[1/1] [==20%                       ] gpu-trace.nsys-rep[1/1] [==19%                       ] gpu-trace.nsys-rep[1/1] [==20%                       ] gpu-trace.nsys-rep[1/1] [==19%                       ] gpu-trace.nsys-rep[1/1] [==20%                       ] gpu-trace.nsys-rep[1/1] [==19%                       ] gpu-trace.nsys-rep[1/1] [==20%                       ] gpu-trace.nsys-rep[1/1] [==19%                       ] gpu-trace.nsys-rep[1/1] [==20%                       ] gpu-trace.nsys-rep[1/1] [==19%                       ] gpu-trace.nsys-rep[1/1] [==20%                       ] gpu-trace.nsys-rep[1/1] [==21%                       ] gpu-trace.nsys-rep[1/1] [==20%                       ] gpu-trace.nsys-rep[1/1] [==21%                       ] gpu-trace.nsys-rep[1/1] [==20%                       ] gpu-trace.nsys-rep[1/1] [==21%                       ] gpu-trace.nsys-rep[1/1] [==20%                       ] gpu-trace.nsys-rep[1/1] [==21%                       ] gpu-trace.nsys-rep[1/1] [===22%                      ] gpu-trace.nsys-rep[1/1] [==21%                       ] gpu-trace.nsys-rep[1/1] [===22%                      ] gpu-trace.nsys-rep[1/1] [==21%                       ] gpu-trace.nsys-rep[1/1] [===22%                      ] gpu-trace.nsys-rep[1/1] [==21%                       ] gpu-trace.nsys-rep[1/1] [===22%                      ] gpu-trace.nsys-rep[1/1] [===23%                      ] gpu-trace.nsys-rep[1/1] [===22%                      ] gpu-trace.nsys-rep[1/1] [===23%                      ] gpu-trace.nsys-rep[1/1] [===22%                      ] gpu-trace.nsys-rep[1/1] [===23%                      ] gpu-trace.nsys-rep[1/1] [===24%                      ] gpu-trace.nsys-rep[1/1] [===23%                      ] gpu-trace.nsys-rep[1/1] [===24%                      ] gpu-trace.nsys-rep[1/1] [===23%                      ] gpu-trace.nsys-rep[1/1] [===24%                      ] gpu-trace.nsys-rep[1/1] [===23%                      ] gpu-trace.nsys-rep[1/1] [===24%                      ] gpu-trace.nsys-rep[1/1] [===23%                      ] gpu-trace.nsys-rep[1/1] [===24%                      ] gpu-trace.nsys-rep[1/1] [===23%                      ] gpu-trace.nsys-rep[1/1] [===24%                      ] gpu-trace.nsys-rep[1/1] [====25%                     ] gpu-trace.nsys-rep[1/1] [===24%                      ] gpu-trace.nsys-rep[1/1] [====25%                     ] gpu-trace.nsys-rep[1/1] [===24%                      ] gpu-trace.nsys-rep[1/1] [====25%                     ] gpu-trace.nsys-rep[1/1] [===24%                      ] gpu-trace.nsys-rep[1/1] [====25%                     ] gpu-trace.nsys-rep[1/1] [===24%                      ] gpu-trace.nsys-rep[1/1] [====25%                     ] gpu-trace.nsys-rep[1/1] [===24%                      ] gpu-trace.nsys-rep[1/1] [====25%                     ] gpu-trace.nsys-rep[1/1] [===24%                      ] gpu-trace.nsys-rep[1/1] [====25%                     ] gpu-trace.nsys-rep[1/1] [===24%                      ] gpu-trace.nsys-rep[1/1] [====25%                     ] gpu-trace.nsys-rep[1/1] [===24%                      ] gpu-trace.nsys-rep[1/1] [===23%                      ] gpu-trace.nsys-rep[1/1] [===22%                      ] gpu-trace.nsys-rep[1/1] [===23%                      ] gpu-trace.nsys-rep[1/1] [===24%                      ] gpu-trace.nsys-rep[1/1] [====25%                     ] gpu-trace.nsys-rep[1/1] [====26%                     ] gpu-trace.nsys-rep[1/1] [====27%                     ] gpu-trace.nsys-rep[1/1] [====28%                     ] gpu-trace.nsys-rep[1/1] [=====29%                    ] gpu-trace.nsys-rep[1/1] [=====30%                    ] gpu-trace.nsys-rep[1/1] [=====31%                    ] gpu-trace.nsys-rep[1/1] [=====32%                    ] gpu-trace.nsys-rep[1/1] [======33%                   ] gpu-trace.nsys-rep[1/1] [======34%                   ] gpu-trace.nsys-rep[1/1] [======35%                   ] gpu-trace.nsys-rep[1/1] [=======36%                  ] gpu-trace.nsys-rep[1/1] [=======37%                  ] gpu-trace.nsys-rep[1/1] [=======38%                  ] gpu-trace.nsys-rep[1/1] [=======39%                  ] gpu-trace.nsys-rep[1/1] [========40%                 ] gpu-trace.nsys-rep[1/1] [========41%                 ] gpu-trace.nsys-rep[1/1] [========42%                 ] gpu-trace.nsys-rep[1/1] [=========43%                ] gpu-trace.nsys-rep[1/1] [=========44%                ] gpu-trace.nsys-rep[1/1] [=========45%                ] gpu-trace.nsys-rep[1/1] [=========46%                ] gpu-trace.nsys-rep[1/1] [==========47%               ] gpu-trace.nsys-rep[1/1] [==========48%               ] gpu-trace.nsys-rep[1/1] [==========49%               ] gpu-trace.nsys-rep[1/1] [===========50%              ] gpu-trace.nsys-rep[1/1] [========================100%] gpu-trace.nsys-rep[1/1] [========================100%] gpu-trace.nsys-rep
Generated:
	/home/jsw/문서/analysis/runs/impinging_n2o_cube80_z40_counters_1us_20260923/n160/full-physics/ambient_40bar_abs/gpu-trace.nsys-rep
