/*---------------------------------------------------------------------------*\
| =========                 |                                                 |
| \\      /  F ield         | OpenFOAM: The Open Source CFD Toolbox           |
|  \\    /   O peration     | Version:  2512                                  |
|   \\  /    A nd           | Website:  www.openfoam.com                      |
|    \\/     M anipulation  |                                                 |
\*---------------------------------------------------------------------------*/
Build  : 5916a466-20260728 OPENFOAM=2512 version=v2512
Arch   : "LSB;label=32;scalar=64"
Exec   : /home/jsw/문서/analysis/spuma-multiphysics-spray-physics/bin/ReactiveFoam -case /home/jsw/문서/analysis/runs/hem_utilization_optimization_20260924/full-baseline-40bar
Date   : Sep 24 2026
Time   : 01:36:11
Host   : jsw-ubuntu
PID    : 55295
I/O    : uncollated
Case   : /home/jsw/문서/analysis/runs/hem_utilization_optimization_20260924/full-baseline-40bar
nProcs : 1
memory pool : not available
fileModificationChecking : Monitoring run-time modified files using timeStampMaster (fileModificationSkew 5, maxFileModificationPolls 20)
allowSystemOperations : Allowing user-supplied system call operations

// * * * * * * * * * * * * * * * * * * * * * * * * * * * * * * * * * * * * * //
Initializing CUDA devices

CUDA Driver Version / Runtime Version:  13.2 / 13.2
Number of threads per block: 128

Create dummyMemoryPool
 
Create time

Create mesh for time = 0

REACTIVE_RECOVERY mode=reference baseline=reference_candidate_search fallback=none
REACTIVE_CLOSURE_ACCELERATION exactBatchReuse=0 scalarBackend=cpu fullBackend=cuda deviceFullClosure=1 closureJacobian=finiteDifference requestedClosureJacobian=finiteDifference
REACTIVE_RUNTIME runId="55295-7038660879692" solverSha256="e81fbb426117ef566d61ad9b6286abbf398c1c8629c7e0e887abcf325a21cc71" manifest={"schema":1,"backendPath":"/home/jsw/문서/analysis/spuma-multiphysics-spray-physics/lib/libpintleReactiveBackend.so","backendSha256":"17a97196ee500e693a6b865336713f00e13ab15c2a58701ef68cf24a52b591c9","thermoConfiguration":"/home/jsw/문서/analysis/runs/impinging_n2o_cube80_z40_counters_1us_20260923/n160/base/thermo/cold-pr-config.yaml","physicalModelHash":"e8a14864dd2082dde742598dbbcc5f0f2454bc521d93b9a3bd0befc47d4c9c4e","numericalPolicyHash":"84a6d15bb9da7f2463c14bf7ebc679532d122ce30a0d49e997b139830a94d781","modelFingerprint":"86843f73688e246995634977344ab1b56b1c0d5b17fb5620310e34555e990f4f","eos":"Peng-Robinson","closureBackend":"cuda","chemistryBackend":"cpu","deviceFullClosure":true,"deviceChemistryIntegration":false,"closureCpuFallback":false,"closureJacobian":"finiteDifference","solidN2O":false,"enforceSpeciesTemperatureBounds":true,"exactBatchReuse":false,"deviceCaloricCandidates":false,"deviceCaloricScope":"no-condensable-inventory; NASA/PR-alpha single interval; host branch/residual/stability approval","hemLibrary":"/home/jsw/문서/analysis/spuma-multiphysics-spray-physics/lib/libpintleReactiveTransport.so","hemLibrarySha256":"07434f8a9624d00bce8c9694ecaa997da227b6acb0cc4c1878d294ebfcf8e15f","hemNumericalPolicy":"legacy-fp64-separate-rn","deviceHemScope":"PR; nonreacting HEM; all reference candidates and boundary fallback; experimental"}
REACTIVE_TURBULENCE model=WALE-stress-v1 backend=cuda Cw=0.32500000000000001 filter=cubeRootVolume stressWork=1 sgsHeatFlux=1 sgsSpeciesMixing=1 Prt=0.84999999999999998 Sct=0.69999999999999996 scalarPropertyBackend=device-pr scalarFluxBackend=cuda sgsK=none TCI=0
REACTIVE_PHYSICS chemistry=0 combustion=0 phaseChange=equilibrium viscosity=1 heatConduction=1 speciesDiffusion=0 turbulence=WALE-stress-v1 turbulentHeatFlux=1 turbulentSpeciesMixing=1 surfaceTension=1 interfaceModel=diffuse-liquid-inventory-v1 totalEnergy=1 thermodynamicRecovery=1 frozenLiquidFields=0 transportedLiquidFields=1
REACTIVE_CAPILLARY sigma=0.0020577273399028486 geometryBackend=cuda tractionBackend=cuda closureBackend=cuda pressureModel=curved-phase-split surfaceEnergyInTotal=1 capillaryCfl=0.25 geometryScheme=Gauss-diffuse noPLIC=1
REACTIVE_PHYSICAL_MODEL hash=e8a14864dd2082dde742598dbbcc5f0f2454bc521d93b9a3bd0befc47d4c9c4e numericalPolicyHash=84a6d15bb9da7f2463c14bf7ebc679532d122ce30a0d49e997b139830a94d781 eos=Peng-Robinson realEOS=1 phaseEquilibrium=1 nonidealDiffusion=0 deviceClosure=1 deviceKinetics=0 mixtureLiquid=0
REACTIVE_BACKENDS transport=cuda thermodynamics=cuda chemistry=cpu chemicalLinearSolver=dense transportGasProperties=disabled
REACTIVE_MODEL cells=4096000 species=4 reactions=0 liquids=1 estimatedHostBytes=11048301568 chemistry=0
REACTIVE_SPECIES index=0 name=N2
REACTIVE_SPECIES index=1 name=O2
REACTIVE_SPECIES index=2 name=N2O
REACTIVE_SPECIES index=3 name=IC3H7OH
REACTIVE_CHECKPOINT time=0 acceptedSteps=0 complete=1 schema=3
REACTIVE_ATTEMPT_PROFILE attempt=2 accepted=1 retry=0 sourceCalls=0 fullPhaseEvaluations=0 scalarProbes=0 rootChecks=0 matrixFreeProducts=0 factorBuilds=0 workerJobElapsedSeconds=0
REACTIVE_STEP time=5.1271939499775744e-08 dt=5.1271939499775744e-08 retries=0 massResidual=-5.0754361187376839e-15 energyResidual=-1.4439384876046917e-14 momentumResidual=3.5261487827682074e-21 globalElementResidual=6.9053229935157624e-15 frozenLiquidResidual=0 speciesResidual=6.705075718214906e-15 elementDrift=0 minP=3990269.9179397281 maxP=3999999.9999999967 minT=291.34912040939452 maxT=293.14999999999998 maxMach=0.0006721250581892674 minAlphaGas=0.99999999999999967 maxAlphaGas=1.0000000000000004 maxVolumeResidual=4.4408920985006262e-16 maxUVResidual=3.2355762452958877e-11 maxMuResidual=0 maxMechanicalResidual=0 seconds=6.3292427550000001
REACTIVE_CAPILLARY_STEP time=5.1271939499775744e-08 area=3.9999999999999949e-05 surfaceEnergy=8.2309093596113842e-08 liquidMass=0 closureResidual=0 recoveryCalls=3 outerIterations=3
REACTIVE_STEP_TIMINGS time=5.1271939499775744e-08 cflSeconds=0.56453097200000002 backupSeconds=0.30954145100000002 transportSeconds=0.79585876 recoverySeconds=4.610445737 sourceSeconds=0 conservationSeconds=0.020614853999999998 diagnosticsSeconds=0.028193459000000001 nestedBatchPackSeconds=0.078847618999999952 nestedBatchCallSeconds=3.8261938990000006 nestedBatchScatterSeconds=0 nestedScalarPropertySeconds=0.42101312299999999 otherSeconds=5.7521999999969597e-05
REACTIVE_GPU_HEM_STEP time=5.1271939499775744e-08 batches=2000 submitted=8192000 succeeded=8192000 cpuFallbacks=0 deviceFailures=0 phaseEvaluations=33363216 residualEvaluations=961008 analyticJacobians=0 finiteDifferenceJacobians=45440 wallSeconds=3.6210780500000075 kernelSeconds=3.2610777421891748 copySeconds=0.2621469798088083
REACTIVE_CHECKPOINT time=5.1271939499775744e-08 acceptedSteps=1 complete=1 schema=3
REACTIVE_ATTEMPT_PROFILE attempt=3 accepted=1 retry=0 sourceCalls=0 fullPhaseEvaluations=0 scalarProbes=0 rootChecks=0 matrixFreeProducts=0 factorBuilds=0 workerJobElapsedSeconds=0
REACTIVE_STEP time=1.0259787308542332e-07 dt=5.1325933585647574e-08 retries=0 massResidual=-1.0742491593276136e-14 energyResidual=-9.4210549855466848e-15 momentumResidual=7.4310890941656628e-21 globalElementResidual=1.3627858738521178e-14 frozenLiquidResidual=0 speciesResidual=1.3232663643662332e-14 elementDrift=0 minP=3979373.5490676975 maxP=3999999.9999999967 minT=289.48353156926203 maxT=293.14999999999998 maxMach=0.0012857125516817492 minAlphaGas=0.99999999999999956 maxAlphaGas=1.0000000000000004 maxVolumeResidual=4.4408920985006262e-16 maxUVResidual=2.5019485328088514e-12 maxMuResidual=0 maxMechanicalResidual=0 seconds=7.5727784720000004
REACTIVE_CAPILLARY_STEP time=1.0259787308542332e-07 area=3.9999999999999949e-05 surfaceEnergy=8.2309093596113842e-08 liquidMass=0 closureResidual=0 recoveryCalls=5 outerIterations=5
REACTIVE_STEP_TIMINGS time=1.0259787308542332e-07 cflSeconds=0.57004178799999994 backupSeconds=0.31134545399999997 transportSeconds=0.79723190899999996 recoverySeconds=5.8470252580000004 sourceSeconds=0 conservationSeconds=0.018204366 diagnosticsSeconds=0.028878251000000001 nestedBatchPackSeconds=0.078871372000000189 nestedBatchCallSeconds=5.0649331159999988 nestedBatchScatterSeconds=0 nestedScalarPropertySeconds=0.42235215599999998 otherSeconds=5.1446000000558711e-05
REACTIVE_GPU_HEM_STEP time=1.0259787308542332e-07 batches=2000 submitted=8192000 succeeded=8192000 cpuFallbacks=0 deviceFailures=0 phaseEvaluations=34492856 residualEvaluations=2860682 analyticJacobians=0 finiteDifferenceJacobians=132096 wallSeconds=4.8599039150000056 kernelSeconds=4.4989417512416949 copySeconds=0.26307014738768447
REACTIVE_ATTEMPT_PROFILE attempt=4 accepted=1 retry=0 sourceCalls=0 fullPhaseEvaluations=0 scalarProbes=0 rootChecks=0 matrixFreeProducts=0 factorBuilds=0 workerJobElapsedSeconds=0
REACTIVE_STEP time=1.5398366274014883e-07 dt=5.1385789654725502e-08 retries=0 massResidual=-4.200421185872949e-15 energyResidual=-1.2566492634395919e-14 momentumResidual=1.1517726155068206e-20 globalElementResidual=9.9859865732220552e-15 frozenLiquidResidual=0 speciesResidual=9.6964046382613012e-15 elementDrift=0 minP=3967529.0114875073 maxP=3999999.9999999967 minT=287.56733544158828 maxT=293.14999999999998 maxMach=0.001845788526585903 minAlphaGas=0.99999999999999956 maxAlphaGas=1.0000000000000004 maxVolumeResidual=4.4408920985006262e-16 maxUVResidual=6.4643862788943863e-10 maxMuResidual=0 maxMechanicalResidual=0 seconds=11.645329021
REACTIVE_CAPILLARY_STEP time=1.5398366274014883e-07 area=3.9999999999999949e-05 surfaceEnergy=8.2309093596113842e-08 liquidMass=0 closureResidual=0 recoveryCalls=7 outerIterations=7
REACTIVE_STEP_TIMINGS time=1.5398366274014883e-07 cflSeconds=0.57214038700000003 backupSeconds=0.30951617500000006 transportSeconds=0.80737940699999999 recoverySeconds=9.907465213 sourceSeconds=0 conservationSeconds=0.020297154000000001 diagnosticsSeconds=0.028485197 nestedBatchPackSeconds=0.078899865999999985 nestedBatchCallSeconds=9.1301121340000044 nestedBatchScatterSeconds=0 nestedScalarPropertySeconds=0.43064237699999997 otherSeconds=4.548799999942732e-05
REACTIVE_GPU_HEM_STEP time=1.5398366274014883e-07 batches=2000 submitted=8192000 succeeded=8192000 cpuFallbacks=0 deviceFailures=0 phaseEvaluations=36211264 residualEvaluations=5804336 analyticJacobians=0 finiteDifferenceJacobians=264680 wallSeconds=8.9244599220000076 kernelSeconds=8.563377824515003 copySeconds=0.2628046744614837
REACTIVE_ATTEMPT_PROFILE attempt=5 accepted=1 retry=0 sourceCalls=0 fullPhaseEvaluations=0 scalarProbes=0 rootChecks=0 matrixFreeProducts=0 factorBuilds=0 workerJobElapsedSeconds=0
REACTIVE_STEP time=2.0543538613551136e-07 dt=5.1451723395362532e-08 retries=0 massResidual=-2.1034147306904301e-14 energyResidual=-1.6495288382620645e-14 momentumResidual=1.5884607355037917e-20 globalElementResidual=2.7714400058105114e-14 frozenLiquidResidual=0 speciesResidual=2.6910708357095724e-14 elementDrift=0 minP=3954947.4012868549 maxP=3999999.9999999967 minT=285.6142225303023 maxT=293.14999999999998 maxMach=0.0023583331279902445 minAlphaGas=0.99999999999999967 maxAlphaGas=1.0000000000000004 maxVolumeResidual=4.4408920985006262e-16 maxUVResidual=9.1279497363436321e-10 maxMuResidual=0 maxMechanicalResidual=0 seconds=13.026923501000001
REACTIVE_CAPILLARY_STEP time=2.0543538613551136e-07 area=3.9999999999999949e-05 surfaceEnergy=8.2309093596113842e-08 liquidMass=0 closureResidual=0 recoveryCalls=9 outerIterations=9
REACTIVE_STEP_TIMINGS time=2.0543538613551136e-07 cflSeconds=0.57157258399999999 backupSeconds=0.30915752299999999 transportSeconds=0.79887070900000001 recoverySeconds=11.298122105000001 sourceSeconds=0 conservationSeconds=0.020686112 diagnosticsSeconds=0.028467177999999999 nestedBatchPackSeconds=0.079549832000000098 nestedBatchCallSeconds=10.513548208999982 nestedBatchScatterSeconds=0 nestedScalarPropertySeconds=0.42590253700000003 otherSeconds=4.7290000000827642e-05
REACTIVE_GPU_HEM_STEP time=2.0543538613551136e-07 batches=2000 submitted=8192000 succeeded=8192000 cpuFallbacks=0 deviceFailures=0 phaseEvaluations=38632204 residualEvaluations=9892564 analyticJacobians=0 finiteDifferenceJacobians=451085 wallSeconds=10.306465645999975 kernelSeconds=9.9433191565574219 copySeconds=0.26499350760132356
REACTIVE_ATTEMPT_PROFILE attempt=6 accepted=1 retry=0 sourceCalls=0 fullPhaseEvaluations=0 scalarProbes=0 rootChecks=0 matrixFreeProducts=0 factorBuilds=0 workerJobElapsedSeconds=0
REACTIVE_STEP time=2.5695919508196773e-07 dt=5.1523808946456375e-08 retries=0 massResidual=-2.0976288770755391e-14 energyResidual=-2.6475904931313982e-14 momentumResidual=3.2619185945048781e-20 globalElementResidual=2.7284161008585328e-14 frozenLiquidResidual=0 speciesResidual=2.6492947860138359e-14 elementDrift=0 minP=3941830.6806356627 maxP=3999999.9999999967 minT=283.637316596549 maxT=293.14999999999998 maxMach=0.0028300739906587202 minAlphaGas=0.99999999999999956 maxAlphaGas=1.0000000000000004 maxVolumeResidual=4.4408920985006262e-16 maxUVResidual=4.7768515920674483e-10 maxMuResidual=0 maxMechanicalResidual=0 seconds=13.987144331
REACTIVE_CAPILLARY_STEP time=2.5695919508196773e-07 area=3.9999999999999949e-05 surfaceEnergy=8.2309093596113842e-08 liquidMass=0 closureResidual=0 recoveryCalls=11 outerIterations=11
REACTIVE_STEP_TIMINGS time=2.5695919508196773e-07 cflSeconds=0.566987409 backupSeconds=0.31091911400000005 transportSeconds=0.80035321500000001 recoverySeconds=12.262375666000001 sourceSeconds=0 conservationSeconds=0.017970842000000001 diagnosticsSeconds=0.028491691999999999 nestedBatchPackSeconds=0.078934130999999991 nestedBatchCallSeconds=11.478063831000012 nestedBatchScatterSeconds=0 nestedScalarPropertySeconds=0.42206405700000005 otherSeconds=4.6392999999644857e-05
REACTIVE_GPU_HEM_STEP time=2.5695919508196773e-07 batches=2000 submitted=8192000 succeeded=8192000 cpuFallbacks=0 deviceFailures=0 phaseEvaluations=41579082 residualEvaluations=14922298 analyticJacobians=0 finiteDifferenceJacobians=678433 wallSeconds=11.271591324000024 kernelSeconds=10.909000306904307 copySeconds=0.26443715516477417
REACTIVE_ATTEMPT_PROFILE attempt=7 accepted=1 retry=0 sourceCalls=0 fullPhaseEvaluations=0 scalarProbes=0 rootChecks=0 matrixFreeProducts=0 factorBuilds=0 workerJobElapsedSeconds=0
REACTIVE_STEP time=3.085612194622158e-07 dt=5.1602024380248048e-08 retries=0 massResidual=-1.6171392357656869e-14 energyResidual=-2.5092986490320833e-14 momentumResidual=3.7238594830771324e-20 globalElementResidual=2.5177096241968033e-14 frozenLiquidResidual=0 speciesResidual=2.444698571541265e-14 elementDrift=0 minP=3928369.9383886824 maxP=3999999.9999999967 minT=281.64904415684163 maxT=293.14999999999998 maxMach=0.0032681741193413029 minAlphaGas=0.99999999999999956 maxAlphaGas=1.0000000000000004 maxVolumeResidual=4.4408920985006262e-16 maxUVResidual=9.871994638167761e-10 maxMuResidual=0 maxMechanicalResidual=0 seconds=15.402907469000001
REACTIVE_CAPILLARY_STEP time=3.085612194622158e-07 area=3.9999999999999949e-05 surfaceEnergy=8.2309093596113842e-08 liquidMass=0 closureResidual=0 recoveryCalls=13 outerIterations=13
REACTIVE_STEP_TIMINGS time=3.085612194622158e-07 cflSeconds=0.56743823699999996 backupSeconds=0.30991318200000001 transportSeconds=0.80139736500000003 recoverySeconds=13.677472997999999 sourceSeconds=0 conservationSeconds=0.018150171 diagnosticsSeconds=0.028487531999999999 nestedBatchPackSeconds=0.079096243000000038 nestedBatchCallSeconds=12.898685447999997 nestedBatchScatterSeconds=0 nestedScalarPropertySeconds=0.425057409 otherSeconds=4.7984000001864008e-05
REACTIVE_GPU_HEM_STEP time=3.085612194622158e-07 batches=2000 submitted=8192000 succeeded=8192000 cpuFallbacks=0 deviceFailures=0 phaseEvaluations=44885804 residualEvaluations=20533672 analyticJacobians=0 finiteDifferenceJacobians=933326 wallSeconds=12.691443535000033 kernelSeconds=12.326033505290383 copySeconds=0.26685270678997441
REACTIVE_ATTEMPT_PROFILE attempt=8 accepted=1 retry=0 sourceCalls=0 fullPhaseEvaluations=0 scalarProbes=0 rootChecks=0 matrixFreeProducts=0 factorBuilds=0 workerJobElapsedSeconds=0
REACTIVE_STEP time=3.6024736279202321e-07 dt=5.1686143329807405e-08 retries=0 massResidual=-3.1081747188722406e-14 energyResidual=-1.6908000497841457e-14 momentumResidual=2.9921451155786813e-20 globalElementResidual=4.0079353732454966e-14 frozenLiquidResidual=0 speciesResidual=3.891709385482498e-14 elementDrift=0 minP=3914744.0401798226 maxP=3999999.9999999967 minT=279.66103380584519 maxT=293.14999999999998 maxMach=0.0036798371068206439 minAlphaGas=0.99999999999999967 maxAlphaGas=1.0000000000000004 maxVolumeResidual=4.4408920985006262e-16 maxUVResidual=7.9144418145808555e-10 maxMuResidual=0 maxMechanicalResidual=0 seconds=16.910491231999998
REACTIVE_CAPILLARY_STEP time=3.6024736279202321e-07 area=3.9999999999999949e-05 surfaceEnergy=8.2309093596113842e-08 liquidMass=0 closureResidual=0 recoveryCalls=15 outerIterations=15
REACTIVE_STEP_TIMINGS time=3.6024736279202321e-07 cflSeconds=0.56980330000000001 backupSeconds=0.31608612400000002 transportSeconds=0.80230020199999996 recoverySeconds=15.174221918000001 sourceSeconds=0 conservationSeconds=0.019612897000000001 diagnosticsSeconds=0.028417495000000001 nestedBatchPackSeconds=0.078954306000000279 nestedBatchCallSeconds=14.395607270000006 nestedBatchScatterSeconds=0 nestedScalarPropertySeconds=0.42410196 otherSeconds=4.9295999996066403e-05
REACTIVE_GPU_HEM_STEP time=3.6024736279202321e-07 batches=2000 submitted=8192000 succeeded=8192000 cpuFallbacks=0 deviceFailures=0 phaseEvaluations=48207274 residualEvaluations=26067190 analyticJacobians=0 finiteDifferenceJacobians=1188486 wallSeconds=14.188663283999915 kernelSeconds=13.825798864036202 copySeconds=0.26456717092543913
REACTIVE_ATTEMPT_PROFILE attempt=9 accepted=1 retry=0 sourceCalls=0 fullPhaseEvaluations=0 scalarProbes=0 rootChecks=0 matrixFreeProducts=0 factorBuilds=0 workerJobElapsedSeconds=0
REACTIVE_STEP time=4.119406301475042e-07 dt=5.1693267355480975e-08 retries=0 massResidual=-3.3168668123988688e-14 energyResidual=-3.429378415739665e-14 momentumResidual=3.5045915413015021e-20 globalElementResidual=4.2324617214530513e-14 frozenLiquidResidual=0 speciesResidual=4.1097241462481672e-14 elementDrift=0 minP=3901140.2927643307 maxP=3999999.9999999967 minT=277.6871765234842 maxT=293.14999999999998 maxMach=0.0040712879645590254 minAlphaGas=0.99999999999999956 maxAlphaGas=1.0000000000000004 maxVolumeResidual=4.4408920985006262e-16 maxUVResidual=5.1672278248218365e-10 maxMuResidual=0 maxMechanicalResidual=0 seconds=17.766809974000001
REACTIVE_CAPILLARY_STEP time=4.119406301475042e-07 area=3.9999999999999949e-05 surfaceEnergy=8.2309093596113842e-08 liquidMass=0 closureResidual=0 recoveryCalls=17 outerIterations=17
REACTIVE_STEP_TIMINGS time=4.119406301475042e-07 cflSeconds=0.56961327699999997 backupSeconds=0.30972501499999999 transportSeconds=0.80724050399999991 recoverySeconds=16.032820228000002 sourceSeconds=0 conservationSeconds=0.018854366000000001 diagnosticsSeconds=0.028507337000000001 nestedBatchPackSeconds=0.079392407999999789 nestedBatchCallSeconds=15.254209375000015 nestedBatchScatterSeconds=0 nestedScalarPropertySeconds=0.43124327699999998 otherSeconds=4.9246999999728175e-05
REACTIVE_GPU_HEM_STEP time=4.119406301475042e-07 batches=2000 submitted=8192000 succeeded=8192000 cpuFallbacks=0 deviceFailures=0 phaseEvaluations=50942454 residualEvaluations=30748110 analyticJacobians=0 finiteDifferenceJacobians=1399596 wallSeconds=15.047353554999788 kernelSeconds=14.682430805116617 copySeconds=0.26637894670665307
REACTIVE_ATTEMPT_PROFILE attempt=10 accepted=1 retry=0 sourceCalls=0 fullPhaseEvaluations=0 scalarProbes=0 rootChecks=0 matrixFreeProducts=0 factorBuilds=0 workerJobElapsedSeconds=0
REACTIVE_STEP time=4.6363091238199947e-07 dt=5.16902822344953e-08 retries=0 massResidual=-3.2261444928994685e-14 energyResidual=-2.727044246455988e-14 momentumResidual=6.257759237192138e-20 globalElementResidual=4.129070477139045e-14 frozenLiquidResidual=0 speciesResidual=4.0093315889763408e-14 elementDrift=0 minP=3887713.0415848573 maxP=3999999.9999999967 minT=275.73771929538105 maxT=293.14999999999998 maxMach=0.0044486220611129048 minAlphaGas=0.99999999999999956 maxAlphaGas=1.0000000000000004 maxVolumeResidual=4.4408920985006262e-16 maxUVResidual=9.9898041921652162e-10 maxMuResidual=0 maxMechanicalResidual=0 seconds=18.904101605000001
REACTIVE_CAPILLARY_STEP time=4.6363091238199947e-07 area=3.9999999999999949e-05 surfaceEnergy=8.2309093596113842e-08 liquidMass=0 closureResidual=0 recoveryCalls=19 outerIterations=19
REACTIVE_STEP_TIMINGS time=4.6363091238199947e-07 cflSeconds=0.56337991399999998 backupSeconds=0.31277014599999997 transportSeconds=0.80278661900000003 recoverySeconds=17.178771545 sourceSeconds=0 conservationSeconds=0.017891957 diagnosticsSeconds=0.028452578999999999 nestedBatchPackSeconds=0.079166958999999967 nestedBatchCallSeconds=16.39564224999998 nestedBatchScatterSeconds=0 nestedScalarPropertySeconds=0.42319833600000001 otherSeconds=4.8845000005008632e-05
REACTIVE_GPU_HEM_STEP time=4.6363091238199947e-07 batches=2000 submitted=8192000 succeeded=8192000 cpuFallbacks=0 deviceFailures=0 phaseEvaluations=52899868 residualEvaluations=34074473 analyticJacobians=0 finiteDifferenceJacobians=1550457 wallSeconds=16.188372397999743 kernelSeconds=15.825405163914027 copySeconds=0.2647778905928142
REACTIVE_ATTEMPT_PROFILE attempt=11 accepted=1 retry=0 sourceCalls=0 fullPhaseEvaluations=0 scalarProbes=0 rootChecks=0 matrixFreeProducts=0 factorBuilds=0 workerJobElapsedSeconds=0
REACTIVE_STEP time=5.1531403808314355e-07 dt=5.1683125701144079e-08 retries=0 massResidual=-3.359227905359613e-14 energyResidual=-1.6612414019185522e-14 momentumResidual=6.6482532683318832e-20 globalElementResidual=4.2759202927453881e-14 frozenLiquidResidual=0 speciesResidual=4.1519225301948221e-14 elementDrift=0 minP=3874598.8881654916 maxP=3999999.9999999967 minT=273.82157533031597 maxT=293.14999999999998 maxMach=0.0048171205772776365 minAlphaGas=0.99999999999999956 maxAlphaGas=1.0000000000000004 maxVolumeResidual=4.4408920985006262e-16 maxUVResidual=9.9741310807681166e-10 maxMuResidual=0 maxMechanicalResidual=0 seconds=19.699489477
REACTIVE_CAPILLARY_STEP time=5.1531403808314355e-07 area=3.9999999999999949e-05 surfaceEnergy=8.2309093596113842e-08 liquidMass=0 closureResidual=0 recoveryCalls=21 outerIterations=21
REACTIVE_STEP_TIMINGS time=5.1531403808314355e-07 cflSeconds=0.5717924379999999 backupSeconds=0.30973389000000001 transportSeconds=0.79921226400000001 recoverySeconds=17.973990090000001 sourceSeconds=0 conservationSeconds=0.016253317999999999 diagnosticsSeconds=0.028460722000000001 nestedBatchPackSeconds=0.079002059000000124 nestedBatchCallSeconds=17.195580788000015 nestedBatchScatterSeconds=0 nestedScalarPropertySeconds=0.42370449799999998 otherSeconds=4.6754999998410013e-05
REACTIVE_GPU_HEM_STEP time=5.1531403808314355e-07 batches=2000 submitted=8192000 succeeded=8192000 cpuFallbacks=0 deviceFailures=0 phaseEvaluations=54267291 residualEvaluations=36359233 analyticJacobians=0 finiteDifferenceJacobians=1655596 wallSeconds=16.987680771999862 kernelSeconds=16.62267295128126 copySeconds=0.26643011447042531
REACTIVE_ATTEMPT_PROFILE attempt=12 accepted=1 retry=0 sourceCalls=0 fullPhaseEvaluations=0 scalarProbes=0 rootChecks=0 matrixFreeProducts=0 factorBuilds=0 workerJobElapsedSeconds=0
REACTIVE_STEP time=5.669890027850069e-07 dt=5.1674964701863312e-08 retries=0 massResidual=-3.050774585917564e-14 energyResidual=-3.4158136614565071e-14 momentumResidual=7.0079512402334781e-20 globalElementResidual=4.4302059784675594e-14 frozenLiquidResidual=0 speciesResidual=4.3017338450588024e-14 elementDrift=0 minP=3861917.3957012519 maxP=3999999.9999999967 minT=271.9464272956597 maxT=293.14999999999998 maxMach=0.0051812852451368725 minAlphaGas=0.99999999999999956 maxAlphaGas=1.0000000000000004 maxVolumeResidual=4.4408920985006262e-16 maxUVResidual=9.9918582343181058e-10 maxMuResidual=0 maxMechanicalResidual=0 seconds=20.342717970999999
REACTIVE_CAPILLARY_STEP time=5.669890027850069e-07 area=3.9999999999999949e-05 surfaceEnergy=8.2309093596113842e-08 liquidMass=0 closureResidual=0 recoveryCalls=23 outerIterations=23
REACTIVE_STEP_TIMINGS time=5.669890027850069e-07 cflSeconds=0.567097042 backupSeconds=0.30986644700000004 transportSeconds=0.80750127700000007 recoverySeconds=18.609158729000001 sourceSeconds=0 conservationSeconds=0.020601900999999999 diagnosticsSeconds=0.028443236 nestedBatchPackSeconds=0.079320681000000032 nestedBatchCallSeconds=17.829527895000044 nestedBatchScatterSeconds=0 nestedScalarPropertySeconds=0.42709733500000002 otherSeconds=4.9338999996945826e-05
REACTIVE_GPU_HEM_STEP time=5.669890027850069e-07 batches=2000 submitted=8192000 succeeded=8192000 cpuFallbacks=0 deviceFailures=0 phaseEvaluations=55485943 residualEvaluations=38400585 analyticJacobians=0 finiteDifferenceJacobians=1749387 wallSeconds=17.621226343000274 kernelSeconds=17.256493369758417 copySeconds=0.26597661029547481
REACTIVE_ATTEMPT_PROFILE attempt=13 accepted=1 retry=0 sourceCalls=0 fullPhaseEvaluations=0 scalarProbes=0 rootChecks=0 matrixFreeProducts=0 factorBuilds=0 workerJobElapsedSeconds=0
REACTIVE_STEP time=6.1865518306900021e-07 dt=5.1666180283993265e-08 retries=0 massResidual=-3.4323127248588207e-14 energyResidual=-3.3643736593571281e-14 momentumResidual=6.3242787251465426e-20 globalElementResidual=4.5758677652996632e-14 frozenLiquidResidual=0 speciesResidual=4.4431711409604004e-14 elementDrift=0 minP=3849772.175460469 maxP=3999999.9999999967 minT=270.11885245221532 maxT=293.14999999999998 maxMach=0.0055449770754679335 minAlphaGas=0.99999999999999944 maxAlphaGas=1.0000000000000004 maxVolumeResidual=5.5511151231257827e-16 maxUVResidual=9.9797149132229684e-10 maxMuResidual=0 maxMechanicalResidual=0 seconds=20.616560857
REACTIVE_CAPILLARY_STEP time=6.1865518306900021e-07 area=3.9999999999999949e-05 surfaceEnergy=8.2309093596113842e-08 liquidMass=0 closureResidual=0 recoveryCalls=25 outerIterations=25
REACTIVE_STEP_TIMINGS time=6.1865518306900021e-07 cflSeconds=0.56812228200000003 backupSeconds=0.31327293899999997 transportSeconds=0.80563439699999995 recoverySeconds=18.880726189000001 sourceSeconds=0 conservationSeconds=0.020296340999999999 diagnosticsSeconds=0.028458675999999999 nestedBatchPackSeconds=0.078972507999999983 nestedBatchCallSeconds=18.101401832999976 nestedBatchScatterSeconds=0 nestedScalarPropertySeconds=0.42618966399999991 otherSeconds=5.0032999998575467e-05
REACTIVE_GPU_HEM_STEP time=6.1865518306900021e-07 batches=2000 submitted=8192000 succeeded=8192000 cpuFallbacks=0 deviceFailures=0 phaseEvaluations=56338908 residualEvaluations=39830279 analyticJacobians=0 finiteDifferenceJacobians=1814986 wallSeconds=17.893713528000319 kernelSeconds=17.530013837428456 copySeconds=0.26533504293114563
REACTIVE_ATTEMPT_PROFILE attempt=14 accepted=1 retry=0 sourceCalls=0 fullPhaseEvaluations=0 scalarProbes=0 rootChecks=0 matrixFreeProducts=0 factorBuilds=0 workerJobElapsedSeconds=0
REACTIVE_STEP time=6.7031229381813438e-07 dt=5.1657110749134149e-08 retries=0 massResidual=-3.5491755205612444e-14 energyResidual=-2.8769200064551919e-14 momentumResidual=7.8221990464901719e-20 globalElementResidual=4.9458832512432287e-14 frozenLiquidResidual=0 speciesResidual=4.8024573966124151e-14 elementDrift=0 minP=3838251.6549899043 maxP=3999999.9999999967 minT=268.34436776662778 maxT=293.14999999999998 maxMach=0.0059115798151306229 minAlphaGas=0.99999999999999967 maxAlphaGas=1.0000000000000004 maxVolumeResidual=4.4408920985006262e-16 maxUVResidual=9.6534335240229249e-10 maxMuResidual=0 maxMechanicalResidual=0 seconds=20.689362058
REACTIVE_CAPILLARY_STEP time=6.7031229381813438e-07 area=3.9999999999999949e-05 surfaceEnergy=8.2309093596113842e-08 liquidMass=0 closureResidual=0 recoveryCalls=27 outerIterations=27
REACTIVE_STEP_TIMINGS time=6.7031229381813438e-07 cflSeconds=0.56793248399999996 backupSeconds=0.31223084800000001 transportSeconds=0.80429352500000006 recoverySeconds=18.956434332000001 sourceSeconds=0 conservationSeconds=0.019741907999999999 diagnosticsSeconds=0.028676572000000001 nestedBatchPackSeconds=0.078804657999999958 nestedBatchCallSeconds=18.178688220999977 nestedBatchScatterSeconds=0 nestedScalarPropertySeconds=0.42483169099999996 otherSeconds=5.2389000002636688e-05
REACTIVE_GPU_HEM_STEP time=6.7031229381813438e-07 batches=2000 submitted=8192000 succeeded=8192000 cpuFallbacks=0 deviceFailures=0 phaseEvaluations=57131611 residualEvaluations=41191880 analyticJacobians=0 finiteDifferenceJacobians=1876213 wallSeconds=17.97141877099989 kernelSeconds=17.608902142556246 copySeconds=0.26425645024329292
REACTIVE_ATTEMPT_PROFILE attempt=15 accepted=1 retry=0 sourceCalls=0 fullPhaseEvaluations=0 scalarProbes=0 rootChecks=0 matrixFreeProducts=0 factorBuilds=0 workerJobElapsedSeconds=0
REACTIVE_STEP time=7.2196027494187811e-07 dt=5.1647981123743769e-08 retries=0 massResidual=-3.5089747055026412e-14 energyResidual=-4.1471250356883969e-14 momentumResidual=8.2151567623689691e-20 globalElementResidual=4.8916580844766353e-14 frozenLiquidResidual=0 speciesResidual=4.749803785289181e-14 elementDrift=0 minP=3827430.4623545487 maxP=3999999.9999999967 minT=266.62751168678489 maxT=293.14999999999998 maxMach=0.0062841638470652952 minAlphaGas=0.99999999999999956 maxAlphaGas=1.0000000000000004 maxVolumeResidual=4.4408920985006262e-16 maxUVResidual=9.9742426623577364e-10 maxMuResidual=0 maxMechanicalResidual=0 seconds=21.350988332
REACTIVE_CAPILLARY_STEP time=7.2196027494187811e-07 area=3.9999999999999949e-05 surfaceEnergy=8.2309093596113842e-08 liquidMass=0 closureResidual=0 recoveryCalls=29 outerIterations=29
REACTIVE_STEP_TIMINGS time=7.2196027494187811e-07 cflSeconds=0.56656131399999998 backupSeconds=0.31215579900000001 transportSeconds=0.80120409199999998 recoverySeconds=19.624117115000001 sourceSeconds=0 conservationSeconds=0.018541274 diagnosticsSeconds=0.028360427000000001 nestedBatchPackSeconds=0.078914009999999979 nestedBatchCallSeconds=18.843505480000022 nestedBatchScatterSeconds=0 nestedScalarPropertySeconds=0.42341937200000002 otherSeconds=4.831099999992941e-05
REACTIVE_GPU_HEM_STEP time=7.2196027494187811e-07 batches=2000 submitted=8192000 succeeded=8192000 cpuFallbacks=0 deviceFailures=0 phaseEvaluations=58004917 residualEvaluations=42664229 analyticJacobians=0 finiteDifferenceJacobians=1943278 wallSeconds=18.636355016999573 kernelSeconds=18.273720036747363 copySeconds=0.2639916508272262
REACTIVE_ATTEMPT_PROFILE attempt=16 accepted=1 retry=0 sourceCalls=0 fullPhaseEvaluations=0 scalarProbes=0 rootChecks=0 matrixFreeProducts=0 factorBuilds=0 workerJobElapsedSeconds=0
REACTIVE_STEP time=7.7359918513821132e-07 dt=5.1638910196333159e-08 retries=0 massResidual=-4.5950022271831382e-14 energyResidual=-3.9324742875706263e-14 momentumResidual=8.5323561725219179e-20 globalElementResidual=5.7595199058259652e-14 frozenLiquidResidual=0 speciesResidual=5.5924987798428268e-14 elementDrift=0 minP=3817372.0324714975 maxP=3999999.9999999967 minT=264.97199313054642 maxT=293.14999999999998 maxMach=0.0066656749072488333 minAlphaGas=0.99999999999999944 maxAlphaGas=1.0000000000000004 maxVolumeResidual=5.5511151231257827e-16 maxUVResidual=9.9641799977873368e-10 maxMuResidual=0 maxMechanicalResidual=0 seconds=21.272557856999999
REACTIVE_CAPILLARY_STEP time=7.7359918513821132e-07 area=3.9999999999999949e-05 surfaceEnergy=8.2309093596113842e-08 liquidMass=0 closureResidual=0 recoveryCalls=31 outerIterations=31
REACTIVE_STEP_TIMINGS time=7.7359918513821132e-07 cflSeconds=0.568665168 backupSeconds=0.31214883700000001 transportSeconds=0.80011156299999997 recoverySeconds=19.544624124999999 sourceSeconds=0 conservationSeconds=0.018496953 diagnosticsSeconds=0.028462492999999998 nestedBatchPackSeconds=0.078711994999999868 nestedBatchCallSeconds=18.764998856000005 nestedBatchScatterSeconds=0 nestedScalarPropertySeconds=0.42112116799999999 otherSeconds=4.8718000001075207e-05
REACTIVE_GPU_HEM_STEP time=7.7359918513821132e-07 batches=2000 submitted=8192000 succeeded=8192000 cpuFallbacks=0 deviceFailures=0 phaseEvaluations=58785007 residualEvaluations=44039857 analyticJacobians=0 finiteDifferenceJacobians=2003781 wallSeconds=18.557620682000248 kernelSeconds=18.196731468621067 copySeconds=0.26266512326150826
REACTIVE_ATTEMPT_PROFILE attempt=17 accepted=1 retry=0 sourceCalls=0 fullPhaseEvaluations=0 scalarProbes=0 rootChecks=0 matrixFreeProducts=0 factorBuilds=0 workerJobElapsedSeconds=0
REACTIVE_STEP time=8.2522913422634094e-07 dt=5.1629949088129583e-08 retries=0 massResidual=-4.2847679851795158e-14 energyResidual=-4.4495955737738776e-14 momentumResidual=8.8575625580767845e-20 globalElementResidual=5.5185669896906665e-14 frozenLiquidResidual=0 speciesResidual=5.3585335325540923e-14 elementDrift=0 minP=3808134.5408395967 maxP=3999999.9999999967 minT=263.38102595053419 maxT=293.14999999999998 maxMach=0.0070591012777552371 minAlphaGas=0.99999999999999956 maxAlphaGas=1.0000000000000004 maxVolumeResidual=4.4408920985006262e-16 maxUVResidual=9.8289797185060883e-10 maxMuResidual=0 maxMechanicalResidual=0 seconds=21.603997340999999
REACTIVE_CAPILLARY_STEP time=8.2522913422634094e-07 area=3.9999999999999949e-05 surfaceEnergy=8.2309093596113842e-08 liquidMass=0 closureResidual=0 recoveryCalls=33 outerIterations=33
REACTIVE_STEP_TIMINGS time=8.2522913422634094e-07 cflSeconds=0.56530158600000002 backupSeconds=0.31087405000000001 transportSeconds=0.80516220099999991 recoverySeconds=19.876258294000003 sourceSeconds=0 conservationSeconds=0.017813972000000001 diagnosticsSeconds=0.028540513999999999 nestedBatchPackSeconds=0.079601766000000115 nestedBatchCallSeconds=19.092326192999991 nestedBatchScatterSeconds=0 nestedScalarPropertySeconds=0.42405969500000001 otherSeconds=4.6723999999082055e-05
REACTIVE_GPU_HEM_STEP time=8.2522913422634094e-07 batches=2000 submitted=8192000 succeeded=8192000 cpuFallbacks=0 deviceFailures=0 phaseEvaluations=59539774 residualEvaluations=45298149 analyticJacobians=0 finiteDifferenceJacobians=2061843 wallSeconds=18.884220416000261 kernelSeconds=18.520958010616681 copySeconds=0.26444701063631015
REACTIVE_ATTEMPT_PROFILE attempt=18 accepted=1 retry=0 sourceCalls=0 fullPhaseEvaluations=0 scalarProbes=0 rootChecks=0 matrixFreeProducts=0 factorBuilds=0 workerJobElapsedSeconds=0
REACTIVE_STEP time=8.7685025274000312e-07 dt=5.1621118513662214e-08 retries=0 massResidual=-5.5191505420190324e-14 energyResidual=-4.537153573983618e-14 momentumResidual=9.2147968452393274e-20 globalElementResidual=6.9105668996703431e-14 frozenLiquidResidual=0 speciesResidual=6.7101668913219843e-14 elementDrift=0 minP=3799788.3703867858 maxP=3999999.9999999967 minT=261.85832678145397 maxT=293.14999999999998 maxMach=0.0074675500066098402 minAlphaGas=0.99999999999999956 maxAlphaGas=1.0000000000000004 maxVolumeResidual=4.4408920985006262e-16 maxUVResidual=9.9618713863622229e-10 maxMuResidual=0 maxMechanicalResidual=0 seconds=21.642985318000001
REACTIVE_CAPILLARY_STEP time=8.7685025274000312e-07 area=3.9999999999999949e-05 surfaceEnergy=8.2309093596113842e-08 liquidMass=0 closureResidual=0 recoveryCalls=35 outerIterations=35
REACTIVE_STEP_TIMINGS time=8.7685025274000312e-07 cflSeconds=0.56491844499999999 backupSeconds=0.31144044599999998 transportSeconds=0.80031172099999992 recoverySeconds=19.919887016000001 sourceSeconds=0 conservationSeconds=0.017887014999999999 diagnosticsSeconds=0.028493201999999999 nestedBatchPackSeconds=0.078540684000000013 nestedBatchCallSeconds=19.143578557999984 nestedBatchScatterSeconds=0 nestedScalarPropertySeconds=0.42113900200000004 otherSeconds=4.7473000001577864e-05
REACTIVE_GPU_HEM_STEP time=8.7685025274000312e-07 batches=2000 submitted=8192000 succeeded=8192000 cpuFallbacks=0 deviceFailures=0 phaseEvaluations=60152201 residualEvaluations=46287742 analyticJacobians=0 finiteDifferenceJacobians=2108649 wallSeconds=18.937145943999752 kernelSeconds=18.576346134307755 copySeconds=0.26287245061247955
REACTIVE_ATTEMPT_PROFILE attempt=19 accepted=1 retry=0 sourceCalls=0 fullPhaseEvaluations=0 scalarProbes=0 rootChecks=0 matrixFreeProducts=0 factorBuilds=0 workerJobElapsedSeconds=0
REACTIVE_STEP time=9.2846268852740681e-07 dt=5.1612435787403749e-08 retries=0 massResidual=-4.9707306209825429e-14 energyResidual=-5.216574398077733e-14 momentumResidual=9.5233733588055929e-20 globalElementResidual=6.5279913724615048e-14 frozenLiquidResidual=0 speciesResidual=6.3386843798611481e-14 elementDrift=0 minP=3792463.6414110032 maxP=3999999.9999999967 minT=260.41094358385408 maxT=293.14999999999998 maxMach=0.007894205938407799 minAlphaGas=0.99999999999999944 maxAlphaGas=1.0000000000000004 maxVolumeResidual=5.5511151231257827e-16 maxUVResidual=9.8294869297051824e-10 maxMuResidual=0 maxMechanicalResidual=0 seconds=21.727377230999998
REACTIVE_CAPILLARY_STEP time=9.2846268852740681e-07 area=3.9999999999999949e-05 surfaceEnergy=8.2309093596113842e-08 liquidMass=0 closureResidual=0 recoveryCalls=37 outerIterations=37
REACTIVE_STEP_TIMINGS time=9.2846268852740681e-07 cflSeconds=0.56487358499999996 backupSeconds=0.31175883000000004 transportSeconds=0.80273568000000006 recoverySeconds=20.002565183000002 sourceSeconds=0 conservationSeconds=0.016894570000000001 diagnosticsSeconds=0.028501305000000001 nestedBatchPackSeconds=0.078682289000000141 nestedBatchCallSeconds=19.217002814000008 nestedBatchScatterSeconds=0 nestedScalarPropertySeconds=0.42113637900000001 otherSeconds=4.8077999995926879e-05
REACTIVE_GPU_HEM_STEP time=9.2846268852740681e-07 batches=2000 submitted=8192000 succeeded=8192000 cpuFallbacks=0 deviceFailures=0 phaseEvaluations=61084652 residualEvaluations=47886306 analyticJacobians=0 finiteDifferenceJacobians=2180397 wallSeconds=19.010503033999328 kernelSeconds=18.649871058347713 copySeconds=0.26259299477189746
REACTIVE_ATTEMPT_PROFILE attempt=20 accepted=1 retry=0 sourceCalls=0 fullPhaseEvaluations=0 scalarProbes=0 rootChecks=0 matrixFreeProducts=0 factorBuilds=0 workerJobElapsedSeconds=0
REACTIVE_STEP time=9.8006661889612356e-07 dt=5.1603930368716791e-08 retries=0 massResidual=-5.397591251765551e-14 energyResidual=-5.3559027273775956e-14 momentumResidual=1.0136137947496689e-19 globalElementResidual=6.8335636936280649e-14 frozenLiquidResidual=0 speciesResidual=6.6353967020274749e-14 elementDrift=0 minP=3785812.0690040067 maxP=3999999.9999999967 minT=259.01960528345217 maxT=293.14999999999998 maxMach=0.008342183596212107 minAlphaGas=0.99999999999999956 maxAlphaGas=1.0000000000000004 maxVolumeResidual=4.4408920985006262e-16 maxUVResidual=9.8360004226737399e-10 maxMuResidual=0 maxMechanicalResidual=0 seconds=22.175551280000001
REACTIVE_CAPILLARY_STEP time=9.8006661889612356e-07 area=3.9999999999999949e-05 surfaceEnergy=8.2309093596113842e-08 liquidMass=0 closureResidual=0 recoveryCalls=39 outerIterations=39
REACTIVE_STEP_TIMINGS time=9.8006661889612356e-07 cflSeconds=0.56675787100000008 backupSeconds=0.31269328000000002 transportSeconds=0.80223498700000007 recoverySeconds=20.444688265 sourceSeconds=0 conservationSeconds=0.020255882999999999 diagnosticsSeconds=0.028872631999999999 nestedBatchPackSeconds=0.078598701000000118 nestedBatchCallSeconds=19.664523845000026 nestedBatchScatterSeconds=0 nestedScalarPropertySeconds=0.42184692699999998 otherSeconds=4.8362000000731764e-05
REACTIVE_GPU_HEM_STEP time=9.8006661889612356e-07 batches=2000 submitted=8192000 succeeded=8192000 cpuFallbacks=0 deviceFailures=0 phaseEvaluations=61898315 residualEvaluations=49273665 analyticJacobians=0 finiteDifferenceJacobians=2243147 wallSeconds=19.457751744000632 kernelSeconds=19.096995916636985 copySeconds=0.26281872231512526
REACTIVE_ATTEMPT_PROFILE attempt=21 accepted=1 retry=0 sourceCalls=0 fullPhaseEvaluations=0 scalarProbes=0 rootChecks=0 matrixFreeProducts=0 factorBuilds=0 workerJobElapsedSeconds=0
REACTIVE_STEP time=9.9999999999999995e-07 dt=1.9933381103876391e-08 retries=0 massResidual=-4.9399136801678419e-14 energyResidual=-5.5233549168995835e-14 momentumResidual=1.0245608314319801e-19 globalElementResidual=6.623425717941048e-14 frozenLiquidResidual=0 speciesResidual=6.4313523150112754e-14 elementDrift=0 minP=3783274.2444110783 maxP=3999999.9999999967 minT=258.48871606519134 maxT=293.14999999999998 maxMach=0.0085216472919265335 minAlphaGas=0.99999999999999956 maxAlphaGas=1.0000000000000004 maxVolumeResidual=4.4408920985006262e-16 maxUVResidual=9.9099349619650235e-10 maxMuResidual=0 maxMechanicalResidual=0 seconds=22.239001619
REACTIVE_CAPILLARY_STEP time=9.9999999999999995e-07 area=3.9999999999999949e-05 surfaceEnergy=8.2309093596113842e-08 liquidMass=0 closureResidual=0 recoveryCalls=41 outerIterations=41
REACTIVE_STEP_TIMINGS time=9.9999999999999995e-07 cflSeconds=0.56696290300000007 backupSeconds=0.31158533199999999 transportSeconds=0.79908239800000003 recoverySeconds=20.512040597000002 sourceSeconds=0 conservationSeconds=0.020819633000000001 diagnosticsSeconds=0.028462323000000001 nestedBatchPackSeconds=0.078948277000000178 nestedBatchCallSeconds=19.732618011999993 nestedBatchScatterSeconds=0 nestedScalarPropertySeconds=0.42210589599999998 otherSeconds=4.8432999997863324e-05
REACTIVE_GPU_HEM_STEP time=9.9999999999999995e-07 batches=2000 submitted=8192000 succeeded=8192000 cpuFallbacks=0 deviceFailures=0 phaseEvaluations=62389651 residualEvaluations=50070646 analyticJacobians=0 finiteDifferenceJacobians=2280897 wallSeconds=19.526460360999806 kernelSeconds=19.165862130344522 copySeconds=0.26267085121570588
REACTIVE_CHECKPOINT time=9.9999999999999995e-07 acceptedSteps=20 complete=1 schema=3
REACTIVE_PROFILE_V21 scope="prototype" jobElapsedSeconds=0 integrationFallbacks=0 chemical_rhsCalls=0 chemical_uvCalls=0 chemical_fixedStateCalls=0 chemical_jacobianCalls=0 chemical_structuredCalls=0 chemical_fallbackCalls=0 sparse_setups=0 sparse_products=0 sparse_preconditioners=0 sparse_preconditionerSolves=0 sparse_sparseIntegrations=0 sparse_denseIntegrations=0 sparse_denseFallbacks=0 sparse_nonzeros=0 timing_jvSetups=0 timing_preconditionerSetups=0 timing_jacobianCacheHits=0 timing_patternBuilds=0 timing_preconditionerReuses=0 timing_symbolicAnalyses=0 timing_numericFactorizations=0 timing_workspaceCreates=0 timing_workspaceReinitializations=0 timing_factorNonzeros=0 timing_thermoSeconds=0 timing_kineticsSeconds=0 timing_csrSeconds=0 timing_symbolicSeconds=0 timing_factorSeconds=0 timing_solveSeconds=0 realFluid_eosEvaluations=4096001 realFluid_referenceEvaluations=0 realFluid_derivativeEvaluations=0 realFluid_scalarAttempts=4096003 realFluid_scalarAccepted=4096001 realFluid_scalarFallbacks=2 realFluid_scalarIterations=0 realFluid_flashResiduals=3238 realFluid_tangentBuilds=0 realFluid_tangentSolves=0 realFluid_sourceJv=0 realFluid_sourceJvFallbacks=0 trhoStateEvaluations=4096003 densityRootChecks=4096003 fullPhaseEvaluations=16489286 energyCvEvaluations=4096003 selectedMuEvaluations=4098037 partialHEvaluations=0 scalarProbes=4096003 bracketRejects=0 branchFallbacks=2 flashCandidates=10 linearizationBuilds=0 linearizationApplies=0 FzFactorizations=0 sourceRhsCalls=0 sourceDirectionProbes=0 RzBuilds=0 JvFallbacks=0 nasaCoefficientVisits=8192004 nasaAggregateBuilds=4096003 nasaAggregateEvaluations=4096003 exactMixingEvaluations=4096003 branchCertificates=4096001 matrixFreeSetups=0 matrixFreeProducts=0 matrixFreeIntegrations=0 matrixFreeIntegrationFallbacks=0 woodburySetups=0 woodburyFactors=0 woodburySolves=0 woodburyFallbacks=0 diagnosticJvCalls=0 oneSidedProbes=0 derivativeRetries=0 sourceAttempts=0 sourceAccepted=0 sourceFailed=0
REACTIVE_PROFILE_V21 scope="worker_0" jobElapsedSeconds=0 integrationFallbacks=0 chemical_rhsCalls=0 chemical_uvCalls=0 chemical_fixedStateCalls=0 chemical_jacobianCalls=0 chemical_structuredCalls=0 chemical_fallbackCalls=0 sparse_setups=0 sparse_products=0 sparse_preconditioners=0 sparse_preconditionerSolves=0 sparse_sparseIntegrations=0 sparse_denseIntegrations=0 sparse_denseFallbacks=0 sparse_nonzeros=0 timing_jvSetups=0 timing_preconditionerSetups=0 timing_jacobianCacheHits=0 timing_patternBuilds=0 timing_preconditionerReuses=0 timing_symbolicAnalyses=0 timing_numericFactorizations=0 timing_workspaceCreates=0 timing_workspaceReinitializations=0 timing_factorNonzeros=0 timing_thermoSeconds=0 timing_kineticsSeconds=0 timing_csrSeconds=0 timing_symbolicSeconds=0 timing_factorSeconds=0 timing_solveSeconds=0 realFluid_eosEvaluations=0 realFluid_referenceEvaluations=0 realFluid_derivativeEvaluations=0 realFluid_scalarAttempts=0 realFluid_scalarAccepted=0 realFluid_scalarFallbacks=0 realFluid_scalarIterations=0 realFluid_flashResiduals=0 realFluid_tangentBuilds=0 realFluid_tangentSolves=0 realFluid_sourceJv=0 realFluid_sourceJvFallbacks=0 trhoStateEvaluations=0 densityRootChecks=0 fullPhaseEvaluations=0 energyCvEvaluations=0 selectedMuEvaluations=0 partialHEvaluations=0 scalarProbes=0 bracketRejects=0 branchFallbacks=0 flashCandidates=0 linearizationBuilds=0 linearizationApplies=0 FzFactorizations=0 sourceRhsCalls=0 sourceDirectionProbes=0 RzBuilds=0 JvFallbacks=0 nasaCoefficientVisits=0 nasaAggregateBuilds=0 nasaAggregateEvaluations=0 exactMixingEvaluations=0 branchCertificates=0 matrixFreeSetups=0 matrixFreeProducts=0 matrixFreeIntegrations=0 matrixFreeIntegrationFallbacks=0 woodburySetups=0 woodburyFactors=0 woodburySolves=0 woodburyFallbacks=0 diagnosticJvCalls=0 oneSidedProbes=0 derivativeRetries=0 sourceAttempts=0 sourceAccepted=0 sourceFailed=0
REACTIVE_PROFILE_V21 scope="workers" jobElapsedSeconds=0 integrationFallbacks=0 chemical_rhsCalls=0 chemical_uvCalls=0 chemical_fixedStateCalls=0 chemical_jacobianCalls=0 chemical_structuredCalls=0 chemical_fallbackCalls=0 sparse_setups=0 sparse_products=0 sparse_preconditioners=0 sparse_preconditionerSolves=0 sparse_sparseIntegrations=0 sparse_denseIntegrations=0 sparse_denseFallbacks=0 sparse_nonzeros=0 timing_jvSetups=0 timing_preconditionerSetups=0 timing_jacobianCacheHits=0 timing_patternBuilds=0 timing_preconditionerReuses=0 timing_symbolicAnalyses=0 timing_numericFactorizations=0 timing_workspaceCreates=0 timing_workspaceReinitializations=0 timing_factorNonzeros=0 timing_thermoSeconds=0 timing_kineticsSeconds=0 timing_csrSeconds=0 timing_symbolicSeconds=0 timing_factorSeconds=0 timing_solveSeconds=0 realFluid_eosEvaluations=0 realFluid_referenceEvaluations=0 realFluid_derivativeEvaluations=0 realFluid_scalarAttempts=0 realFluid_scalarAccepted=0 realFluid_scalarFallbacks=0 realFluid_scalarIterations=0 realFluid_flashResiduals=0 realFluid_tangentBuilds=0 realFluid_tangentSolves=0 realFluid_sourceJv=0 realFluid_sourceJvFallbacks=0 trhoStateEvaluations=0 densityRootChecks=0 fullPhaseEvaluations=0 energyCvEvaluations=0 selectedMuEvaluations=0 partialHEvaluations=0 scalarProbes=0 bracketRejects=0 branchFallbacks=0 flashCandidates=0 linearizationBuilds=0 linearizationApplies=0 FzFactorizations=0 sourceRhsCalls=0 sourceDirectionProbes=0 RzBuilds=0 JvFallbacks=0 nasaCoefficientVisits=0 nasaAggregateBuilds=0 nasaAggregateEvaluations=0 exactMixingEvaluations=0 branchCertificates=0 matrixFreeSetups=0 matrixFreeProducts=0 matrixFreeIntegrations=0 matrixFreeIntegrationFallbacks=0 woodburySetups=0 woodburyFactors=0 woodburySolves=0 woodburyFallbacks=0 diagnosticJvCalls=0 oneSidedProbes=0 derivativeRetries=0 sourceAttempts=0 sourceAccepted=0 sourceFailed=0
REACTIVE_CLOSURE_PROFILE eligibleCells=0 uniqueCells=0 reusedCells=0 failedRepresentativeRetries=0 gpuSubmitted=0 gpuConverged=0 gpuApproved=0 gpuRejected=0 gpuUnsupported=0 gpuLaunches=0 gpuTransferBytes=0 hostBytes=32768 liquidCacheHits=0 liquidCacheMisses=0 deviceBytes=0 classifySeconds=0.16179572699999845 prepareSeconds=0 gpuWallSeconds=0 gpuKernelSeconds=0 gpuCopySeconds=0
REACTIVE_GPU_HEM batches=41000 submitted=167936000 succeeded=167936000 cpuFallbacks=0 deviceFailures=0 phaseEvaluations=1042676292 residualEvaluations=627166904 flashCandidates=2020600 stableCandidates=167936000 transferBytes=71878576000 analyticJacobians=0 finiteDifferenceJacobians=28561773 hostBytes=3340632 deviceBytes=2029992 wallSeconds=301.02619636699944 kernelSeconds=293.59631615640654 copySeconds=5.4155805387049529
REACTIVE_BATCH_V21 attempted=41000 accepted=41000 failed=0 batchWallSeconds=305.25950821799989 workerJobSecondsSum=0 workerJobSecondsMax=0 poolScratchBytes=6420824 flowStagingBytes=884736 workerOwnedBytesKnownLowerBound=58104 workerInternalBytesUnmeasured=1
REACTIVE_WORKER_TIME metric=thermoSeconds sum=0 max=0
REACTIVE_WORKER_TIME metric=kineticsSeconds sum=0 max=0
REACTIVE_WORKER_TIME metric=csrSeconds sum=0 max=0
REACTIVE_WORKER_TIME metric=symbolicSeconds sum=0 max=0
REACTIVE_WORKER_TIME metric=factorSeconds sum=0 max=0
REACTIVE_WORKER_TIME metric=solveSeconds sum=0 max=0
REACTIVE_PROFILE_V21 scope="combined" jobElapsedSeconds=0 integrationFallbacks=0 chemical_rhsCalls=0 chemical_uvCalls=0 chemical_fixedStateCalls=0 chemical_jacobianCalls=0 chemical_structuredCalls=0 chemical_fallbackCalls=0 sparse_setups=0 sparse_products=0 sparse_preconditioners=0 sparse_preconditionerSolves=0 sparse_sparseIntegrations=0 sparse_denseIntegrations=0 sparse_denseFallbacks=0 sparse_nonzeros=0 timing_jvSetups=0 timing_preconditionerSetups=0 timing_jacobianCacheHits=0 timing_patternBuilds=0 timing_preconditionerReuses=0 timing_symbolicAnalyses=0 timing_numericFactorizations=0 timing_workspaceCreates=0 timing_workspaceReinitializations=0 timing_factorNonzeros=0 timing_thermoSeconds=0 timing_kineticsSeconds=0 timing_csrSeconds=0 timing_symbolicSeconds=0 timing_factorSeconds=0 timing_solveSeconds=0 realFluid_eosEvaluations=4096001 realFluid_referenceEvaluations=0 realFluid_derivativeEvaluations=0 realFluid_scalarAttempts=4096003 realFluid_scalarAccepted=4096001 realFluid_scalarFallbacks=2 realFluid_scalarIterations=0 realFluid_flashResiduals=3238 realFluid_tangentBuilds=0 realFluid_tangentSolves=0 realFluid_sourceJv=0 realFluid_sourceJvFallbacks=0 trhoStateEvaluations=4096003 densityRootChecks=4096003 fullPhaseEvaluations=16489286 energyCvEvaluations=4096003 selectedMuEvaluations=4098037 partialHEvaluations=0 scalarProbes=4096003 bracketRejects=0 branchFallbacks=2 flashCandidates=10 linearizationBuilds=0 linearizationApplies=0 FzFactorizations=0 sourceRhsCalls=0 sourceDirectionProbes=0 RzBuilds=0 JvFallbacks=0 nasaCoefficientVisits=8192004 nasaAggregateBuilds=4096003 nasaAggregateEvaluations=4096003 exactMixingEvaluations=4096003 branchCertificates=4096001 matrixFreeSetups=0 matrixFreeProducts=0 matrixFreeIntegrations=0 matrixFreeIntegrationFallbacks=0 woodburySetups=0 woodburyFactors=0 woodburySolves=0 woodburyFallbacks=0 diagnosticJvCalls=0 oneSidedProbes=0 derivativeRetries=0 sourceAttempts=0 sourceAccepted=0 sourceFailed=0
REACTIVE_CHEMISTRY scope=combined rhsCalls=0 uvCalls=0 fixedStateCalls=0 structuredCalls=0 fallbackCalls=0 integrationFallbacks=0
REACTIVE_SPARSE scope=combined nnzMeaning=last_snapshot_sum setups=0 products=0 nonzeros=0 sparseIntegrations=0 denseIntegrations=0 denseFallbacks=0
REACTIVE_CHEMICAL_PROFILE scope=combined factorNnzMeaning=last_snapshot_sum jvSetups=0 preconditionerSetups=0 jacobianCacheHits=0 preconditionerReuses=0 patternBuilds=0 symbolicAnalyses=0 numericFactorizations=0 factorNonzeros=0 workspaceCreates=0 workspaceReinitializations=0 thermoSeconds=0 kineticsSeconds=0 csrSeconds=0 symbolicSeconds=0 factorSeconds=0 solveSeconds=0
REACTIVE_REAL_FLUID scope=combined eosEvaluations=4096001 scalarAttempts=4096003 scalarAccepted=4096001 scalarFallbacks=2 scalarIterations=0
REACTIVE_BATCH workers=1 capacity=4096 scratchBytes=6420824 batches=41000 cells=167936000 failures=0 scope=bounded_scratch_excludes_Cantera_CVODE_worker_allocations
REACTIVE_TRANSPORT_V21 layoutTiles=22576 layoutLaunches=22576 memcpyCalls=24254 payloadBytes=129195497496 nasaValidationEvaluations=0 nasaFaceEvaluations=0 detailedGasCounters=0 temperatureBasisBuilds=0 temperatureBasisBytes=0 pinnedBytes=1048536 deviceStagingBytes=1048536 slotCells=14563 slots=1 blockThreads=256 eventWaits=22576 failedCalls=0 stageBarrier=full closureDownloadsPerRK=2 overlapValidated=0
REACTIVE_MEMORY liveBytes=5881223312 peakBytes=5881223312 bridgeBytes=1048536 conservedWorkspaceBytes=604592640 gasWorkspaceBytes=0 rhsWorkspaceBytes=0 d2dBytes=7384320 synchronizations=660
REACTIVE_CAPILLARY_PROFILE enabled=1 geometryBuilds=146 geometryKernels=292 faceFluxBuilds=494592000 workspaceBytes=328500484 closureIterations=41
REACTIVE_WALE gradientBuilds=83 viscosityBuilds=83 cellsEvaluated=339968000 workspaceBytes=32768004
REACTIVE_WALE_SCALARS fieldUploads=0 fieldUploadBytes=0 workspaceBytes=167942400 hostEnthalpyCells=0 hostPropertySeconds=0 propertyStageSeconds=8.8785104520000022 fluxBackend=cuda
REACTIVE_WALE_PR backend=device-pr builds=83 cells=339968000 kernels=166 failures=0 inputUploadBytes=65081398512 scratchBytes=1015855456 wallSeconds=5.3433362420000012
REACTIVE_TRANSPORT allocatedBytes=5881223312 uploadedBytes=107725068076 downloadedBytes=21463045100 kernelLaunches=23600 stages=40 stepQueries=40
REACTIVE_TRANSFER conservedUploads=40 conservedUploadBytes=11796480000 conservedDownloadBytes=11796480000 stateUploadBytes=19038208000 primitiveUploadBytes=5636096000 gasUploadBytes=0 boundaryPartitions=256
REACTIVE_DEVICE_PROPERTIES builds=0 cells=0 partitionUploadBytes=0 thermoTableBytes=0 gasStatusChecks=0 cflFaceLaunches=40 transportFaceLaunches=40 faceWorkspaceBytes=1780531200
End
