/*---------------------------------------------------------------------------*\
| =========                 |                                                 |
| \\      /  F ield         | OpenFOAM: The Open Source CFD Toolbox           |
|  \\    /   O peration     | Version:  2512                                  |
|   \\  /    A nd           | Website:  www.openfoam.com                      |
|    \\/     M anipulation  |                                                 |
\*---------------------------------------------------------------------------*/
Build  : 5916a466-20260728 OPENFOAM=2512 version=v2512
Arch   : "LSB;label=32;scalar=64"
Exec   : /home/jsw/문서/analysis/spuma-multiphysics-spray-physics/bin/ReactiveFoam -case /home/jsw/문서/analysis/runs/impinging_n2o_cube80_z40_counters_1us_20260923/ncu/wale_40bar
Date   : Sep 24 2026
Time   : 00:06:37
Host   : jsw-ubuntu
PID    : 24218
I/O    : uncollated
==WARNING== Note: Running with uncontrolled GPU caches. Profiling results may be inconsistent.
==WARNING== Note: Running with unmodified GPU clocks. If not controlled otherwise, profiling results may be inconsistent.
==PROF== Connected to process 24218 (/home/jsw/문서/analysis/spuma-multiphysics-spray-physics/bin/ReactiveFoam)
Case   : /home/jsw/문서/analysis/runs/impinging_n2o_cube80_z40_counters_1us_20260923/ncu/wale_40bar
nProcs : 1
memory pool : not available
fileModificationChecking : Monitoring run-time modified files using timeStampMaster (fileModificationSkew 5, maxFileModificationPolls 20)
allowSystemOperations : Allowing user-supplied system call operations

// * * * * * * * * * * * * * * * * * * * * * * * * * * * * * * * * * * * * * //
Initializing CUDA devices

CUDA Driver Version / Runtime Version:  13.2 / 13.2
Number of threads per block: 128

Create dummyMemoryPool
 
Create time

Create mesh for time = 1e-06

==PROF== Profiling "1:14:_ZN59_GLOBAL__N__a97ee8b5_26_pintleReactiveTransport_cu_7df9a20b22walePrPropertiesKernelEPKN17PintleDeviceFlash5ModelEPKdPK17PintleThermoStateS5_S5_dmmPdS9_Pyb:3": 0%....50%....100% - 37 passes
REACTIVE_RECOVERY mode=reference baseline=reference_candidate_search fallback=none
REACTIVE_CLOSURE_ACCELERATION exactBatchReuse=0 scalarBackend=cpu fullBackend=cuda deviceFullClosure=1 closureJacobian=finiteDifference requestedClosureJacobian=finiteDifference
REACTIVE_RUNTIME runId="24218-1664447333047" solverSha256="4f59195d821988335697c8a515a55ffc960da7442f77f91dadd8d1b803b44858" manifest={"schema":1,"backendPath":"/home/jsw/문서/analysis/spuma-multiphysics-spray-physics/lib/libpintleReactiveBackend.so","backendSha256":"7d3308ad0bf05428d25829ee9be55afd0f1149494573143bb9845ddbd760ad25","thermoConfiguration":"/home/jsw/문서/analysis/runs/impinging_n2o_cube80_z40_counters_1us_20260923/n160/base/thermo/cold-pr-config.yaml","physicalModelHash":"e8a14864dd2082dde742598dbbcc5f0f2454bc521d93b9a3bd0befc47d4c9c4e","numericalPolicyHash":"84a6d15bb9da7f2463c14bf7ebc679532d122ce30a0d49e997b139830a94d781","modelFingerprint":"86843f73688e246995634977344ab1b56b1c0d5b17fb5620310e34555e990f4f","eos":"Peng-Robinson","closureBackend":"cuda","chemistryBackend":"cpu","deviceFullClosure":true,"deviceChemistryIntegration":false,"closureCpuFallback":false,"closureJacobian":"finiteDifference","solidN2O":false,"enforceSpeciesTemperatureBounds":true,"exactBatchReuse":false,"deviceCaloricCandidates":false,"deviceCaloricScope":"no-condensable-inventory; NASA/PR-alpha single interval; host branch/residual/stability approval","hemLibrary":"/home/jsw/문서/analysis/spuma-multiphysics-spray-physics/lib/libpintleReactiveTransport.so","hemLibrarySha256":"07434f8a9624d00bce8c9694ecaa997da227b6acb0cc4c1878d294ebfcf8e15f","hemNumericalPolicy":"legacy-fp64-separate-rn","deviceHemScope":"PR; nonreacting HEM; all reference candidates and boundary fallback; experimental"}
REACTIVE_TURBULENCE model=WALE-stress-v1 backend=cuda Cw=0.32500000000000001 filter=cubeRootVolume stressWork=1 sgsHeatFlux=1 sgsSpeciesMixing=1 Prt=0.84999999999999998 Sct=0.69999999999999996 scalarPropertyBackend=device-pr scalarFluxBackend=cuda sgsK=none TCI=0
REACTIVE_PHYSICS chemistry=0 combustion=0 phaseChange=equilibrium viscosity=1 heatConduction=1 speciesDiffusion=0 turbulence=WALE-stress-v1 turbulentHeatFlux=1 turbulentSpeciesMixing=1 surfaceTension=1 interfaceModel=diffuse-liquid-inventory-v1 totalEnergy=1 thermodynamicRecovery=1 frozenLiquidFields=0 transportedLiquidFields=1
REACTIVE_CAPILLARY sigma=0.0020577273399028486 geometryBackend=cuda tractionBackend=cuda closureBackend=cuda pressureModel=curved-phase-split surfaceEnergyInTotal=1 capillaryCfl=0.25 geometryScheme=Gauss-diffuse noPLIC=1
REACTIVE_PHYSICAL_MODEL hash=e8a14864dd2082dde742598dbbcc5f0f2454bc521d93b9a3bd0befc47d4c9c4e numericalPolicyHash=84a6d15bb9da7f2463c14bf7ebc679532d122ce30a0d49e997b139830a94d781 eos=Peng-Robinson realEOS=1 phaseEquilibrium=1 nonidealDiffusion=0 deviceClosure=1 deviceKinetics=0 mixtureLiquid=0
REACTIVE_BACKENDS transport=cuda thermodynamics=cuda chemistry=cpu chemicalLinearSolver=dense transportGasProperties=disabled
REACTIVE_MODEL cells=4096000 species=4 reactions=0 liquids=1 estimatedHostBytes=11048301568 chemistry=0
REACTIVE_SPECIES index=0 name=N2
REACTIVE_SPECIES index=1 name=O2
REACTIVE_SPECIES index=2 name=N2O
REACTIVE_SPECIES index=3 name=IC3H7OH
REACTIVE_CHECKPOINT time=9.9999999999999995e-07 acceptedSteps=20 complete=1 schema=3
REACTIVE_ATTEMPT_PROFILE attempt=2 accepted=1 retry=0 sourceCalls=0 fullPhaseEvaluations=0 scalarProbes=0 rootChecks=0 matrixFreeProducts=0 factorBuilds=0 workerJobElapsedSeconds=0
REACTIVE_STEP time=1.051592526685709e-06 dt=5.1592526685708983e-08 retries=0 massResidual=-4.4748412673280281e-14 energyResidual=-5.3428750353446942e-14 momentumResidual=3.3529209495536121e-20 globalElementResidual=6.2543486020055654e-14 frozenLiquidResidual=0 speciesResidual=6.0729763650530784e-14 elementDrift=0 minP=3776321.8547650236 maxP=3999999.9999999977 minT=257.10503414982861 maxT=293.14999999999998 maxMach=0.0090038309657163237 minAlphaGas=0.99999999999999956 maxAlphaGas=1.0000000000000004 maxVolumeResidual=4.4408920985006262e-16 maxUVResidual=9.9380805002535278e-10 maxMuResidual=0 maxMechanicalResidual=0 seconds=36.423110157000004
REACTIVE_CAPILLARY_STEP time=1.051592526685709e-06 area=3.9999999999999949e-05 surfaceEnergy=8.2309093596113842e-08 liquidMass=0 closureResidual=0 recoveryCalls=2 outerIterations=2
REACTIVE_STEP_TIMINGS time=1.051592526685709e-06 cflSeconds=0.56608391899999999 backupSeconds=0.29402309199999999 transportSeconds=14.733925832999999 recoverySeconds=20.780379344 sourceSeconds=0 conservationSeconds=0.019703647000000001 diagnosticsSeconds=0.028932757999999999 nestedBatchPackSeconds=0.078896832000000194 nestedBatchCallSeconds=19.997436236999981 nestedBatchScatterSeconds=0 nestedScalarPropertySeconds=14.35341865 otherSeconds=6.1563999999118824e-05
REACTIVE_GPU_HEM_STEP time=1.051592526685709e-06 batches=2000 submitted=8192000 succeeded=8192000 cpuFallbacks=0 deviceFailures=0 phaseEvaluations=63537322 residualEvaluations=52017075 analyticJacobians=0 finiteDifferenceJacobians=2369156 wallSeconds=19.783735644000053 kernelSeconds=19.418330361753728 copySeconds=0.26083977738022784
REACTIVE_CHECKPOINT time=1.051592526685709e-06 acceptedSteps=21 complete=1 schema=3
REACTIVE_STEP_CAP accepted=1 limit=1 time=1.051592526685709e-06
REACTIVE_PROFILE_V21 scope="prototype" jobElapsedSeconds=0 integrationFallbacks=0 chemical_rhsCalls=0 chemical_uvCalls=0 chemical_fixedStateCalls=0 chemical_jacobianCalls=0 chemical_structuredCalls=0 chemical_fallbackCalls=0 sparse_setups=0 sparse_products=0 sparse_preconditioners=0 sparse_preconditionerSolves=0 sparse_sparseIntegrations=0 sparse_denseIntegrations=0 sparse_denseFallbacks=0 sparse_nonzeros=0 timing_jvSetups=0 timing_preconditionerSetups=0 timing_jacobianCacheHits=0 timing_patternBuilds=0 timing_preconditionerReuses=0 timing_symbolicAnalyses=0 timing_numericFactorizations=0 timing_workspaceCreates=0 timing_workspaceReinitializations=0 timing_factorNonzeros=0 timing_thermoSeconds=0 timing_kineticsSeconds=0 timing_csrSeconds=0 timing_symbolicSeconds=0 timing_factorSeconds=0 timing_solveSeconds=0 realFluid_eosEvaluations=1 realFluid_referenceEvaluations=0 realFluid_derivativeEvaluations=0 realFluid_scalarAttempts=3 realFluid_scalarAccepted=1 realFluid_scalarFallbacks=2 realFluid_scalarIterations=0 realFluid_flashResiduals=3238 realFluid_tangentBuilds=0 realFluid_tangentSolves=0 realFluid_sourceJv=0 realFluid_sourceJvFallbacks=0 trhoStateEvaluations=3 densityRootChecks=3 fullPhaseEvaluations=105286 energyCvEvaluations=3 selectedMuEvaluations=2037 partialHEvaluations=0 scalarProbes=3 bracketRejects=0 branchFallbacks=2 flashCandidates=10 linearizationBuilds=0 linearizationApplies=0 FzFactorizations=0 sourceRhsCalls=0 sourceDirectionProbes=0 RzBuilds=0 JvFallbacks=0 nasaCoefficientVisits=4 nasaAggregateBuilds=3 nasaAggregateEvaluations=3 exactMixingEvaluations=3 branchCertificates=1 matrixFreeSetups=0 matrixFreeProducts=0 matrixFreeIntegrations=0 matrixFreeIntegrationFallbacks=0 woodburySetups=0 woodburyFactors=0 woodburySolves=0 woodburyFallbacks=0 diagnosticJvCalls=0 oneSidedProbes=0 derivativeRetries=0 sourceAttempts=0 sourceAccepted=0 sourceFailed=0
REACTIVE_PROFILE_V21 scope="worker_0" jobElapsedSeconds=0 integrationFallbacks=0 chemical_rhsCalls=0 chemical_uvCalls=0 chemical_fixedStateCalls=0 chemical_jacobianCalls=0 chemical_structuredCalls=0 chemical_fallbackCalls=0 sparse_setups=0 sparse_products=0 sparse_preconditioners=0 sparse_preconditionerSolves=0 sparse_sparseIntegrations=0 sparse_denseIntegrations=0 sparse_denseFallbacks=0 sparse_nonzeros=0 timing_jvSetups=0 timing_preconditionerSetups=0 timing_jacobianCacheHits=0 timing_patternBuilds=0 timing_preconditionerReuses=0 timing_symbolicAnalyses=0 timing_numericFactorizations=0 timing_workspaceCreates=0 timing_workspaceReinitializations=0 timing_factorNonzeros=0 timing_thermoSeconds=0 timing_kineticsSeconds=0 timing_csrSeconds=0 timing_symbolicSeconds=0 timing_factorSeconds=0 timing_solveSeconds=0 realFluid_eosEvaluations=0 realFluid_referenceEvaluations=0 realFluid_derivativeEvaluations=0 realFluid_scalarAttempts=0 realFluid_scalarAccepted=0 realFluid_scalarFallbacks=0 realFluid_scalarIterations=0 realFluid_flashResiduals=0 realFluid_tangentBuilds=0 realFluid_tangentSolves=0 realFluid_sourceJv=0 realFluid_sourceJvFallbacks=0 trhoStateEvaluations=0 densityRootChecks=0 fullPhaseEvaluations=0 energyCvEvaluations=0 selectedMuEvaluations=0 partialHEvaluations=0 scalarProbes=0 bracketRejects=0 branchFallbacks=0 flashCandidates=0 linearizationBuilds=0 linearizationApplies=0 FzFactorizations=0 sourceRhsCalls=0 sourceDirectionProbes=0 RzBuilds=0 JvFallbacks=0 nasaCoefficientVisits=0 nasaAggregateBuilds=0 nasaAggregateEvaluations=0 exactMixingEvaluations=0 branchCertificates=0 matrixFreeSetups=0 matrixFreeProducts=0 matrixFreeIntegrations=0 matrixFreeIntegrationFallbacks=0 woodburySetups=0 woodburyFactors=0 woodburySolves=0 woodburyFallbacks=0 diagnosticJvCalls=0 oneSidedProbes=0 derivativeRetries=0 sourceAttempts=0 sourceAccepted=0 sourceFailed=0
REACTIVE_PROFILE_V21 scope="workers" jobElapsedSeconds=0 integrationFallbacks=0 chemical_rhsCalls=0 chemical_uvCalls=0 chemical_fixedStateCalls=0 chemical_jacobianCalls=0 chemical_structuredCalls=0 chemical_fallbackCalls=0 sparse_setups=0 sparse_products=0 sparse_preconditioners=0 sparse_preconditionerSolves=0 sparse_sparseIntegrations=0 sparse_denseIntegrations=0 sparse_denseFallbacks=0 sparse_nonzeros=0 timing_jvSetups=0 timing_preconditionerSetups=0 timing_jacobianCacheHits=0 timing_patternBuilds=0 timing_preconditionerReuses=0 timing_symbolicAnalyses=0 timing_numericFactorizations=0 timing_workspaceCreates=0 timing_workspaceReinitializations=0 timing_factorNonzeros=0 timing_thermoSeconds=0 timing_kineticsSeconds=0 timing_csrSeconds=0 timing_symbolicSeconds=0 timing_factorSeconds=0 timing_solveSeconds=0 realFluid_eosEvaluations=0 realFluid_referenceEvaluations=0 realFluid_derivativeEvaluations=0 realFluid_scalarAttempts=0 realFluid_scalarAccepted=0 realFluid_scalarFallbacks=0 realFluid_scalarIterations=0 realFluid_flashResiduals=0 realFluid_tangentBuilds=0 realFluid_tangentSolves=0 realFluid_sourceJv=0 realFluid_sourceJvFallbacks=0 trhoStateEvaluations=0 densityRootChecks=0 fullPhaseEvaluations=0 energyCvEvaluations=0 selectedMuEvaluations=0 partialHEvaluations=0 scalarProbes=0 bracketRejects=0 branchFallbacks=0 flashCandidates=0 linearizationBuilds=0 linearizationApplies=0 FzFactorizations=0 sourceRhsCalls=0 sourceDirectionProbes=0 RzBuilds=0 JvFallbacks=0 nasaCoefficientVisits=0 nasaAggregateBuilds=0 nasaAggregateEvaluations=0 exactMixingEvaluations=0 branchCertificates=0 matrixFreeSetups=0 matrixFreeProducts=0 matrixFreeIntegrations=0 matrixFreeIntegrationFallbacks=0 woodburySetups=0 woodburyFactors=0 woodburySolves=0 woodburyFallbacks=0 diagnosticJvCalls=0 oneSidedProbes=0 derivativeRetries=0 sourceAttempts=0 sourceAccepted=0 sourceFailed=0
REACTIVE_CLOSURE_PROFILE eligibleCells=0 uniqueCells=0 reusedCells=0 failedRepresentativeRetries=0 gpuSubmitted=0 gpuConverged=0 gpuApproved=0 gpuRejected=0 gpuUnsupported=0 gpuLaunches=0 gpuTransferBytes=0 hostBytes=32768 liquidCacheHits=0 liquidCacheMisses=0 deviceBytes=0 classifySeconds=0.0080508190000000042 prepareSeconds=0 gpuWallSeconds=0 gpuKernelSeconds=0 gpuCopySeconds=0
REACTIVE_GPU_HEM batches=2000 submitted=8192000 succeeded=8192000 cpuFallbacks=0 deviceFailures=0 phaseEvaluations=63537322 residualEvaluations=52017075 flashCandidates=170000 stableCandidates=8192000 transferBytes=3506272000 analyticJacobians=0 finiteDifferenceJacobians=2369156 hostBytes=3340632 deviceBytes=2029992 wallSeconds=19.783735644000053 kernelSeconds=19.418330361753728 copySeconds=0.26083977738022784
REACTIVE_BATCH_V21 attempted=2000 accepted=2000 failed=0 batchWallSeconds=19.997040445000014 workerJobSecondsSum=0 workerJobSecondsMax=0 poolScratchBytes=6420824 flowStagingBytes=884736 workerOwnedBytesKnownLowerBound=58104 workerInternalBytesUnmeasured=1
REACTIVE_WORKER_TIME metric=thermoSeconds sum=0 max=0
REACTIVE_WORKER_TIME metric=kineticsSeconds sum=0 max=0
REACTIVE_WORKER_TIME metric=csrSeconds sum=0 max=0
REACTIVE_WORKER_TIME metric=symbolicSeconds sum=0 max=0
REACTIVE_WORKER_TIME metric=factorSeconds sum=0 max=0
REACTIVE_WORKER_TIME metric=solveSeconds sum=0 max=0
REACTIVE_PROFILE_V21 scope="combined" jobElapsedSeconds=0 integrationFallbacks=0 chemical_rhsCalls=0 chemical_uvCalls=0 chemical_fixedStateCalls=0 chemical_jacobianCalls=0 chemical_structuredCalls=0 chemical_fallbackCalls=0 sparse_setups=0 sparse_products=0 sparse_preconditioners=0 sparse_preconditionerSolves=0 sparse_sparseIntegrations=0 sparse_denseIntegrations=0 sparse_denseFallbacks=0 sparse_nonzeros=0 timing_jvSetups=0 timing_preconditionerSetups=0 timing_jacobianCacheHits=0 timing_patternBuilds=0 timing_preconditionerReuses=0 timing_symbolicAnalyses=0 timing_numericFactorizations=0 timing_workspaceCreates=0 timing_workspaceReinitializations=0 timing_factorNonzeros=0 timing_thermoSeconds=0 timing_kineticsSeconds=0 timing_csrSeconds=0 timing_symbolicSeconds=0 timing_factorSeconds=0 timing_solveSeconds=0 realFluid_eosEvaluations=1 realFluid_referenceEvaluations=0 realFluid_derivativeEvaluations=0 realFluid_scalarAttempts=3 realFluid_scalarAccepted=1 realFluid_scalarFallbacks=2 realFluid_scalarIterations=0 realFluid_flashResiduals=3238 realFluid_tangentBuilds=0 realFluid_tangentSolves=0 realFluid_sourceJv=0 realFluid_sourceJvFallbacks=0 trhoStateEvaluations=3 densityRootChecks=3 fullPhaseEvaluations=105286 energyCvEvaluations=3 selectedMuEvaluations=2037 partialHEvaluations=0 scalarProbes=3 bracketRejects=0 branchFallbacks=2 flashCandidates=10 linearizationBuilds=0 linearizationApplies=0 FzFactorizations=0 sourceRhsCalls=0 sourceDirectionProbes=0 RzBuilds=0 JvFallbacks=0 nasaCoefficientVisits=4 nasaAggregateBuilds=3 nasaAggregateEvaluations=3 exactMixingEvaluations=3 branchCertificates=1 matrixFreeSetups=0 matrixFreeProducts=0 matrixFreeIntegrations=0 matrixFreeIntegrationFallbacks=0 woodburySetups=0 woodburyFactors=0 woodburySolves=0 woodburyFallbacks=0 diagnosticJvCalls=0 oneSidedProbes=0 derivativeRetries=0 sourceAttempts=0 sourceAccepted=0 sourceFailed=0
REACTIVE_CHEMISTRY scope=combined rhsCalls=0 uvCalls=0 fixedStateCalls=0 structuredCalls=0 fallbackCalls=0 integrationFallbacks=0
REACTIVE_SPARSE scope=combined nnzMeaning=last_snapshot_sum setups=0 products=0 nonzeros=0 sparseIntegrations=0 denseIntegrations=0 denseFallbacks=0
REACTIVE_CHEMICAL_PROFILE scope=combined factorNnzMeaning=last_snapshot_sum jvSetups=0 preconditionerSetups=0 jacobianCacheHits=0 preconditionerReuses=0 patternBuilds=0 symbolicAnalyses=0 numericFactorizations=0 factorNonzeros=0 workspaceCreates=0 workspaceReinitializations=0 thermoSeconds=0 kineticsSeconds=0 csrSeconds=0 symbolicSeconds=0 factorSeconds=0 solveSeconds=0
REACTIVE_REAL_FLUID scope=combined eosEvaluations=1 scalarAttempts=3 scalarAccepted=1 scalarFallbacks=2 scalarIterations=0
REACTIVE_BATCH workers=1 capacity=4096 scratchBytes=6420824 batches=2000 cells=8192000 failures=0 scope=bounded_scratch_excludes_Cantera_CVODE_worker_allocations
REACTIVE_TRANSPORT_V21 layoutTiles=1144 layoutLaunches=1144 memcpyCalls=1276 payloadBytes=10004993784 nasaValidationEvaluations=0 nasaFaceEvaluations=0 detailedGasCounters=0 temperatureBasisBuilds=0 temperatureBasisBytes=0 pinnedBytes=1048536 deviceStagingBytes=1048536 slotCells=14563 slots=1 blockThreads=256 eventWaits=1144 failedCalls=0 stageBarrier=full closureDownloadsPerRK=2 overlapValidated=0
REACTIVE_MEMORY liveBytes=5881223312 peakBytes=5881223312 bridgeBytes=1048536 conservedWorkspaceBytes=604592640 gasWorkspaceBytes=0 rhsWorkspaceBytes=0 d2dBytes=7384320 synchronizations=45
REACTIVE_CAPILLARY_PROFILE enabled=1 geometryBuilds=10 geometryKernels=20 faceFluxBuilds=24729600 workspaceBytes=328500484 closureIterations=2
REACTIVE_WALE gradientBuilds=6 viscosityBuilds=6 cellsEvaluated=24576000 workspaceBytes=32768004
REACTIVE_WALE_SCALARS fieldUploads=0 fieldUploadBytes=0 workspaceBytes=167942400 hostEnthalpyCells=0 hostPropertySeconds=0 propertyStageSeconds=14.68288396 fluxBackend=cuda
REACTIVE_WALE_PR backend=device-pr builds=6 cells=24576000 kernels=12 failures=0 inputUploadBytes=4591669896 scratchBytes=1015855456 wallSeconds=14.264736006
REACTIVE_TRANSPORT allocatedBytes=5881223312 uploadedBytes=8686889176 downloadedBytes=1310720288 kernelLaunches=1208 stages=2 stepQueries=2
REACTIVE_TRANSFER conservedUploads=2 conservedUploadBytes=589824000 conservedDownloadBytes=589824000 stateUploadBytes=1376256000 primitiveUploadBytes=524288000 gasUploadBytes=0 boundaryPartitions=256
REACTIVE_DEVICE_PROPERTIES builds=0 cells=0 partitionUploadBytes=0 thermoTableBytes=0 gasStatusChecks=0 cflFaceLaunches=2 transportFaceLaunches=2 faceWorkspaceBytes=1780531200
End
==PROF== Disconnected from process 24218
==PROF== Report: /home/jsw/문서/analysis/runs/impinging_n2o_cube80_z40_counters_1us_20260923/ncu/wale_40bar/kernel-counters.ncu-rep
