/*---------------------------------------------------------------------------*\
| =========                 |                                                 |
| \\      /  F ield         | OpenFOAM: The Open Source CFD Toolbox           |
|  \\    /   O peration     | Version:  2512                                  |
|   \\  /    A nd           | Website:  www.openfoam.com                      |
|    \\/     M anipulation  |                                                 |
\*---------------------------------------------------------------------------*/
Build  : 5916a466-20260728 OPENFOAM=2512 version=v2512
Arch   : "LSB;label=32;scalar=64"
Exec   : /home/jsw/문서/analysis/spuma-multiphysics-spray-physics/bin/ReactiveFoam -case /home/jsw/문서/analysis/runs/precision_revisit_20260924/full-40bar-int32-linear
Date   : Sep 24 2026
Time   : 02:32:45
Host   : jsw-ubuntu
PID    : 88953
I/O    : uncollated
Case   : /home/jsw/문서/analysis/runs/precision_revisit_20260924/full-40bar-int32-linear
nProcs : 1
memory pool : not available
fileModificationChecking : Monitoring run-time modified files using timeStampMaster (fileModificationSkew 5, maxFileModificationPolls 20)
allowSystemOperations : Allowing user-supplied system call operations

// * * * * * * * * * * * * * * * * * * * * * * * * * * * * * * * * * * * * * //
Initializing CUDA devices

CUDA Driver Version / Runtime Version:  13.2 / 13.2
Number of threads per block: 128

Create dummyMemoryPool
 
Create time

Create mesh for time = 0

REACTIVE_RECOVERY mode=reference baseline=reference_candidate_search fallback=none
REACTIVE_CLOSURE_ACCELERATION exactBatchReuse=1 scalarBackend=cpu fullBackend=cuda deviceFullClosure=1 closureJacobian=finiteDifference requestedClosureJacobian=finiteDifference
REACTIVE_RUNTIME runId="88953-10432616210728" solverSha256="e81fbb426117ef566d61ad9b6286abbf398c1c8629c7e0e887abcf325a21cc71" manifest={"schema":1,"backendPath":"/home/jsw/문서/analysis/spuma-multiphysics-spray-physics/lib/libpintleReactiveBackend.so","backendSha256":"29a61f1012aa1892493583e5e0be92f533456b0f3e6acd35e7a81030fb55afc2","thermoConfiguration":"/home/jsw/문서/analysis/runs/impinging_n2o_cube80_z40_counters_1us_20260923/n160/base/thermo/cold-pr-config.yaml","physicalModelHash":"e8a14864dd2082dde742598dbbcc5f0f2454bc521d93b9a3bd0befc47d4c9c4e","numericalPolicyHash":"f80744863c523b17eebe3aa2036faa03a6e03ed1744c0cae1c368f7d5b17eff9","modelFingerprint":"86843f73688e246995634977344ab1b56b1c0d5b17fb5620310e34555e990f4f","eos":"Peng-Robinson","closureBackend":"cuda","chemistryBackend":"cpu","deviceFullClosure":true,"deviceChemistryIntegration":false,"closureCpuFallback":false,"closureJacobian":"finiteDifference","solidN2O":false,"enforceSpeciesTemperatureBounds":true,"exactBatchReuse":true,"deviceCaloricCandidates":false,"deviceCaloricScope":"no-condensable-inventory; NASA/PR-alpha single interval; host branch/residual/stability approval","hemLibrary":"/home/jsw/문서/analysis/runs/precision_revisit_20260924/variants-v2/libHem-int32-linear.so","hemLibrarySha256":"cab02b8ea19b052fec5e2a0065ede87683f5ef227fa723b07e6ffe3ddc5828fd","hemNumericalPolicy":"int32-q26-newton-step-fp64-accept-v2:experimental","deviceHemScope":"PR; nonreacting HEM; all reference candidates and boundary fallback; experimental"}
REACTIVE_TURBULENCE model=WALE-stress-v1 backend=cuda Cw=0.32500000000000001 filter=cubeRootVolume stressWork=1 sgsHeatFlux=1 sgsSpeciesMixing=1 Prt=0.84999999999999998 Sct=0.69999999999999996 scalarPropertyBackend=device-pr scalarFluxBackend=cuda sgsK=none TCI=0
REACTIVE_PHYSICS chemistry=0 combustion=0 phaseChange=equilibrium viscosity=1 heatConduction=1 speciesDiffusion=0 turbulence=WALE-stress-v1 turbulentHeatFlux=1 turbulentSpeciesMixing=1 surfaceTension=1 interfaceModel=diffuse-liquid-inventory-v1 totalEnergy=1 thermodynamicRecovery=1 frozenLiquidFields=0 transportedLiquidFields=1
REACTIVE_CAPILLARY sigma=0.0020577273399028486 geometryBackend=cuda tractionBackend=cuda closureBackend=cuda pressureModel=curved-phase-split surfaceEnergyInTotal=1 capillaryCfl=0.25 geometryScheme=Gauss-diffuse noPLIC=1
REACTIVE_PHYSICAL_MODEL hash=e8a14864dd2082dde742598dbbcc5f0f2454bc521d93b9a3bd0befc47d4c9c4e numericalPolicyHash=f80744863c523b17eebe3aa2036faa03a6e03ed1744c0cae1c368f7d5b17eff9 eos=Peng-Robinson realEOS=1 phaseEquilibrium=1 nonidealDiffusion=0 deviceClosure=1 deviceKinetics=0 mixtureLiquid=0
REACTIVE_BACKENDS transport=cuda thermodynamics=cuda chemistry=cpu chemicalLinearSolver=dense transportGasProperties=disabled
REACTIVE_MODEL cells=4096000 species=4 reactions=0 liquids=1 estimatedHostBytes=14223651840 chemistry=0
REACTIVE_SPECIES index=0 name=N2
REACTIVE_SPECIES index=1 name=O2
REACTIVE_SPECIES index=2 name=N2O
REACTIVE_SPECIES index=3 name=IC3H7OH
REACTIVE_CHECKPOINT time=0 acceptedSteps=0 complete=1 schema=3
REACTIVE_ATTEMPT_PROFILE attempt=2 accepted=1 retry=0 sourceCalls=0 fullPhaseEvaluations=0 scalarProbes=0 rootChecks=0 matrixFreeProducts=0 factorBuilds=0 workerJobElapsedSeconds=0
REACTIVE_STEP time=5.1271939499775744e-08 dt=5.1271939499775744e-08 retries=0 massResidual=-5.0754361187376839e-15 energyResidual=-1.4439384876046917e-14 momentumResidual=3.5261487827682074e-21 globalElementResidual=6.9053229935157624e-15 frozenLiquidResidual=0 speciesResidual=6.705075718214906e-15 elementDrift=0 minP=3990269.9179397281 maxP=3999999.9999999967 minT=291.34912040939452 maxT=293.14999999999998 maxMach=0.0006721250581892674 minAlphaGas=0.99999999999999967 maxAlphaGas=1.0000000000000004 maxVolumeResidual=4.4408920985006262e-16 maxUVResidual=3.2355762452958877e-11 maxMuResidual=0 maxMechanicalResidual=0 seconds=3.3408974059999998
REACTIVE_CAPILLARY_STEP time=5.1271939499775744e-08 area=3.9999999999999949e-05 surfaceEnergy=8.2309093596113842e-08 liquidMass=0 closureResidual=0 recoveryCalls=3 outerIterations=3
REACTIVE_STEP_TIMINGS time=5.1271939499775744e-08 cflSeconds=0.56585218500000001 backupSeconds=0.31010060900000003 transportSeconds=0.79364911500000002 recoverySeconds=1.6254822789999999 sourceSeconds=0 conservationSeconds=0.017528095 diagnosticsSeconds=0.028230295999999998 nestedBatchPackSeconds=0.10393381200000001 nestedBatchCallSeconds=0.75141126599999997 nestedBatchScatterSeconds=0 nestedScalarPropertySeconds=0.42449502099999997 otherSeconds=5.4827000000156473e-05
REACTIVE_GPU_HEM_STEP time=5.1271939499775744e-08 batches=8 submitted=357 succeeded=357 cpuFallbacks=0 deviceFailures=0 phaseEvaluations=325513 residualEvaluations=529961 analyticJacobians=0 finiteDifferenceJacobians=24777 wallSeconds=0.36148549400000002 kernelSeconds=0.3611629278361797 copySeconds=0.00024748800136148929
REACTIVE_CHECKPOINT time=5.1271939499775744e-08 acceptedSteps=1 complete=1 schema=3
REACTIVE_ATTEMPT_PROFILE attempt=3 accepted=1 retry=0 sourceCalls=0 fullPhaseEvaluations=0 scalarProbes=0 rootChecks=0 matrixFreeProducts=0 factorBuilds=0 workerJobElapsedSeconds=0
REACTIVE_STEP time=1.0259787308542332e-07 dt=5.1325933585647574e-08 retries=0 massResidual=-1.0742491593276136e-14 energyResidual=-9.4210549855466848e-15 momentumResidual=7.4310890941656628e-21 globalElementResidual=1.3627858738521178e-14 frozenLiquidResidual=0 speciesResidual=1.3232663643662332e-14 elementDrift=0 minP=3979373.5490676975 maxP=3999999.9999999967 minT=289.48353156926203 maxT=293.14999999999998 maxMach=0.0012857125516817492 minAlphaGas=0.99999999999999956 maxAlphaGas=1.0000000000000004 maxVolumeResidual=4.4408920985006262e-16 maxUVResidual=2.5019485328088514e-12 maxMuResidual=0 maxMechanicalResidual=0 seconds=3.4406183750000001
REACTIVE_CAPILLARY_STEP time=1.0259787308542332e-07 area=3.9999999999999949e-05 surfaceEnergy=8.2309093596113842e-08 liquidMass=0 closureResidual=0 recoveryCalls=5 outerIterations=5
REACTIVE_STEP_TIMINGS time=1.0259787308542332e-07 cflSeconds=0.56602830400000004 backupSeconds=0.30826870500000003 transportSeconds=0.79796987900000005 recoverySeconds=1.7197472979999999 sourceSeconds=0 conservationSeconds=0.02049088 diagnosticsSeconds=0.028067284000000001 nestedBatchPackSeconds=0.10409067699999999 nestedBatchCallSeconds=0.84765425399999994 nestedBatchScatterSeconds=0 nestedScalarPropertySeconds=0.42883089600000002 otherSeconds=4.6024999999963456e-05
REACTIVE_GPU_HEM_STEP time=1.0259787308542332e-07 batches=8 submitted=1505 succeeded=1505 cpuFallbacks=0 deviceFailures=0 phaseEvaluations=1454433 residualEvaluations=2404797 analyticJacobians=0 finiteDifferenceJacobians=110933 wallSeconds=0.45835991300000023 kernelSeconds=0.4579686045646667 copySeconds=0.00030483199469745156
REACTIVE_ATTEMPT_PROFILE attempt=4 accepted=1 retry=0 sourceCalls=0 fullPhaseEvaluations=0 scalarProbes=0 rootChecks=0 matrixFreeProducts=0 factorBuilds=0 workerJobElapsedSeconds=0
REACTIVE_STEP time=1.5398366274014883e-07 dt=5.1385789654725502e-08 retries=0 massResidual=-4.200421185872949e-15 energyResidual=-1.2566492634395919e-14 momentumResidual=1.1517726155068206e-20 globalElementResidual=9.9859865732220552e-15 frozenLiquidResidual=0 speciesResidual=9.6964046382613012e-15 elementDrift=0 minP=3967529.0114875073 maxP=3999999.9999999967 minT=287.56733544158828 maxT=293.14999999999998 maxMach=0.001845788526585903 minAlphaGas=0.99999999999999956 maxAlphaGas=1.0000000000000004 maxVolumeResidual=4.4408920985006262e-16 maxUVResidual=6.4643862788943863e-10 maxMuResidual=0 maxMechanicalResidual=0 seconds=3.6886570270000001
REACTIVE_CAPILLARY_STEP time=1.5398366274014883e-07 area=3.9999999999999949e-05 surfaceEnergy=8.2309093596113842e-08 liquidMass=0 closureResidual=0 recoveryCalls=7 outerIterations=7
REACTIVE_STEP_TIMINGS time=1.5398366274014883e-07 cflSeconds=0.56238736600000006 backupSeconds=0.312457708 transportSeconds=0.79959348499999994 recoverySeconds=1.967941433 sourceSeconds=0 conservationSeconds=0.018126657000000001 diagnosticsSeconds=0.028107377999999999 nestedBatchPackSeconds=0.104443751 nestedBatchCallSeconds=1.092171749 nestedBatchScatterSeconds=0 nestedScalarPropertySeconds=0.425825699 otherSeconds=4.3000000000133209e-05
REACTIVE_GPU_HEM_STEP time=1.5398366274014883e-07 batches=8 submitted=3446 succeeded=3446 cpuFallbacks=0 deviceFailures=0 phaseEvaluations=3270500 residualEvaluations=5495405 analyticJacobians=0 finiteDifferenceJacobians=250393 wallSeconds=0.70056641199999992 kernelSeconds=0.70008985894918441 copySeconds=0.00037040000408887855
REACTIVE_ATTEMPT_PROFILE attempt=5 accepted=1 retry=0 sourceCalls=0 fullPhaseEvaluations=0 scalarProbes=0 rootChecks=0 matrixFreeProducts=0 factorBuilds=0 workerJobElapsedSeconds=0
REACTIVE_STEP time=2.0543538613551136e-07 dt=5.1451723395362532e-08 retries=0 massResidual=-2.1034147306904301e-14 energyResidual=-1.6495288382620645e-14 momentumResidual=1.5884607355037917e-20 globalElementResidual=2.7714400058105114e-14 frozenLiquidResidual=0 speciesResidual=2.6910708357095724e-14 elementDrift=0 minP=3954947.4012868549 maxP=3999999.9999999967 minT=285.6142225303023 maxT=293.14999999999998 maxMach=0.0023583331279902445 minAlphaGas=0.99999999999999967 maxAlphaGas=1.0000000000000004 maxVolumeResidual=4.4408920985006262e-16 maxUVResidual=9.1279497363436321e-10 maxMuResidual=0 maxMechanicalResidual=0 seconds=3.7014588169999998
REACTIVE_CAPILLARY_STEP time=2.0543538613551136e-07 area=3.9999999999999949e-05 surfaceEnergy=8.2309093596113842e-08 liquidMass=0 closureResidual=0 recoveryCalls=9 outerIterations=9
REACTIVE_STEP_TIMINGS time=2.0543538613551136e-07 cflSeconds=0.56399015400000008 backupSeconds=0.308745088 transportSeconds=0.799014377 recoverySeconds=1.983093743 sourceSeconds=0 conservationSeconds=0.018427446 diagnosticsSeconds=0.028144895999999999 nestedBatchPackSeconds=0.10377133399999999 nestedBatchCallSeconds=1.10998313 nestedBatchScatterSeconds=0 nestedScalarPropertySeconds=0.42524849600000003 otherSeconds=4.3112999999973117e-05
REACTIVE_GPU_HEM_STEP time=2.0543538613551136e-07 batches=8 submitted=6080 succeeded=6080 cpuFallbacks=0 deviceFailures=0 phaseEvaluations=5719074 residualEvaluations=9615472 analyticJacobians=0 finiteDifferenceJacobians=438126 wallSeconds=0.71864635499999996 kernelSeconds=0.7180511742532254 copySeconds=0.00045404799841344346
REACTIVE_ATTEMPT_PROFILE attempt=6 accepted=1 retry=0 sourceCalls=0 fullPhaseEvaluations=0 scalarProbes=0 rootChecks=0 matrixFreeProducts=0 factorBuilds=0 workerJobElapsedSeconds=0
REACTIVE_STEP time=2.5695919508196773e-07 dt=5.1523808946456375e-08 retries=0 massResidual=-2.0976288770755391e-14 energyResidual=-2.6475904931313982e-14 momentumResidual=3.2619185945048781e-20 globalElementResidual=2.7284161008585328e-14 frozenLiquidResidual=0 speciesResidual=2.6492947860138359e-14 elementDrift=0 minP=3941830.6806356627 maxP=3999999.9999999967 minT=283.637316596549 maxT=293.14999999999998 maxMach=0.0028300739906587202 minAlphaGas=0.99999999999999956 maxAlphaGas=1.0000000000000004 maxVolumeResidual=4.4408920985006262e-16 maxUVResidual=4.7768515920674483e-10 maxMuResidual=0 maxMechanicalResidual=0 seconds=3.7425395830000001
REACTIVE_CAPILLARY_STEP time=2.5695919508196773e-07 area=3.9999999999999949e-05 surfaceEnergy=8.2309093596113842e-08 liquidMass=0 closureResidual=0 recoveryCalls=11 outerIterations=11
REACTIVE_STEP_TIMINGS time=2.5695919508196773e-07 cflSeconds=0.56850533199999997 backupSeconds=0.31435316599999996 transportSeconds=0.81619809300000001 recoverySeconds=1.9947514829999999 sourceSeconds=0 conservationSeconds=0.020511901999999999 diagnosticsSeconds=0.028169686999999999 nestedBatchPackSeconds=0.10344266399999999 nestedBatchCallSeconds=1.1126660049999999 nestedBatchScatterSeconds=0 nestedScalarPropertySeconds=0.43273936000000002 otherSeconds=4.9920000000008846e-05
REACTIVE_GPU_HEM_STEP time=2.5695919508196773e-07 batches=8 submitted=9259 succeeded=9259 cpuFallbacks=0 deviceFailures=0 phaseEvaluations=8713315 residualEvaluations=14701974 analyticJacobians=0 finiteDifferenceJacobians=668133 wallSeconds=0.72162756799999972 kernelSeconds=0.72084221968054774 copySeconds=0.00059977601468563096
REACTIVE_ATTEMPT_PROFILE attempt=7 accepted=1 retry=0 sourceCalls=0 fullPhaseEvaluations=0 scalarProbes=0 rootChecks=0 matrixFreeProducts=0 factorBuilds=0 workerJobElapsedSeconds=0
REACTIVE_STEP time=3.085612194622158e-07 dt=5.1602024380248048e-08 retries=0 massResidual=-1.6171392357656869e-14 energyResidual=-2.5092986490320833e-14 momentumResidual=3.7238594830771324e-20 globalElementResidual=2.5177096241968033e-14 frozenLiquidResidual=0 speciesResidual=2.444698571541265e-14 elementDrift=0 minP=3928369.9383886824 maxP=3999999.9999999967 minT=281.64904415684163 maxT=293.14999999999998 maxMach=0.0032681741193413029 minAlphaGas=0.99999999999999956 maxAlphaGas=1.0000000000000004 maxVolumeResidual=4.4408920985006262e-16 maxUVResidual=9.871994638167761e-10 maxMuResidual=0 maxMechanicalResidual=0 seconds=3.6957824869999998
REACTIVE_CAPILLARY_STEP time=3.085612194622158e-07 area=3.9999999999999949e-05 surfaceEnergy=8.2309093596113842e-08 liquidMass=0 closureResidual=0 recoveryCalls=13 outerIterations=13
REACTIVE_STEP_TIMINGS time=3.085612194622158e-07 cflSeconds=0.56276721000000007 backupSeconds=0.31094685599999999 transportSeconds=0.79786774000000005 recoverySeconds=1.9752632000000001 sourceSeconds=0 conservationSeconds=0.019969994000000001 diagnosticsSeconds=0.028922374000000001 nestedBatchPackSeconds=0.10350166799999999 nestedBatchCallSeconds=1.1018415459999999 nestedBatchScatterSeconds=0 nestedScalarPropertySeconds=0.42515077499999998 otherSeconds=4.511299999939225e-05
REACTIVE_GPU_HEM_STEP time=3.085612194622158e-07 batches=8 submitted=12849 succeeded=12849 cpuFallbacks=0 deviceFailures=0 phaseEvaluations=12072313 residualEvaluations=20374424 analyticJacobians=0 finiteDifferenceJacobians=925915 wallSeconds=0.71170852799999995 kernelSeconds=0.71082468512654362 copySeconds=0.00065292800404131426
REACTIVE_ATTEMPT_PROFILE attempt=8 accepted=1 retry=0 sourceCalls=0 fullPhaseEvaluations=0 scalarProbes=0 rootChecks=0 matrixFreeProducts=0 factorBuilds=0 workerJobElapsedSeconds=0
REACTIVE_STEP time=3.6024736279202321e-07 dt=5.1686143329807405e-08 retries=0 massResidual=-3.1081747188722406e-14 energyResidual=-1.6908000497841457e-14 momentumResidual=2.9921451155786813e-20 globalElementResidual=4.0079353732454966e-14 frozenLiquidResidual=0 speciesResidual=3.891709385482498e-14 elementDrift=0 minP=3914744.0401798226 maxP=3999999.9999999967 minT=279.66103380584519 maxT=293.14999999999998 maxMach=0.0036798371068206439 minAlphaGas=0.99999999999999967 maxAlphaGas=1.0000000000000004 maxVolumeResidual=4.4408920985006262e-16 maxUVResidual=7.9144418145808555e-10 maxMuResidual=0 maxMechanicalResidual=0 seconds=3.7408365200000002
REACTIVE_CAPILLARY_STEP time=3.6024736279202321e-07 area=3.9999999999999949e-05 surfaceEnergy=8.2309093596113842e-08 liquidMass=0 closureResidual=0 recoveryCalls=15 outerIterations=15
REACTIVE_STEP_TIMINGS time=3.6024736279202321e-07 cflSeconds=0.56474929100000004 backupSeconds=0.309236595 transportSeconds=0.80128909199999998 recoverySeconds=2.019889541 sourceSeconds=0 conservationSeconds=0.017479768 diagnosticsSeconds=0.028148908 nestedBatchPackSeconds=0.10351809200000001 nestedBatchCallSeconds=1.145137152 nestedBatchScatterSeconds=0 nestedScalarPropertySeconds=0.42684832900000003 otherSeconds=4.33250000002397e-05
REACTIVE_GPU_HEM_STEP time=3.6024736279202321e-07 batches=8 submitted=16302 succeeded=16302 cpuFallbacks=0 deviceFailures=0 phaseEvaluations=15410008 residualEvaluations=25912853 analyticJacobians=0 finiteDifferenceJacobians=1181267 wallSeconds=0.75349498000000015 kernelSeconds=0.75242407846450865 copySeconds=0.00077398400194942903
REACTIVE_ATTEMPT_PROFILE attempt=9 accepted=1 retry=0 sourceCalls=0 fullPhaseEvaluations=0 scalarProbes=0 rootChecks=0 matrixFreeProducts=0 factorBuilds=0 workerJobElapsedSeconds=0
REACTIVE_STEP time=4.119406301475042e-07 dt=5.1693267355480975e-08 retries=0 massResidual=-3.3168668123988688e-14 energyResidual=-3.429378415739665e-14 momentumResidual=3.5045915413015021e-20 globalElementResidual=4.2324617214530513e-14 frozenLiquidResidual=0 speciesResidual=4.1097241462481672e-14 elementDrift=0 minP=3901140.2927643307 maxP=3999999.9999999967 minT=277.6871765234842 maxT=293.14999999999998 maxMach=0.0040712879645590254 minAlphaGas=0.99999999999999956 maxAlphaGas=1.0000000000000004 maxVolumeResidual=4.4408920985006262e-16 maxUVResidual=5.1672278248218365e-10 maxMuResidual=0 maxMechanicalResidual=0 seconds=3.7332431659999998
REACTIVE_CAPILLARY_STEP time=4.119406301475042e-07 area=3.9999999999999949e-05 surfaceEnergy=8.2309093596113842e-08 liquidMass=0 closureResidual=0 recoveryCalls=17 outerIterations=17
REACTIVE_STEP_TIMINGS time=4.119406301475042e-07 cflSeconds=0.56532401300000001 backupSeconds=0.30964799300000001 transportSeconds=0.79730777499999994 recoverySeconds=2.0158051109999997 sourceSeconds=0 conservationSeconds=0.01704659 diagnosticsSeconds=0.028071142 nestedBatchPackSeconds=0.103783292 nestedBatchCallSeconds=1.1423409880000002 nestedBatchScatterSeconds=0 nestedScalarPropertySeconds=0.42597898300000003 otherSeconds=4.0542000000275136e-05
REACTIVE_GPU_HEM_STEP time=4.119406301475042e-07 batches=8 submitted=19252 succeeded=19252 cpuFallbacks=0 deviceFailures=0 phaseEvaluations=18174996 residualEvaluations=30623186 analyticJacobians=0 finiteDifferenceJacobians=1393752 wallSeconds=0.7506982390000001 kernelSeconds=0.74950613585114478 copySeconds=0.00087212800979614155
REACTIVE_ATTEMPT_PROFILE attempt=10 accepted=1 retry=0 sourceCalls=0 fullPhaseEvaluations=0 scalarProbes=0 rootChecks=0 matrixFreeProducts=0 factorBuilds=0 workerJobElapsedSeconds=0
REACTIVE_STEP time=4.6363091238199947e-07 dt=5.16902822344953e-08 retries=0 massResidual=-3.2261444928994685e-14 energyResidual=-2.727044246455988e-14 momentumResidual=6.257759237192138e-20 globalElementResidual=4.129070477139045e-14 frozenLiquidResidual=0 speciesResidual=4.0093315889763408e-14 elementDrift=0 minP=3887713.0415848573 maxP=3999999.9999999967 minT=275.73771929538105 maxT=293.14999999999998 maxMach=0.0044486220611129048 minAlphaGas=0.99999999999999956 maxAlphaGas=1.0000000000000004 maxVolumeResidual=4.4408920985006262e-16 maxUVResidual=9.9898041921652162e-10 maxMuResidual=0 maxMechanicalResidual=0 seconds=3.7364418779999999
REACTIVE_CAPILLARY_STEP time=4.6363091238199947e-07 area=3.9999999999999949e-05 surfaceEnergy=8.2309093596113842e-08 liquidMass=0 closureResidual=0 recoveryCalls=19 outerIterations=19
REACTIVE_STEP_TIMINGS time=4.6363091238199947e-07 cflSeconds=0.5624602620000001 backupSeconds=0.30972050699999998 transportSeconds=0.79960861799999994 recoverySeconds=2.0158142349999997 sourceSeconds=0 conservationSeconds=0.020645607999999999 diagnosticsSeconds=0.028149090000000002 nestedBatchPackSeconds=0.10366233200000001 nestedBatchCallSeconds=1.1437280539999999 nestedBatchScatterSeconds=0 nestedScalarPropertySeconds=0.42573106299999997 otherSeconds=4.3558000000689517e-05
REACTIVE_GPU_HEM_STEP time=4.6363091238199947e-07 batches=8 submitted=21610 succeeded=21610 cpuFallbacks=0 deviceFailures=0 phaseEvaluations=20149918 residualEvaluations=33962080 analyticJacobians=0 finiteDifferenceJacobians=1545216 wallSeconds=0.75141533900000024 kernelSeconds=0.750141344219446 copySeconds=0.00092319998890161639
REACTIVE_ATTEMPT_PROFILE attempt=11 accepted=1 retry=0 sourceCalls=0 fullPhaseEvaluations=0 scalarProbes=0 rootChecks=0 matrixFreeProducts=0 factorBuilds=0 workerJobElapsedSeconds=0
REACTIVE_STEP time=5.1531403808314355e-07 dt=5.1683125701144079e-08 retries=0 massResidual=-3.359227905359613e-14 energyResidual=-1.6612414019185522e-14 momentumResidual=6.6482532683318832e-20 globalElementResidual=4.2759202927453881e-14 frozenLiquidResidual=0 speciesResidual=4.1519225301948221e-14 elementDrift=0 minP=3874598.8881654916 maxP=3999999.9999999967 minT=273.82157533031597 maxT=293.14999999999998 maxMach=0.0048171205772776365 minAlphaGas=0.99999999999999956 maxAlphaGas=1.0000000000000004 maxVolumeResidual=4.4408920985006262e-16 maxUVResidual=9.9741310807681166e-10 maxMuResidual=0 maxMechanicalResidual=0 seconds=3.7551649359999999
REACTIVE_CAPILLARY_STEP time=5.1531403808314355e-07 area=3.9999999999999949e-05 surfaceEnergy=8.2309093596113842e-08 liquidMass=0 closureResidual=0 recoveryCalls=21 outerIterations=21
REACTIVE_STEP_TIMINGS time=5.1531403808314355e-07 cflSeconds=0.57106899200000005 backupSeconds=0.30965894900000002 transportSeconds=0.79931042200000002 recoverySeconds=2.0262502480000002 sourceSeconds=0 conservationSeconds=0.020541957 diagnosticsSeconds=0.028293685999999998 nestedBatchPackSeconds=0.103883313 nestedBatchCallSeconds=1.143704297 nestedBatchScatterSeconds=0 nestedScalarPropertySeconds=0.42535930100000002 otherSeconds=4.0681999999722662e-05
REACTIVE_GPU_HEM_STEP time=5.1531403808314355e-07 batches=8 submitted=23240 succeeded=23240 cpuFallbacks=0 deviceFailures=0 phaseEvaluations=21514746 residualEvaluations=36232550 analyticJacobians=0 finiteDifferenceJacobians=1649669 wallSeconds=0.75181510500000037 kernelSeconds=0.75048812368512152 copySeconds=0.0009529600162059065
REACTIVE_ATTEMPT_PROFILE attempt=12 accepted=1 retry=0 sourceCalls=0 fullPhaseEvaluations=0 scalarProbes=0 rootChecks=0 matrixFreeProducts=0 factorBuilds=0 workerJobElapsedSeconds=0
REACTIVE_STEP time=5.669890027850069e-07 dt=5.1674964701863312e-08 retries=0 massResidual=-3.050774585917564e-14 energyResidual=-3.4158136614565071e-14 momentumResidual=7.0079512402334781e-20 globalElementResidual=4.4302059784675594e-14 frozenLiquidResidual=0 speciesResidual=4.3017338450588024e-14 elementDrift=0 minP=3861917.3957012519 maxP=3999999.9999999967 minT=271.9464272956597 maxT=293.14999999999998 maxMach=0.0051812852451368725 minAlphaGas=0.99999999999999956 maxAlphaGas=1.0000000000000004 maxVolumeResidual=4.4408920985006262e-16 maxUVResidual=9.9918582343181058e-10 maxMuResidual=0 maxMechanicalResidual=0 seconds=3.76589778
REACTIVE_CAPILLARY_STEP time=5.669890027850069e-07 area=3.9999999999999949e-05 surfaceEnergy=8.2309093596113842e-08 liquidMass=0 closureResidual=0 recoveryCalls=23 outerIterations=23
REACTIVE_STEP_TIMINGS time=5.669890027850069e-07 cflSeconds=0.56554083300000002 backupSeconds=0.31048442599999998 transportSeconds=0.80603285999999996 recoverySeconds=2.0380232669999998 sourceSeconds=0 conservationSeconds=0.017663459999999999 diagnosticsSeconds=0.028111107 nestedBatchPackSeconds=0.103724049 nestedBatchCallSeconds=1.162347633 nestedBatchScatterSeconds=0 nestedScalarPropertySeconds=0.42616472699999997 otherSeconds=4.1827000000039388e-05
REACTIVE_GPU_HEM_STEP time=5.669890027850069e-07 batches=8 submitted=24702 succeeded=24702 cpuFallbacks=0 deviceFailures=0 phaseEvaluations=22739886 residualEvaluations=38281856 analyticJacobians=0 finiteDifferenceJacobians=1743528 wallSeconds=0.77074932900000093 kernelSeconds=0.76934770435094801 copySeconds=0.0010048640109598626
REACTIVE_ATTEMPT_PROFILE attempt=13 accepted=1 retry=0 sourceCalls=0 fullPhaseEvaluations=0 scalarProbes=0 rootChecks=0 matrixFreeProducts=0 factorBuilds=0 workerJobElapsedSeconds=0
REACTIVE_STEP time=6.1865518306900021e-07 dt=5.1666180283993265e-08 retries=0 massResidual=-3.4323127248588207e-14 energyResidual=-3.3643736593571281e-14 momentumResidual=6.3242787251465426e-20 globalElementResidual=4.5758677652996632e-14 frozenLiquidResidual=0 speciesResidual=4.4431711409604004e-14 elementDrift=0 minP=3849772.175460469 maxP=3999999.9999999967 minT=270.11885245221532 maxT=293.14999999999998 maxMach=0.0055449770754679335 minAlphaGas=0.99999999999999944 maxAlphaGas=1.0000000000000004 maxVolumeResidual=5.5511151231257827e-16 maxUVResidual=9.9797149132229684e-10 maxMuResidual=0 maxMechanicalResidual=0 seconds=3.755985006
REACTIVE_CAPILLARY_STEP time=6.1865518306900021e-07 area=3.9999999999999949e-05 surfaceEnergy=8.2309093596113842e-08 liquidMass=0 closureResidual=0 recoveryCalls=25 outerIterations=25
REACTIVE_STEP_TIMINGS time=6.1865518306900021e-07 cflSeconds=0.565149232 backupSeconds=0.30952251600000003 transportSeconds=0.80059889500000003 recoverySeconds=2.0317891029999999 sourceSeconds=0 conservationSeconds=0.020372596999999999 diagnosticsSeconds=0.028510344999999999 nestedBatchPackSeconds=0.10374321900000001 nestedBatchCallSeconds=1.154105602 nestedBatchScatterSeconds=0 nestedScalarPropertySeconds=0.42631626899999997 otherSeconds=4.2318000000304834e-05
REACTIVE_GPU_HEM_STEP time=6.1865518306900021e-07 batches=8 submitted=25482 succeeded=25482 cpuFallbacks=0 deviceFailures=0 phaseEvaluations=23571406 residualEvaluations=39666333 analyticJacobians=0 finiteDifferenceJacobians=1807233 wallSeconds=0.76139401299999943 kernelSeconds=0.75994024646282288 copySeconds=0.0010446399953216333
REACTIVE_ATTEMPT_PROFILE attempt=14 accepted=1 retry=0 sourceCalls=0 fullPhaseEvaluations=0 scalarProbes=0 rootChecks=0 matrixFreeProducts=0 factorBuilds=0 workerJobElapsedSeconds=0
REACTIVE_STEP time=6.7031229381813438e-07 dt=5.1657110749134149e-08 retries=0 massResidual=-3.5491755205612444e-14 energyResidual=-2.8769200064551919e-14 momentumResidual=7.8221990464901719e-20 globalElementResidual=4.9458832512432287e-14 frozenLiquidResidual=0 speciesResidual=4.8024573966124151e-14 elementDrift=0 minP=3838251.6549899043 maxP=3999999.9999999967 minT=268.34436776662778 maxT=293.14999999999998 maxMach=0.0059115798151306229 minAlphaGas=0.99999999999999967 maxAlphaGas=1.0000000000000004 maxVolumeResidual=4.4408920985006262e-16 maxUVResidual=9.6534335240229249e-10 maxMuResidual=0 maxMechanicalResidual=0 seconds=3.7511557600000001
REACTIVE_CAPILLARY_STEP time=6.7031229381813438e-07 area=3.9999999999999949e-05 surfaceEnergy=8.2309093596113842e-08 liquidMass=0 closureResidual=0 recoveryCalls=27 outerIterations=27
REACTIVE_STEP_TIMINGS time=6.7031229381813438e-07 cflSeconds=0.568028906 backupSeconds=0.31087453600000003 transportSeconds=0.80087632499999994 recoverySeconds=2.025228786 sourceSeconds=0 conservationSeconds=0.018121284000000001 diagnosticsSeconds=0.027982231 nestedBatchPackSeconds=0.10384531399999999 nestedBatchCallSeconds=1.149247865 nestedBatchScatterSeconds=0 nestedScalarPropertySeconds=0.42767546500000003 otherSeconds=4.3692000000188774e-05
REACTIVE_GPU_HEM_STEP time=6.7031229381813438e-07 batches=8 submitted=26733 succeeded=26733 cpuFallbacks=0 deviceFailures=0 phaseEvaluations=24379443 residualEvaluations=41046930 analyticJacobians=0 finiteDifferenceJacobians=1869253 wallSeconds=0.75798510400000296 kernelSeconds=0.75644369447230986 copySeconds=0.0011091840006411061
REACTIVE_ATTEMPT_PROFILE attempt=15 accepted=1 retry=0 sourceCalls=0 fullPhaseEvaluations=0 scalarProbes=0 rootChecks=0 matrixFreeProducts=0 factorBuilds=0 workerJobElapsedSeconds=0
REACTIVE_STEP time=7.2196027494187811e-07 dt=5.1647981123743769e-08 retries=0 massResidual=-3.5089747055026412e-14 energyResidual=-4.1471250356883969e-14 momentumResidual=8.2151567623689691e-20 globalElementResidual=4.8916580844766353e-14 frozenLiquidResidual=0 speciesResidual=4.749803785289181e-14 elementDrift=0 minP=3827430.4623545487 maxP=3999999.9999999967 minT=266.62751168678489 maxT=293.14999999999998 maxMach=0.0062841638470652952 minAlphaGas=0.99999999999999956 maxAlphaGas=1.0000000000000004 maxVolumeResidual=4.4408920985006262e-16 maxUVResidual=9.9742426623577364e-10 maxMuResidual=0 maxMechanicalResidual=0 seconds=3.8031639699999999
REACTIVE_CAPILLARY_STEP time=7.2196027494187811e-07 area=3.9999999999999949e-05 surfaceEnergy=8.2309093596113842e-08 liquidMass=0 closureResidual=0 recoveryCalls=29 outerIterations=29
REACTIVE_STEP_TIMINGS time=7.2196027494187811e-07 cflSeconds=0.56452661299999995 backupSeconds=0.310669213 transportSeconds=0.802443197 recoverySeconds=2.0772637720000002 sourceSeconds=0 conservationSeconds=0.020016782 diagnosticsSeconds=0.028201700999999999 nestedBatchPackSeconds=0.10381146600000001 nestedBatchCallSeconds=1.2003725529999998 nestedBatchScatterSeconds=0 nestedScalarPropertySeconds=0.42654065000000002 otherSeconds=4.2691999999490415e-05
REACTIVE_GPU_HEM_STEP time=7.2196027494187811e-07 batches=8 submitted=27515 succeeded=27515 cpuFallbacks=0 deviceFailures=0 phaseEvaluations=25265525 residualEvaluations=42544285 analyticJacobians=0 finiteDifferenceJacobians=1937113 wallSeconds=0.80818804200000116 kernelSeconds=0.80665372920036127 copySeconds=0.0010983999930322154
REACTIVE_ATTEMPT_PROFILE attempt=16 accepted=1 retry=0 sourceCalls=0 fullPhaseEvaluations=0 scalarProbes=0 rootChecks=0 matrixFreeProducts=0 factorBuilds=0 workerJobElapsedSeconds=0
REACTIVE_STEP time=7.7359918513821132e-07 dt=5.1638910196333159e-08 retries=0 massResidual=-4.5950022271831382e-14 energyResidual=-3.9324742875706263e-14 momentumResidual=8.5323561725219179e-20 globalElementResidual=5.7595199058259652e-14 frozenLiquidResidual=0 speciesResidual=5.5924987798428268e-14 elementDrift=0 minP=3817372.0324714975 maxP=3999999.9999999967 minT=264.97199313054642 maxT=293.14999999999998 maxMach=0.0066656749072488333 minAlphaGas=0.99999999999999944 maxAlphaGas=1.0000000000000004 maxVolumeResidual=5.5511151231257827e-16 maxUVResidual=9.9641799977873368e-10 maxMuResidual=0 maxMechanicalResidual=0 seconds=3.7660527250000002
REACTIVE_CAPILLARY_STEP time=7.7359918513821132e-07 area=3.9999999999999949e-05 surfaceEnergy=8.2309093596113842e-08 liquidMass=0 closureResidual=0 recoveryCalls=31 outerIterations=31
REACTIVE_STEP_TIMINGS time=7.7359918513821132e-07 cflSeconds=0.56204342799999996 backupSeconds=0.311791235 transportSeconds=0.79909949400000002 recoverySeconds=2.0471053059999997 sourceSeconds=0 conservationSeconds=0.017282888 diagnosticsSeconds=0.028672115000000001 nestedBatchPackSeconds=0.10368912000000001 nestedBatchCallSeconds=1.1720571389999999 nestedBatchScatterSeconds=0 nestedScalarPropertySeconds=0.42433255700000005 otherSeconds=5.8259000000664141e-05
REACTIVE_GPU_HEM_STEP time=7.7359918513821132e-07 batches=8 submitted=28298 succeeded=28298 cpuFallbacks=0 deviceFailures=0 phaseEvaluations=26042660 residualEvaluations=43902094 analyticJacobians=0 finiteDifferenceJacobians=1997105 wallSeconds=0.77982668399999966 kernelSeconds=0.77825127160549101 copySeconds=0.0011213440541177986
REACTIVE_ATTEMPT_PROFILE attempt=17 accepted=1 retry=0 sourceCalls=0 fullPhaseEvaluations=0 scalarProbes=0 rootChecks=0 matrixFreeProducts=0 factorBuilds=0 workerJobElapsedSeconds=0
REACTIVE_STEP time=8.2522913422634094e-07 dt=5.1629949088129583e-08 retries=0 massResidual=-4.2847679851795158e-14 energyResidual=-4.4495955737738776e-14 momentumResidual=8.8575625580767845e-20 globalElementResidual=5.5185669896906665e-14 frozenLiquidResidual=0 speciesResidual=5.3585335325540923e-14 elementDrift=0 minP=3808134.5408395967 maxP=3999999.9999999967 minT=263.38102595053419 maxT=293.14999999999998 maxMach=0.0070591012777552371 minAlphaGas=0.99999999999999956 maxAlphaGas=1.0000000000000004 maxVolumeResidual=4.4408920985006262e-16 maxUVResidual=9.8289797185060883e-10 maxMuResidual=0 maxMechanicalResidual=0 seconds=3.7849731649999998
REACTIVE_CAPILLARY_STEP time=8.2522913422634094e-07 area=3.9999999999999949e-05 surfaceEnergy=8.2309093596113842e-08 liquidMass=0 closureResidual=0 recoveryCalls=33 outerIterations=33
REACTIVE_STEP_TIMINGS time=8.2522913422634094e-07 cflSeconds=0.569396817 backupSeconds=0.31121906299999996 transportSeconds=0.80130073200000007 recoverySeconds=2.0570565790000002 sourceSeconds=0 conservationSeconds=0.017703394000000001 diagnosticsSeconds=0.028252047999999998 nestedBatchPackSeconds=0.103624666 nestedBatchCallSeconds=1.1796497880000001 nestedBatchScatterSeconds=0 nestedScalarPropertySeconds=0.42718647900000001 otherSeconds=4.4531999999888883e-05
REACTIVE_GPU_HEM_STEP time=8.2522913422634094e-07 batches=8 submitted=29378 succeeded=29378 cpuFallbacks=0 deviceFailures=0 phaseEvaluations=26826694 residualEvaluations=45201389 analyticJacobians=0 finiteDifferenceJacobians=2057075 wallSeconds=0.78784381399999859 kernelSeconds=0.78625112593173974 copySeconds=0.00113116799108684
REACTIVE_ATTEMPT_PROFILE attempt=18 accepted=1 retry=0 sourceCalls=0 fullPhaseEvaluations=0 scalarProbes=0 rootChecks=0 matrixFreeProducts=0 factorBuilds=0 workerJobElapsedSeconds=0
REACTIVE_STEP time=8.7685025274000312e-07 dt=5.1621118513662214e-08 retries=0 massResidual=-5.5191505420190324e-14 energyResidual=-4.537153573983618e-14 momentumResidual=9.2147968452393274e-20 globalElementResidual=6.9105668996703431e-14 frozenLiquidResidual=0 speciesResidual=6.7101668913219843e-14 elementDrift=0 minP=3799788.3703867858 maxP=3999999.9999999967 minT=261.85832678145397 maxT=293.14999999999998 maxMach=0.0074675500066098402 minAlphaGas=0.99999999999999956 maxAlphaGas=1.0000000000000004 maxVolumeResidual=4.4408920985006262e-16 maxUVResidual=9.9618713863622229e-10 maxMuResidual=0 maxMechanicalResidual=0 seconds=3.7441546030000001
REACTIVE_CAPILLARY_STEP time=8.7685025274000312e-07 area=3.9999999999999949e-05 surfaceEnergy=8.2309093596113842e-08 liquidMass=0 closureResidual=0 recoveryCalls=35 outerIterations=35
REACTIVE_STEP_TIMINGS time=8.7685025274000312e-07 cflSeconds=0.56418134900000005 backupSeconds=0.31055603600000004 transportSeconds=0.80200433599999998 recoverySeconds=2.0208203419999999 sourceSeconds=0 conservationSeconds=0.018359447000000001 diagnosticsSeconds=0.028189005 nestedBatchPackSeconds=0.10398530899999998 nestedBatchCallSeconds=1.1465885329999999 nestedBatchScatterSeconds=0 nestedScalarPropertySeconds=0.426468703 otherSeconds=4.4088000000237076e-05
REACTIVE_GPU_HEM_STEP time=8.7685025274000312e-07 batches=8 submitted=30186 succeeded=30186 cpuFallbacks=0 deviceFailures=0 phaseEvaluations=27446034 residualEvaluations=46194162 analyticJacobians=0 finiteDifferenceJacobians=2104149 wallSeconds=0.75369129900000154 kernelSeconds=0.75205082389711997 copySeconds=0.0011618239898234604
REACTIVE_ATTEMPT_PROFILE attempt=19 accepted=1 retry=0 sourceCalls=0 fullPhaseEvaluations=0 scalarProbes=0 rootChecks=0 matrixFreeProducts=0 factorBuilds=0 workerJobElapsedSeconds=0
REACTIVE_STEP time=9.2846268852740681e-07 dt=5.1612435787403749e-08 retries=0 massResidual=-4.9707306209825429e-14 energyResidual=-5.216574398077733e-14 momentumResidual=9.5233733588055929e-20 globalElementResidual=6.5279913724615048e-14 frozenLiquidResidual=0 speciesResidual=6.3386843798611481e-14 elementDrift=0 minP=3792463.6414110032 maxP=3999999.9999999967 minT=260.41094358385408 maxT=293.14999999999998 maxMach=0.007894205938407799 minAlphaGas=0.99999999999999944 maxAlphaGas=1.0000000000000004 maxVolumeResidual=5.5511151231257827e-16 maxUVResidual=9.8294869297051824e-10 maxMuResidual=0 maxMechanicalResidual=0 seconds=3.7586151650000001
REACTIVE_CAPILLARY_STEP time=9.2846268852740681e-07 area=3.9999999999999949e-05 surfaceEnergy=8.2309093596113842e-08 liquidMass=0 closureResidual=0 recoveryCalls=37 outerIterations=37
REACTIVE_STEP_TIMINGS time=9.2846268852740681e-07 cflSeconds=0.56369998799999999 backupSeconds=0.30970234599999996 transportSeconds=0.80866544400000007 recoverySeconds=2.02765489 sourceSeconds=0 conservationSeconds=0.020532127000000001 diagnosticsSeconds=0.028314166000000002 nestedBatchPackSeconds=0.103546348 nestedBatchCallSeconds=1.1545456009999999 nestedBatchScatterSeconds=0 nestedScalarPropertySeconds=0.42547834900000003 otherSeconds=4.6204000000642925e-05
REACTIVE_GPU_HEM_STEP time=9.2846268852740681e-07 batches=8 submitted=30871 succeeded=30871 cpuFallbacks=0 deviceFailures=0 phaseEvaluations=28379855 residualEvaluations=47795216 analyticJacobians=0 finiteDifferenceJacobians=2175815 wallSeconds=0.76219257899999882 kernelSeconds=0.76051683440804574 copySeconds=0.0011870079860091202
REACTIVE_ATTEMPT_PROFILE attempt=20 accepted=1 retry=0 sourceCalls=0 fullPhaseEvaluations=0 scalarProbes=0 rootChecks=0 matrixFreeProducts=0 factorBuilds=0 workerJobElapsedSeconds=0
REACTIVE_STEP time=9.8006661889612356e-07 dt=5.1603930368716791e-08 retries=0 massResidual=-5.397591251765551e-14 energyResidual=-5.3559027273775956e-14 momentumResidual=1.0136137947496689e-19 globalElementResidual=6.8335636936280649e-14 frozenLiquidResidual=0 speciesResidual=6.6353967020274749e-14 elementDrift=0 minP=3785812.0690040067 maxP=3999999.9999999967 minT=259.01960528345217 maxT=293.14999999999998 maxMach=0.008342183596212107 minAlphaGas=0.99999999999999956 maxAlphaGas=1.0000000000000004 maxVolumeResidual=4.4408920985006262e-16 maxUVResidual=9.8360004226737399e-10 maxMuResidual=0 maxMechanicalResidual=0 seconds=3.7605108079999998
REACTIVE_CAPILLARY_STEP time=9.8006661889612356e-07 area=3.9999999999999949e-05 surfaceEnergy=8.2309093596113842e-08 liquidMass=0 closureResidual=0 recoveryCalls=39 outerIterations=39
REACTIVE_STEP_TIMINGS time=9.8006661889612356e-07 cflSeconds=0.57015539300000007 backupSeconds=0.30937452100000001 transportSeconds=0.80365909700000004 recoverySeconds=2.02990256 sourceSeconds=0 conservationSeconds=0.019373477 diagnosticsSeconds=0.028003732999999999 nestedBatchPackSeconds=0.10371356900000001 nestedBatchCallSeconds=1.1521084150000001 nestedBatchScatterSeconds=0 nestedScalarPropertySeconds=0.426811512 otherSeconds=4.202699999972595e-05
REACTIVE_GPU_HEM_STEP time=9.8006661889612356e-07 batches=8 submitted=31822 succeeded=31822 cpuFallbacks=0 deviceFailures=0 phaseEvaluations=29211472 residualEvaluations=49200647 analyticJacobians=0 finiteDifferenceJacobians=2239618 wallSeconds=0.7595948299999975 kernelSeconds=0.75787938535213506 copySeconds=0.0012110080160200615
REACTIVE_ATTEMPT_PROFILE attempt=21 accepted=1 retry=0 sourceCalls=0 fullPhaseEvaluations=0 scalarProbes=0 rootChecks=0 matrixFreeProducts=0 factorBuilds=0 workerJobElapsedSeconds=0
REACTIVE_STEP time=9.9999999999999995e-07 dt=1.9933381103876391e-08 retries=0 massResidual=-4.9399136801678419e-14 energyResidual=-5.5233549168995835e-14 momentumResidual=1.0245608314319801e-19 globalElementResidual=6.623425717941048e-14 frozenLiquidResidual=0 speciesResidual=6.4313523150112754e-14 elementDrift=0 minP=3783274.2444110783 maxP=3999999.9999999967 minT=258.48871606519134 maxT=293.14999999999998 maxMach=0.0085216472919265335 minAlphaGas=0.99999999999999956 maxAlphaGas=1.0000000000000004 maxVolumeResidual=4.4408920985006262e-16 maxUVResidual=9.9099349619650235e-10 maxMuResidual=0 maxMechanicalResidual=0 seconds=3.759735225
REACTIVE_CAPILLARY_STEP time=9.9999999999999995e-07 area=3.9999999999999949e-05 surfaceEnergy=8.2309093596113842e-08 liquidMass=0 closureResidual=0 recoveryCalls=41 outerIterations=41
REACTIVE_STEP_TIMINGS time=9.9999999999999995e-07 cflSeconds=0.564813601 backupSeconds=0.31109249800000005 transportSeconds=0.80113727400000001 recoverySeconds=2.0354411809999999 sourceSeconds=0 conservationSeconds=0.018875191999999999 diagnosticsSeconds=0.028331175 nestedBatchPackSeconds=0.10334841800000001 nestedBatchCallSeconds=1.1579715159999997 nestedBatchScatterSeconds=0 nestedScalarPropertySeconds=0.42301891400000002 otherSeconds=4.430400000002277e-05
REACTIVE_GPU_HEM_STEP time=9.9999999999999995e-07 batches=8 submitted=32510 succeeded=32510 cpuFallbacks=0 deviceFailures=0 phaseEvaluations=29693394 residualEvaluations=49983327 analyticJacobians=0 finiteDifferenceJacobians=2276469 wallSeconds=0.76526993200000071 kernelSeconds=0.76353409105539249 copySeconds=0.0012258880250155917
REACTIVE_CHECKPOINT time=9.9999999999999995e-07 acceptedSteps=20 complete=1 schema=3
REACTIVE_PROFILE_V21 scope="prototype" jobElapsedSeconds=0 integrationFallbacks=0 chemical_rhsCalls=0 chemical_uvCalls=0 chemical_fixedStateCalls=0 chemical_jacobianCalls=0 chemical_structuredCalls=0 chemical_fallbackCalls=0 sparse_setups=0 sparse_products=0 sparse_preconditioners=0 sparse_preconditionerSolves=0 sparse_sparseIntegrations=0 sparse_denseIntegrations=0 sparse_denseFallbacks=0 sparse_nonzeros=0 timing_jvSetups=0 timing_preconditionerSetups=0 timing_jacobianCacheHits=0 timing_patternBuilds=0 timing_preconditionerReuses=0 timing_symbolicAnalyses=0 timing_numericFactorizations=0 timing_workspaceCreates=0 timing_workspaceReinitializations=0 timing_factorNonzeros=0 timing_thermoSeconds=0 timing_kineticsSeconds=0 timing_csrSeconds=0 timing_symbolicSeconds=0 timing_factorSeconds=0 timing_solveSeconds=0 realFluid_eosEvaluations=4096001 realFluid_referenceEvaluations=0 realFluid_derivativeEvaluations=0 realFluid_scalarAttempts=4096003 realFluid_scalarAccepted=4096001 realFluid_scalarFallbacks=2 realFluid_scalarIterations=0 realFluid_flashResiduals=3238 realFluid_tangentBuilds=0 realFluid_tangentSolves=0 realFluid_sourceJv=0 realFluid_sourceJvFallbacks=0 trhoStateEvaluations=4096003 densityRootChecks=4096003 fullPhaseEvaluations=16489286 energyCvEvaluations=4096003 selectedMuEvaluations=4097821 partialHEvaluations=0 scalarProbes=4096003 bracketRejects=0 branchFallbacks=2 flashCandidates=10 linearizationBuilds=0 linearizationApplies=0 FzFactorizations=0 sourceRhsCalls=0 sourceDirectionProbes=0 RzBuilds=0 JvFallbacks=0 nasaCoefficientVisits=8192004 nasaAggregateBuilds=4096003 nasaAggregateEvaluations=4096003 exactMixingEvaluations=4096003 branchCertificates=4096001 matrixFreeSetups=0 matrixFreeProducts=0 matrixFreeIntegrations=0 matrixFreeIntegrationFallbacks=0 woodburySetups=0 woodburyFactors=0 woodburySolves=0 woodburyFallbacks=0 diagnosticJvCalls=0 oneSidedProbes=0 derivativeRetries=0 sourceAttempts=0 sourceAccepted=0 sourceFailed=0
REACTIVE_PROFILE_V21 scope="worker_0" jobElapsedSeconds=0 integrationFallbacks=0 chemical_rhsCalls=0 chemical_uvCalls=0 chemical_fixedStateCalls=0 chemical_jacobianCalls=0 chemical_structuredCalls=0 chemical_fallbackCalls=0 sparse_setups=0 sparse_products=0 sparse_preconditioners=0 sparse_preconditionerSolves=0 sparse_sparseIntegrations=0 sparse_denseIntegrations=0 sparse_denseFallbacks=0 sparse_nonzeros=0 timing_jvSetups=0 timing_preconditionerSetups=0 timing_jacobianCacheHits=0 timing_patternBuilds=0 timing_preconditionerReuses=0 timing_symbolicAnalyses=0 timing_numericFactorizations=0 timing_workspaceCreates=0 timing_workspaceReinitializations=0 timing_factorNonzeros=0 timing_thermoSeconds=0 timing_kineticsSeconds=0 timing_csrSeconds=0 timing_symbolicSeconds=0 timing_factorSeconds=0 timing_solveSeconds=0 realFluid_eosEvaluations=0 realFluid_referenceEvaluations=0 realFluid_derivativeEvaluations=0 realFluid_scalarAttempts=0 realFluid_scalarAccepted=0 realFluid_scalarFallbacks=0 realFluid_scalarIterations=0 realFluid_flashResiduals=0 realFluid_tangentBuilds=0 realFluid_tangentSolves=0 realFluid_sourceJv=0 realFluid_sourceJvFallbacks=0 trhoStateEvaluations=0 densityRootChecks=0 fullPhaseEvaluations=0 energyCvEvaluations=0 selectedMuEvaluations=0 partialHEvaluations=0 scalarProbes=0 bracketRejects=0 branchFallbacks=0 flashCandidates=0 linearizationBuilds=0 linearizationApplies=0 FzFactorizations=0 sourceRhsCalls=0 sourceDirectionProbes=0 RzBuilds=0 JvFallbacks=0 nasaCoefficientVisits=0 nasaAggregateBuilds=0 nasaAggregateEvaluations=0 exactMixingEvaluations=0 branchCertificates=0 matrixFreeSetups=0 matrixFreeProducts=0 matrixFreeIntegrations=0 matrixFreeIntegrationFallbacks=0 woodburySetups=0 woodburyFactors=0 woodburySolves=0 woodburyFallbacks=0 diagnosticJvCalls=0 oneSidedProbes=0 derivativeRetries=0 sourceAttempts=0 sourceAccepted=0 sourceFailed=0
REACTIVE_PROFILE_V21 scope="workers" jobElapsedSeconds=0 integrationFallbacks=0 chemical_rhsCalls=0 chemical_uvCalls=0 chemical_fixedStateCalls=0 chemical_jacobianCalls=0 chemical_structuredCalls=0 chemical_fallbackCalls=0 sparse_setups=0 sparse_products=0 sparse_preconditioners=0 sparse_preconditionerSolves=0 sparse_sparseIntegrations=0 sparse_denseIntegrations=0 sparse_denseFallbacks=0 sparse_nonzeros=0 timing_jvSetups=0 timing_preconditionerSetups=0 timing_jacobianCacheHits=0 timing_patternBuilds=0 timing_preconditionerReuses=0 timing_symbolicAnalyses=0 timing_numericFactorizations=0 timing_workspaceCreates=0 timing_workspaceReinitializations=0 timing_factorNonzeros=0 timing_thermoSeconds=0 timing_kineticsSeconds=0 timing_csrSeconds=0 timing_symbolicSeconds=0 timing_factorSeconds=0 timing_solveSeconds=0 realFluid_eosEvaluations=0 realFluid_referenceEvaluations=0 realFluid_derivativeEvaluations=0 realFluid_scalarAttempts=0 realFluid_scalarAccepted=0 realFluid_scalarFallbacks=0 realFluid_scalarIterations=0 realFluid_flashResiduals=0 realFluid_tangentBuilds=0 realFluid_tangentSolves=0 realFluid_sourceJv=0 realFluid_sourceJvFallbacks=0 trhoStateEvaluations=0 densityRootChecks=0 fullPhaseEvaluations=0 energyCvEvaluations=0 selectedMuEvaluations=0 partialHEvaluations=0 scalarProbes=0 bracketRejects=0 branchFallbacks=0 flashCandidates=0 linearizationBuilds=0 linearizationApplies=0 FzFactorizations=0 sourceRhsCalls=0 sourceDirectionProbes=0 RzBuilds=0 JvFallbacks=0 nasaCoefficientVisits=0 nasaAggregateBuilds=0 nasaAggregateEvaluations=0 exactMixingEvaluations=0 branchCertificates=0 matrixFreeSetups=0 matrixFreeProducts=0 matrixFreeIntegrations=0 matrixFreeIntegrationFallbacks=0 woodburySetups=0 woodburyFactors=0 woodburySolves=0 woodburyFallbacks=0 diagnosticJvCalls=0 oneSidedProbes=0 derivativeRetries=0 sourceAttempts=0 sourceAccepted=0 sourceFailed=0
REACTIVE_CLOSURE_PROFILE eligibleCells=167936000 uniqueCells=401439 reusedCells=167534561 failedRepresentativeRetries=0 gpuSubmitted=0 gpuConverged=0 gpuApproved=0 gpuRejected=0 gpuUnsupported=0 gpuLaunches=0 gpuTransferBytes=0 hostBytes=25165824 liquidCacheHits=0 liquidCacheMisses=0 deviceBytes=0 classifySeconds=3.2445271219999983 prepareSeconds=0 gpuWallSeconds=0 gpuKernelSeconds=0 gpuCopySeconds=0
REACTIVE_GPU_HEM batches=164 submitted=401439 succeeded=401439 cpuFallbacks=0 deviceFailures=0 phaseEvaluations=370361353 residualEvaluations=623668941 flashCandidates=2005775 stableCandidates=401439 transferBytes=171826388 analyticJacobians=0 finiteDifferenceJacobians=28395539 hostBytes=859879768 deviceBytes=524335528 wallSeconds=14.388741823000002 kernelSeconds=14.364353211373084 copySeconds=0.017614912092685696
REACTIVE_BATCH_V21 attempted=164 accepted=164 failed=0 batchWallSeconds=22.416151378000006 workerJobSecondsSum=0 workerJobSecondsMax=0 poolScratchBytes=1665186136 flowStagingBytes=226492416 workerOwnedBytesKnownLowerBound=58104 workerInternalBytesUnmeasured=1
REACTIVE_WORKER_TIME metric=thermoSeconds sum=0 max=0
REACTIVE_WORKER_TIME metric=kineticsSeconds sum=0 max=0
REACTIVE_WORKER_TIME metric=csrSeconds sum=0 max=0
REACTIVE_WORKER_TIME metric=symbolicSeconds sum=0 max=0
REACTIVE_WORKER_TIME metric=factorSeconds sum=0 max=0
REACTIVE_WORKER_TIME metric=solveSeconds sum=0 max=0
REACTIVE_PROFILE_V21 scope="combined" jobElapsedSeconds=0 integrationFallbacks=0 chemical_rhsCalls=0 chemical_uvCalls=0 chemical_fixedStateCalls=0 chemical_jacobianCalls=0 chemical_structuredCalls=0 chemical_fallbackCalls=0 sparse_setups=0 sparse_products=0 sparse_preconditioners=0 sparse_preconditionerSolves=0 sparse_sparseIntegrations=0 sparse_denseIntegrations=0 sparse_denseFallbacks=0 sparse_nonzeros=0 timing_jvSetups=0 timing_preconditionerSetups=0 timing_jacobianCacheHits=0 timing_patternBuilds=0 timing_preconditionerReuses=0 timing_symbolicAnalyses=0 timing_numericFactorizations=0 timing_workspaceCreates=0 timing_workspaceReinitializations=0 timing_factorNonzeros=0 timing_thermoSeconds=0 timing_kineticsSeconds=0 timing_csrSeconds=0 timing_symbolicSeconds=0 timing_factorSeconds=0 timing_solveSeconds=0 realFluid_eosEvaluations=4096001 realFluid_referenceEvaluations=0 realFluid_derivativeEvaluations=0 realFluid_scalarAttempts=4096003 realFluid_scalarAccepted=4096001 realFluid_scalarFallbacks=2 realFluid_scalarIterations=0 realFluid_flashResiduals=3238 realFluid_tangentBuilds=0 realFluid_tangentSolves=0 realFluid_sourceJv=0 realFluid_sourceJvFallbacks=0 trhoStateEvaluations=4096003 densityRootChecks=4096003 fullPhaseEvaluations=16489286 energyCvEvaluations=4096003 selectedMuEvaluations=4097821 partialHEvaluations=0 scalarProbes=4096003 bracketRejects=0 branchFallbacks=2 flashCandidates=10 linearizationBuilds=0 linearizationApplies=0 FzFactorizations=0 sourceRhsCalls=0 sourceDirectionProbes=0 RzBuilds=0 JvFallbacks=0 nasaCoefficientVisits=8192004 nasaAggregateBuilds=4096003 nasaAggregateEvaluations=4096003 exactMixingEvaluations=4096003 branchCertificates=4096001 matrixFreeSetups=0 matrixFreeProducts=0 matrixFreeIntegrations=0 matrixFreeIntegrationFallbacks=0 woodburySetups=0 woodburyFactors=0 woodburySolves=0 woodburyFallbacks=0 diagnosticJvCalls=0 oneSidedProbes=0 derivativeRetries=0 sourceAttempts=0 sourceAccepted=0 sourceFailed=0
REACTIVE_CHEMISTRY scope=combined rhsCalls=0 uvCalls=0 fixedStateCalls=0 structuredCalls=0 fallbackCalls=0 integrationFallbacks=0
REACTIVE_SPARSE scope=combined nnzMeaning=last_snapshot_sum setups=0 products=0 nonzeros=0 sparseIntegrations=0 denseIntegrations=0 denseFallbacks=0
REACTIVE_CHEMICAL_PROFILE scope=combined factorNnzMeaning=last_snapshot_sum jvSetups=0 preconditionerSetups=0 jacobianCacheHits=0 preconditionerReuses=0 patternBuiREACTIVE_GPU_PRECISION linearAttempts=28395539 linearAccepted=10044046 linearFallbacks=18351493
lds=0 symbolicAnalyses=0 numericFactorizations=0 factorNonzeros=0 workspaceCreates=0 workspaceReinitializations=0 thermoSeconds=0 kineticsSeconds=0 csrSeconds=0 symbolicSeconds=0 factorSeconds=0 solveSeconds=0
REACTIVE_REAL_FLUID scope=combined eosEvaluations=4096001 scalarAttempts=4096003 scalarAccepted=4096001 scalarFallbacks=2 scalarIterations=0
REACTIVE_BATCH workers=1 capacity=1048576 scratchBytes=1665186136 batches=164 cells=167936000 failures=0 scope=bounded_scratch_excludes_Cantera_CVODE_worker_allocations
REACTIVE_TRANSPORT_V21 layoutTiles=22576 layoutLaunches=22576 memcpyCalls=24254 payloadBytes=129195497496 nasaValidationEvaluations=0 nasaFaceEvaluations=0 detailedGasCounters=0 temperatureBasisBuilds=0 temperatureBasisBytes=0 pinnedBytes=1048536 deviceStagingBytes=1048536 slotCells=14563 slots=1 blockThreads=256 eventWaits=22576 failedCalls=0 stageBarrier=full closureDownloadsPerRK=2 overlapValidated=0
REACTIVE_MEMORY liveBytes=5881223312 peakBytes=5881223312 bridgeBytes=1048536 conservedWorkspaceBytes=604592640 gasWorkspaceBytes=0 rhsWorkspaceBytes=0 d2dBytes=7384320 synchronizations=660
REACTIVE_CAPILLARY_PROFILE enabled=1 geometryBuilds=146 geometryKernels=292 faceFluxBuilds=494592000 workspaceBytes=328500484 closureIterations=41
REACTIVE_WALE gradientBuilds=83 viscosityBuilds=83 cellsEvaluated=339968000 workspaceBytes=32768004
REACTIVE_WALE_SCALARS fieldUploads=0 fieldUploadBytes=0 workspaceBytes=167942400 hostEnthalpyCells=0 hostPropertySeconds=0 propertyStageSeconds=8.9235121589999959 fluxBackend=cuda
REACTIVE_WALE_PR backend=device-pr builds=83 cells=339968000 kernels=166 failures=0 inputUploadBytes=65081398512 scratchBytes=1015855456 wallSeconds=5.3977312749999999
REACTIVE_TRANSPORT allocatedBytes=5881223312 uploadedBytes=107725068076 downloadedBytes=21463045100 kernelLaunches=23600 stages=40 stepQueries=40
REACTIVE_TRANSFER conservedUploads=40 conservedUploadBytes=11796480000 conservedDownloadBytes=11796480000 stateUploadBytes=19038208000 primitiveUploadBytes=5636096000 gasUploadBytes=0 boundaryPartitions=256
REACTIVE_DEVICE_PROPERTIES builds=0 cells=0 partitionUploadBytes=0 thermoTableBytes=0 gasStatusChecks=0 cflFaceLaunches=40 transportFaceLaunches=40 faceWorkspaceBytes=1780531200
End
