/*---------------------------------------------------------------------------*\
| =========                 |                                                 |
| \\      /  F ield         | OpenFOAM: The Open Source CFD Toolbox           |
|  \\    /   O peration     | Version:  2512                                  |
|   \\  /    A nd           | Website:  www.openfoam.com                      |
|    \\/     M anipulation  |                                                 |
\*---------------------------------------------------------------------------*/
Build  : 5916a466-20260728 OPENFOAM=2512 version=v2512
Arch   : "LSB;label=32;scalar=64"
Exec   : /home/jsw/문서/analysis/spuma-multiphysics-spray-physics/bin/ReactiveFoam -case /home/jsw/문서/analysis/spuma-multiphysics-spray-physics/logs/static-convergence-20260923/full-physics-final
Date   : Sep 23 2026
Time   : 17:38:55
Host   : jsw-ubuntu
PID    : 405498
I/O    : uncollated
Case   : /home/jsw/문서/analysis/spuma-multiphysics-spray-physics/logs/static-convergence-20260923/full-physics-final
nProcs : 1
memory pool : not available
fileModificationChecking : Monitoring run-time modified files using timeStampMaster (fileModificationSkew 5, maxFileModificationPolls 20)
allowSystemOperations : Allowing user-supplied system call operations

// * * * * * * * * * * * * * * * * * * * * * * * * * * * * * * * * * * * * * //
Initializing CUDA devices

CUDA Driver Version / Runtime Version:  13.2 / 13.2
Number of threads per block: 128

Create dummyMemoryPool

Create time

Create mesh for time = 0

REACTIVE_RECOVERY mode=reference baseline=reference_candidate_search fallback=none
REACTIVE_CLOSURE_ACCELERATION exactBatchReuse=0 scalarBackend=cpu fullBackend=cuda deviceFullClosure=1 closureJacobian=finiteDifference requestedClosureJacobian=finiteDifference
REACTIVE_RUNTIME runId="405498-27324204711522" solverSha256="9c4af95712692de5a793470773ebe4222a229a4c9fca16b5265f6b7a7c3c6f9b" manifest={"schema":1,"backendPath":"/home/jsw/문서/analysis/spuma-multiphysics-spray-physics/lib/libpintleReactiveBackend.so","backendSha256":"7d3308ad0bf05428d25829ee9be55afd0f1149494573143bb9845ddbd760ad25","thermoConfiguration":"/home/jsw/문서/analysis/spuma-multiphysics-spray-physics/logs/capillary-integration-20260923/solver/suite-v5/thermo/capillary-n2o-config.yaml","physicalModelHash":"0335d7be65b5965ed2938319ac7c5c19e6d82e002cb505e9ab05e43581ffd8c2","numericalPolicyHash":"84a6d15bb9da7f2463c14bf7ebc679532d122ce30a0d49e997b139830a94d781","modelFingerprint":"b1ab98a60142b379e31cd4ed2753eb6587f0bec57af56d81e2cd0cff06b6cd47","eos":"Peng-Robinson","closureBackend":"cuda","chemistryBackend":"cpu","deviceFullClosure":true,"deviceChemistryIntegration":false,"closureCpuFallback":false,"closureJacobian":"finiteDifference","solidN2O":false,"enforceSpeciesTemperatureBounds":true,"exactBatchReuse":false,"deviceCaloricCandidates":false,"deviceCaloricScope":"no-condensable-inventory; NASA/PR-alpha single interval; host branch/residual/stability approval","hemLibrary":"/home/jsw/문서/analysis/spuma-multiphysics-spray-physics/lib/libpintleReactiveTransport.so","hemLibrarySha256":"07434f8a9624d00bce8c9694ecaa997da227b6acb0cc4c1878d294ebfcf8e15f","hemNumericalPolicy":"legacy-fp64-separate-rn","deviceHemScope":"PR; nonreacting HEM; all reference candidates and boundary fallback; experimental"}
REACTIVE_TURBULENCE model=WALE-stress-v1 backend=cuda Cw=0.32500000000000001 filter=cubeRootVolume stressWork=1 sgsHeatFlux=1 sgsSpeciesMixing=1 Prt=0.84999999999999998 Sct=0.69999999999999996 scalarPropertyBackend=device-pr scalarFluxBackend=cuda sgsK=none TCI=0
REACTIVE_PHYSICS chemistry=0 combustion=0 phaseChange=equilibrium viscosity=1 heatConduction=1 speciesDiffusion=0 turbulence=WALE-stress-v1 turbulentHeatFlux=1 turbulentSpeciesMixing=1 surfaceTension=1 interfaceModel=diffuse-liquid-inventory-v1 totalEnergy=1 thermodynamicRecovery=1 frozenLiquidFields=0 transportedLiquidFields=1
REACTIVE_CAPILLARY sigma=0.01 geometryBackend=cuda tractionBackend=cuda closureBackend=cuda pressureModel=curved-phase-split surfaceEnergyInTotal=1 capillaryCfl=0.25 geometryScheme=Gauss-diffuse noPLIC=1
REACTIVE_PHYSICAL_MODEL hash=0335d7be65b5965ed2938319ac7c5c19e6d82e002cb505e9ab05e43581ffd8c2 numericalPolicyHash=84a6d15bb9da7f2463c14bf7ebc679532d122ce30a0d49e997b139830a94d781 eos=Peng-Robinson realEOS=1 phaseEquilibrium=1 nonidealDiffusion=0 deviceClosure=1 deviceKinetics=0 mixtureLiquid=0
REACTIVE_BACKENDS transport=cuda thermodynamics=cuda chemistry=cpu chemicalLinearSolver=dense transportGasProperties=disabled
REACTIVE_MODEL cells=4096 species=4 reactions=0 liquids=1 estimatedHostBytes=23716864 chemistry=0
REACTIVE_SPECIES index=0 name=N2
REACTIVE_SPECIES index=1 name=O2
REACTIVE_SPECIES index=2 name=N2O
REACTIVE_SPECIES index=3 name=IC3H7OH
REACTIVE_CHECKPOINT time=0 acceptedSteps=0 complete=1 schema=3
REACTIVE_ATTEMPT_PROFILE attempt=2 accepted=1 retry=0 sourceCalls=0 fullPhaseEvaluations=0 scalarProbes=0 rootChecks=0 matrixFreeProducts=0 factorBuilds=0 workerJobElapsedSeconds=0
REACTIVE_STEP time=1.8754915471678966e-08 dt=1.8754915471678966e-08 retries=0 massResidual=5.3374308555708609e-16 energyResidual=2.6763884139743496e-16 momentumResidual=1.7843851641938788e-20 globalElementResidual=1.2874693367033541e-15 frozenLiquidResidual=0 speciesResidual=2.3614088027677142e-15 elementDrift=0 minP=2362153.9123091451 maxP=6794524.2336713923 minT=186.82238859511841 maxT=271.27783173415656 maxMach=0.0064376927624346736 minAlphaGas=0 maxAlphaGas=1.0000000000000002 maxVolumeResidual=3.5758485061876399e-10 maxUVResidual=5.4798151593180617e-10 maxMuResidual=8.1646248872857541e-08 maxMechanicalResidual=0 seconds=5.760560667
REACTIVE_CAPILLARY_STEP time=1.8754915471678966e-08 area=1.2792408665216727e-05 surfaceEnergy=1.2792408665216727e-07 liquidMass=4.0751050278659513e-06 closureResidual=2.4284723671001282e-13 recoveryCalls=2 outerIterations=6
REACTIVE_STEP_TIMINGS time=1.8754915471678966e-08 cflSeconds=0.0008122330000000001 backupSeconds=6.0486000000000003e-05 transportSeconds=0.001663905 recoverySeconds=5.7579496999999993 sourceSeconds=0 conservationSeconds=1.6526000000000001e-05 diagnosticsSeconds=1.9341e-05 nestedBatchPackSeconds=0.00018671399999999999 nestedBatchCallSeconds=5.7557831400000001 nestedBatchScatterSeconds=0 nestedScalarPropertySeconds=0.0010313119999999999 otherSeconds=3.8476000000531844e-05
REACTIVE_GPU_HEM_STEP time=1.8754915471678966e-08 batches=6 submitted=24576 succeeded=24576 cpuFallbacks=0 deviceFailures=0 phaseEvaluations=6134794 residualEvaluations=5653461 analyticJacobians=0 finiteDifferenceJacobians=347101 wallSeconds=5.7549237639999999 kernelSeconds=5.7537869262695311 copySeconds=0.00081747199594974515
REACTIVE_CHECKPOINT time=1.8754915471678966e-08 acceptedSteps=1 complete=1 schema=3
REACTIVE_ATTEMPT_PROFILE attempt=3 accepted=1 retry=0 sourceCalls=0 fullPhaseEvaluations=0 scalarProbes=0 rootChecks=0 matrixFreeProducts=0 factorBuilds=0 workerJobElapsedSeconds=0
REACTIVE_STEP time=3.7499231982192752e-08 dt=1.8744316510513782e-08 retries=0 massResidual=-3.2509806120295243e-15 energyResidual=-4.0145826209615241e-16 momentumResidual=1.7663661934792993e-20 globalElementResidual=4.3954409176804501e-15 frozenLiquidResidual=0 speciesResidual=5.9520441056062929e-15 elementDrift=0 minP=2420766.1655094256 maxP=6740219.5363305239 minT=188.82887254532227 maxT=271.33855953482333 maxMach=0.012761456783976695 minAlphaGas=3.3099346247629386e-14 maxAlphaGas=1.0000000000000004 maxVolumeResidual=5.5075899396683781e-10 maxUVResidual=9.9056024352760144e-10 maxMuResidual=4.0903081810483854e-08 maxMechanicalResidual=0 seconds=9.1676781120000008
REACTIVE_CAPILLARY_STEP time=3.7499231982192752e-08 area=1.278308869614867e-05 surfaceEnergy=1.278308869614867e-07 liquidMass=4.0734154729325893e-06 closureResidual=3.6630051720495512e-13 recoveryCalls=4 outerIterations=12
REACTIVE_STEP_TIMINGS time=3.7499231982192752e-08 cflSeconds=0.00082240599999999992 backupSeconds=6.8706000000000003e-05 transportSeconds=0.0016488319999999998 recoverySeconds=9.1650689059999983 sourceSeconds=0 conservationSeconds=1.4938e-05 diagnosticsSeconds=1.9176000000000001e-05 nestedBatchPackSeconds=0.00019317600000000001 nestedBatchCallSeconds=9.1630687880000004 nestedBatchScatterSeconds=0 nestedScalarPropertySeconds=0.001028899 otherSeconds=3.514800000201277e-05
REACTIVE_GPU_HEM_STEP time=3.7499231982192752e-08 batches=6 submitted=24576 succeeded=24576 cpuFallbacks=0 deviceFailures=0 phaseEvaluations=12546699 residualEvaluations=14128159 analyticJacobians=0 finiteDifferenceJacobians=759350 wallSeconds=9.1622189230000011 kernelSeconds=9.161055053710939 copySeconds=0.0008548160046339035
REACTIVE_CHECKPOINT time=3.7499231982192752e-08 acceptedSteps=2 complete=1 schema=3
REACTIVE_ATTEMPT_PROFILE attempt=4 accepted=1 retry=0 sourceCalls=0 fullPhaseEvaluations=0 scalarProbes=0 rootChecks=0 matrixFreeProducts=0 factorBuilds=0 workerJobElapsedSeconds=0
REACTIVE_STEP time=5.6228881853896824e-08 dt=1.8729649871704069e-08 retries=0 massResidual=-9.7044197374015648e-15 energyResidual=-1.0973192497294833e-14 momentumResidual=1.369183207592837e-19 globalElementResidual=9.9398114844264333e-15 frozenLiquidResidual=0 speciesResidual=8.3134529083740075e-15 elementDrift=0 minP=2476072.8944919459 maxP=6685785.3030131748 minT=190.64996220616695 maxT=271.38818022321885 maxMach=0.018969978436117446 minAlphaGas=3.6918617601653255e-13 maxAlphaGas=1.0000000000000004 maxVolumeResidual=7.2720829358274841e-10 maxUVResidual=9.2069424393075547e-10 maxMuResidual=4.5600073050877654e-08 maxMechanicalResidual=0 seconds=10.974100619
REACTIVE_CAPILLARY_STEP time=5.6228881853896824e-08 area=1.2774095216019356e-05 surfaceEnergy=1.2774095216019356e-07 liquidMass=4.0716931467407928e-06 closureResidual=1.0710964969241426e-13 recoveryCalls=6 outerIterations=18
REACTIVE_STEP_TIMINGS time=5.6228881853896824e-08 cflSeconds=0.00081566099999999997 backupSeconds=6.7618999999999991e-05 transportSeconds=0.0016339319999999998 recoverySeconds=10.971512717 sourceSeconds=0 conservationSeconds=1.5041e-05 diagnosticsSeconds=2.1922000000000001e-05 nestedBatchPackSeconds=0.00019504399999999998 nestedBatchCallSeconds=10.969474848000001 nestedBatchScatterSeconds=0 nestedScalarPropertySeconds=0.001030148 otherSeconds=3.3726999999373749e-05
REACTIVE_GPU_HEM_STEP time=5.6228881853896824e-08 batches=6 submitted=24576 succeeded=24576 cpuFallbacks=0 deviceFailures=0 phaseEvaluations=17739896 residualEvaluations=22646577 analyticJacobians=0 finiteDifferenceJacobians=1142192 wallSeconds=10.968607274999995 kernelSeconds=10.96743212890625 copySeconds=0.00086342400312423677
REACTIVE_CHECKPOINT time=5.6228881853896824e-08 acceptedSteps=3 complete=1 schema=3
REACTIVE_ATTEMPT_PROFILE attempt=5 accepted=1 retry=0 sourceCalls=0 fullPhaseEvaluations=0 scalarProbes=0 rootChecks=0 matrixFreeProducts=0 factorBuilds=0 workerJobElapsedSeconds=0
REACTIVE_STEP time=5.9999999999999995e-08 dt=3.7711181461031703e-09 retries=0 massResidual=-1.4216974915293293e-14 energyResidual=-7.7615264005256129e-15 momentumResidual=1.754363697105434e-20 globalElementResidual=1.4265003732517726e-14 frozenLiquidResidual=0 speciesResidual=1.3456795369196837e-14 elementDrift=0 minP=2486848.2044066493 maxP=6674813.6872488251 minT=190.9971019781629 maxT=271.39699683098712 maxMach=0.020206507333327597 minAlphaGas=5.4594738493139318e-13 maxAlphaGas=1.0000000000000004 maxVolumeResidual=7.6070261201266476e-10 maxUVResidual=8.9431248276608429e-10 maxMuResidual=9.6572385643867165e-09 maxMechanicalResidual=0 seconds=6.3274817969999999
REACTIVE_CAPILLARY_STEP time=5.9999999999999995e-08 area=1.2772307652175068e-05 surfaceEnergy=1.2772307652175069e-07 liquidMass=4.0713418962182785e-06 closureResidual=2.2916490927116229e-10 recoveryCalls=8 outerIterations=22
REACTIVE_STEP_TIMINGS time=5.9999999999999995e-08 cflSeconds=0.00080643700000000002 backupSeconds=6.8589999999999992e-05 transportSeconds=0.0016328639999999999 recoverySeconds=6.324910128 sourceSeconds=0 conservationSeconds=1.4659e-05 diagnosticsSeconds=1.8924e-05 nestedBatchPackSeconds=0.00013328500000000002 nestedBatchCallSeconds=6.3234136620000001 nestedBatchScatterSeconds=0 nestedScalarPropertySeconds=0.0010187880000000001 otherSeconds=3.0195000000347393e-05
REACTIVE_GPU_HEM_STEP time=5.9999999999999995e-08 batches=4 submitted=16384 succeeded=16384 cpuFallbacks=0 deviceFailures=0 phaseEvaluations=14643742 residualEvaluations=19890695 analyticJacobians=0 finiteDifferenceJacobians=983797 wallSeconds=6.3228367559999974 kernelSeconds=6.3220668945312468 copySeconds=0.00055977600812911945
REACTIVE_CHECKPOINT time=5.9999999999999995e-08 acceptedSteps=4 complete=1 schema=3
REACTIVE_PROFILE_V21 scope="prototype" jobElapsedSeconds=0 integrationFallbacks=0 chemical_rhsCalls=0 chemical_uvCalls=0 chemical_fixedStateCalls=0 chemical_jacobianCalls=0 chemical_structuredCalls=0 chemical_fallbackCalls=0 sparse_setups=0 sparse_products=0 sparse_preconditioners=0 sparse_preconditionerSolves=0 sparse_sparseIntegrations=0 sparse_denseIntegrations=0 sparse_denseFallbacks=0 sparse_nonzeros=0 timing_jvSetups=0 timing_preconditionerSetups=0 timing_jacobianCacheHits=0 timing_patternBuilds=0 timing_preconditionerReuses=0 timing_symbolicAnalyses=0 timing_numericFactorizations=0 timing_workspaceCreates=0 timing_workspaceReinitializations=0 timing_factorNonzeros=0 timing_thermoSeconds=0 timing_kineticsSeconds=0 timing_csrSeconds=0 timing_symbolicSeconds=0 timing_factorSeconds=0 timing_solveSeconds=0 realFluid_eosEvaluations=0 realFluid_referenceEvaluations=0 realFluid_derivativeEvaluations=0 realFluid_scalarAttempts=0 realFluid_scalarAccepted=0 realFluid_scalarFallbacks=0 realFluid_scalarIterations=0 realFluid_flashResiduals=0 realFluid_tangentBuilds=0 realFluid_tangentSolves=0 realFluid_sourceJv=0 realFluid_sourceJvFallbacks=0 trhoStateEvaluations=0 densityRootChecks=0 fullPhaseEvaluations=0 energyCvEvaluations=0 selectedMuEvaluations=0 partialHEvaluations=0 scalarProbes=0 bracketRejects=0 branchFallbacks=0 flashCandidates=0 linearizationBuilds=0 linearizationApplies=0 FzFactorizations=0 sourceRhsCalls=0 sourceDirectionProbes=0 RzBuilds=0 JvFallbacks=0 nasaCoefficientVisits=0 nasaAggregateBuilds=0 nasaAggregateEvaluations=0 exactMixingEvaluations=0 branchCertificates=0 matrixFreeSetups=0 matrixFreeProducts=0 matrixFreeIntegrations=0 matrixFreeIntegrationFallbacks=0 woodburySetups=0 woodburyFactors=0 woodburySolves=0 woodburyFallbacks=0 diagnosticJvCalls=0 oneSidedProbes=0 derivativeRetries=0 sourceAttempts=0 sourceAccepted=0 sourceFailed=0
REACTIVE_PROFILE_V21 scope="worker_0" jobElapsedSeconds=0 integrationFallbacks=0 chemical_rhsCalls=0 chemical_uvCalls=0 chemical_fixedStateCalls=0 chemical_jacobianCalls=0 chemical_structuredCalls=0 chemical_fallbackCalls=0 sparse_setups=0 sparse_products=0 sparse_preconditioners=0 sparse_preconditionerSolves=0 sparse_sparseIntegrations=0 sparse_denseIntegrations=0 sparse_denseFallbacks=0 sparse_nonzeros=0 timing_jvSetups=0 timing_preconditionerSetups=0 timing_jacobianCacheHits=0 timing_patternBuilds=0 timing_preconditionerReuses=0 timing_symbolicAnalyses=0 timing_numericFactorizations=0 timing_workspaceCreates=0 timing_workspaceReinitializations=0 timing_factorNonzeros=0 timing_thermoSeconds=0 timing_kineticsSeconds=0 timing_csrSeconds=0 timing_symbolicSeconds=0 timing_factorSeconds=0 timing_solveSeconds=0 realFluid_eosEvaluations=0 realFluid_referenceEvaluations=0 realFluid_derivativeEvaluations=0 realFluid_scalarAttempts=0 realFluid_scalarAccepted=0 realFluid_scalarFallbacks=0 realFluid_scalarIterations=0 realFluid_flashResiduals=0 realFluid_tangentBuilds=0 realFluid_tangentSolves=0 realFluid_sourceJv=0 realFluid_sourceJvFallbacks=0 trhoStateEvaluations=0 densityRootChecks=0 fullPhaseEvaluations=0 energyCvEvaluations=0 selectedMuEvaluations=0 partialHEvaluations=0 scalarProbes=0 bracketRejects=0 branchFallbacks=0 flashCandidates=0 linearizationBuilds=0 linearizationApplies=0 FzFactorizations=0 sourceRhsCalls=0 sourceDirectionProbes=0 RzBuilds=0 JvFallbacks=0 nasaCoefficientVisits=0 nasaAggregateBuilds=0 nasaAggregateEvaluations=0 exactMixingEvaluations=0 branchCertificates=0 matrixFreeSetups=0 matrixFreeProducts=0 matrixFreeIntegrations=0 matrixFreeIntegrationFallbacks=0 woodburySetups=0 woodburyFactors=0 woodburySolves=0 woodburyFallbacks=0 diagnosticJvCalls=0 oneSidedProbes=0 derivativeRetries=0 sourceAttempts=0 sourceAccepted=0 sourceFailed=0
REACTIVE_PROFILE_V21 scope="workers" jobElapsedSeconds=0 integrationFallbacks=0 chemical_rhsCalls=0 chemical_uvCalls=0 chemical_fixedStateCalls=0 chemical_jacobianCalls=0 chemical_structuredCalls=0 chemical_fallbackCalls=0 sparse_setups=0 sparse_products=0 sparse_preconditioners=0 sparse_preconditionerSolves=0 sparse_sparseIntegrations=0 sparse_denseIntegrations=0 sparse_denseFallbacks=0 sparse_nonzeros=0 timing_jvSetups=0 timing_preconditionerSetups=0 timing_jacobianCacheHits=0 timing_patternBuilds=0 timing_preconditionerReuses=0 timing_symbolicAnalyses=0 timing_numericFactorizations=0 timing_workspaceCreates=0 timing_workspaceReinitializations=0 timing_factorNonzeros=0 timing_thermoSeconds=0 timing_kineticsSeconds=0 timing_csrSeconds=0 timing_symbolicSeconds=0 timing_factorSeconds=0 timing_solveSeconds=0 realFluid_eosEvaluations=0 realFluid_referenceEvaluations=0 realFluid_derivativeEvaluations=0 realFluid_scalarAttempts=0 realFluid_scalarAccepted=0 realFluid_scalarFallbacks=0 realFluid_scalarIterations=0 realFluid_flashResiduals=0 realFluid_tangentBuilds=0 realFluid_tangentSolves=0 realFluid_sourceJv=0 realFluid_sourceJvFallbacks=0 trhoStateEvaluations=0 densityRootChecks=0 fullPhaseEvaluations=0 energyCvEvaluations=0 selectedMuEvaluations=0 partialHEvaluations=0 scalarProbes=0 bracketRejects=0 branchFallbacks=0 flashCandidates=0 linearizationBuilds=0 linearizationApplies=0 FzFactorizations=0 sourceRhsCalls=0 sourceDirectionProbes=0 RzBuilds=0 JvFallbacks=0 nasaCoefficientVisits=0 nasaAggregateBuilds=0 nasaAggregateEvaluations=0 exactMixingEvaluations=0 branchCertificates=0 matrixFreeSetups=0 matrixFreeProducts=0 matrixFreeIntegrations=0 matrixFreeIntegrationFallbacks=0 woodburySetups=0 woodburyFactors=0 woodburySolves=0 woodburyFallbacks=0 diagnosticJvCalls=0 oneSidedProbes=0 derivativeRetries=0 sourceAttempts=0 sourceAccepted=0 sourceFailed=0
REACTIVE_CLOSURE_PROFILE eligibleCells=0 uniqueCells=0 reusedCells=0 failedRepresentativeRetries=0 gpuSubmitted=0 gpuConverged=0 gpuApproved=0 gpuRejected=0 gpuUnsupported=0 gpuLaunches=0 gpuTransferBytes=0 hostBytes=32768 liquidCacheHits=0 liquidCacheMisses=0 deviceBytes=0 classifySeconds=9.3301000000000007e-05 prepareSeconds=0 gpuWallSeconds=0 gpuKernelSeconds=0 gpuCopySeconds=0
REACTIVE_GPU_HEM batches=22 submitted=90112 succeeded=90112 cpuFallbacks=0 deviceFailures=0 phaseEvaluations=51065131 residualEvaluations=62318892 flashCandidates=231704 stableCandidates=118936 transferBytes=38568992 analyticJacobians=0 finiteDifferenceJacobians=3232440 hostBytes=3340632 deviceBytes=2029992 wallSeconds=32.208586717999992 kernelSeconds=32.204341003417966 copySeconds=0.0030954880118370049
REACTIVE_BATCH_V21 attempted=22 accepted=22 failed=0 batchWallSeconds=32.211720858 workerJobSecondsSum=0 workerJobSecondsMax=0 poolScratchBytes=6420824 flowStagingBytes=884736 workerOwnedBytesKnownLowerBound=58104 workerInternalBytesUnmeasured=1
REACTIVE_WORKER_TIME metric=thermoSeconds sum=0 max=0
REACTIVE_WORKER_TIME metric=kineticsSeconds sum=0 max=0
REACTIVE_WORKER_TIME metric=csrSeconds sum=0 max=0
REACTIVE_WORKER_TIME metric=symbolicSeconds sum=0 max=0
REACTIVE_WORKER_TIME metric=factorSeconds sum=0 max=0
REACTIVE_WORKER_TIME metric=solveSeconds sum=0 max=0
REACTIVE_PROFILE_V21 scope="combined" jobElapsedSeconds=0 integrationFallbacks=0 chemical_rhsCalls=0 chemical_uvCalls=0 chemical_fixedStateCalls=0 chemical_jacobianCalls=0 chemical_structuredCalls=0 chemical_fallbackCalls=0 sparse_setups=0 sparse_products=0 sparse_preconditioners=0 sparse_preconditionerSolves=0 sparse_sparseIntegrations=0 sparse_denseIntegrations=0 sparse_denseFallbacks=0 sparse_nonzeros=0 timing_jvSetups=0 timing_preconditionerSetups=0 timing_jacobianCacheHits=0 timing_patternBuilds=0 timing_preconditionerReuses=0 timing_symbolicAnalyses=0 timing_numericFactorizations=0 timing_workspaceCreates=0 timing_workspaceReinitializations=0 timing_factorNonzeros=0 timing_thermoSeconds=0 timing_kineticsSeconds=0 timing_csrSeconds=0 timing_symbolicSeconds=0 timing_factorSeconds=0 timing_solveSeconds=0 realFluid_eosEvaluations=0 realFluid_referenceEvaluations=0 realFluid_derivativeEvaluations=0 realFluid_scalarAttempts=0 realFluid_scalarAccepted=0 realFluid_scalarFallbacks=0 realFluid_scalarIterations=0 realFluid_flashResiduals=0 realFluid_tangentBuilds=0 realFluid_tangentSolves=0 realFluid_sourceJv=0 realFluid_sourceJvFallbacks=0 trhoStateEvaluations=0 densityRootChecks=0 fullPhaseEvaluations=0 energyCvEvaluations=0 selectedMuEvaluations=0 partialHEvaluations=0 scalarProbes=0 bracketRejects=0 branchFallbacks=0 flashCandidates=0 linearizationBuilds=0 linearizationApplies=0 FzFactorizations=0 sourceRhsCalls=0 sourceDirectionProbes=0 RzBuilds=0 JvFallbacks=0 nasaCoefficientVisits=0 nasaAggregateBuilds=0 nasaAggregateEvaluations=0 exactMixingEvaluations=0 branchCertificates=0 matrixFreeSetups=0 matrixFreeProducts=0 matrixFreeIntegrations=0 matrixFreeIntegrationFallbacks=0 woodburySetups=0 woodburyFactors=0 woodburySolves=0 woodburyFallbacks=0 diagnosticJvCalls=0 oneSidedProbes=0 derivativeRetries=0 sourceAttempts=0 sourceAccepted=0 sourceFailed=0
REACTIVE_CHEMISTRY scope=combined rhsCalls=0 uvCalls=0 fixedStateCalls=0 structuredCalls=0 fallbackCalls=0 integrationFallbacks=0
REACTIVE_SPARSE scope=combined nnzMeaning=last_snapshot_sum setups=0 products=0 nonzeros=0 sparseIntegrations=0 denseIntegrations=0 denseFallbacks=0
REACTIVE_CHEMICAL_PROFILE scope=combined factorNnzMeaning=last_snapshot_sum jvSetups=0 preconditionerSetups=0 jacobianCacheHits=0 preconditionerReuses=0 patternBuilds=0 symbolicAnalyses=0 numericFactorizations=0 factorNonzeros=0 workspaceCreates=0 workspaceReinitializations=0 thermoSeconds=0 kineticsSeconds=0 csrSeconds=0 symbolicSeconds=0 factorSeconds=0 solveSeconds=0
REACTIVE_REAL_FLUID scope=combined eosEvaluations=0 scalarAttempts=0 scalarAccepted=0 scalarFallbacks=0 scalarIterations=0
REACTIVE_BATCH workers=1 capacity=4096 scratchBytes=6420824 batches=22 cells=90112 failures=0 scope=bounded_scratch_excludes_Cantera_CVODE_worker_allocations
REACTIVE_TRANSPORT_V21 layoutTiles=16 layoutLaunches=16 memcpyCalls=453 payloadBytes=33603512 nasaValidationEvaluations=0 nasaFaceEvaluations=0 detailedGasCounters=0 temperatureBasisBuilds=0 temperatureBasisBytes=0 pinnedBytes=294912 deviceStagingBytes=294912 slotCells=4096 slots=1 blockThreads=256 eventWaits=16 failedCalls=0 stageBarrier=full closureDownloadsPerRK=2 overlapValidated=0
REACTIVE_MEMORY liveBytes=6175488 peakBytes=6175488 bridgeBytes=294912 conservedWorkspaceBytes=589824 gasWorkspaceBytes=0 rhsWorkspaceBytes=0 d2dBytes=0 synchronizations=170
REACTIVE_CAPILLARY_PROFILE enabled=1 geometryBuilds=48 geometryKernels=96 faceFluxBuilds=98304 workspaceBytes=327684 closureIterations=22
REACTIVE_WALE gradientBuilds=21 viscosityBuilds=21 cellsEvaluated=86016 workspaceBytes=32772
REACTIVE_WALE_SCALARS fieldUploads=0 fieldUploadBytes=0 workspaceBytes=163840 hostEnthalpyCells=0 hostPropertySeconds=0 propertyStageSeconds=0.0053114290000000012 fluxBackend=cuda
REACTIVE_WALE_PR backend=device-pr builds=21 cells=86016 kernels=42 failures=0 inputUploadBytes=16235008 scratchBytes=1063264 wallSeconds=0.004815278000000001
REACTIVE_TRANSPORT allocatedBytes=6175488 uploadedBytes=27933500 downloadedBytes=5670012 kernelLaunches=268 stages=8 stepQueries=8
REACTIVE_TRANSFER conservedUploads=8 conservedUploadBytes=2359296 conservedDownloadBytes=2359296 stateUploadBytes=4816896 primitiveUploadBytes=1703936 gasUploadBytes=0 boundaryPartitions=1
REACTIVE_DEVICE_PROPERTIES builds=0 cells=0 partitionUploadBytes=0 thermoTableBytes=0 gasStatusChecks=0 cflFaceLaunches=8 transportFaceLaunches=8 faceWorkspaceBytes=1769472
End
