/*---------------------------------------------------------------------------*\
| =========                 |                                                 |
| \\      /  F ield         | OpenFOAM: The Open Source CFD Toolbox           |
|  \\    /   O peration     | Version:  2512                                  |
|   \\  /    A nd           | Website:  www.openfoam.com                      |
|    \\/     M anipulation  |                                                 |
\*---------------------------------------------------------------------------*/
Build  : 5916a466-20260728 OPENFOAM=2512 version=v2512
Arch   : "LSB;label=32;scalar=64"
Exec   : /home/jsw/문서/analysis/spuma-multiphysics-spray-physics/bin/ReactiveFoam -case /home/jsw/문서/analysis/spuma-multiphysics-spray-physics/logs/static-convergence-20260923/solver-metric-restart-n16
Date   : Sep 23 2026
Time   : 17:39:27
Host   : jsw-ubuntu
PID    : 406741
I/O    : uncollated
Case   : /home/jsw/문서/analysis/spuma-multiphysics-spray-physics/logs/static-convergence-20260923/solver-metric-restart-n16
nProcs : 1
memory pool : not available
fileModificationChecking : Monitoring run-time modified files using timeStampMaster (fileModificationSkew 5, maxFileModificationPolls 20)
allowSystemOperations : Allowing user-supplied system call operations

// * * * * * * * * * * * * * * * * * * * * * * * * * * * * * * * * * * * * * //
Initializing CUDA devices

CUDA Driver Version / Runtime Version:  13.2 / 13.2
Number of threads per block: 128

Create dummyMemoryPool

Create time

Create mesh for time = 1.87549209497544e-08

REACTIVE_RECOVERY mode=reference baseline=reference_candidate_search fallback=none
REACTIVE_CLOSURE_ACCELERATION exactBatchReuse=0 scalarBackend=cpu fullBackend=cuda deviceFullClosure=1 closureJacobian=finiteDifference requestedClosureJacobian=finiteDifference
REACTIVE_RUNTIME runId="406741-27356959683731" solverSha256="9c4af95712692de5a793470773ebe4222a229a4c9fca16b5265f6b7a7c3c6f9b" manifest={"schema":1,"backendPath":"/home/jsw/문서/analysis/spuma-multiphysics-spray-physics/lib/libpintleReactiveBackend.so","backendSha256":"7d3308ad0bf05428d25829ee9be55afd0f1149494573143bb9845ddbd760ad25","thermoConfiguration":"/home/jsw/문서/analysis/spuma-multiphysics-spray-physics/logs/static-convergence-20260923/solver-metric-n16-thermo.yaml","physicalModelHash":"8b303cf416cb0b3c58ff6146b47e791fb4b337ba5dfba1372b781a250f00b915","numericalPolicyHash":"7fea95b90bdef0c227af813306aea08ab7a3a0beb66a49acfd900a95537bd402","modelFingerprint":"fa7e017960276c1b6fe0292f9d8b1d9d31dedb2aea63cc6d6f6757667cbd294e","eos":"Peng-Robinson","closureBackend":"cuda","chemistryBackend":"cpu","deviceFullClosure":true,"deviceChemistryIntegration":false,"closureCpuFallback":false,"closureJacobian":"finiteDifference","solidN2O":false,"enforceSpeciesTemperatureBounds":true,"exactBatchReuse":false,"deviceCaloricCandidates":false,"deviceCaloricScope":"no-condensable-inventory; NASA/PR-alpha single interval; host branch/residual/stability approval","hemLibrary":"/home/jsw/문서/analysis/spuma-multiphysics-spray-physics/lib/libpintleReactiveTransport.so","hemLibrarySha256":"07434f8a9624d00bce8c9694ecaa997da227b6acb0cc4c1878d294ebfcf8e15f","hemNumericalPolicy":"legacy-fp64-separate-rn","deviceHemScope":"PR; nonreacting HEM; all reference candidates and boundary fallback; experimental"}
REACTIVE_PHYSICS chemistry=0 combustion=0 phaseChange=frozen viscosity=0 heatConduction=0 speciesDiffusion=0 turbulence=none turbulentHeatFlux=0 turbulentSpeciesMixing=0 surfaceTension=1 interfaceModel=implicit-liquid-inventory-v1 totalEnergy=1 thermodynamicRecovery=1 frozenLiquidFields=1 transportedLiquidFields=1
REACTIVE_CAPILLARY sigma=0.01 geometryBackend=cuda tractionBackend=cuda closureBackend=cuda pressureModel=curved-phase-split surfaceEnergyInTotal=1 capillaryCfl=0.25 geometryScheme=C2-sharp-volume noPLIC=1
REACTIVE_PHYSICAL_MODEL hash=8b303cf416cb0b3c58ff6146b47e791fb4b337ba5dfba1372b781a250f00b915 numericalPolicyHash=7fea95b90bdef0c227af813306aea08ab7a3a0beb66a49acfd900a95537bd402 eos=Peng-Robinson realEOS=1 phaseEquilibrium=1 nonidealDiffusion=0 deviceClosure=1 deviceKinetics=0 mixtureLiquid=0
REACTIVE_BACKENDS transport=cuda thermodynamics=cuda chemistry=cpu chemicalLinearSolver=dense transportGasProperties=disabled
REACTIVE_MODEL cells=4096 species=4 reactions=0 liquids=1 estimatedHostBytes=23491584 chemistry=0
REACTIVE_SPECIES index=0 name=N2
REACTIVE_SPECIES index=1 name=O2
REACTIVE_SPECIES index=2 name=N2O
REACTIVE_SPECIES index=3 name=IC3H7OH
REACTIVE_CHECKPOINT time=1.8754920949754432e-08 acceptedSteps=1 complete=1 schema=3
REACTIVE_ATTEMPT_PROFILE attempt=2 accepted=1 retry=0 sourceCalls=0 fullPhaseEvaluations=0 scalarProbes=0 rootChecks=0 matrixFreeProducts=0 factorBuilds=0 workerJobElapsedSeconds=0
REACTIVE_STEP time=3.7509841899508864e-08 dt=1.8754920949754432e-08 retries=0 massResidual=0 energyResidual=0 momentumResidual=2.3964155113291591e-21 globalElementResidual=0 frozenLiquidResidual=0 speciesResidual=0 elementDrift=0 minP=3000000.0000000005 maxP=3000027.0270270272 minT=270 maxT=270 maxMach=1.5040120078012525e-16 minAlphaGas=0 maxAlphaGas=1 maxVolumeResidual=3.3306690738754696e-16 maxUVResidual=3.9282619782105744e-17 maxMuResidual=0 maxMechanicalResidual=0 seconds=0.006955457
REACTIVE_CAPILLARY_STEP time=3.7509841899508864e-08 area=6.8813445484069628e-06 surfaceEnergy=6.8813445484069623e-08 liquidMass=1.5714082914580396e-06 closureResidual=1.0842021724855044e-19 recoveryCalls=2 outerIterations=2
REACTIVE_STEP_TIMINGS time=3.7509841899508864e-08 cflSeconds=0.00061943200000000006 backupSeconds=0.00041429299999999999 transportSeconds=0.00062399199999999997 recoverySeconds=0.0052383040000000001 sourceSeconds=0 conservationSeconds=1.4428e-05 diagnosticsSeconds=1.8751999999999999e-05 nestedBatchPackSeconds=6.8014000000000003e-05 nestedBatchCallSeconds=0.0040903889999999998 nestedBatchScatterSeconds=0 nestedScalarPropertySeconds=0 otherSeconds=2.6256000000000387e-05
REACTIVE_GPU_HEM_STEP time=3.7509841899508864e-08 batches=2 submitted=8192 succeeded=8192 cpuFallbacks=0 deviceFailures=0 phaseEvaluations=24129 residualEvaluations=0 analyticJacobians=0 finiteDifferenceJacobians=0 wallSeconds=0.0038037349999999999 kernelSeconds=0.0034406079649925234 copySeconds=0.00025487999618053439
REACTIVE_ATTEMPT_PROFILE attempt=3 accepted=1 retry=0 sourceCalls=0 fullPhaseEvaluations=0 scalarProbes=0 rootChecks=0 matrixFreeProducts=0 factorBuilds=0 workerJobElapsedSeconds=0
REACTIVE_STEP time=5.6264762849263296e-08 dt=1.8754920949754432e-08 retries=0 massResidual=0 energyResidual=0 momentumResidual=3.5946231980893392e-21 globalElementResidual=0 frozenLiquidResidual=0 speciesResidual=0 elementDrift=0 minP=3000000.0000000005 maxP=3000027.0270270272 minT=270 maxT=270 maxMach=2.216040089560118e-16 minAlphaGas=0 maxAlphaGas=1 maxVolumeResidual=3.3306690738754696e-16 maxUVResidual=3.9282619782105744e-17 maxMuResidual=0 maxMechanicalResidual=0 seconds=0.0031120729999999999
REACTIVE_CAPILLARY_STEP time=5.6264762849263296e-08 area=6.8813445484069628e-06 surfaceEnergy=6.8813445484069623e-08 liquidMass=1.5714082914580396e-06 closureResidual=1.0842021724855044e-19 recoveryCalls=4 outerIterations=4
REACTIVE_STEP_TIMINGS time=5.6264762849263296e-08 cflSeconds=0.00045552199999999998 backupSeconds=5.2325000000000005e-05 transportSeconds=0.00053128000000000008 recoverySeconds=0.0020257130000000002 sourceSeconds=0 conservationSeconds=1.4919999999999999e-05 diagnosticsSeconds=1.9405000000000001e-05 nestedBatchPackSeconds=6.8085999999999998e-05 nestedBatchCallSeconds=0.0011597269999999999 nestedBatchScatterSeconds=0 nestedScalarPropertySeconds=0 otherSeconds=1.2907999999999823e-05
REACTIVE_GPU_HEM_STEP time=5.6264762849263296e-08 batches=2 submitted=8192 succeeded=8192 cpuFallbacks=0 deviceFailures=0 phaseEvaluations=24139 residualEvaluations=0 analyticJacobians=0 finiteDifferenceJacobians=0 wallSeconds=0.00092281099999999994 kernelSeconds=0.00057961601018905688 copySeconds=0.00024799998849630363
REACTIVE_CHECKPOINT time=5.6264762849263296e-08 acceptedSteps=3 complete=1 schema=3
REACTIVE_ATTEMPT_PROFILE attempt=4 accepted=1 retry=0 sourceCalls=0 fullPhaseEvaluations=0 scalarProbes=0 rootChecks=0 matrixFreeProducts=0 factorBuilds=0 workerJobElapsedSeconds=0
REACTIVE_STEP time=5.9999999999999995e-08 dt=3.735237150736699e-09 retries=0 massResidual=0 energyResidual=0 momentumResidual=3.8332587629461049e-21 globalElementResidual=0 frozenLiquidResidual=0 speciesResidual=0 elementDrift=0 minP=3000000.0000000005 maxP=3000027.0270270272 minT=270 maxT=270 maxMach=2.3578480006996657e-16 minAlphaGas=0 maxAlphaGas=1 maxVolumeResidual=3.3306690738754696e-16 maxUVResidual=3.9282619782105744e-17 maxMuResidual=0 maxMechanicalResidual=0 seconds=0.0030938010000000002
REACTIVE_CAPILLARY_STEP time=5.9999999999999995e-08 area=6.8813445484069628e-06 surfaceEnergy=6.8813445484069623e-08 liquidMass=1.5714082914580396e-06 closureResidual=0 recoveryCalls=6 outerIterations=6
REACTIVE_STEP_TIMINGS time=5.9999999999999995e-08 cflSeconds=0.00047633600000000006 backupSeconds=4.8089999999999995e-05 transportSeconds=0.00051332299999999999 recoverySeconds=0.0020090389999999998 sourceSeconds=0 conservationSeconds=1.4440999999999999e-05 diagnosticsSeconds=1.8953e-05 nestedBatchPackSeconds=6.9592999999999996e-05 nestedBatchCallSeconds=0.0011714519999999999 nestedBatchScatterSeconds=0 nestedScalarPropertySeconds=0 otherSeconds=1.3619000000000264e-05
REACTIVE_GPU_HEM_STEP time=5.9999999999999995e-08 batches=2 submitted=8192 succeeded=8192 cpuFallbacks=0 deviceFailures=0 phaseEvaluations=24140 residualEvaluations=0 analyticJacobians=0 finiteDifferenceJacobians=0 wallSeconds=0.00093189599999999977 kernelSeconds=0.0005786240100860594 copySeconds=0.00025462400168180471
REACTIVE_CHECKPOINT time=5.9999999999999995e-08 acceptedSteps=4 complete=1 schema=3
REACTIVE_PROFILE_V21 scope="prototype" jobElapsedSeconds=0 integrationFallbacks=0 chemical_rhsCalls=0 chemical_uvCalls=0 chemical_fixedStateCalls=0 chemical_jacobianCalls=0 chemical_structuredCalls=0 chemical_fallbackCalls=0 sparse_setups=0 sparse_products=0 sparse_preconditioners=0 sparse_preconditionerSolves=0 sparse_sparseIntegrations=0 sparse_denseIntegrations=0 sparse_denseFallbacks=0 sparse_nonzeros=0 timing_jvSetups=0 timing_preconditionerSetups=0 timing_jacobianCacheHits=0 timing_patternBuilds=0 timing_preconditionerReuses=0 timing_symbolicAnalyses=0 timing_numericFactorizations=0 timing_workspaceCreates=0 timing_workspaceReinitializations=0 timing_factorNonzeros=0 timing_thermoSeconds=0 timing_kineticsSeconds=0 timing_csrSeconds=0 timing_symbolicSeconds=0 timing_factorSeconds=0 timing_solveSeconds=0 realFluid_eosEvaluations=0 realFluid_referenceEvaluations=0 realFluid_derivativeEvaluations=0 realFluid_scalarAttempts=0 realFluid_scalarAccepted=0 realFluid_scalarFallbacks=0 realFluid_scalarIterations=0 realFluid_flashResiduals=0 realFluid_tangentBuilds=0 realFluid_tangentSolves=0 realFluid_sourceJv=0 realFluid_sourceJvFallbacks=0 trhoStateEvaluations=0 densityRootChecks=0 fullPhaseEvaluations=0 energyCvEvaluations=0 selectedMuEvaluations=0 partialHEvaluations=0 scalarProbes=0 bracketRejects=0 branchFallbacks=0 flashCandidates=0 linearizationBuilds=0 linearizationApplies=0 FzFactorizations=0 sourceRhsCalls=0 sourceDirectionProbes=0 RzBuilds=0 JvFallbacks=0 nasaCoefficientVisits=0 nasaAggregateBuilds=0 nasaAggregateEvaluations=0 exactMixingEvaluations=0 branchCertificates=0 matrixFreeSetups=0 matrixFreeProducts=0 matrixFreeIntegrations=0 matrixFreeIntegrationFallbacks=0 woodburySetups=0 woodburyFactors=0 woodburySolves=0 woodburyFallbacks=0 diagnosticJvCalls=0 oneSidedProbes=0 derivativeRetries=0 sourceAttempts=0 sourceAccepted=0 sourceFailed=0
REACTIVE_PROFILE_V21 scope="worker_0" jobElapsedSeconds=0 integrationFallbacks=0 chemical_rhsCalls=0 chemical_uvCalls=0 chemical_fixedStateCalls=0 chemical_jacobianCalls=0 chemical_structuredCalls=0 chemical_fallbackCalls=0 sparse_setups=0 sparse_products=0 sparse_preconditioners=0 sparse_preconditionerSolves=0 sparse_sparseIntegrations=0 sparse_denseIntegrations=0 sparse_denseFallbacks=0 sparse_nonzeros=0 timing_jvSetups=0 timing_preconditionerSetups=0 timing_jacobianCacheHits=0 timing_patternBuilds=0 timing_preconditionerReuses=0 timing_symbolicAnalyses=0 timing_numericFactorizations=0 timing_workspaceCreates=0 timing_workspaceReinitializations=0 timing_factorNonzeros=0 timing_thermoSeconds=0 timing_kineticsSeconds=0 timing_csrSeconds=0 timing_symbolicSeconds=0 timing_factorSeconds=0 timing_solveSeconds=0 realFluid_eosEvaluations=0 realFluid_referenceEvaluations=0 realFluid_derivativeEvaluations=0 realFluid_scalarAttempts=0 realFluid_scalarAccepted=0 realFluid_scalarFallbacks=0 realFluid_scalarIterations=0 realFluid_flashResiduals=0 realFluid_tangentBuilds=0 realFluid_tangentSolves=0 realFluid_sourceJv=0 realFluid_sourceJvFallbacks=0 trhoStateEvaluations=0 densityRootChecks=0 fullPhaseEvaluations=0 energyCvEvaluations=0 selectedMuEvaluations=0 partialHEvaluations=0 scalarProbes=0 bracketRejects=0 branchFallbacks=0 flashCandidates=0 linearizationBuilds=0 linearizationApplies=0 FzFactorizations=0 sourceRhsCalls=0 sourceDirectionProbes=0 RzBuilds=0 JvFallbacks=0 nasaCoefficientVisits=0 nasaAggregateBuilds=0 nasaAggregateEvaluations=0 exactMixingEvaluations=0 branchCertificates=0 matrixFreeSetups=0 matrixFreeProducts=0 matrixFreeIntegrations=0 matrixFreeIntegrationFallbacks=0 woodburySetups=0 woodburyFactors=0 woodburySolves=0 woodburyFallbacks=0 diagnosticJvCalls=0 oneSidedProbes=0 derivativeRetries=0 sourceAttempts=0 sourceAccepted=0 sourceFailed=0
REACTIVE_PROFILE_V21 scope="workers" jobElapsedSeconds=0 integrationFallbacks=0 chemical_rhsCalls=0 chemical_uvCalls=0 chemical_fixedStateCalls=0 chemical_jacobianCalls=0 chemical_structuredCalls=0 chemical_fallbackCalls=0 sparse_setups=0 sparse_products=0 sparse_preconditioners=0 sparse_preconditionerSolves=0 sparse_sparseIntegrations=0 sparse_denseIntegrations=0 sparse_denseFallbacks=0 sparse_nonzeros=0 timing_jvSetups=0 timing_preconditionerSetups=0 timing_jacobianCacheHits=0 timing_patternBuilds=0 timing_preconditionerReuses=0 timing_symbolicAnalyses=0 timing_numericFactorizations=0 timing_workspaceCreates=0 timing_workspaceReinitializations=0 timing_factorNonzeros=0 timing_thermoSeconds=0 timing_kineticsSeconds=0 timing_csrSeconds=0 timing_symbolicSeconds=0 timing_factorSeconds=0 timing_solveSeconds=0 realFluid_eosEvaluations=0 realFluid_referenceEvaluations=0 realFluid_derivativeEvaluations=0 realFluid_scalarAttempts=0 realFluid_scalarAccepted=0 realFluid_scalarFallbacks=0 realFluid_scalarIterations=0 realFluid_flashResiduals=0 realFluid_tangentBuilds=0 realFluid_tangentSolves=0 realFluid_sourceJv=0 realFluid_sourceJvFallbacks=0 trhoStateEvaluations=0 densityRootChecks=0 fullPhaseEvaluations=0 energyCvEvaluations=0 selectedMuEvaluations=0 partialHEvaluations=0 scalarProbes=0 bracketRejects=0 branchFallbacks=0 flashCandidates=0 linearizationBuilds=0 linearizationApplies=0 FzFactorizations=0 sourceRhsCalls=0 sourceDirectionProbes=0 RzBuilds=0 JvFallbacks=0 nasaCoefficientVisits=0 nasaAggregateBuilds=0 nasaAggregateEvaluations=0 exactMixingEvaluations=0 branchCertificates=0 matrixFreeSetups=0 matrixFreeProducts=0 matrixFreeIntegrations=0 matrixFreeIntegrationFallbacks=0 woodburySetups=0 woodburyFactors=0 woodburySolves=0 woodburyFallbacks=0 diagnosticJvCalls=0 oneSidedProbes=0 derivativeRetries=0 sourceAttempts=0 sourceAccepted=0 sourceFailed=0
REACTIVE_CLOSURE_PROFILE eligibleCells=0 uniqueCells=0 reusedCells=0 failedRepresentativeRetries=0 gpuSubmitted=0 gpuConverged=0 gpuApproved=0 gpuRejected=0 gpuUnsupported=0 gpuLaunches=0 gpuTransferBytes=0 hostBytes=32768 liquidCacheHits=0 liquidCacheMisses=0 deviceBytes=0 classifySeconds=2.4532999999999997e-05 prepareSeconds=0 gpuWallSeconds=0 gpuKernelSeconds=0 gpuCopySeconds=0
REACTIVE_GPU_HEM batches=6 submitted=24576 succeeded=24576 cpuFallbacks=0 deviceFailures=0 phaseEvaluations=72408 residualEvaluations=0 flashCandidates=0 stableCandidates=0 transferBytes=10518816 analyticJacobians=0 finiteDifferenceJacobians=0 hostBytes=3340632 deviceBytes=2029992 wallSeconds=0.0056584419999999996 kernelSeconds=0.0045988479852676397 copySeconds=0.00075750398635864274
REACTIVE_BATCH_V21 attempted=6 accepted=6 failed=0 batchWallSeconds=0.0064178650000000009 workerJobSecondsSum=0 workerJobSecondsMax=0 poolScratchBytes=6420824 flowStagingBytes=884736 workerOwnedBytesKnownLowerBound=58104 workerInternalBytesUnmeasured=1
REACTIVE_WORKER_TIME metric=thermoSeconds sum=0 max=0
REACTIVE_WORKER_TIME metric=kineticsSeconds sum=0 max=0
REACTIVE_WORKER_TIME metric=csrSeconds sum=0 max=0
REACTIVE_WORKER_TIME metric=symbolicSeconds sum=0 max=0
REACTIVE_WORKER_TIME metric=factorSeconds sum=0 max=0
REACTIVE_WORKER_TIME metric=solveSeconds sum=0 max=0
REACTIVE_PROFILE_V21 scope="combined" jobElapsedSeconds=0 integrationFallbacks=0 chemical_rhsCalls=0 chemical_uvCalls=0 chemical_fixedStateCalls=0 chemical_jacobianCalls=0 chemical_structuredCalls=0 chemical_fallbackCalls=0 sparse_setups=0 sparse_products=0 sparse_preconditioners=0 sparse_preconditionerSolves=0 sparse_sparseIntegrations=0 sparse_denseIntegrations=0 sparse_denseFallbacks=0 sparse_nonzeros=0 timing_jvSetups=0 timing_preconditionerSetups=0 timing_jacobianCacheHits=0 timing_patternBuilds=0 timing_preconditionerReuses=0 timing_symbolicAnalyses=0 timing_numericFactorizations=0 timing_workspaceCreates=0 timing_workspaceReinitializations=0 timing_factorNonzeros=0 timing_thermoSeconds=0 timing_kineticsSeconds=0 timing_csrSeconds=0 timing_symbolicSeconds=0 timing_factorSeconds=0 timing_solveSeconds=0 realFluid_eosEvaluations=0 realFluid_referenceEvaluations=0 realFluid_derivativeEvaluations=0 realFluid_scalarAttempts=0 realFluid_scalarAccepted=0 realFluid_scalarFallbacks=0 realFluid_scalarIterations=0 realFluid_flashResiduals=0 realFluid_tangentBuilds=0 realFluid_tangentSolves=0 realFluid_sourceJv=0 realFluid_sourceJvFallbacks=0 trhoStateEvaluations=0 densityRootChecks=0 fullPhaseEvaluations=0 energyCvEvaluations=0 selectedMuEvaluations=0 partialHEvaluations=0 scalarProbes=0 bracketRejects=0 branchFallbacks=0 flashCandidates=0 linearizationBuilds=0 linearizationApplies=0 FzFactorizations=0 sourceRhsCalls=0 sourceDirectionProbes=0 RzBuilds=0 JvFallbacks=0 nasaCoefficientVisits=0 nasaAggregateBuilds=0 nasaAggregateEvaluations=0 exactMixingEvaluations=0 branchCertificates=0 matrixFreeSetups=0 matrixFreeProducts=0 matrixFreeIntegrations=0 matrixFreeIntegrationFallbacks=0 woodburySetups=0 woodburyFactors=0 woodburySolves=0 woodburyFallbacks=0 diagnosticJvCalls=0 oneSidedProbes=0 derivativeRetries=0 sourceAttempts=0 sourceAccepted=0 sourceFailed=0
REACTIVE_CHEMISTRY scope=combined rhsCalls=0 uvCalls=0 fixedStateCalls=0 structuredCalls=0 fallbackCalls=0 integrationFallbacks=0
REACTIVE_SPARSE scope=combined nnzMeaning=last_snapshot_sum setups=0 products=0 nonzeros=0 sparseIntegrations=0 denseIntegrations=0 denseFallbacks=0
REACTIVE_CHEMICAL_PROFILE scope=combined factorNnzMeaning=last_snapshot_sum jvSetups=0 preconditionerSetups=0 jacobianCacheHits=0 preconditionerReuses=0 patternBuilds=0 symbolicAnalyses=0 numericFactorizations=0 factorNonzeros=0 workspaceCreates=0 workspaceReinitializations=0 thermoSeconds=0 kineticsSeconds=0 csrSeconds=0 symbolicSeconds=0 factorSeconds=0 solveSeconds=0
REACTIVE_REAL_FLUID scope=combined eosEvaluations=0 scalarAttempts=0 scalarAccepted=0 scalarFallbacks=0 scalarIterations=0
REACTIVE_BATCH workers=1 capacity=4096 scratchBytes=6420824 batches=6 cells=24576 failures=0 scope=bounded_scratch_excludes_Cantera_CVODE_worker_allocations
REACTIVE_TRANSPORT_V21 layoutTiles=12 layoutLaunches=12 memcpyCalls=248 payloadBytes=12849376 nasaValidationEvaluations=0 nasaFaceEvaluations=0 detailedGasCounters=0 temperatureBasisBuilds=0 temperatureBasisBytes=0 pinnedBytes=294912 deviceStagingBytes=294912 slotCells=4096 slots=1 blockThreads=256 eventWaits=12 failedCalls=0 stageBarrier=full closureDownloadsPerRK=2 overlapValidated=0
REACTIVE_MEMORY liveBytes=9946924 peakBytes=9946924 bridgeBytes=294912 conservedWorkspaceBytes=589824 gasWorkspaceBytes=0 rhsWorkspaceBytes=0 d2dBytes=754440 synchronizations=117
REACTIVE_CAPILLARY_PROFILE enabled=1 geometryBuilds=25 geometryKernels=154 faceFluxBuilds=73728 workspaceBytes=5576084 closureIterations=6
REACTIVE_TRANSPORT allocatedBytes=9946924 uploadedBytes=7505628 downloadedBytes=4589308 kernelLaunches=220 stages=6 stepQueries=6
REACTIVE_TRANSFER conservedUploads=6 conservedUploadBytes=1769472 conservedDownloadBytes=1769472 stateUploadBytes=2752512 primitiveUploadBytes=786432 gasUploadBytes=0 boundaryPartitions=1
REACTIVE_DEVICE_PROPERTIES builds=0 cells=0 partitionUploadBytes=0 thermoTableBytes=0 gasStatusChecks=0 cflFaceLaunches=6 transportFaceLaunches=6 faceWorkspaceBytes=1769472
End
