/*---------------------------------------------------------------------------*\
| =========                 |                                                 |
| \\      /  F ield         | OpenFOAM: The Open Source CFD Toolbox           |
|  \\    /   O peration     | Version:  2512                                  |
|   \\  /    A nd           | Website:  www.openfoam.com                      |
|    \\/     M anipulation  |                                                 |
\*---------------------------------------------------------------------------*/
Build  : 5916a466-20260728 OPENFOAM=2512 version=v2512
Arch   : "LSB;label=32;scalar=64"
Exec   : /home/jsw/문서/analysis/spuma-multiphysics-spray-physics/bin/ReactiveFoam -case /home/jsw/문서/analysis/spuma-multiphysics-spray-physics/logs/static-convergence-20260923/solver-metric-n24
Date   : Sep 23 2026
Time   : 17:38:22
Host   : jsw-ubuntu
PID    : 404456
I/O    : uncollated
Case   : /home/jsw/문서/analysis/spuma-multiphysics-spray-physics/logs/static-convergence-20260923/solver-metric-n24
nProcs : 1
memory pool : not available
fileModificationChecking : Monitoring run-time modified files using timeStampMaster (fileModificationSkew 5, maxFileModificationPolls 20)
allowSystemOperations : Allowing user-supplied system call operations

// * * * * * * * * * * * * * * * * * * * * * * * * * * * * * * * * * * * * * //
Initializing CUDA devices

CUDA Driver Version / Runtime Version:  13.2 / 13.2
Number of threads per block: 128

Create dummyMemoryPool

Create time

Create mesh for time = 0

REACTIVE_RECOVERY mode=reference baseline=reference_candidate_search fallback=none
REACTIVE_CLOSURE_ACCELERATION exactBatchReuse=0 scalarBackend=cpu fullBackend=cuda deviceFullClosure=1 closureJacobian=finiteDifference requestedClosureJacobian=finiteDifference
REACTIVE_RUNTIME runId="404456-27291945682011" solverSha256="9c4af95712692de5a793470773ebe4222a229a4c9fca16b5265f6b7a7c3c6f9b" manifest={"schema":1,"backendPath":"/home/jsw/문서/analysis/spuma-multiphysics-spray-physics/lib/libpintleReactiveBackend.so","backendSha256":"7d3308ad0bf05428d25829ee9be55afd0f1149494573143bb9845ddbd760ad25","thermoConfiguration":"/home/jsw/문서/analysis/spuma-multiphysics-spray-physics/logs/static-convergence-20260923/solver-metric-n24-thermo.yaml","physicalModelHash":"8b303cf416cb0b3c58ff6146b47e791fb4b337ba5dfba1372b781a250f00b915","numericalPolicyHash":"7fea95b90bdef0c227af813306aea08ab7a3a0beb66a49acfd900a95537bd402","modelFingerprint":"fa7e017960276c1b6fe0292f9d8b1d9d31dedb2aea63cc6d6f6757667cbd294e","eos":"Peng-Robinson","closureBackend":"cuda","chemistryBackend":"cpu","deviceFullClosure":true,"deviceChemistryIntegration":false,"closureCpuFallback":false,"closureJacobian":"finiteDifference","solidN2O":false,"enforceSpeciesTemperatureBounds":true,"exactBatchReuse":false,"deviceCaloricCandidates":false,"deviceCaloricScope":"no-condensable-inventory; NASA/PR-alpha single interval; host branch/residual/stability approval","hemLibrary":"/home/jsw/문서/analysis/spuma-multiphysics-spray-physics/lib/libpintleReactiveTransport.so","hemLibrarySha256":"07434f8a9624d00bce8c9694ecaa997da227b6acb0cc4c1878d294ebfcf8e15f","hemNumericalPolicy":"legacy-fp64-separate-rn","deviceHemScope":"PR; nonreacting HEM; all reference candidates and boundary fallback; experimental"}
REACTIVE_CAPILLARY_INITIALIZATION backend=cuda method=curved-TP iterations=1 geometryResidual=3.3306690738754696e-16
REACTIVE_PHYSICS chemistry=0 combustion=0 phaseChange=frozen viscosity=0 heatConduction=0 speciesDiffusion=0 turbulence=none turbulentHeatFlux=0 turbulentSpeciesMixing=0 surfaceTension=1 interfaceModel=implicit-liquid-inventory-v1 totalEnergy=1 thermodynamicRecovery=1 frozenLiquidFields=1 transportedLiquidFields=1
REACTIVE_CAPILLARY sigma=0.01 geometryBackend=cuda tractionBackend=cuda closureBackend=cuda pressureModel=curved-phase-split surfaceEnergyInTotal=1 capillaryCfl=0.25 geometryScheme=C2-sharp-volume noPLIC=1
REACTIVE_PHYSICAL_MODEL hash=8b303cf416cb0b3c58ff6146b47e791fb4b337ba5dfba1372b781a250f00b915 numericalPolicyHash=7fea95b90bdef0c227af813306aea08ab7a3a0beb66a49acfd900a95537bd402 eos=Peng-Robinson realEOS=1 phaseEquilibrium=1 nonidealDiffusion=0 deviceClosure=1 deviceKinetics=0 mixtureLiquid=0
REACTIVE_BACKENDS transport=cuda thermodynamics=cuda chemistry=cpu chemicalLinearSolver=dense transportGasProperties=disabled
REACTIVE_MODEL cells=13824 species=4 reactions=0 liquids=1 estimatedHostBytes=49497088 chemistry=0
REACTIVE_SPECIES index=0 name=N2
REACTIVE_SPECIES index=1 name=O2
REACTIVE_SPECIES index=2 name=N2O
REACTIVE_SPECIES index=3 name=IC3H7OH
REACTIVE_CHECKPOINT time=0 acceptedSteps=0 complete=1 schema=3
REACTIVE_ATTEMPT_PROFILE attempt=2 accepted=1 retry=0 sourceCalls=0 fullPhaseEvaluations=0 scalarProbes=0 rootChecks=0 matrixFreeProducts=0 factorBuilds=0 workerJobElapsedSeconds=0
REACTIVE_STEP time=1.25032806331696e-08 dt=1.25032806331696e-08 retries=0 massResidual=0 energyResidual=0 momentumResidual=2.6309180493604057e-21 globalElementResidual=0 frozenLiquidResidual=0 speciesResidual=0 elementDrift=0 minP=3000000.0000000005 maxP=3000027.0270270272 minT=270 maxT=270 maxMach=1.7789823480313309e-16 minAlphaGas=0 maxAlphaGas=1 maxVolumeResidual=3.3306690738754696e-16 maxUVResidual=0 maxMuResidual=0 maxMechanicalResidual=0 seconds=0.01048583
REACTIVE_CAPILLARY_STEP time=1.25032806331696e-08 area=6.8813445484170205e-06 surfaceEnergy=6.8813445484170208e-08 liquidMass=1.5714082914611311e-06 closureResidual=0 recoveryCalls=3 outerIterations=3
REACTIVE_STEP_TIMINGS time=1.25032806331696e-08 cflSeconds=0.001533389 backupSeconds=0.0011232160000000002 transportSeconds=0.001440504 recoverySeconds=0.0062421360000000006 sourceSeconds=0 conservationSeconds=4.8847000000000002e-05 diagnosticsSeconds=6.4615000000000004e-05 nestedBatchPackSeconds=0.00024590999999999995 nestedBatchCallSeconds=0.0035968190000000002 nestedBatchScatterSeconds=0 nestedScalarPropertySeconds=0 otherSeconds=3.3122999999999418e-05
REACTIVE_GPU_HEM_STEP time=1.25032806331696e-08 batches=8 submitted=27648 succeeded=27648 cpuFallbacks=0 deviceFailures=0 phaseEvaluations=81455 residualEvaluations=0 analyticJacobians=0 finiteDifferenceJacobians=0 wallSeconds=0.0027768100000000011 kernelSeconds=0.0015104959905147559 copySeconds=0.00091734400391578659
REACTIVE_CHECKPOINT time=1.25032806331696e-08 acceptedSteps=1 complete=1 schema=3
REACTIVE_ATTEMPT_PROFILE attempt=3 accepted=1 retry=0 sourceCalls=0 fullPhaseEvaluations=0 scalarProbes=0 rootChecks=0 matrixFreeProducts=0 factorBuilds=0 workerJobElapsedSeconds=0
REACTIVE_STEP time=2.5006561266339199e-08 dt=1.25032806331696e-08 retries=0 massResidual=0 energyResidual=0 momentumResidual=5.2618360434405201e-21 globalElementResidual=0 frozenLiquidResidual=0 speciesResidual=0 elementDrift=0 minP=3000000.0000000005 maxP=3000027.0270270272 minT=270 maxT=270 maxMach=3.491906783900254e-16 minAlphaGas=0 maxAlphaGas=1 maxVolumeResidual=3.3306690738754696e-16 maxUVResidual=0 maxMuResidual=0 maxMechanicalResidual=0 seconds=0.0093519069999999996
REACTIVE_CAPILLARY_STEP time=2.5006561266339199e-08 area=6.8813445484170205e-06 surfaceEnergy=6.8813445484170208e-08 liquidMass=1.5714082914611311e-06 closureResidual=8.4703294725430034e-22 recoveryCalls=5 outerIterations=5
REACTIVE_STEP_TIMINGS time=2.5006561266339199e-08 cflSeconds=0.001316551 backupSeconds=0.00024470699999999999 transportSeconds=0.0013733420000000001 recoverySeconds=0.0062810520000000005 sourceSeconds=0 conservationSeconds=4.8418999999999998e-05 diagnosticsSeconds=6.3576000000000003e-05 nestedBatchPackSeconds=0.00023243800000000001 nestedBatchCallSeconds=0.0037357150000000001 nestedBatchScatterSeconds=0 nestedScalarPropertySeconds=0 otherSeconds=2.4260000000000056e-05
REACTIVE_GPU_HEM_STEP time=2.5006561266339199e-08 batches=8 submitted=27648 succeeded=27648 cpuFallbacks=0 deviceFailures=0 phaseEvaluations=81626 residualEvaluations=0 analyticJacobians=0 finiteDifferenceJacobians=0 wallSeconds=0.002941957999999998 kernelSeconds=0.0016783359944820414 copySeconds=0.00092630396783351912
REACTIVE_CHECKPOINT time=2.5006561266339199e-08 acceptedSteps=2 complete=1 schema=3
REACTIVE_ATTEMPT_PROFILE attempt=4 accepted=1 retry=0 sourceCalls=0 fullPhaseEvaluations=0 scalarProbes=0 rootChecks=0 matrixFreeProducts=0 factorBuilds=0 workerJobElapsedSeconds=0
REACTIVE_STEP time=3.7509841899508798e-08 dt=1.25032806331696e-08 retries=0 massResidual=0 energyResidual=0 momentumResidual=7.892754035397294e-21 globalElementResidual=0 frozenLiquidResidual=0 speciesResidual=0 elementDrift=0 minP=3000000.0000000005 maxP=3000027.0270270272 minT=270 maxT=270 maxMach=5.1388285046456646e-16 minAlphaGas=0 maxAlphaGas=1 maxVolumeResidual=3.3306690738754696e-16 maxUVResidual=0 maxMuResidual=0 maxMechanicalResidual=0 seconds=0.0094624170000000007
REACTIVE_CAPILLARY_STEP time=3.7509841899508798e-08 area=6.8813445484170205e-06 surfaceEnergy=6.8813445484170208e-08 liquidMass=1.5714082914611311e-06 closureResidual=2.1175823681357508e-21 recoveryCalls=7 outerIterations=7
REACTIVE_STEP_TIMINGS time=3.7509841899508798e-08 cflSeconds=0.001312688 backupSeconds=0.000244107 transportSeconds=0.001378123 recoverySeconds=0.0063915359999999997 sourceSeconds=0 conservationSeconds=4.9854000000000001e-05 diagnosticsSeconds=6.3662000000000001e-05 nestedBatchPackSeconds=0.00023735999999999999 nestedBatchCallSeconds=0.0038373240000000005 nestedBatchScatterSeconds=0 nestedScalarPropertySeconds=0 otherSeconds=2.2447000000001095e-05
REACTIVE_GPU_HEM_STEP time=3.7509841899508798e-08 batches=8 submitted=27648 succeeded=27648 cpuFallbacks=0 deviceFailures=0 phaseEvaluations=81748 residualEvaluations=0 analyticJacobians=0 finiteDifferenceJacobians=0 wallSeconds=0.003018423000000001 kernelSeconds=0.0017641600072383877 copySeconds=0.00091398400813341198
REACTIVE_ATTEMPT_PROFILE attempt=5 accepted=1 retry=0 sourceCalls=0 fullPhaseEvaluations=0 scalarProbes=0 rootChecks=0 matrixFreeProducts=0 factorBuilds=0 workerJobElapsedSeconds=0
REACTIVE_STEP time=5.0013122532678399e-08 dt=1.25032806331696e-08 retries=0 massResidual=0 energyResidual=0 momentumResidual=1.0523672029051995e-20 globalElementResidual=0 frozenLiquidResidual=0 speciesResidual=0 elementDrift=0 minP=3000000.0000000005 maxP=3000027.0270270272 minT=270 maxT=270 maxMach=6.7292105658958865e-16 minAlphaGas=0 maxAlphaGas=1 maxVolumeResidual=3.3306690738754696e-16 maxUVResidual=0 maxMuResidual=0 maxMechanicalResidual=0 seconds=0.0093605089999999995
REACTIVE_CAPILLARY_STEP time=5.0013122532678399e-08 area=6.8813445484170205e-06 surfaceEnergy=6.8813445484170208e-08 liquidMass=1.5714082914611311e-06 closureResidual=2.9646153153900512e-21 recoveryCalls=9 outerIterations=9
REACTIVE_STEP_TIMINGS time=5.0013122532678399e-08 cflSeconds=0.001262464 backupSeconds=0.00024026899999999999 transportSeconds=0.0013617999999999998 recoverySeconds=0.0063613960000000001 sourceSeconds=0 conservationSeconds=5.0659999999999999e-05 diagnosticsSeconds=6.5791999999999996e-05 nestedBatchPackSeconds=0.00023325099999999999 nestedBatchCallSeconds=0.0038399190000000002 nestedBatchScatterSeconds=0 nestedScalarPropertySeconds=0 otherSeconds=1.8128000000000461e-05
REACTIVE_GPU_HEM_STEP time=5.0013122532678399e-08 batches=8 submitted=27648 succeeded=27648 cpuFallbacks=0 deviceFailures=0 phaseEvaluations=81791 residualEvaluations=0 analyticJacobians=0 finiteDifferenceJacobians=0 wallSeconds=0.0030545289999999985 kernelSeconds=0.0018172159940004345 copySeconds=0.00090521598607301709
REACTIVE_ATTEMPT_PROFILE attempt=6 accepted=1 retry=0 sourceCalls=0 fullPhaseEvaluations=0 scalarProbes=0 rootChecks=0 matrixFreeProducts=0 factorBuilds=0 workerJobElapsedSeconds=0
REACTIVE_STEP time=5.9999999999999995e-08 dt=9.9868774673215956e-09 retries=0 massResidual=0 energyResidual=0 momentumResidual=1.2625092958721784e-20 globalElementResidual=0 frozenLiquidResidual=0 speciesResidual=0 elementDrift=0 minP=3000000.0000000005 maxP=3000027.0270270272 minT=270 maxT=270 maxMach=7.9664013398212364e-16 minAlphaGas=0 maxAlphaGas=1 maxVolumeResidual=3.3306690738754696e-16 maxUVResidual=0 maxMuResidual=0 maxMechanicalResidual=0 seconds=0.0094697570000000005
REACTIVE_CAPILLARY_STEP time=5.9999999999999995e-08 area=6.8813445484170205e-06 surfaceEnergy=6.8813445484170208e-08 liquidMass=1.5714082914611311e-06 closureResidual=2.1175823681357508e-21 recoveryCalls=11 outerIterations=11
REACTIVE_STEP_TIMINGS time=5.9999999999999995e-08 cflSeconds=0.0013035270000000001 backupSeconds=0.00023780200000000001 transportSeconds=0.0013804290000000001 recoverySeconds=0.0064167879999999997 sourceSeconds=0 conservationSeconds=4.9002999999999998e-05 diagnosticsSeconds=6.3913999999999998e-05 nestedBatchPackSeconds=0.000235632 nestedBatchCallSeconds=0.0038256360000000003 nestedBatchScatterSeconds=0 nestedScalarPropertySeconds=0 otherSeconds=1.8294000000000012e-05
REACTIVE_GPU_HEM_STEP time=5.9999999999999995e-08 batches=8 submitted=27648 succeeded=27648 cpuFallbacks=0 deviceFailures=0 phaseEvaluations=81792 residualEvaluations=0 analyticJacobians=0 finiteDifferenceJacobians=0 wallSeconds=0.0030328089999999974 kernelSeconds=0.0017823040336370465 copySeconds=0.00091670396924018859
REACTIVE_CHECKPOINT time=5.9999999999999995e-08 acceptedSteps=5 complete=1 schema=3
REACTIVE_PROFILE_V21 scope="prototype" jobElapsedSeconds=0 integrationFallbacks=0 chemical_rhsCalls=0 chemical_uvCalls=0 chemical_fixedStateCalls=0 chemical_jacobianCalls=0 chemical_structuredCalls=0 chemical_fallbackCalls=0 sparse_setups=0 sparse_products=0 sparse_preconditioners=0 sparse_preconditionerSolves=0 sparse_sparseIntegrations=0 sparse_denseIntegrations=0 sparse_denseFallbacks=0 sparse_nonzeros=0 timing_jvSetups=0 timing_preconditionerSetups=0 timing_jacobianCacheHits=0 timing_patternBuilds=0 timing_preconditionerReuses=0 timing_symbolicAnalyses=0 timing_numericFactorizations=0 timing_workspaceCreates=0 timing_workspaceReinitializations=0 timing_factorNonzeros=0 timing_thermoSeconds=0 timing_kineticsSeconds=0 timing_csrSeconds=0 timing_symbolicSeconds=0 timing_factorSeconds=0 timing_solveSeconds=0 realFluid_eosEvaluations=0 realFluid_referenceEvaluations=0 realFluid_derivativeEvaluations=0 realFluid_scalarAttempts=0 realFluid_scalarAccepted=0 realFluid_scalarFallbacks=0 realFluid_scalarIterations=0 realFluid_flashResiduals=0 realFluid_tangentBuilds=0 realFluid_tangentSolves=0 realFluid_sourceJv=0 realFluid_sourceJvFallbacks=0 trhoStateEvaluations=0 densityRootChecks=0 fullPhaseEvaluations=28382 energyCvEvaluations=0 selectedMuEvaluations=0 partialHEvaluations=0 scalarProbes=0 bracketRejects=0 branchFallbacks=0 flashCandidates=0 linearizationBuilds=0 linearizationApplies=0 FzFactorizations=0 sourceRhsCalls=0 sourceDirectionProbes=0 RzBuilds=0 JvFallbacks=0 nasaCoefficientVisits=0 nasaAggregateBuilds=0 nasaAggregateEvaluations=0 exactMixingEvaluations=0 branchCertificates=0 matrixFreeSetups=0 matrixFreeProducts=0 matrixFreeIntegrations=0 matrixFreeIntegrationFallbacks=0 woodburySetups=0 woodburyFactors=0 woodburySolves=0 woodburyFallbacks=0 diagnosticJvCalls=0 oneSidedProbes=0 derivativeRetries=0 sourceAttempts=0 sourceAccepted=0 sourceFailed=0
REACTIVE_PROFILE_V21 scope="worker_0" jobElapsedSeconds=0 integrationFallbacks=0 chemical_rhsCalls=0 chemical_uvCalls=0 chemical_fixedStateCalls=0 chemical_jacobianCalls=0 chemical_structuredCalls=0 chemical_fallbackCalls=0 sparse_setups=0 sparse_products=0 sparse_preconditioners=0 sparse_preconditionerSolves=0 sparse_sparseIntegrations=0 sparse_denseIntegrations=0 sparse_denseFallbacks=0 sparse_nonzeros=0 timing_jvSetups=0 timing_preconditionerSetups=0 timing_jacobianCacheHits=0 timing_patternBuilds=0 timing_preconditionerReuses=0 timing_symbolicAnalyses=0 timing_numericFactorizations=0 timing_workspaceCreates=0 timing_workspaceReinitializations=0 timing_factorNonzeros=0 timing_thermoSeconds=0 timing_kineticsSeconds=0 timing_csrSeconds=0 timing_symbolicSeconds=0 timing_factorSeconds=0 timing_solveSeconds=0 realFluid_eosEvaluations=0 realFluid_referenceEvaluations=0 realFluid_derivativeEvaluations=0 realFluid_scalarAttempts=0 realFluid_scalarAccepted=0 realFluid_scalarFallbacks=0 realFluid_scalarIterations=0 realFluid_flashResiduals=0 realFluid_tangentBuilds=0 realFluid_tangentSolves=0 realFluid_sourceJv=0 realFluid_sourceJvFallbacks=0 trhoStateEvaluations=0 densityRootChecks=0 fullPhaseEvaluations=0 energyCvEvaluations=0 selectedMuEvaluations=0 partialHEvaluations=0 scalarProbes=0 bracketRejects=0 branchFallbacks=0 flashCandidates=0 linearizationBuilds=0 linearizationApplies=0 FzFactorizations=0 sourceRhsCalls=0 sourceDirectionProbes=0 RzBuilds=0 JvFallbacks=0 nasaCoefficientVisits=0 nasaAggregateBuilds=0 nasaAggregateEvaluations=0 exactMixingEvaluations=0 branchCertificates=0 matrixFreeSetups=0 matrixFreeProducts=0 matrixFreeIntegrations=0 matrixFreeIntegrationFallbacks=0 woodburySetups=0 woodburyFactors=0 woodburySolves=0 woodburyFallbacks=0 diagnosticJvCalls=0 oneSidedProbes=0 derivativeRetries=0 sourceAttempts=0 sourceAccepted=0 sourceFailed=0
REACTIVE_PROFILE_V21 scope="workers" jobElapsedSeconds=0 integrationFallbacks=0 chemical_rhsCalls=0 chemical_uvCalls=0 chemical_fixedStateCalls=0 chemical_jacobianCalls=0 chemical_structuredCalls=0 chemical_fallbackCalls=0 sparse_setups=0 sparse_products=0 sparse_preconditioners=0 sparse_preconditionerSolves=0 sparse_sparseIntegrations=0 sparse_denseIntegrations=0 sparse_denseFallbacks=0 sparse_nonzeros=0 timing_jvSetups=0 timing_preconditionerSetups=0 timing_jacobianCacheHits=0 timing_patternBuilds=0 timing_preconditionerReuses=0 timing_symbolicAnalyses=0 timing_numericFactorizations=0 timing_workspaceCreates=0 timing_workspaceReinitializations=0 timing_factorNonzeros=0 timing_thermoSeconds=0 timing_kineticsSeconds=0 timing_csrSeconds=0 timing_symbolicSeconds=0 timing_factorSeconds=0 timing_solveSeconds=0 realFluid_eosEvaluations=0 realFluid_referenceEvaluations=0 realFluid_derivativeEvaluations=0 realFluid_scalarAttempts=0 realFluid_scalarAccepted=0 realFluid_scalarFallbacks=0 realFluid_scalarIterations=0 realFluid_flashResiduals=0 realFluid_tangentBuilds=0 realFluid_tangentSolves=0 realFluid_sourceJv=0 realFluid_sourceJvFallbacks=0 trhoStateEvaluations=0 densityRootChecks=0 fullPhaseEvaluations=0 energyCvEvaluations=0 selectedMuEvaluations=0 partialHEvaluations=0 scalarProbes=0 bracketRejects=0 branchFallbacks=0 flashCandidates=0 linearizationBuilds=0 linearizationApplies=0 FzFactorizations=0 sourceRhsCalls=0 sourceDirectionProbes=0 RzBuilds=0 JvFallbacks=0 nasaCoefficientVisits=0 nasaAggregateBuilds=0 nasaAggregateEvaluations=0 exactMixingEvaluations=0 branchCertificates=0 matrixFreeSetups=0 matrixFreeProducts=0 matrixFreeIntegrations=0 matrixFreeIntegrationFallbacks=0 woodburySetups=0 woodburyFactors=0 woodburySolves=0 woodburyFallbacks=0 diagnosticJvCalls=0 oneSidedProbes=0 derivativeRetries=0 sourceAttempts=0 sourceAccepted=0 sourceFailed=0
REACTIVE_CLOSURE_PROFILE eligibleCells=0 uniqueCells=0 reusedCells=0 failedRepresentativeRetries=0 gpuSubmitted=0 gpuConverged=0 gpuApproved=0 gpuRejected=0 gpuUnsupported=0 gpuLaunches=0 gpuTransferBytes=0 hostBytes=32768 liquidCacheHits=0 liquidCacheMisses=0 deviceBytes=0 classifySeconds=0.00015063300000000001 prepareSeconds=0 gpuWallSeconds=0 gpuKernelSeconds=0 gpuCopySeconds=0
REACTIVE_GPU_HEM batches=48 submitted=165888 succeeded=165888 cpuFallbacks=0 deviceFailures=0 phaseEvaluations=477485 residualEvaluations=0 flashCandidates=0 stableCandidates=0 transferBytes=71555328 analyticJacobians=0 finiteDifferenceJacobians=0 hostBytes=3340632 deviceBytes=2029992 wallSeconds=0.020897723999999996 kernelSeconds=0.013247199773788453 copySeconds=0.0055729599520564083
REACTIVE_BATCH_V21 attempted=44 accepted=44 failed=0 batchWallSeconds=0.023482981000000003 workerJobSecondsSum=0 workerJobSecondsMax=0 poolScratchBytes=6420824 flowStagingBytes=884736 workerOwnedBytesKnownLowerBound=58104 workerInternalBytesUnmeasured=1
REACTIVE_WORKER_TIME metric=thermoSeconds sum=0 max=0
REACTIVE_WORKER_TIME metric=kineticsSeconds sum=0 max=0
REACTIVE_WORKER_TIME metric=csrSeconds sum=0 max=0
REACTIVE_WORKER_TIME metric=symbolicSeconds sum=0 max=0
REACTIVE_WORKER_TIME metric=factorSeconds sum=0 max=0
REACTIVE_WORKER_TIME metric=solveSeconds sum=0 max=0
REACTIVE_PROFILE_V21 scope="combined" jobElapsedSeconds=0 integrationFallbacks=0 chemical_rhsCalls=0 chemical_uvCalls=0 chemical_fixedStateCalls=0 chemical_jacobianCalls=0 chemical_structuredCalls=0 chemical_fallbackCalls=0 sparse_setups=0 sparse_products=0 sparse_preconditioners=0 sparse_preconditionerSolves=0 sparse_sparseIntegrations=0 sparse_denseIntegrations=0 sparse_denseFallbacks=0 sparse_nonzeros=0 timing_jvSetups=0 timing_preconditionerSetups=0 timing_jacobianCacheHits=0 timing_patternBuilds=0 timing_preconditionerReuses=0 timing_symbolicAnalyses=0 timing_numericFactorizations=0 timing_workspaceCreates=0 timing_workspaceReinitializations=0 timing_factorNonzeros=0 timing_thermoSeconds=0 timing_kineticsSeconds=0 timing_csrSeconds=0 timing_symbolicSeconds=0 timing_factorSeconds=0 timing_solveSeconds=0 realFluid_eosEvaluations=0 realFluid_referenceEvaluations=0 realFluid_derivativeEvaluations=0 realFluid_scalarAttempts=0 realFluid_scalarAccepted=0 realFluid_scalarFallbacks=0 realFluid_scalarIterations=0 realFluid_flashResiduals=0 realFluid_tangentBuilds=0 realFluid_tangentSolves=0 realFluid_sourceJv=0 realFluid_sourceJvFallbacks=0 trhoStateEvaluations=0 densityRootChecks=0 fullPhaseEvaluations=28382 energyCvEvaluations=0 selectedMuEvaluations=0 partialHEvaluations=0 scalarProbes=0 bracketRejects=0 branchFallbacks=0 flashCandidates=0 linearizationBuilds=0 linearizationApplies=0 FzFactorizations=0 sourceRhsCalls=0 sourceDirectionProbes=0 RzBuilds=0 JvFallbacks=0 nasaCoefficientVisits=0 nasaAggregateBuilds=0 nasaAggregateEvaluations=0 exactMixingEvaluations=0 branchCertificates=0 matrixFreeSetups=0 matrixFreeProducts=0 matrixFreeIntegrations=0 matrixFreeIntegrationFallbacks=0 woodburySetups=0 woodburyFactors=0 woodburySolves=0 woodburyFallbacks=0 diagnosticJvCalls=0 oneSidedProbes=0 derivativeRetries=0 sourceAttempts=0 sourceAccepted=0 sourceFailed=0
REACTIVE_CHEMISTRY scope=combined rhsCalls=0 uvCalls=0 fixedStateCalls=0 structuredCalls=0 fallbackCalls=0 integrationFallbacks=0
REACTIVE_SPARSE scope=combined nnzMeaning=last_snapshot_sum setups=0 products=0 nonzeros=0 sparseIntegrations=0 denseIntegrations=0 denseFallbacks=0
REACTIVE_CHEMICAL_PROFILE scope=combined factorNnzMeaning=last_snapshot_sum jvSetups=0 preconditionerSetups=0 jacobianCacheHits=0 preconditionerReuses=0 patternBuilds=0 symbolicAnalyses=0 numericFactorizations=0 factorNonzeros=0 workspaceCreates=0 workspaceReinitializations=0 thermoSeconds=0 kineticsSeconds=0 csrSeconds=0 symbolicSeconds=0 factorSeconds=0 solveSeconds=0
REACTIVE_REAL_FLUID scope=combined eosEvaluations=0 scalarAttempts=0 scalarAccepted=0 scalarFallbacks=0 scalarIterations=0
REACTIVE_BATCH workers=1 capacity=4096 scratchBytes=6420824 batches=44 cells=152064 failures=0 scope=bounded_scratch_excludes_Cantera_CVODE_worker_allocations
REACTIVE_TRANSPORT_V21 layoutTiles=20 layoutLaunches=20 memcpyCalls=821 payloadBytes=65386312 nasaValidationEvaluations=0 nasaFaceEvaluations=0 detailedGasCounters=0 temperatureBasisBuilds=0 temperatureBasisBytes=0 pinnedBytes=995328 deviceStagingBytes=995328 slotCells=13824 slots=1 blockThreads=256 eventWaits=20 failedCalls=0 stageBarrier=full closureDownloadsPerRK=2 overlapValidated=0
REACTIVE_MEMORY liveBytes=32910156 peakBytes=32910156 bridgeBytes=995328 conservedWorkspaceBytes=1990656 gasWorkspaceBytes=0 rhsWorkspaceBytes=0 d2dBytes=2777976 synchronizations=602
REACTIVE_CAPILLARY_PROFILE enabled=1 geometryBuilds=43 geometryKernels=1121 faceFluxBuilds=414720 workspaceBytes=18158932 closureIterations=11
REACTIVE_TRANSPORT allocatedBytes=32910156 uploadedBytes=39080988 downloadedBytes=23527348 kernelLaunches=1231 stages=10 stepQueries=10
REACTIVE_TRANSFER conservedUploads=10 conservedUploadBytes=9953280 conservedDownloadBytes=9953280 stateUploadBytes=15482880 primitiveUploadBytes=4423680 gasUploadBytes=0 boundaryPartitions=1
REACTIVE_DEVICE_PROPERTIES builds=0 cells=0 partitionUploadBytes=0 thermoTableBytes=0 gasStatusChecks=0 cflFaceLaunches=10 transportFaceLaunches=10 faceWorkspaceBytes=5971968
End
