/*---------------------------------------------------------------------------*\
| =========                 |                                                 |
| \\      /  F ield         | OpenFOAM: The Open Source CFD Toolbox           |
|  \\    /   O peration     | Version:  2512                                  |
|   \\  /    A nd           | Website:  www.openfoam.com                      |
|    \\/     M anipulation  |                                                 |
\*---------------------------------------------------------------------------*/
Build  : 5916a466-20260728 OPENFOAM=2512 version=v2512
Arch   : "LSB;label=32;scalar=64"
Exec   : /home/jsw/문서/analysis/spuma-multiphysics-spray-physics/bin/ReactiveFoam -case /home/jsw/문서/analysis/spuma-multiphysics-spray-physics/logs/static-convergence-20260923/solver-metric-n32
Date   : Sep 23 2026
Time   : 17:39:35
Host   : jsw-ubuntu
PID    : 406766
I/O    : uncollated
Case   : /home/jsw/문서/analysis/spuma-multiphysics-spray-physics/logs/static-convergence-20260923/solver-metric-n32
nProcs : 1
memory pool : not available
fileModificationChecking : Monitoring run-time modified files using timeStampMaster (fileModificationSkew 5, maxFileModificationPolls 20)
allowSystemOperations : Allowing user-supplied system call operations

// * * * * * * * * * * * * * * * * * * * * * * * * * * * * * * * * * * * * * //
Initializing CUDA devices

CUDA Driver Version / Runtime Version:  13.2 / 13.2
Number of threads per block: 128

Create dummyMemoryPool

Create time

Create mesh for time = 0

REACTIVE_RECOVERY mode=reference baseline=reference_candidate_search fallback=none
REACTIVE_CLOSURE_ACCELERATION exactBatchReuse=0 scalarBackend=cpu fullBackend=cuda deviceFullClosure=1 closureJacobian=finiteDifference requestedClosureJacobian=finiteDifference
REACTIVE_RUNTIME runId="406766-27364553443898" solverSha256="9c4af95712692de5a793470773ebe4222a229a4c9fca16b5265f6b7a7c3c6f9b" manifest={"schema":1,"backendPath":"/home/jsw/문서/analysis/spuma-multiphysics-spray-physics/lib/libpintleReactiveBackend.so","backendSha256":"7d3308ad0bf05428d25829ee9be55afd0f1149494573143bb9845ddbd760ad25","thermoConfiguration":"/home/jsw/문서/analysis/spuma-multiphysics-spray-physics/logs/static-convergence-20260923/solver-metric-n32-thermo.yaml","physicalModelHash":"8b303cf416cb0b3c58ff6146b47e791fb4b337ba5dfba1372b781a250f00b915","numericalPolicyHash":"7fea95b90bdef0c227af813306aea08ab7a3a0beb66a49acfd900a95537bd402","modelFingerprint":"fa7e017960276c1b6fe0292f9d8b1d9d31dedb2aea63cc6d6f6757667cbd294e","eos":"Peng-Robinson","closureBackend":"cuda","chemistryBackend":"cpu","deviceFullClosure":true,"deviceChemistryIntegration":false,"closureCpuFallback":false,"closureJacobian":"finiteDifference","solidN2O":false,"enforceSpeciesTemperatureBounds":true,"exactBatchReuse":false,"deviceCaloricCandidates":false,"deviceCaloricScope":"no-condensable-inventory; NASA/PR-alpha single interval; host branch/residual/stability approval","hemLibrary":"/home/jsw/문서/analysis/spuma-multiphysics-spray-physics/lib/libpintleReactiveTransport.so","hemLibrarySha256":"07434f8a9624d00bce8c9694ecaa997da227b6acb0cc4c1878d294ebfcf8e15f","hemNumericalPolicy":"legacy-fp64-separate-rn","deviceHemScope":"PR; nonreacting HEM; all reference candidates and boundary fallback; experimental"}
REACTIVE_CAPILLARY_INITIALIZATION backend=cuda method=curved-TP iterations=1 geometryResidual=3.3306690738754696e-16
REACTIVE_PHYSICS chemistry=0 combustion=0 phaseChange=frozen viscosity=0 heatConduction=0 speciesDiffusion=0 turbulence=none turbulentHeatFlux=0 turbulentSpeciesMixing=0 surfaceTension=1 interfaceModel=implicit-liquid-inventory-v1 totalEnergy=1 thermodynamicRecovery=1 frozenLiquidFields=1 transportedLiquidFields=1
REACTIVE_CAPILLARY sigma=0.01 geometryBackend=cuda tractionBackend=cuda closureBackend=cuda pressureModel=curved-phase-split surfaceEnergyInTotal=1 capillaryCfl=0.25 geometryScheme=C2-sharp-volume noPLIC=1
REACTIVE_PHYSICAL_MODEL hash=8b303cf416cb0b3c58ff6146b47e791fb4b337ba5dfba1372b781a250f00b915 numericalPolicyHash=7fea95b90bdef0c227af813306aea08ab7a3a0beb66a49acfd900a95537bd402 eos=Peng-Robinson realEOS=1 phaseEquilibrium=1 nonidealDiffusion=0 deviceClosure=1 deviceKinetics=0 mixtureLiquid=0
REACTIVE_BACKENDS transport=cuda thermodynamics=cuda chemistry=cpu chemicalLinearSolver=dense transportGasProperties=disabled
REACTIVE_MODEL cells=32768 species=4 reactions=0 liquids=1 estimatedHostBytes=100004864 chemistry=0
REACTIVE_SPECIES index=0 name=N2
REACTIVE_SPECIES index=1 name=O2
REACTIVE_SPECIES index=2 name=N2O
REACTIVE_SPECIES index=3 name=IC3H7OH
REACTIVE_CHECKPOINT time=0 acceptedSteps=0 complete=1 schema=3
REACTIVE_ATTEMPT_PROFILE attempt=2 accepted=1 retry=0 sourceCalls=0 fullPhaseEvaluations=0 scalarProbes=0 rootChecks=0 matrixFreeProducts=0 factorBuilds=0 workerJobElapsedSeconds=0
REACTIVE_STEP time=9.377460474877158e-09 dt=9.377460474877158e-09 retries=0 massResidual=0 energyResidual=0 momentumResidual=4.2189513892307054e-21 globalElementResidual=0 frozenLiquidResidual=0 speciesResidual=0 elementDrift=0 minP=3000000.0000000005 maxP=3000027.0270270272 minT=270 maxT=270 maxMach=2.3861624604686048e-16 minAlphaGas=0 maxAlphaGas=1 maxVolumeResidual=3.3306690738754696e-16 maxUVResidual=5.425994879784322e-19 maxMuResidual=0 maxMechanicalResidual=0 seconds=0.022248641
REACTIVE_CAPILLARY_STEP time=9.377460474877158e-09 area=6.8813445483999511e-06 surfaceEnergy=6.8813445483999518e-08 liquidMass=1.5714082914570611e-06 closureResidual=8.4703294725430034e-22 recoveryCalls=3 outerIterations=3
REACTIVE_STEP_TIMINGS time=9.377460474877158e-09 cflSeconds=0.0033089080000000002 backupSeconds=0.0016513589999999998 transportSeconds=0.0033014989999999998 recoverySeconds=0.013687080000000001 sourceSeconds=0 conservationSeconds=0.000114914 diagnosticsSeconds=0.00015040400000000001 nestedBatchPackSeconds=0.000554405 nestedBatchCallSeconds=0.0077865340000000012 nestedBatchScatterSeconds=0 nestedScalarPropertySeconds=0 otherSeconds=3.4477000000001994e-05
REACTIVE_GPU_HEM_STEP time=9.377460474877158e-09 batches=16 submitted=65536 succeeded=65536 cpuFallbacks=0 deviceFailures=0 phaseEvaluations=193075 residualEvaluations=0 analyticJacobians=0 finiteDifferenceJacobians=0 wallSeconds=0.0059061819999999994 kernelSeconds=0.0030735359787940984 copySeconds=0.0020669760257005696
REACTIVE_CHECKPOINT time=9.377460474877158e-09 acceptedSteps=1 complete=1 schema=3
REACTIVE_ATTEMPT_PROFILE attempt=3 accepted=1 retry=0 sourceCalls=0 fullPhaseEvaluations=0 scalarProbes=0 rootChecks=0 matrixFreeProducts=0 factorBuilds=0 workerJobElapsedSeconds=0
REACTIVE_STEP time=1.8754920949754316e-08 dt=9.377460474877158e-09 retries=0 massResidual=0 energyResidual=0 momentumResidual=8.4379025481435729e-21 globalElementResidual=0 frozenLiquidResidual=0 speciesResidual=0 elementDrift=0 minP=3000000.0000000005 maxP=3000027.0270270272 minT=270 maxT=270 maxMach=4.6656134651947122e-16 minAlphaGas=0 maxAlphaGas=1 maxVolumeResidual=3.3306690738754696e-16 maxUVResidual=5.425994879784322e-19 maxMuResidual=0 maxMechanicalResidual=0 seconds=0.020755756
REACTIVE_CAPILLARY_STEP time=1.8754920949754316e-08 area=6.8813445483999511e-06 surfaceEnergy=6.8813445483999518e-08 liquidMass=1.5714082914570611e-06 closureResidual=2.1175823681357508e-21 recoveryCalls=5 outerIterations=5
REACTIVE_STEP_TIMINGS time=1.8754920949754316e-08 cflSeconds=0.0031342399999999999 backupSeconds=0.00060515700000000005 transportSeconds=0.0032304169999999998 recoverySeconds=0.013493768999999999 sourceSeconds=0 conservationSeconds=0.000116531 diagnosticsSeconds=0.00015025499999999999 nestedBatchPackSeconds=0.00053568400000000003 nestedBatchCallSeconds=0.0078313330000000011 nestedBatchScatterSeconds=0 nestedScalarPropertySeconds=0 otherSeconds=2.5387000000003205e-05
REACTIVE_GPU_HEM_STEP time=1.8754920949754316e-08 batches=16 submitted=65536 succeeded=65536 cpuFallbacks=0 deviceFailures=0 phaseEvaluations=193478 residualEvaluations=0 analyticJacobians=0 finiteDifferenceJacobians=0 wallSeconds=0.0059591199999999914 kernelSeconds=0.0031266879886388769 copySeconds=0.0020646720379590994
REACTIVE_ATTEMPT_PROFILE attempt=4 accepted=1 retry=0 sourceCalls=0 fullPhaseEvaluations=0 scalarProbes=0 rootChecks=0 matrixFreeProducts=0 factorBuilds=0 workerJobElapsedSeconds=0
REACTIVE_STEP time=2.8132381424631476e-08 dt=9.377460474877158e-09 retries=0 massResidual=0 energyResidual=0 momentumResidual=1.2656853433608975e-20 globalElementResidual=0 frozenLiquidResidual=0 speciesResidual=0 elementDrift=0 minP=3000000.0000000005 maxP=3000027.0270270272 minT=270 maxT=270 maxMach=6.8650321460765542e-16 minAlphaGas=0 maxAlphaGas=1 maxVolumeResidual=3.3306690738754696e-16 maxUVResidual=5.425994879784322e-19 maxMuResidual=0 maxMechanicalResidual=0 seconds=0.020614179
REACTIVE_CAPILLARY_STEP time=2.8132381424631476e-08 area=6.8813445483999511e-06 surfaceEnergy=6.8813445483999518e-08 liquidMass=1.5714082914570611e-06 closureResidual=6.7762635780344027e-21 recoveryCalls=7 outerIterations=7
REACTIVE_STEP_TIMINGS time=2.8132381424631476e-08 cflSeconds=0.0029708080000000001 backupSeconds=0.000576832 transportSeconds=0.0031889539999999999 recoverySeconds=0.013587424000000001 sourceSeconds=0 conservationSeconds=0.00011757899999999999 diagnosticsSeconds=0.00015175099999999999 nestedBatchPackSeconds=0.00053675100000000002 nestedBatchCallSeconds=0.0078852889999999985 nestedBatchScatterSeconds=0 nestedScalarPropertySeconds=0 otherSeconds=2.0830999999997145e-05
REACTIVE_GPU_HEM_STEP time=2.8132381424631476e-08 batches=16 submitted=65536 succeeded=65536 cpuFallbacks=0 deviceFailures=0 phaseEvaluations=193813 residualEvaluations=0 analyticJacobians=0 finiteDifferenceJacobians=0 wallSeconds=0.006051479999999998 kernelSeconds=0.0031814720779657375 copySeconds=0.0021030720174312597
REACTIVE_CHECKPOINT time=2.8132381424631476e-08 acceptedSteps=3 complete=1 schema=3
REACTIVE_ATTEMPT_PROFILE attempt=5 accepted=1 retry=0 sourceCalls=0 fullPhaseEvaluations=0 scalarProbes=0 rootChecks=0 matrixFreeProducts=0 factorBuilds=0 workerJobElapsedSeconds=0
REACTIVE_STEP time=3.7509841899508632e-08 dt=9.377460474877158e-09 retries=0 massResidual=0 energyResidual=0 momentumResidual=1.6875804172660909e-20 globalElementResidual=0 frozenLiquidResidual=0 speciesResidual=0 elementDrift=0 minP=3000000.0000000005 maxP=3000027.0270270272 minT=270 maxT=270 maxMach=8.9847248958629228e-16 minAlphaGas=0 maxAlphaGas=1 maxVolumeResidual=3.3306690738754696e-16 maxUVResidual=5.425994879784322e-19 maxMuResidual=0 maxMechanicalResidual=0 seconds=0.021317552
REACTIVE_CAPILLARY_STEP time=3.7509841899508632e-08 area=6.8813445483999511e-06 surfaceEnergy=6.8813445483999518e-08 liquidMass=1.5714082914570611e-06 closureResidual=1.3552527156068805e-20 recoveryCalls=9 outerIterations=9
REACTIVE_STEP_TIMINGS time=3.7509841899508632e-08 cflSeconds=0.0032148109999999997 backupSeconds=0.00062590400000000004 transportSeconds=0.003226774 recoverySeconds=0.013938424 sourceSeconds=0 conservationSeconds=0.00012608500000000001 diagnosticsSeconds=0.00015291799999999999 nestedBatchPackSeconds=0.00055834100000000007 nestedBatchCallSeconds=0.0081206879999999992 nestedBatchScatterSeconds=0 nestedScalarPropertySeconds=0 otherSeconds=3.2635999999998974e-05
REACTIVE_GPU_HEM_STEP time=3.7509841899508632e-08 batches=16 submitted=65536 succeeded=65536 cpuFallbacks=0 deviceFailures=0 phaseEvaluations=194011 residualEvaluations=0 analyticJacobians=0 finiteDifferenceJacobians=0 wallSeconds=0.006214380999999998 kernelSeconds=0.003325472041964532 copySeconds=0.0020941440016031248
REACTIVE_ATTEMPT_PROFILE attempt=6 accepted=1 retry=0 sourceCalls=0 fullPhaseEvaluations=0 scalarProbes=0 rootChecks=0 matrixFreeProducts=0 factorBuilds=0 workerJobElapsedSeconds=0
REACTIVE_STEP time=4.6887302374385789e-08 dt=9.377460474877158e-09 retries=0 massResidual=0 energyResidual=0 momentumResidual=2.1094755316502021e-20 globalElementResidual=0 frozenLiquidResidual=0 speciesResidual=0 elementDrift=0 minP=3000000.0000000005 maxP=3000027.0270270272 minT=270 maxT=270 maxMach=1.1024410976666327e-15 minAlphaGas=0 maxAlphaGas=1 maxVolumeResidual=3.3306690738754696e-16 maxUVResidual=5.425994879784322e-19 maxMuResidual=0 maxMechanicalResidual=0 seconds=0.020874199
REACTIVE_CAPILLARY_STEP time=4.6887302374385789e-08 area=6.8813445483999511e-06 surfaceEnergy=6.8813445483999518e-08 liquidMass=1.5714082914570611e-06 closureResidual=1.3552527156068805e-20 recoveryCalls=11 outerIterations=11
REACTIVE_STEP_TIMINGS time=4.6887302374385789e-08 cflSeconds=0.0030042319999999999 backupSeconds=0.00058102899999999994 transportSeconds=0.0031789159999999999 recoverySeconds=0.013810405 sourceSeconds=0 conservationSeconds=0.000125332 diagnosticsSeconds=0.000150097 nestedBatchPackSeconds=0.00053499799999999985 nestedBatchCallSeconds=0.0081105090000000001 nestedBatchScatterSeconds=0 nestedScalarPropertySeconds=0 otherSeconds=2.4188000000000291e-05
REACTIVE_GPU_HEM_STEP time=4.6887302374385789e-08 batches=16 submitted=65536 succeeded=65536 cpuFallbacks=0 deviceFailures=0 phaseEvaluations=194052 residualEvaluations=0 analyticJacobians=0 finiteDifferenceJacobians=0 wallSeconds=0.0062766689999999778 kernelSeconds=0.0034083521068096166 copySeconds=0.0020928959697484942
REACTIVE_ATTEMPT_PROFILE attempt=7 accepted=1 retry=0 sourceCalls=0 fullPhaseEvaluations=0 scalarProbes=0 rootChecks=0 matrixFreeProducts=0 factorBuilds=0 workerJobElapsedSeconds=0
REACTIVE_STEP time=5.6264762849262945e-08 dt=9.377460474877158e-09 retries=0 massResidual=0 energyResidual=0 momentumResidual=2.5313706305317674e-20 globalElementResidual=0 frozenLiquidResidual=0 speciesResidual=0 elementDrift=0 minP=3000000.0000000005 maxP=3000027.0270270272 minT=270 maxT=270 maxMach=1.2984086543875601e-15 minAlphaGas=0 maxAlphaGas=1 maxVolumeResidual=3.3306690738754696e-16 maxUVResidual=1.0902884929996985e-18 maxMuResidual=0 maxMechanicalResidual=0 seconds=0.020775729
REACTIVE_CAPILLARY_STEP time=5.6264762849262945e-08 area=6.8813445483999511e-06 surfaceEnergy=6.8813445483999518e-08 liquidMass=1.5714082914570611e-06 closureResidual=2.0328790734103208e-20 recoveryCalls=13 outerIterations=13
REACTIVE_STEP_TIMINGS time=5.6264762849262945e-08 cflSeconds=0.0030146909999999999 backupSeconds=0.000560967 transportSeconds=0.0031727559999999997 recoverySeconds=0.013737096000000001 sourceSeconds=0 conservationSeconds=0.00011558 diagnosticsSeconds=0.00015294700000000001 nestedBatchPackSeconds=0.00053877600000000014 nestedBatchCallSeconds=0.0080837249999999999 nestedBatchScatterSeconds=0 nestedScalarPropertySeconds=0 otherSeconds=2.1692000000001269e-05
REACTIVE_GPU_HEM_STEP time=5.6264762849262945e-08 batches=16 submitted=65536 succeeded=65536 cpuFallbacks=0 deviceFailures=0 phaseEvaluations=194054 residualEvaluations=0 analyticJacobians=0 finiteDifferenceJacobians=0 wallSeconds=0.0062397340000000037 kernelSeconds=0.003406400054693226 copySeconds=0.0020771839916706065
REACTIVE_CHECKPOINT time=5.6264762849262945e-08 acceptedSteps=6 complete=1 schema=3
REACTIVE_ATTEMPT_PROFILE attempt=8 accepted=1 retry=0 sourceCalls=0 fullPhaseEvaluations=0 scalarProbes=0 rootChecks=0 matrixFreeProducts=0 factorBuilds=0 workerJobElapsedSeconds=0
REACTIVE_STEP time=5.9999999999999995e-08 dt=3.7352371507370497e-09 retries=0 massResidual=0 energyResidual=0 momentumResidual=2.6994202192191559e-20 globalElementResidual=0 frozenLiquidResidual=0 speciesResidual=0 elementDrift=0 minP=3000000.0000000005 maxP=3000027.0270270272 minT=270 maxT=270 maxMach=1.3743419441666399e-15 minAlphaGas=0 maxAlphaGas=1 maxVolumeResidual=3.3306690738754696e-16 maxUVResidual=1.0902884929996985e-18 maxMuResidual=0 maxMechanicalResidual=0 seconds=0.021266884
REACTIVE_CAPILLARY_STEP time=5.9999999999999995e-08 area=6.8813445483999511e-06 surfaceEnergy=6.8813445483999518e-08 liquidMass=1.5714082914570611e-06 closureResidual=6.7762635780344027e-21 recoveryCalls=15 outerIterations=15
REACTIVE_STEP_TIMINGS time=5.9999999999999995e-08 cflSeconds=0.0032577330000000001 backupSeconds=0.00060371800000000005 transportSeconds=0.0032289989999999998 recoverySeconds=0.013882733000000001 sourceSeconds=0 conservationSeconds=0.00011711 diagnosticsSeconds=0.00015141300000000001 nestedBatchPackSeconds=0.00054408500000000003 nestedBatchCallSeconds=0.0081628919999999997 nestedBatchScatterSeconds=0 nestedScalarPropertySeconds=0 otherSeconds=2.5178000000000375e-05
REACTIVE_GPU_HEM_STEP time=5.9999999999999995e-08 batches=16 submitted=65536 succeeded=65536 cpuFallbacks=0 deviceFailures=0 phaseEvaluations=194054 residualEvaluations=0 analyticJacobians=0 finiteDifferenceJacobians=0 wallSeconds=0.006299825000000002 kernelSeconds=0.0034139840751886384 copySeconds=0.0021173120141029442
REACTIVE_CHECKPOINT time=5.9999999999999995e-08 acceptedSteps=7 complete=1 schema=3
REACTIVE_PROFILE_V21 scope="prototype" jobElapsedSeconds=0 integrationFallbacks=0 chemical_rhsCalls=0 chemical_uvCalls=0 chemical_fixedStateCalls=0 chemical_jacobianCalls=0 chemical_structuredCalls=0 chemical_fallbackCalls=0 sparse_setups=0 sparse_products=0 sparse_preconditioners=0 sparse_preconditionerSolves=0 sparse_sparseIntegrations=0 sparse_denseIntegrations=0 sparse_denseFallbacks=0 sparse_nonzeros=0 timing_jvSetups=0 timing_preconditionerSetups=0 timing_jacobianCacheHits=0 timing_patternBuilds=0 timing_preconditionerReuses=0 timing_symbolicAnalyses=0 timing_numericFactorizations=0 timing_workspaceCreates=0 timing_workspaceReinitializations=0 timing_factorNonzeros=0 timing_thermoSeconds=0 timing_kineticsSeconds=0 timing_csrSeconds=0 timing_symbolicSeconds=0 timing_factorSeconds=0 timing_solveSeconds=0 realFluid_eosEvaluations=0 realFluid_referenceEvaluations=0 realFluid_derivativeEvaluations=0 realFluid_scalarAttempts=0 realFluid_scalarAccepted=0 realFluid_scalarFallbacks=0 realFluid_scalarIterations=0 realFluid_flashResiduals=0 realFluid_tangentBuilds=0 realFluid_tangentSolves=0 realFluid_sourceJv=0 realFluid_sourceJvFallbacks=0 trhoStateEvaluations=0 densityRootChecks=0 fullPhaseEvaluations=66902 energyCvEvaluations=0 selectedMuEvaluations=0 partialHEvaluations=0 scalarProbes=0 bracketRejects=0 branchFallbacks=0 flashCandidates=0 linearizationBuilds=0 linearizationApplies=0 FzFactorizations=0 sourceRhsCalls=0 sourceDirectionProbes=0 RzBuilds=0 JvFallbacks=0 nasaCoefficientVisits=0 nasaAggregateBuilds=0 nasaAggregateEvaluations=0 exactMixingEvaluations=0 branchCertificates=0 matrixFreeSetups=0 matrixFreeProducts=0 matrixFreeIntegrations=0 matrixFreeIntegrationFallbacks=0 woodburySetups=0 woodburyFactors=0 woodburySolves=0 woodburyFallbacks=0 diagnosticJvCalls=0 oneSidedProbes=0 derivativeRetries=0 sourceAttempts=0 sourceAccepted=0 sourceFailed=0
REACTIVE_PROFILE_V21 scope="worker_0" jobElapsedSeconds=0 integrationFallbacks=0 chemical_rhsCalls=0 chemical_uvCalls=0 chemical_fixedStateCalls=0 chemical_jacobianCalls=0 chemical_structuredCalls=0 chemical_fallbackCalls=0 sparse_setups=0 sparse_products=0 sparse_preconditioners=0 sparse_preconditionerSolves=0 sparse_sparseIntegrations=0 sparse_denseIntegrations=0 sparse_denseFallbacks=0 sparse_nonzeros=0 timing_jvSetups=0 timing_preconditionerSetups=0 timing_jacobianCacheHits=0 timing_patternBuilds=0 timing_preconditionerReuses=0 timing_symbolicAnalyses=0 timing_numericFactorizations=0 timing_workspaceCreates=0 timing_workspaceReinitializations=0 timing_factorNonzeros=0 timing_thermoSeconds=0 timing_kineticsSeconds=0 timing_csrSeconds=0 timing_symbolicSeconds=0 timing_factorSeconds=0 timing_solveSeconds=0 realFluid_eosEvaluations=0 realFluid_referenceEvaluations=0 realFluid_derivativeEvaluations=0 realFluid_scalarAttempts=0 realFluid_scalarAccepted=0 realFluid_scalarFallbacks=0 realFluid_scalarIterations=0 realFluid_flashResiduals=0 realFluid_tangentBuilds=0 realFluid_tangentSolves=0 realFluid_sourceJv=0 realFluid_sourceJvFallbacks=0 trhoStateEvaluations=0 densityRootChecks=0 fullPhaseEvaluations=0 energyCvEvaluations=0 selectedMuEvaluations=0 partialHEvaluations=0 scalarProbes=0 bracketRejects=0 branchFallbacks=0 flashCandidates=0 linearizationBuilds=0 linearizationApplies=0 FzFactorizations=0 sourceRhsCalls=0 sourceDirectionProbes=0 RzBuilds=0 JvFallbacks=0 nasaCoefficientVisits=0 nasaAggregateBuilds=0 nasaAggregateEvaluations=0 exactMixingEvaluations=0 branchCertificates=0 matrixFreeSetups=0 matrixFreeProducts=0 matrixFreeIntegrations=0 matrixFreeIntegrationFallbacks=0 woodburySetups=0 woodburyFactors=0 woodburySolves=0 woodburyFallbacks=0 diagnosticJvCalls=0 oneSidedProbes=0 derivativeRetries=0 sourceAttempts=0 sourceAccepted=0 sourceFailed=0
REACTIVE_PROFILE_V21 scope="workers" jobElapsedSeconds=0 integrationFallbacks=0 chemical_rhsCalls=0 chemical_uvCalls=0 chemical_fixedStateCalls=0 chemical_jacobianCalls=0 chemical_structuredCalls=0 chemical_fallbackCalls=0 sparse_setups=0 sparse_products=0 sparse_preconditioners=0 sparse_preconditionerSolves=0 sparse_sparseIntegrations=0 sparse_denseIntegrations=0 sparse_denseFallbacks=0 sparse_nonzeros=0 timing_jvSetups=0 timing_preconditionerSetups=0 timing_jacobianCacheHits=0 timing_patternBuilds=0 timing_preconditionerReuses=0 timing_symbolicAnalyses=0 timing_numericFactorizations=0 timing_workspaceCreates=0 timing_workspaceReinitializations=0 timing_factorNonzeros=0 timing_thermoSeconds=0 timing_kineticsSeconds=0 timing_csrSeconds=0 timing_symbolicSeconds=0 timing_factorSeconds=0 timing_solveSeconds=0 realFluid_eosEvaluations=0 realFluid_referenceEvaluations=0 realFluid_derivativeEvaluations=0 realFluid_scalarAttempts=0 realFluid_scalarAccepted=0 realFluid_scalarFallbacks=0 realFluid_scalarIterations=0 realFluid_flashResiduals=0 realFluid_tangentBuilds=0 realFluid_tangentSolves=0 realFluid_sourceJv=0 realFluid_sourceJvFallbacks=0 trhoStateEvaluations=0 densityRootChecks=0 fullPhaseEvaluations=0 energyCvEvaluations=0 selectedMuEvaluations=0 partialHEvaluations=0 scalarProbes=0 bracketRejects=0 branchFallbacks=0 flashCandidates=0 linearizationBuilds=0 linearizationApplies=0 FzFactorizations=0 sourceRhsCalls=0 sourceDirectionProbes=0 RzBuilds=0 JvFallbacks=0 nasaCoefficientVisits=0 nasaAggregateBuilds=0 nasaAggregateEvaluations=0 exactMixingEvaluations=0 branchCertificates=0 matrixFreeSetups=0 matrixFreeProducts=0 matrixFreeIntegrations=0 matrixFreeIntegrationFallbacks=0 woodburySetups=0 woodburyFactors=0 woodburySolves=0 woodburyFallbacks=0 diagnosticJvCalls=0 oneSidedProbes=0 derivativeRetries=0 sourceAttempts=0 sourceAccepted=0 sourceFailed=0
REACTIVE_CLOSURE_PROFILE eligibleCells=0 uniqueCells=0 reusedCells=0 failedRepresentativeRetries=0 gpuSubmitted=0 gpuConverged=0 gpuApproved=0 gpuRejected=0 gpuUnsupported=0 gpuLaunches=0 gpuTransferBytes=0 hostBytes=32768 liquidCacheHits=0 liquidCacheMisses=0 deviceBytes=0 classifySeconds=0.00047942400000000016 prepareSeconds=0 gpuWallSeconds=0 gpuKernelSeconds=0 gpuCopySeconds=0
REACTIVE_GPU_HEM batches=128 submitted=524288 succeeded=524288 cpuFallbacks=0 deviceFailures=0 phaseEvaluations=1519904 residualEvaluations=0 flashCandidates=0 stableCandidates=0 transferBytes=225712128 analyticJacobians=0 finiteDifferenceJacobians=0 hostBytes=3340632 deviceBytes=2029992 wallSeconds=0.051221230999999971 kernelSeconds=0.028045536279678353 copySeconds=0.016891072079539302
REACTIVE_BATCH_V21 attempted=120 accepted=120 failed=0 batchWallSeconds=0.061871849000000013 workerJobSecondsSum=0 workerJobSecondsMax=0 poolScratchBytes=6420824 flowStagingBytes=884736 workerOwnedBytesKnownLowerBound=58104 workerInternalBytesUnmeasured=1
REACTIVE_WORKER_TIME metric=thermoSeconds sum=0 max=0
REACTIVE_WORKER_TIME metric=kineticsSeconds sum=0 max=0
REACTIVE_WORKER_TIME metric=csrSeconds sum=0 max=0
REACTIVE_WORKER_TIME metric=symbolicSeconds sum=0 max=0
REACTIVE_WORKER_TIME metric=factorSeconds sum=0 max=0
REACTIVE_WORKER_TIME metric=solveSeconds sum=0 max=0
REACTIVE_PROFILE_V21 scope="combined" jobElapsedSeconds=0 integrationFallbacks=0 chemical_rhsCalls=0 chemical_uvCalls=0 chemical_fixedStateCalls=0 chemical_jacobianCalls=0 chemical_structuredCalls=0 chemical_fallbackCalls=0 sparse_setups=0 sparse_products=0 sparse_preconditioners=0 sparse_preconditionerSolves=0 sparse_sparseIntegrations=0 sparse_denseIntegrations=0 sparse_denseFallbacks=0 sparse_nonzeros=0 timing_jvSetups=0 timing_preconditionerSetups=0 timing_jacobianCacheHits=0 timing_patternBuilds=0 timing_preconditionerReuses=0 timing_symbolicAnalyses=0 timing_numericFactorizations=0 timing_workspaceCreates=0 timing_workspaceReinitializations=0 timing_factorNonzeros=0 timing_thermoSeconds=0 timing_kineticsSeconds=0 timing_csrSeconds=0 timing_symbolicSeconds=0 timing_factorSeconds=0 timing_solveSeconds=0 realFluid_eosEvaluations=0 realFluid_referenceEvaluations=0 realFluid_derivativeEvaluations=0 realFluid_scalarAttempts=0 realFluid_scalarAccepted=0 realFluid_scalarFallbacks=0 realFluid_scalarIterations=0 realFluid_flashResiduals=0 realFluid_tangentBuilds=0 realFluid_tangentSolves=0 realFluid_sourceJv=0 realFluid_sourceJvFallbacks=0 trhoStateEvaluations=0 densityRootChecks=0 fullPhaseEvaluations=66902 energyCvEvaluations=0 selectedMuEvaluations=0 partialHEvaluations=0 scalarProbes=0 bracketRejects=0 branchFallbacks=0 flashCandidates=0 linearizationBuilds=0 linearizationApplies=0 FzFactorizations=0 sourceRhsCalls=0 sourceDirectionProbes=0 RzBuilds=0 JvFallbacks=0 nasaCoefficientVisits=0 nasaAggregateBuilds=0 nasaAggregateEvaluations=0 exactMixingEvaluations=0 branchCertificates=0 matrixFreeSetups=0 matrixFreeProducts=0 matrixFreeIntegrations=0 matrixFreeIntegrationFallbacks=0 woodburySetups=0 woodburyFactors=0 woodburySolves=0 woodburyFallbacks=0 diagnosticJvCalls=0 oneSidedProbes=0 derivativeRetries=0 sourceAttempts=0 sourceAccepted=0 sourceFailed=0
REACTIVE_CHEMISTRY scope=combined rhsCalls=0 uvCalls=0 fixedStateCalls=0 structuredCalls=0 fallbackCalls=0 integrationFallbacks=0
REACTIVE_SPARSE scope=combined nnzMeaning=last_snapshot_sum setups=0 products=0 nonzeros=0 sparseIntegrations=0 denseIntegrations=0 denseFallbacks=0
REACTIVE_CHEMICAL_PROFILE scope=combined factorNnzMeaning=last_snapshot_sum jvSetups=0 preconditionerSetups=0 jacobianCacheHits=0 preconditionerReuses=0 patternBuilds=0 symbolicAnalyses=0 numericFactorizations=0 factorNonzeros=0 workspaceCreates=0 workspaceReinitializations=0 thermoSeconds=0 kineticsSeconds=0 csrSeconds=0 symbolicSeconds=0 factorSeconds=0 solveSeconds=0
REACTIVE_REAL_FLUID scope=combined eosEvaluations=0 scalarAttempts=0 scalarAccepted=0 scalarFallbacks=0 scalarIterations=0
REACTIVE_BATCH workers=1 capacity=4096 scratchBytes=6420824 batches=120 cells=491520 failures=0 scope=bounded_scratch_excludes_Cantera_CVODE_worker_allocations
REACTIVE_TRANSPORT_V21 layoutTiles=84 layoutLaunches=84 memcpyCalls=1021 payloadBytes=205284952 nasaValidationEvaluations=0 nasaFaceEvaluations=0 detailedGasCounters=0 temperatureBasisBuilds=0 temperatureBasisBytes=0 pinnedBytes=1048536 deviceStagingBytes=1048536 slotCells=14563 slots=1 blockThreads=256 eventWaits=84 failedCalls=0 stageBarrier=full closureDownloadsPerRK=2 overlapValidated=0
REACTIVE_MEMORY liveBytes=76018052 peakBytes=76018052 bridgeBytes=1048536 conservedWorkspaceBytes=4718592 gasWorkspaceBytes=0 rhsWorkspaceBytes=0 d2dBytes=7119592 synchronizations=670
REACTIVE_CAPILLARY_PROFILE enabled=1 geometryBuilds=58 geometryKernels=1212 faceFluxBuilds=1376256 workspaceBytes=42363156 closureIterations=15
REACTIVE_TRANSPORT allocatedBytes=76018052 uploadedBytes=124879464 downloadedBytes=73285896 kernelLaunches=1422 stages=14 stepQueries=14
REACTIVE_TRANSFER conservedUploads=14 conservedUploadBytes=33030144 conservedDownloadBytes=33030144 stateUploadBytes=51380224 primitiveUploadBytes=14680064 gasUploadBytes=0 boundaryPartitions=1
REACTIVE_DEVICE_PROPERTIES builds=0 cells=0 partitionUploadBytes=0 thermoTableBytes=0 gasStatusChecks=0 cflFaceLaunches=14 transportFaceLaunches=14 faceWorkspaceBytes=14155776
End
