/*---------------------------------------------------------------------------*\
| =========                 |                                                 |
| \\      /  F ield         | OpenFOAM: The Open Source CFD Toolbox           |
|  \\    /   O peration     | Version:  2512                                  |
|   \\  /    A nd           | Website:  www.openfoam.com                      |
|    \\/     M anipulation  |                                                 |
\*---------------------------------------------------------------------------*/
Build  : 5916a466-20260728 OPENFOAM=2512 version=v2512
Arch   : "LSB;label=32;scalar=64"
Exec   : /home/jsw/문서/analysis/spuma-multiphysics-spray-physics/bin/ReactiveFoam -case /home/jsw/문서/analysis/spuma-multiphysics-spray-physics/logs/static-convergence-20260923/solver-metric-n16
Date   : Sep 23 2026
Time   : 17:37:51
Host   : jsw-ubuntu
PID    : 403695
I/O    : uncollated
Case   : /home/jsw/문서/analysis/spuma-multiphysics-spray-physics/logs/static-convergence-20260923/solver-metric-n16
nProcs : 1
memory pool : not available
fileModificationChecking : Monitoring run-time modified files using timeStampMaster (fileModificationSkew 5, maxFileModificationPolls 20)
allowSystemOperations : Allowing user-supplied system call operations

// * * * * * * * * * * * * * * * * * * * * * * * * * * * * * * * * * * * * * //
Initializing CUDA devices

CUDA Driver Version / Runtime Version:  13.2 / 13.2
Number of threads per block: 128

Create dummyMemoryPool

Create time

Create mesh for time = 0

REACTIVE_RECOVERY mode=reference baseline=reference_candidate_search fallback=none
REACTIVE_CLOSURE_ACCELERATION exactBatchReuse=0 scalarBackend=cpu fullBackend=cuda deviceFullClosure=1 closureJacobian=finiteDifference requestedClosureJacobian=finiteDifference
REACTIVE_RUNTIME runId="403695-27260809366211" solverSha256="9c4af95712692de5a793470773ebe4222a229a4c9fca16b5265f6b7a7c3c6f9b" manifest={"schema":1,"backendPath":"/home/jsw/문서/analysis/spuma-multiphysics-spray-physics/lib/libpintleReactiveBackend.so","backendSha256":"7d3308ad0bf05428d25829ee9be55afd0f1149494573143bb9845ddbd760ad25","thermoConfiguration":"/home/jsw/문서/analysis/spuma-multiphysics-spray-physics/logs/static-convergence-20260923/solver-metric-n16-thermo.yaml","physicalModelHash":"8b303cf416cb0b3c58ff6146b47e791fb4b337ba5dfba1372b781a250f00b915","numericalPolicyHash":"7fea95b90bdef0c227af813306aea08ab7a3a0beb66a49acfd900a95537bd402","modelFingerprint":"fa7e017960276c1b6fe0292f9d8b1d9d31dedb2aea63cc6d6f6757667cbd294e","eos":"Peng-Robinson","closureBackend":"cuda","chemistryBackend":"cpu","deviceFullClosure":true,"deviceChemistryIntegration":false,"closureCpuFallback":false,"closureJacobian":"finiteDifference","solidN2O":false,"enforceSpeciesTemperatureBounds":true,"exactBatchReuse":false,"deviceCaloricCandidates":false,"deviceCaloricScope":"no-condensable-inventory; NASA/PR-alpha single interval; host branch/residual/stability approval","hemLibrary":"/home/jsw/문서/analysis/spuma-multiphysics-spray-physics/lib/libpintleReactiveTransport.so","hemLibrarySha256":"07434f8a9624d00bce8c9694ecaa997da227b6acb0cc4c1878d294ebfcf8e15f","hemNumericalPolicy":"legacy-fp64-separate-rn","deviceHemScope":"PR; nonreacting HEM; all reference candidates and boundary fallback; experimental"}
REACTIVE_CAPILLARY_INITIALIZATION backend=cuda method=curved-TP iterations=1 geometryResidual=2.2204460492503131e-16
REACTIVE_PHYSICS chemistry=0 combustion=0 phaseChange=frozen viscosity=0 heatConduction=0 speciesDiffusion=0 turbulence=none turbulentHeatFlux=0 turbulentSpeciesMixing=0 surfaceTension=1 interfaceModel=implicit-liquid-inventory-v1 totalEnergy=1 thermodynamicRecovery=1 frozenLiquidFields=1 transportedLiquidFields=1
REACTIVE_CAPILLARY sigma=0.01 geometryBackend=cuda tractionBackend=cuda closureBackend=cuda pressureModel=curved-phase-split surfaceEnergyInTotal=1 capillaryCfl=0.25 geometryScheme=C2-sharp-volume noPLIC=1
REACTIVE_PHYSICAL_MODEL hash=8b303cf416cb0b3c58ff6146b47e791fb4b337ba5dfba1372b781a250f00b915 numericalPolicyHash=7fea95b90bdef0c227af813306aea08ab7a3a0beb66a49acfd900a95537bd402 eos=Peng-Robinson realEOS=1 phaseEquilibrium=1 nonidealDiffusion=0 deviceClosure=1 deviceKinetics=0 mixtureLiquid=0
REACTIVE_BACKENDS transport=cuda thermodynamics=cuda chemistry=cpu chemicalLinearSolver=dense transportGasProperties=disabled
REACTIVE_MODEL cells=4096 species=4 reactions=0 liquids=1 estimatedHostBytes=23491584 chemistry=0
REACTIVE_SPECIES index=0 name=N2
REACTIVE_SPECIES index=1 name=O2
REACTIVE_SPECIES index=2 name=N2O
REACTIVE_SPECIES index=3 name=IC3H7OH
REACTIVE_CHECKPOINT time=0 acceptedSteps=0 complete=1 schema=3
REACTIVE_ATTEMPT_PROFILE attempt=2 accepted=1 retry=0 sourceCalls=0 fullPhaseEvaluations=0 scalarProbes=0 rootChecks=0 matrixFreeProducts=0 factorBuilds=0 workerJobElapsedSeconds=0
REACTIVE_STEP time=1.8754920949754432e-08 dt=1.8754920949754432e-08 retries=0 massResidual=0 energyResidual=0 momentumResidual=1.1982077556687809e-21 globalElementResidual=0 frozenLiquidResidual=0 speciesResidual=0 elementDrift=0 minP=3000000.0000000005 maxP=3000027.0270270272 minT=270 maxT=270 maxMach=7.6533253281080039e-17 minAlphaGas=0 maxAlphaGas=1 maxVolumeResidual=3.3306690738754696e-16 maxUVResidual=0 maxMuResidual=0 maxMechanicalResidual=0 seconds=0.003597519
REACTIVE_CAPILLARY_STEP time=1.8754920949754432e-08 area=6.8813445484069628e-06 surfaceEnergy=6.8813445484069623e-08 liquidMass=1.5714082914580396e-06 closureResidual=1.0842021724855044e-19 recoveryCalls=3 outerIterations=3
REACTIVE_STEP_TIMINGS time=1.8754920949754432e-08 cflSeconds=0.000588855 backupSeconds=0.00033986900000000002 transportSeconds=0.00062611600000000002 recoverySeconds=0.0019769639999999999 sourceSeconds=0 conservationSeconds=1.4484999999999999e-05 diagnosticsSeconds=2.8124999999999999e-05 nestedBatchPackSeconds=6.871899999999999e-05 nestedBatchCallSeconds=0.001105176 nestedBatchScatterSeconds=0 nestedScalarPropertySeconds=0 otherSeconds=2.3105000000000044e-05
REACTIVE_GPU_HEM_STEP time=1.8754920949754432e-08 batches=2 submitted=8192 succeeded=8192 cpuFallbacks=0 deviceFailures=0 phaseEvaluations=24088 residualEvaluations=0 analyticJacobians=0 finiteDifferenceJacobians=0 wallSeconds=0.00085295599999999933 kernelSeconds=0.00049459198117256156 copySeconds=0.00025753600150346759
REACTIVE_CHECKPOINT time=1.8754920949754432e-08 acceptedSteps=1 complete=1 schema=3
REACTIVE_ATTEMPT_PROFILE attempt=3 accepted=1 retry=0 sourceCalls=0 fullPhaseEvaluations=0 scalarProbes=0 rootChecks=0 matrixFreeProducts=0 factorBuilds=0 workerJobElapsedSeconds=0
REACTIVE_STEP time=3.7509841899508864e-08 dt=1.8754920949754432e-08 retries=0 massResidual=0 energyResidual=0 momentumResidual=2.3964155113291591e-21 globalElementResidual=0 frozenLiquidResidual=0 speciesResidual=0 elementDrift=0 minP=3000000.0000000005 maxP=3000027.0270270272 minT=270 maxT=270 maxMach=1.5040120078012525e-16 minAlphaGas=0 maxAlphaGas=1 maxVolumeResidual=3.3306690738754696e-16 maxUVResidual=3.9282619782105744e-17 maxMuResidual=0 maxMechanicalResidual=0 seconds=0.003131483
REACTIVE_CAPILLARY_STEP time=3.7509841899508864e-08 area=6.8813445484069628e-06 surfaceEnergy=6.8813445484069623e-08 liquidMass=1.5714082914580396e-06 closureResidual=1.0842021724855044e-19 recoveryCalls=5 outerIterations=5
REACTIVE_STEP_TIMINGS time=3.7509841899508864e-08 cflSeconds=0.00046297999999999999 backupSeconds=5.2425999999999996e-05 transportSeconds=0.00052297399999999994 recoverySeconds=0.0020336569999999999 sourceSeconds=0 conservationSeconds=1.4375e-05 diagnosticsSeconds=2.8296000000000001e-05 nestedBatchPackSeconds=6.7027999999999996e-05 nestedBatchCallSeconds=0.001170525 nestedBatchScatterSeconds=0 nestedScalarPropertySeconds=0 otherSeconds=1.6775000000000326e-05
REACTIVE_GPU_HEM_STEP time=3.7509841899508864e-08 batches=2 submitted=8192 succeeded=8192 cpuFallbacks=0 deviceFailures=0 phaseEvaluations=24129 residualEvaluations=0 analyticJacobians=0 finiteDifferenceJacobians=0 wallSeconds=0.00093137399999999957 kernelSeconds=0.00058124801516532855 copySeconds=0.00025100799649953841
REACTIVE_CHECKPOINT time=3.7509841899508864e-08 acceptedSteps=2 complete=1 schema=3
REACTIVE_ATTEMPT_PROFILE attempt=4 accepted=1 retry=0 sourceCalls=0 fullPhaseEvaluations=0 scalarProbes=0 rootChecks=0 matrixFreeProducts=0 factorBuilds=0 workerJobElapsedSeconds=0
REACTIVE_STEP time=5.6264762849263296e-08 dt=1.8754920949754432e-08 retries=0 massResidual=0 energyResidual=0 momentumResidual=3.5946231980893392e-21 globalElementResidual=0 frozenLiquidResidual=0 speciesResidual=0 elementDrift=0 minP=3000000.0000000005 maxP=3000027.0270270272 minT=270 maxT=270 maxMach=2.216040089560118e-16 minAlphaGas=0 maxAlphaGas=1 maxVolumeResidual=3.3306690738754696e-16 maxUVResidual=3.9282619782105744e-17 maxMuResidual=0 maxMechanicalResidual=0 seconds=0.0030843870000000001
REACTIVE_CAPILLARY_STEP time=5.6264762849263296e-08 area=6.8813445484069628e-06 surfaceEnergy=6.8813445484069623e-08 liquidMass=1.5714082914580396e-06 closureResidual=1.0842021724855044e-19 recoveryCalls=7 outerIterations=7
REACTIVE_STEP_TIMINGS time=5.6264762849263296e-08 cflSeconds=0.00046622699999999999 backupSeconds=4.6124999999999996e-05 transportSeconds=0.00049752300000000004 recoverySeconds=0.002017001 sourceSeconds=0 conservationSeconds=1.4353e-05 diagnosticsSeconds=2.8319000000000001e-05 nestedBatchPackSeconds=6.6993e-05 nestedBatchCallSeconds=0.001171868 nestedBatchScatterSeconds=0 nestedScalarPropertySeconds=0 otherSeconds=1.4838999999999669e-05
REACTIVE_GPU_HEM_STEP time=5.6264762849263296e-08 batches=2 submitted=8192 succeeded=8192 cpuFallbacks=0 deviceFailures=0 phaseEvaluations=24139 residualEvaluations=0 analyticJacobians=0 finiteDifferenceJacobians=0 wallSeconds=0.00093392500000000038 kernelSeconds=0.00058022400736808775 copySeconds=0.00025539200007915501
REACTIVE_CHECKPOINT time=5.6264762849263296e-08 acceptedSteps=3 complete=1 schema=3
REACTIVE_ATTEMPT_PROFILE attempt=5 accepted=1 retry=0 sourceCalls=0 fullPhaseEvaluations=0 scalarProbes=0 rootChecks=0 matrixFreeProducts=0 factorBuilds=0 workerJobElapsedSeconds=0
REACTIVE_STEP time=5.9999999999999995e-08 dt=3.735237150736699e-09 retries=0 massResidual=0 energyResidual=0 momentumResidual=3.8332587629461049e-21 globalElementResidual=0 frozenLiquidResidual=0 speciesResidual=0 elementDrift=0 minP=3000000.0000000005 maxP=3000027.0270270272 minT=270 maxT=270 maxMach=2.3578480006996657e-16 minAlphaGas=0 maxAlphaGas=1 maxVolumeResidual=3.3306690738754696e-16 maxUVResidual=3.9282619782105744e-17 maxMuResidual=0 maxMechanicalResidual=0 seconds=0.0031269819999999999
REACTIVE_CAPILLARY_STEP time=5.9999999999999995e-08 area=6.8813445484069628e-06 surfaceEnergy=6.8813445484069623e-08 liquidMass=1.5714082914580396e-06 closureResidual=0 recoveryCalls=9 outerIterations=9
REACTIVE_STEP_TIMINGS time=5.9999999999999995e-08 cflSeconds=0.000465518 backupSeconds=4.5313000000000005e-05 transportSeconds=0.00052587199999999993 recoverySeconds=0.002034292 sourceSeconds=0 conservationSeconds=1.4620000000000001e-05 diagnosticsSeconds=2.7985000000000001e-05 nestedBatchPackSeconds=6.7737000000000006e-05 nestedBatchCallSeconds=0.001173501 nestedBatchScatterSeconds=0 nestedScalarPropertySeconds=0 otherSeconds=1.3382000000000398e-05
REACTIVE_GPU_HEM_STEP time=5.9999999999999995e-08 batches=2 submitted=8192 succeeded=8192 cpuFallbacks=0 deviceFailures=0 phaseEvaluations=24140 residualEvaluations=0 analyticJacobians=0 finiteDifferenceJacobians=0 wallSeconds=0.00093274099999999908 kernelSeconds=0.00058044800162315464 copySeconds=0.00025279998779296868
REACTIVE_CHECKPOINT time=5.9999999999999995e-08 acceptedSteps=4 complete=1 schema=3
REACTIVE_PROFILE_V21 scope="prototype" jobElapsedSeconds=0 integrationFallbacks=0 chemical_rhsCalls=0 chemical_uvCalls=0 chemical_fixedStateCalls=0 chemical_jacobianCalls=0 chemical_structuredCalls=0 chemical_fallbackCalls=0 sparse_setups=0 sparse_products=0 sparse_preconditioners=0 sparse_preconditionerSolves=0 sparse_sparseIntegrations=0 sparse_denseIntegrations=0 sparse_denseFallbacks=0 sparse_nonzeros=0 timing_jvSetups=0 timing_preconditionerSetups=0 timing_jacobianCacheHits=0 timing_patternBuilds=0 timing_preconditionerReuses=0 timing_symbolicAnalyses=0 timing_numericFactorizations=0 timing_workspaceCreates=0 timing_workspaceReinitializations=0 timing_factorNonzeros=0 timing_thermoSeconds=0 timing_kineticsSeconds=0 timing_csrSeconds=0 timing_symbolicSeconds=0 timing_factorSeconds=0 timing_solveSeconds=0 realFluid_eosEvaluations=0 realFluid_referenceEvaluations=0 realFluid_derivativeEvaluations=0 realFluid_scalarAttempts=0 realFluid_scalarAccepted=0 realFluid_scalarFallbacks=0 realFluid_scalarIterations=0 realFluid_flashResiduals=0 realFluid_tangentBuilds=0 realFluid_tangentSolves=0 realFluid_sourceJv=0 realFluid_sourceJvFallbacks=0 trhoStateEvaluations=0 densityRootChecks=0 fullPhaseEvaluations=8534 energyCvEvaluations=0 selectedMuEvaluations=0 partialHEvaluations=0 scalarProbes=0 bracketRejects=0 branchFallbacks=0 flashCandidates=0 linearizationBuilds=0 linearizationApplies=0 FzFactorizations=0 sourceRhsCalls=0 sourceDirectionProbes=0 RzBuilds=0 JvFallbacks=0 nasaCoefficientVisits=0 nasaAggregateBuilds=0 nasaAggregateEvaluations=0 exactMixingEvaluations=0 branchCertificates=0 matrixFreeSetups=0 matrixFreeProducts=0 matrixFreeIntegrations=0 matrixFreeIntegrationFallbacks=0 woodburySetups=0 woodburyFactors=0 woodburySolves=0 woodburyFallbacks=0 diagnosticJvCalls=0 oneSidedProbes=0 derivativeRetries=0 sourceAttempts=0 sourceAccepted=0 sourceFailed=0
REACTIVE_PROFILE_V21 scope="worker_0" jobElapsedSeconds=0 integrationFallbacks=0 chemical_rhsCalls=0 chemical_uvCalls=0 chemical_fixedStateCalls=0 chemical_jacobianCalls=0 chemical_structuredCalls=0 chemical_fallbackCalls=0 sparse_setups=0 sparse_products=0 sparse_preconditioners=0 sparse_preconditionerSolves=0 sparse_sparseIntegrations=0 sparse_denseIntegrations=0 sparse_denseFallbacks=0 sparse_nonzeros=0 timing_jvSetups=0 timing_preconditionerSetups=0 timing_jacobianCacheHits=0 timing_patternBuilds=0 timing_preconditionerReuses=0 timing_symbolicAnalyses=0 timing_numericFactorizations=0 timing_workspaceCreates=0 timing_workspaceReinitializations=0 timing_factorNonzeros=0 timing_thermoSeconds=0 timing_kineticsSeconds=0 timing_csrSeconds=0 timing_symbolicSeconds=0 timing_factorSeconds=0 timing_solveSeconds=0 realFluid_eosEvaluations=0 realFluid_referenceEvaluations=0 realFluid_derivativeEvaluations=0 realFluid_scalarAttempts=0 realFluid_scalarAccepted=0 realFluid_scalarFallbacks=0 realFluid_scalarIterations=0 realFluid_flashResiduals=0 realFluid_tangentBuilds=0 realFluid_tangentSolves=0 realFluid_sourceJv=0 realFluid_sourceJvFallbacks=0 trhoStateEvaluations=0 densityRootChecks=0 fullPhaseEvaluations=0 energyCvEvaluations=0 selectedMuEvaluations=0 partialHEvaluations=0 scalarProbes=0 bracketRejects=0 branchFallbacks=0 flashCandidates=0 linearizationBuilds=0 linearizationApplies=0 FzFactorizations=0 sourceRhsCalls=0 sourceDirectionProbes=0 RzBuilds=0 JvFallbacks=0 nasaCoefficientVisits=0 nasaAggregateBuilds=0 nasaAggregateEvaluations=0 exactMixingEvaluations=0 branchCertificates=0 matrixFreeSetups=0 matrixFreeProducts=0 matrixFreeIntegrations=0 matrixFreeIntegrationFallbacks=0 woodburySetups=0 woodburyFactors=0 woodburySolves=0 woodburyFallbacks=0 diagnosticJvCalls=0 oneSidedProbes=0 derivativeRetries=0 sourceAttempts=0 sourceAccepted=0 sourceFailed=0
REACTIVE_PROFILE_V21 scope="workers" jobElapsedSeconds=0 integrationFallbacks=0 chemical_rhsCalls=0 chemical_uvCalls=0 chemical_fixedStateCalls=0 chemical_jacobianCalls=0 chemical_structuredCalls=0 chemical_fallbackCalls=0 sparse_setups=0 sparse_products=0 sparse_preconditioners=0 sparse_preconditionerSolves=0 sparse_sparseIntegrations=0 sparse_denseIntegrations=0 sparse_denseFallbacks=0 sparse_nonzeros=0 timing_jvSetups=0 timing_preconditionerSetups=0 timing_jacobianCacheHits=0 timing_patternBuilds=0 timing_preconditionerReuses=0 timing_symbolicAnalyses=0 timing_numericFactorizations=0 timing_workspaceCreates=0 timing_workspaceReinitializations=0 timing_factorNonzeros=0 timing_thermoSeconds=0 timing_kineticsSeconds=0 timing_csrSeconds=0 timing_symbolicSeconds=0 timing_factorSeconds=0 timing_solveSeconds=0 realFluid_eosEvaluations=0 realFluid_referenceEvaluations=0 realFluid_derivativeEvaluations=0 realFluid_scalarAttempts=0 realFluid_scalarAccepted=0 realFluid_scalarFallbacks=0 realFluid_scalarIterations=0 realFluid_flashResiduals=0 realFluid_tangentBuilds=0 realFluid_tangentSolves=0 realFluid_sourceJv=0 realFluid_sourceJvFallbacks=0 trhoStateEvaluations=0 densityRootChecks=0 fullPhaseEvaluations=0 energyCvEvaluations=0 selectedMuEvaluations=0 partialHEvaluations=0 scalarProbes=0 bracketRejects=0 branchFallbacks=0 flashCandidates=0 linearizationBuilds=0 linearizationApplies=0 FzFactorizations=0 sourceRhsCalls=0 sourceDirectionProbes=0 RzBuilds=0 JvFallbacks=0 nasaCoefficientVisits=0 nasaAggregateBuilds=0 nasaAggregateEvaluations=0 exactMixingEvaluations=0 branchCertificates=0 matrixFreeSetups=0 matrixFreeProducts=0 matrixFreeIntegrations=0 matrixFreeIntegrationFallbacks=0 woodburySetups=0 woodburyFactors=0 woodburySolves=0 woodburyFallbacks=0 diagnosticJvCalls=0 oneSidedProbes=0 derivativeRetries=0 sourceAttempts=0 sourceAccepted=0 sourceFailed=0
REACTIVE_CLOSURE_PROFILE eligibleCells=0 uniqueCells=0 reusedCells=0 failedRepresentativeRetries=0 gpuSubmitted=0 gpuConverged=0 gpuApproved=0 gpuRejected=0 gpuUnsupported=0 gpuLaunches=0 gpuTransferBytes=0 hostBytes=32768 liquidCacheHits=0 liquidCacheMisses=0 deviceBytes=0 classifySeconds=3.7210000000000005e-05 prepareSeconds=0 gpuWallSeconds=0 gpuKernelSeconds=0 gpuCopySeconds=0
REACTIVE_GPU_HEM batches=10 submitted=40960 succeeded=40960 cpuFallbacks=0 deviceFailures=0 phaseEvaluations=117063 residualEvaluations=0 flashCandidates=0 stableCandidates=0 transferBytes=17695200 analyticJacobians=0 finiteDifferenceJacobians=0 hostBytes=3340632 deviceBytes=2029992 wallSeconds=0.0098723779999999976 kernelSeconds=0.007885791957378388 copySeconds=0.001449663981795311
REACTIVE_BATCH_V21 attempted=9 accepted=9 failed=0 batchWallSeconds=0.0094928510000000001 workerJobSecondsSum=0 workerJobSecondsMax=0 poolScratchBytes=6420824 flowStagingBytes=884736 workerOwnedBytesKnownLowerBound=58104 workerInternalBytesUnmeasured=1
REACTIVE_WORKER_TIME metric=thermoSeconds sum=0 max=0
REACTIVE_WORKER_TIME metric=kineticsSeconds sum=0 max=0
REACTIVE_WORKER_TIME metric=csrSeconds sum=0 max=0
REACTIVE_WORKER_TIME metric=symbolicSeconds sum=0 max=0
REACTIVE_WORKER_TIME metric=factorSeconds sum=0 max=0
REACTIVE_WORKER_TIME metric=solveSeconds sum=0 max=0
REACTIVE_PROFILE_V21 scope="combined" jobElapsedSeconds=0 integrationFallbacks=0 chemical_rhsCalls=0 chemical_uvCalls=0 chemical_fixedStateCalls=0 chemical_jacobianCalls=0 chemical_structuredCalls=0 chemical_fallbackCalls=0 sparse_setups=0 sparse_products=0 sparse_preconditioners=0 sparse_preconditionerSolves=0 sparse_sparseIntegrations=0 sparse_denseIntegrations=0 sparse_denseFallbacks=0 sparse_nonzeros=0 timing_jvSetups=0 timing_preconditionerSetups=0 timing_jacobianCacheHits=0 timing_patternBuilds=0 timing_preconditionerReuses=0 timing_symbolicAnalyses=0 timing_numericFactorizations=0 timing_workspaceCreates=0 timing_workspaceReinitializations=0 timing_factorNonzeros=0 timing_thermoSeconds=0 timing_kineticsSeconds=0 timing_csrSeconds=0 timing_symbolicSeconds=0 timing_factorSeconds=0 timing_solveSeconds=0 realFluid_eosEvaluations=0 realFluid_referenceEvaluations=0 realFluid_derivativeEvaluations=0 realFluid_scalarAttempts=0 realFluid_scalarAccepted=0 realFluid_scalarFallbacks=0 realFluid_scalarIterations=0 realFluid_flashResiduals=0 realFluid_tangentBuilds=0 realFluid_tangentSolves=0 realFluid_sourceJv=0 realFluid_sourceJvFallbacks=0 trhoStateEvaluations=0 densityRootChecks=0 fullPhaseEvaluations=8534 energyCvEvaluations=0 selectedMuEvaluations=0 partialHEvaluations=0 scalarProbes=0 bracketRejects=0 branchFallbacks=0 flashCandidates=0 linearizationBuilds=0 linearizationApplies=0 FzFactorizations=0 sourceRhsCalls=0 sourceDirectionProbes=0 RzBuilds=0 JvFallbacks=0 nasaCoefficientVisits=0 nasaAggregateBuilds=0 nasaAggregateEvaluations=0 exactMixingEvaluations=0 branchCertificates=0 matrixFreeSetups=0 matrixFreeProducts=0 matrixFreeIntegrations=0 matrixFreeIntegrationFallbacks=0 woodburySetups=0 woodburyFactors=0 woodburySolves=0 woodburyFallbacks=0 diagnosticJvCalls=0 oneSidedProbes=0 derivativeRetries=0 sourceAttempts=0 sourceAccepted=0 sourceFailed=0
REACTIVE_CHEMISTRY scope=combined rhsCalls=0 uvCalls=0 fixedStateCalls=0 structuredCalls=0 fallbackCalls=0 integrationFallbacks=0
REACTIVE_SPARSE scope=combined nnzMeaning=last_snapshot_sum setups=0 products=0 nonzeros=0 sparseIntegrations=0 denseIntegrations=0 denseFallbacks=0
REACTIVE_CHEMICAL_PROFILE scope=combined factorNnzMeaning=last_snapshot_sum jvSetups=0 preconditionerSetups=0 jacobianCacheHits=0 preconditionerReuses=0 patternBuilds=0 symbolicAnalyses=0 numericFactorizations=0 factorNonzeros=0 workspaceCreates=0 workspaceReinitializations=0 thermoSeconds=0 kineticsSeconds=0 csrSeconds=0 symbolicSeconds=0 factorSeconds=0 solveSeconds=0
REACTIVE_REAL_FLUID scope=combined eosEvaluations=0 scalarAttempts=0 scalarAccepted=0 scalarFallbacks=0 scalarIterations=0
REACTIVE_BATCH workers=1 capacity=4096 scratchBytes=6420824 batches=9 cells=36864 failures=0 scope=bounded_scratch_excludes_Cantera_CVODE_worker_allocations
REACTIVE_TRANSPORT_V21 layoutTiles=16 layoutLaunches=16 memcpyCalls=843 payloadBytes=16502816 nasaValidationEvaluations=0 nasaFaceEvaluations=0 detailedGasCounters=0 temperatureBasisBuilds=0 temperatureBasisBytes=0 pinnedBytes=294912 deviceStagingBytes=294912 slotCells=4096 slots=1 blockThreads=256 eventWaits=16 failedCalls=0 stageBarrier=full closureDownloadsPerRK=2 overlapValidated=0
REACTIVE_MEMORY liveBytes=9946924 peakBytes=9946924 bridgeBytes=294912 conservedWorkspaceBytes=589824 gasWorkspaceBytes=0 rhsWorkspaceBytes=0 d2dBytes=809312 synchronizations=656
REACTIVE_CAPILLARY_PROFILE enabled=1 geometryBuilds=37 geometryKernels=1258 faceFluxBuilds=98304 workspaceBytes=5576084 closureIterations=9
REACTIVE_TRANSPORT allocatedBytes=9946924 uploadedBytes=9613900 downloadedBytes=6079604 kernelLaunches=1346 stages=8 stepQueries=8
REACTIVE_TRANSFER conservedUploads=8 conservedUploadBytes=2359296 conservedDownloadBytes=2359296 stateUploadBytes=3670016 primitiveUploadBytes=1048576 gasUploadBytes=0 boundaryPartitions=1
REACTIVE_DEVICE_PROPERTIES builds=0 cells=0 partitionUploadBytes=0 thermoTableBytes=0 gasStatusChecks=0 cflFaceLaunches=8 transportFaceLaunches=8 faceWorkspaceBytes=1769472
End
