{
  "passed": false,
  "tests": [
    {
      "name": "gpu-frozen-zero-jump",
      "passed": true,
      "error": "",
      "p": 140252.73517143438,
      "T": 189.9999811464079
    },
    {
      "name": "gpu-equilibrium-zero-jump",
      "passed": true,
      "error": ""
    },
    {
      "name": "gpu-frozen-curved-conserved",
      "passed": true,
      "error": "",
      "volumeResidual": 7.771561172376096e-16,
      "energyResidual": 3.57188699620837e-10
    },
    {
      "name": "gpu-frozen-curved-pressure",
      "passed": true
    },
    {
      "name": "gpu-equilibrium-curved-conserved",
      "passed": false,
      "error": "",
      "volumeResidual": 8.577583088253959e-13,
      "energyResidual": 6.092995919722371e-13,
      "finiteDifferenceJacobians": 3425
    },
    {
      "name": "gpu-equilibrium-curved-kelvin",
      "passed": false
    },
    {
      "name": "curved-total-enthalpy",
      "passed": true,
      "status": 0,
      "error": ""
    },
    {
      "name": "pure-liquid-pressure-offset",
      "passed": true,
      "error": ""
    },
    {
      "name": "pure-gas-pressure-offset",
      "passed": false,
      "error": ""
    },
    {
      "name": "gpu-trace-air-boundary-0-curved",
      "passed": true,
      "error": "",
      "candidates": 31,
      "stable": 5
    },
    {
      "name": "trace-air-curved-host-enthalpy-identity",
      "passed": false,
      "status": 0,
      "error": ""
    },
    {
      "name": "trace-air-inconsistent-gas-mass-rejected",
      "passed": true,
      "status": 1,
      "error": "Recovered condensable vapor differs from conserved inventory beyond FP rounding"
    },
    {
      "name": "gpu-trace-air-boundary-0-flat",
      "passed": true,
      "error": "",
      "candidates": 11,
      "stable": 8
    },
    {
      "name": "gpu-trace-air-boundary-1-curved",
      "passed": false,
      "error": "",
      "candidates": 51,
      "stable": 0
    },
    {
      "name": "gpu-trace-air-boundary-1-flat",
      "passed": true,
      "error": "",
      "candidates": 11,
      "stable": 4
    },
    {
      "name": "pool-curved-frozen-no-fallback",
      "passed": true,
      "status": 0,
      "error": ""
    },
    {
      "name": "pool-failure-transactional",
      "passed": true,
      "status": 1,
      "error": "Batch cell 1: CUDA HEM candidate search failed; CPU fallback disabled"
    },
    {
      "name": "pool-success-changed-state",
      "passed": true
    },
    {
      "name": "existing-pool-op2-uses-gpu",
      "passed": true,
      "status": 0,
      "error": ""
    },
    {
      "name": "pool-trace-air-curved-equilibrium",
      "passed": true,
      "status": 0,
      "error": ""
    }
  ]
}
